 gdi+

 Timestamp is 5a7989dc (Tue Feb  6 13:56:28 2018)

 Preferred load address is 0000000180000000

 Start         Length     Name                   Class
 0001:00000000 00010300H .text$mn                CODE
 0001:00010300 000000e0H .text$mn$00             CODE
 0001:000103e0 00000260H .text$x                 CODE
 0002:00000000 00000310H .idata$5                DATA
 0002:00000310 00000020H .00cfg                  DATA
 0002:00000330 00000008H .CRT$XCA                DATA
 0002:00000338 00000008H .CRT$XCZ                DATA
 0002:00000340 00000008H .CRT$XIA                DATA
 0002:00000348 00000018H .CRT$XIC                DATA
 0002:00000360 00000008H .CRT$XIZ                DATA
 0002:00000368 00000008H .CRT$XPA                DATA
 0002:00000370 00000010H .CRT$XPX                DATA
 0002:00000380 00000008H .CRT$XPXA               DATA
 0002:00000388 00000008H .CRT$XPZ                DATA
 0002:00000390 00000008H .CRT$XTA                DATA
 0002:00000398 00000008H .CRT$XTZ                DATA
 0002:000003a0 00000000H .gfids$x                DATA
 0002:000003a0 00000000H .gfids$y                DATA
 0002:000003a0 00007d90H .rdata                  DATA
 0002:00008130 00000000H .rdata$r                DATA
 0002:00008130 00000300H .rdata$zzzdbg           DATA
 0002:00008430 00000008H .rtc$IAA                DATA
 0002:00008438 00000008H .rtc$IZZ                DATA
 0002:00008440 00000008H .rtc$TAA                DATA
 0002:00008448 00000008H .rtc$TZZ                DATA
 0002:00008450 00000d10H .xdata                  DATA
 0002:00009160 00000094H .edata                  DATA
 0002:000091f4 00000050H .idata$2                DATA
 0002:00009244 00000014H .idata$3                DATA
 0002:00009258 00000310H .idata$4                DATA
 0002:00009568 000006b8H .idata$6                DATA
 0003:00000000 00000900H .data                   DATA
 0003:00000900 00000000H .data$r                 DATA
 0003:00000900 00009a20H .bss                    DATA
 0004:00000000 00001014H .pdata                  DATA
 0005:00000000 000000a0H .rsrc$01                DATA
 0005:000000a0 00000488H .rsrc$02                DATA

  Address         Publics by Value              Rva+Base               Lib:Object

 0000:00000000       __guard_iat_table          0000000000000000     <absolute>
 0000:00000000       __dynamic_value_reloc_table 0000000000000000     <absolute>
 0000:00000000       __hybrid_code_map          0000000000000000     <absolute>
 0000:00000000       __hybrid_code_map_count    0000000000000000     <absolute>
 0000:00000000       __guard_iat_count          0000000000000000     <absolute>
 0000:00000000       __hybrid_auxiliary_iat     0000000000000000     <absolute>
 0000:00000000       __guard_longjmp_table      0000000000000000     <absolute>
 0000:00000000       __guard_longjmp_count      0000000000000000     <absolute>
 0000:00000000       __guard_fids_count         0000000000000000     <absolute>
 0000:00000000       __enclave_config           0000000000000000     <absolute>
 0000:00000000       ___safe_se_handler_table   0000000000000000     <absolute>
 0000:00000000       ___safe_se_handler_count   0000000000000000     <absolute>
 0000:00000000       __guard_fids_table         0000000000000000     <absolute>
 0000:00000100       __guard_flags              0000000000000100     <absolute>
 0000:00000000       __ImageBase                0000000180000000     <linker-defined>
 0001:00000000       ?CET_Cancel@@YAXPEAX@Z     0000000180001000 f   gdip.obj
 0001:00000018       ?CET_Done@@YAXPEAUCET_Init@@@Z 0000000180001018 f   gdip.obj
 0001:00000040       ?CET_Free@@YAXPEAUCET_LoadInfo@@@Z 0000000180001040 f   gdip.obj
 0001:000000e4       ?CET_Init@@YAHPEAU0@@Z     00000001800010e4 f   gdip.obj
 0001:00000174       ?CET_Load@@YAHPEAUCET_LoadInfo@@@Z 0000000180001174 f   gdip.obj
 0001:00000438       ?CalculateShowSize@GDIPlusImage@@QEAAXAEAH0000@Z 0000000180001438 f i gdip.obj
 0001:000005d0       ?Close@GDIPlusDecoder@@QEAAXXZ 00000001800015d0 f i gdip.obj
 0001:000006a0       ?Close@GDIPlusImage@@QEAAXXZ 00000001800016a0 f i gdip.obj
 0001:00000720       ?DrawImageAbortCallback@GDIPlusImage@@SAHPEAUGDIPlusDecoder@@@Z 0000000180001720 f i gdip.obj
 0001:0000072c       ?FreeThreadProc@GDIPlusDecoder@@SAKPEAX@Z 000000018000172c f i gdip.obj
 0001:0000074c       ?GetExifTagValueAsInt@GDIPlusImage@@QEAA_NKAEAH@Z 000000018000174c f i gdip.obj
 0001:0000082c       ?GetPageBits@GDIPlusImage@@QEAA_NPEAUCET_LoadInfo@@@Z 000000018000182c f i gdip.obj
 0001:00000d38       ?Init@GDIPlusDecoder@@QEAA_NPEAUCET_Init@@@Z 0000000180001d38 f i gdip.obj
 0001:00001044       ?Open@GDIPlusImage@@QEAA_N_NPEB_WPEBE_JU_COORD@@@Z 0000000180002044 f i gdip.obj
 0001:0000140c       ?SelectPage@GDIPlusImage@@QEAA_NI@Z 000000018000240c f i gdip.obj
 0001:000014d8       ??2@YAPEAX_K@Z             00000001800024d8 f   common-kernel64:Memory.obj
 0001:0000150c       ??3@YAXPEAX@Z              000000018000250c f   common-kernel64:Memory.obj
 0001:00001520       ??_U@YAPEAX_K@Z            0000000180002520 f   common-kernel64:Memory.obj
 0001:00001534       ??_V@YAXPEAX@Z             0000000180002534 f   common-kernel64:Memory.obj
 0001:00001548       ?HeapDeinitialize@@YAXXZ   0000000180002548 f   common-kernel64:Memory.obj
 0001:0000156c       ?HeapInitialize@@YA_NXZ    000000018000256c f   common-kernel64:Memory.obj
 0001:000015a0       ?xf_free@@YAXPEAXPEBDH@Z   00000001800025a0 f   common-kernel64:Memory.obj
 0001:000015dc       ?xf_malloc@@YAPEAX_KPEBDH@Z 00000001800025dc f   common-kernel64:Memory.obj
 0001:00001674       ?xf_set_tag@@YAXPEAXPEBDH_N@Z 0000000180002674 f   common-kernel64:Memory.obj
 0001:0000171c       ??$sprintf_c@$0CI@@@YAHAEAY0CI@DPEBDZZ 000000018000271c f i common-kernel64:WThreads.obj
 0001:00001748       ?SetThreadName@@YAXKPEAD@Z 0000000180002748 f   common-kernel64:WThreads.obj
 0001:00001780       ?StringCchVPrintfA@@YAJPEAD_KPEBD0@Z 0000000180002780 f i common-kernel64:WThreads.obj
 0001:00001828       ?apiCreateThread@@YAPEAXP6AKPEAX@Z0PEAKPEBDH@Z 0000000180002828 f   common-kernel64:WThreads.obj
 0001:0000197c       ?apiTerminateThreadEx@@YAHPEAXKPEBDH@Z 000000018000297c f   common-kernel64:WThreads.obj
 0001:00001a84       ?apiThreadHelper@@YAKPEAX@Z 0000000180002a84 f   common-kernel64:WThreads.obj
 0001:00001c90       __local_stdio_printf_options 0000000180002c90 f i common-kernel64:WThreads.obj
 0001:00001c98       ?sprintf_c@@YAHPEAD_JPEBDZZ 0000000180002c98 f   common-kernel64:MStrSafe.obj
 0001:00001cd8       __raise_securityfailure    0000000180002cd8 f   LIBCMT:gs_report.obj
 0001:00001d0c       __report_gsfailure         0000000180002d0c f   LIBCMT:gs_report.obj
 0001:00001de0       __report_rangecheckfailure 0000000180002de0 f   LIBCMT:gs_report.obj
 0001:00001df4       __report_securityfailure   0000000180002df4 f   LIBCMT:gs_report.obj
 0001:00001f74       __GSHandlerCheck           0000000180002f74 f   LIBCMT:_gshandler_.obj
 0001:00001f94       __GSHandlerCheckCommon     0000000180002f94 f   LIBCMT:_gshandler_.obj
 0001:00002000       __security_check_cookie    0000000180003000 f   LIBCMT:_amdsecgs_.obj
 0001:00002368       _DllMainCRTStartup         0000000180003368 f   LIBCMT:dll_dllmain.obj
 0001:000023a8       ??3@YAXPEAX_K@Z            00000001800033a8 f   LIBCMT:delete_scalar_size.obj
 0001:000023b0       __security_init_cookie     00000001800033b0 f   LIBCMT:gs_support.obj
 0001:00002460       DllMain                    0000000180003460 f   LIBCMT:dll_dllmain_stub.obj
 0001:00002460       _get_startup_argv_mode     0000000180003460 f   LIBCMT:argv_mode.obj
 0001:00002468       ?__scrt_initialize_type_info@@YAXXZ 0000000180003468 f   LIBCMT:tncleanup.obj
 0001:00002478       ?__scrt_uninitialize_type_info@@YAXXZ 0000000180003478 f   LIBCMT:tncleanup.obj
 0001:00002484       __local_stdio_scanf_options 0000000180003484 f i LIBCMT:default_local_stdio_options.obj
 0001:0000248c       __scrt_initialize_default_local_stdio_options 000000018000348c f   LIBCMT:default_local_stdio_options.obj
 0001:000024a8       __scrt_acquire_startup_lock 00000001800034a8 f   LIBCMT:utility.obj
 0001:000024e4       __scrt_dllmain_after_initialize_c 00000001800034e4 f   LIBCMT:utility.obj
 0001:00002518       __scrt_dllmain_before_initialize_c 0000000180003518 f   LIBCMT:utility.obj
 0001:00002530       __scrt_dllmain_crt_thread_attach 0000000180003530 f   LIBCMT:utility.obj
 0001:00002558       __scrt_dllmain_crt_thread_detach 0000000180003558 f   LIBCMT:utility.obj
 0001:00002570       __scrt_dllmain_exception_filter 0000000180003570 f   LIBCMT:utility.obj
 0001:000025d4       __scrt_dllmain_uninitialize_c 00000001800035d4 f   LIBCMT:utility.obj
 0001:00002604       __scrt_dllmain_uninitialize_critical 0000000180003604 f   LIBCMT:utility.obj
 0001:00002618       __scrt_initialize_crt      0000000180003618 f   LIBCMT:utility.obj
 0001:00002664       __scrt_initialize_onexit_tables 0000000180003664 f   LIBCMT:utility.obj
 0001:00002744       __scrt_is_nonwritable_in_current_image 0000000180003744 f   LIBCMT:utility.obj
 0001:000027e0       __scrt_release_startup_lock 00000001800037e0 f   LIBCMT:utility.obj
 0001:00002804       __scrt_uninitialize_crt    0000000180003804 f   LIBCMT:utility.obj
 0001:00002830       __scrt_get_dyn_tls_init_callback 0000000180003830 f   LIBCMT:dyn_tls_init.obj
 0001:00002838       __crt_debugger_hook        0000000180003838 f   LIBCMT:utility_desktop.obj
 0001:00002840       __scrt_fastfail            0000000180003840 f   LIBCMT:utility_desktop.obj
 0001:0000298c       _RTC_Initialize            000000018000398c f   LIBCMT:_initsect_.obj
 0001:000029d8       _RTC_Terminate             00000001800039d8 f   LIBCMT:_initsect_.obj
 0001:00002a24       _guard_check_icall         0000000180003a24 f i LIBCMT:checkcfg.obj
 0001:00002a2c       __isa_available_init       0000000180003a2c f   LIBCMT:_cpu_disp_.obj
 0001:00002be8       __scrt_is_ucrt_dll_in_use  0000000180003be8 f   LIBCMT:ucrt_detection.obj
 0001:00002bf4       _guard_check_icall_nop     0000000180003bf4 f i LIBCMT:guard_support.obj
 0001:00002c00       wcsrchr                    0000000180003c00 f   libvcruntime:wcsrchr.obj
 0001:00002cd0       memset                     0000000180003cd0 f   libvcruntime:memset.obj
 0001:00002e80       strrchr                    0000000180003e80 f   libvcruntime:strrchr.obj
 0001:00002fcc       strchr                     0000000180003fcc f   libvcruntime:strchr.obj
 0001:00003058       __C_specific_handler       0000000180004058 f   libvcruntime:_riscchandler_.obj
 0001:00003280       memcpy                     0000000180004280 f   libvcruntime:memcpy.obj
 0001:00003280       memmove                    0000000180004280 f   libvcruntime:memcpy.obj
 0001:000036c8       __std_type_info_destroy_list 00000001800046c8 f   libvcruntime:std_type_info.obj
 0001:000036f4       __vcrt_initialize          00000001800046f4 f   libvcruntime:initialization.obj
 0001:00003728       __vcrt_thread_attach       0000000180004728 f   libvcruntime:initialization.obj
 0001:0000373c       __vcrt_thread_detach       000000018000473c f   libvcruntime:initialization.obj
 0001:00003750       __vcrt_uninitialize        0000000180004750 f   libvcruntime:initialization.obj
 0001:00003770       __vcrt_uninitialize_critical 0000000180004770 f   libvcruntime:initialization.obj
 0001:00003790       _local_unwind              0000000180004790 f   libvcruntime:_jmpuwind_.obj
 0001:000037c0       _NLG_Notify                00000001800047c0 f   libvcruntime:_jmpuwind_.obj
 0001:000037e0       __NLG_Dispatch2            00000001800047e0 f   libvcruntime:_jmpuwind_.obj
 0001:000037f0       __NLG_Return2              00000001800047f0 f   libvcruntime:_jmpuwind_.obj
 0001:000037f4       __except_validate_context_record 00000001800047f4 f   libvcruntime:jbcxrval.obj
 0001:0000382c       __vcrt_freefls             000000018000482c f   libvcruntime:per_thread_data.obj
 0001:0000384c       __vcrt_freeptd             000000018000484c f   libvcruntime:per_thread_data.obj
 0001:0000389c       __vcrt_getptd_noexit       000000018000489c f   libvcruntime:per_thread_data.obj
 0001:00003954       __vcrt_initialize_ptd      0000000180004954 f   libvcruntime:per_thread_data.obj
 0001:000039a8       __vcrt_uninitialize_ptd    00000001800049a8 f   libvcruntime:per_thread_data.obj
 0001:000039cc       __vcrt_initialize_locks    00000001800049cc f   libvcruntime:locks.obj
 0001:00003a14       __vcrt_uninitialize_locks  0000000180004a14 f   libvcruntime:locks.obj
 0001:00003c24       __vcrt_FlsAlloc            0000000180004c24 f   libvcruntime:winapi_downlevel.obj
 0001:00003c78       __vcrt_FlsFree             0000000180004c78 f   libvcruntime:winapi_downlevel.obj
 0001:00003ccc       __vcrt_FlsGetValue         0000000180004ccc f   libvcruntime:winapi_downlevel.obj
 0001:00003d20       __vcrt_FlsSetValue         0000000180004d20 f   libvcruntime:winapi_downlevel.obj
 0001:00003d88       __vcrt_InitializeCriticalSectionEx 0000000180004d88 f   libvcruntime:winapi_downlevel.obj
 0001:00003e00       __vcrt_initialize_winapi_thunks 0000000180004e00 f   libvcruntime:winapi_downlevel.obj
 0001:00003e44       __vcrt_uninitialize_winapi_thunks 0000000180004e44 f   libvcruntime:winapi_downlevel.obj
 0001:00003e84       __vcrt_initialize_pure_virtual_call_handler 0000000180004e84 f   libvcruntime:purevirt_data.obj
 0001:00003ea8       ??$ensure_buffer_is_big_enough@D@formatting_buffer@__crt_stdio_output@@QEAA_N_K@Z 0000000180004ea8 f i libucrt:output.obj
 0001:00003f54       ??$is_wide_character_specifier@D@__crt_stdio_output@@YA_N_KDW4length_modifier@0@@Z 0000000180004f54 f i libucrt:output.obj
 0001:00003f84       ??$type_case_integer_parse_into_buffer@I@?$output_processor@DV?$string_output_adapter@D@__crt_stdio_output@@V?$standard_base@DV?$string_output_adapter@D@__crt_stdio_output@@@2@@__crt_stdio_output@@AEAAXII_N@Z 0000000180004f84 f i libucrt:output.obj
 0001:00004020       ??$type_case_integer_parse_into_buffer@_K@?$output_processor@DV?$string_output_adapter@D@__crt_stdio_output@@V?$standard_base@DV?$string_output_adapter@D@__crt_stdio_output@@@2@@__crt_stdio_output@@AEAAX_KI_N@Z 0000000180005020 f i libucrt:output.obj
 0001:000040bc       ??$write_multiple_characters@V?$string_output_adapter@D@__crt_stdio_output@@D@__crt_stdio_output@@YAXAEBV?$string_output_adapter@D@0@DHQEAH@Z 00000001800050bc f i libucrt:output.obj
 0001:00004118       ??0?$output_processor@DV?$string_output_adapter@D@__crt_stdio_output@@V?$standard_base@DV?$string_output_adapter@D@__crt_stdio_output@@@2@@__crt_stdio_output@@QEAA@AEBV?$string_output_adapter@D@1@_KQEBDQEAU__crt_locale_pointers@@QEAD@Z 0000000180005118 f i libucrt:output.obj
 0001:00004194       ??0_LocaleUpdate@@QEAA@QEAU__crt_locale_pointers@@@Z 0000000180005194 f i libucrt:output.obj
 0001:00004224       ?force_decimal_point@__crt_stdio_output@@YAXPEADQEAU__crt_locale_pointers@@@Z 0000000180005224 f i libucrt:output.obj
 0001:00004294       ?parse_int_from_format_string@?$output_processor@DV?$string_output_adapter@D@__crt_stdio_output@@V?$standard_base@DV?$string_output_adapter@D@__crt_stdio_output@@@2@@__crt_stdio_output@@AEAA_NQEAH@Z 0000000180005294 f i libucrt:output.obj
 0001:00004318       ?process@?$output_processor@DV?$string_output_adapter@D@__crt_stdio_output@@V?$standard_base@DV?$string_output_adapter@D@__crt_stdio_output@@@2@@__crt_stdio_output@@QEAAHXZ 0000000180005318 f i libucrt:output.obj
 0001:0000451c       ?state_case_normal@?$output_processor@DV?$string_output_adapter@D@__crt_stdio_output@@V?$standard_base@DV?$string_output_adapter@D@__crt_stdio_output@@@2@@__crt_stdio_output@@AEAA_NXZ 000000018000551c f i libucrt:output.obj
 0001:00004590       ?state_case_normal_tchar@?$output_processor@DV?$string_output_adapter@D@__crt_stdio_output@@V?$standard_base@DV?$string_output_adapter@D@__crt_stdio_output@@@2@@__crt_stdio_output@@AEAA_ND@Z 0000000180005590 f i libucrt:output.obj
 0001:00004628       ?state_case_size@?$output_processor@DV?$string_output_adapter@D@__crt_stdio_output@@V?$standard_base@DV?$string_output_adapter@D@__crt_stdio_output@@@2@@__crt_stdio_output@@AEAA_NXZ 0000000180005628 f i libucrt:output.obj
 0001:000047a4       ?state_case_type@?$output_processor@DV?$string_output_adapter@D@__crt_stdio_output@@V?$standard_base@DV?$string_output_adapter@D@__crt_stdio_output@@@2@@__crt_stdio_output@@AEAA_NXZ 00000001800057a4 f i libucrt:output.obj
 0001:00004a20       ?type_case_Z@?$output_processor@DV?$string_output_adapter@D@__crt_stdio_output@@V?$standard_base@DV?$string_output_adapter@D@__crt_stdio_output@@@2@@__crt_stdio_output@@AEAA_NXZ 0000000180005a20 f i libucrt:output.obj
 0001:00004aa0       ?type_case_a@?$output_processor@DV?$string_output_adapter@D@__crt_stdio_output@@V?$standard_base@DV?$string_output_adapter@D@__crt_stdio_output@@@2@@__crt_stdio_output@@AEAA_NXZ 0000000180005aa0 f i libucrt:output.obj
 0001:00004cbc       ?type_case_c_tchar@?$output_processor@DV?$string_output_adapter@D@__crt_stdio_output@@V?$standard_base@DV?$string_output_adapter@D@__crt_stdio_output@@@2@@__crt_stdio_output@@AEAA_ND@Z 0000000180005cbc f i libucrt:output.obj
 0001:00004d70       ?type_case_integer@?$output_processor@DV?$string_output_adapter@D@__crt_stdio_output@@V?$standard_base@DV?$string_output_adapter@D@__crt_stdio_output@@@2@@__crt_stdio_output@@AEAA_NI_N@Z 0000000180005d70 f i libucrt:output.obj
 0001:00004f10       ?type_case_n@?$output_processor@DV?$string_output_adapter@D@__crt_stdio_output@@V?$standard_base@DV?$string_output_adapter@D@__crt_stdio_output@@@2@@__crt_stdio_output@@AEAA_NXZ 0000000180005f10 f i libucrt:output.obj
 0001:00004fec       ?type_case_s@?$output_processor@DV?$string_output_adapter@D@__crt_stdio_output@@V?$standard_base@DV?$string_output_adapter@D@__crt_stdio_output@@@2@@__crt_stdio_output@@AEAA_NXZ 0000000180005fec f i libucrt:output.obj
 0001:0000507c       ?write_stored_string_tchar@?$output_processor@DV?$string_output_adapter@D@__crt_stdio_output@@V?$standard_base@DV?$string_output_adapter@D@__crt_stdio_output@@@2@@__crt_stdio_output@@AEAA_ND@Z 000000018000607c f i libucrt:output.obj
 0001:00005154       ?write_string@?$string_output_adapter@D@__crt_stdio_output@@QEBAXQEBDHQEAH1@Z 0000000180006154 f i libucrt:output.obj
 0001:00005210       __stdio_common_vsprintf    0000000180006210 f   libucrt:output.obj
 0001:00005444       wcsncmp                    0000000180006444 f   libucrt:wcsncmp.obj
 0001:00005470       _initterm                  0000000180006470 f   libucrt:initterm.obj
 0001:000054e8       _initterm_e                00000001800064e8 f   libucrt:initterm.obj
 0001:00005534       _seh_filter_dll            0000000180006534 f   libucrt:exception_filter.obj
 0001:00005548       _seh_filter_exe            0000000180006548 f   libucrt:exception_filter.obj
 0001:00005908       __acrt_initialize_thread_local_exit_callback 0000000180006908 f   libucrt:exit.obj
 0001:00005910       _cexit                     0000000180006910 f   libucrt:exit.obj
 0001:00005920       _exit                      0000000180006920 f   libucrt:exit.obj
 0001:0000592c       _is_c_termination_complete 000000018000692c f   libucrt:exit.obj
 0001:00005af0       __acrt_allocate_buffer_for_argv 0000000180006af0 f   libucrt:argv_parsing.obj
 0001:00005b54       _configure_narrow_argv     0000000180006b54 f   libucrt:argv_parsing.obj
 0001:00005eb0       __dcrt_uninitialize_environments_nolock 0000000180006eb0 f   libucrt:environment_initialization.obj
 0001:00005ee8       _initialize_narrow_environment 0000000180006ee8 f   libucrt:environment_initialization.obj
 0001:00005ef0       ??$?RV<lambda_e24bbb7b643b32fcea6fa61b31d4c984>@@AEAV<lambda_275893d493268fdec8709772e3fcec0e>@@V<lambda_9d71df4d7cf3f480f8d633942495c3b0>@@@?$__crt_seh_guarded_call@H@@QEAAH$$QEAV<lambda_e24bbb7b643b32fcea6fa61b31d4c984>@@AEAV<lambda_275893d493268fdec8709772e3fcec0e>@@$$QEAV<lambda_9d71df4d7cf3f480f8d633942495c3b0>@@@Z 0000000180006ef0 f i libucrt:onexit.obj
 0001:00006090       _execute_onexit_table      0000000180007090 f   libucrt:onexit.obj
 0001:000060cc       _initialize_onexit_table   00000001800070cc f   libucrt:onexit.obj
 0001:00006154       __acrt_uninitialize_command_line 0000000180007154 f   libucrt:argv_data.obj
 0001:00006244       __acrt_initialize          0000000180007244 f   libucrt:initialization.obj
 0001:00006258       __acrt_thread_attach       0000000180007258 f   libucrt:initialization.obj
 0001:0000626c       __acrt_thread_detach       000000018000726c f   libucrt:initialization.obj
 0001:0000627c       __acrt_uninitialize        000000018000727c f   libucrt:initialization.obj
 0001:00006290       __acrt_uninitialize_critical 0000000180007290 f   libucrt:initialization.obj
 0001:000062a0       terminate                  00000001800072a0 f   libucrt:terminate.obj
 0001:000062c8       _free_base                 00000001800072c8 f   libucrt:free_base.obj
 0001:00006308       _malloc_base               0000000180007308 f   libucrt:malloc_base.obj
 0001:00006368       strcpy_s                   0000000180007368 f   libucrt:strcpy_s.obj
 0001:000063c8       ??$is_overflow_condition@K@__crt_strtox@@YA_NIK@Z 00000001800073c8 f i libucrt:atox.obj
 0001:000063f4       ??$parse_integer@KV?$c_string_character_source@D@__crt_strtox@@@__crt_strtox@@YAKQEAU__crt_locale_pointers@@V?$c_string_character_source@D@0@H_N@Z 00000001800073f4 f i libucrt:atox.obj
 0001:00006708       abort                      0000000180007708 f   libucrt:abort.obj
 0001:00006760       _calloc_base               0000000180007760 f   libucrt:calloc_base.obj
 0001:000067d8       __acrt_call_reportfault    00000001800077d8 f   libucrt:invalid_parameter.obj
 0001:00006934       __acrt_initialize_invalid_parameter_handler 0000000180007934 f   libucrt:invalid_parameter.obj
 0001:0000693c       _invalid_parameter         000000018000793c f   libucrt:invalid_parameter.obj
 0001:000069e4       _invalid_parameter_noinfo  00000001800079e4 f   libucrt:invalid_parameter.obj
 0001:00006a04       _invoke_watson             0000000180007a04 f   libucrt:invalid_parameter.obj
 0001:00006a4c       isdigit                    0000000180007a4c f i libucrt:_ctype.obj
 0001:00006b10       _tolower_l                 0000000180007b10 f   libucrt:tolower_toupper.obj
 0001:00006c50       tolower                    0000000180007c50 f   libucrt:tolower_toupper.obj
 0001:00006c7c       __acrt_errno_from_os_error 0000000180007c7c f   libucrt:errno.obj
 0001:00006cc4       __acrt_errno_map_os_error  0000000180007cc4 f   libucrt:errno.obj
 0001:00006d14       __doserrno                 0000000180007d14 f   libucrt:errno.obj
 0001:00006d34       _errno                     0000000180007d34 f   libucrt:errno.obj
 0001:00006d54       ??$make_c_string_character_source@DPEAPEAD@__crt_strtox@@YA?AV?$c_string_character_source@D@0@QEBDQEAPEAD@Z 0000000180007d54 f i libucrt:strtox.obj
 0001:00006d68       strtol                     0000000180007d68 f   libucrt:strtox.obj
 0001:00006d98       _mbtowc_l                  0000000180007d98 f   libucrt:mbtowc.obj
 0001:00006ee0       mbtowc                     0000000180007ee0 f   libucrt:mbtowc.obj
 0001:00006ee8       _wctomb_s_l                0000000180007ee8 f   libucrt:wctomb.obj
 0001:0000706c       wctomb_s                   000000018000806c f   libucrt:wctomb.obj
 0001:00007080       strnlen                    0000000180008080 f   libucrt:strnlen.obj
 0001:000071dc       wcsnlen                    00000001800081dc f   libucrt:strnlen.obj
 0001:000073cc       ??$?RV<lambda_46352004c1216016012b18bd6f87e700>@@AEAV<lambda_3bd07e1a1191394380780325891bf33f>@@V<lambda_334532d3f185bcaa59b5be82d7d22bff>@@@?$__crt_seh_guarded_call@X@@QEAAX$$QEAV<lambda_46352004c1216016012b18bd6f87e700>@@AEAV<lambda_3bd07e1a1191394380780325891bf33f>@@$$QEAV<lambda_334532d3f185bcaa59b5be82d7d22bff>@@@Z 00000001800083cc f i libucrt:per_thread_data.obj
 0001:0000742c       ??$?RV<lambda_5e887d1dcbef67a5eb4283622ba103bf>@@AEAV<lambda_4466841279450cc726390878d4a41900>@@V<lambda_341c25c0346d94847f1f3c463c57e077>@@@?$__crt_seh_guarded_call@X@@QEAAX$$QEAV<lambda_5e887d1dcbef67a5eb4283622ba103bf>@@AEAV<lambda_4466841279450cc726390878d4a41900>@@$$QEAV<lambda_341c25c0346d94847f1f3c463c57e077>@@@Z 000000018000842c f i libucrt:per_thread_data.obj
 0001:00007474       ??$?RV<lambda_72d1df2b273a38828b1ce30cbf4cdab5>@@AEAV<lambda_876a65b173b8412d3a47c70a915b0cf4>@@V<lambda_41932305e351933ebe8f8be3ed8bb5dc>@@@?$__crt_seh_guarded_call@X@@QEAAX$$QEAV<lambda_72d1df2b273a38828b1ce30cbf4cdab5>@@AEAV<lambda_876a65b173b8412d3a47c70a915b0cf4>@@$$QEAV<lambda_41932305e351933ebe8f8be3ed8bb5dc>@@@Z 0000000180008474 f i libucrt:per_thread_data.obj
 0001:000074b4       ??$?RV<lambda_fb3a7dec4e47f37f22dae91bb15c9095>@@AEAV<lambda_698284760c8add0bfb0756c19673e34b>@@V<lambda_dfb8eca1e75fef3034a8fb18dd509707>@@@?$__crt_seh_guarded_call@X@@QEAAX$$QEAV<lambda_fb3a7dec4e47f37f22dae91bb15c9095>@@AEAV<lambda_698284760c8add0bfb0756c19673e34b>@@$$QEAV<lambda_dfb8eca1e75fef3034a8fb18dd509707>@@@Z 00000001800084b4 f i libucrt:per_thread_data.obj
 0001:00007744       __acrt_freeptd             0000000180008744 f   libucrt:per_thread_data.obj
 0001:00007788       __acrt_getptd              0000000180008788 f   libucrt:per_thread_data.obj
 0001:0000781c       __acrt_getptd_noexit       000000018000881c f   libucrt:per_thread_data.obj
 0001:000078bc       __acrt_initialize_ptd      00000001800088bc f   libucrt:per_thread_data.obj
 0001:000078f8       __acrt_uninitialize_ptd    00000001800088f8 f   libucrt:per_thread_data.obj
 0001:0000791c       __acrt_update_locale_info  000000018000891c f   libucrt:locale_update.obj
 0001:00007950       __acrt_update_multibyte_info 0000000180008950 f   libucrt:locale_update.obj
 0001:00007984       ?__acrt_fp_classify@@YA?AW4__acrt_fp_class@@AEBN@Z 0000000180008984 f i libucrt:cvt.obj
 0001:000083bc       __acrt_fp_format           00000001800093bc f   libucrt:cvt.obj
 0001:00008600       _fileno                    0000000180009600 f   libucrt:fileno.obj
 0001:00008628       __acrt_initialize_stdio    0000000180009628 f   libucrt:_file.obj
 0001:00008748       __acrt_uninitialize_stdio  0000000180009748 f   libucrt:_file.obj
 0001:000087a4       _lock_file                 00000001800097a4 f   libucrt:_file.obj
 0001:000087b0       _unlock_file               00000001800097b0 f   libucrt:_file.obj
 0001:000087bc       _get_printf_count_output   00000001800097bc f   libucrt:printf_count_output.obj
 0001:000087d4       __acrt_set_locale_changed  00000001800097d4 f   libucrt:wsetlocale.obj
 0001:000087e0       __acrt_uninitialize_locale 00000001800097e0 f   libucrt:wsetlocale.obj
 0001:00008a10       __acrt_initialize_lowio    0000000180009a10 f   libucrt:ioinit.obj
 0001:00008a4c       __acrt_uninitialize_lowio  0000000180009a4c f   libucrt:ioinit.obj
 0001:00008a8c       __acrt_initialize_locks    0000000180009a8c f   libucrt:locks.obj
 0001:00008ad4       __acrt_lock                0000000180009ad4 f   libucrt:locks.obj
 0001:00008af0       __acrt_uninitialize_locks  0000000180009af0 f   libucrt:locks.obj
 0001:00008b28       __acrt_unlock              0000000180009b28 f   libucrt:locks.obj
 0001:00008ce4       __acrt_FlsAlloc            0000000180009ce4 f   libucrt:winapi_thunks.obj
 0001:00008d3c       __acrt_FlsFree             0000000180009d3c f   libucrt:winapi_thunks.obj
 0001:00008d94       __acrt_FlsGetValue         0000000180009d94 f   libucrt:winapi_thunks.obj
 0001:00008dec       __acrt_FlsSetValue         0000000180009dec f   libucrt:winapi_thunks.obj
 0001:00008e54       __acrt_InitializeCriticalSectionEx 0000000180009e54 f   libucrt:winapi_thunks.obj
 0001:00008ecc       __acrt_LCMapStringEx       0000000180009ecc f   libucrt:winapi_thunks.obj
 0001:00008fbc       __acrt_LocaleNameToLCID    0000000180009fbc f   libucrt:winapi_thunks.obj
 0001:00009024       __acrt_initialize_winapi_thunks 000000018000a024 f   libucrt:winapi_thunks.obj
 0001:0000905c       __acrt_is_packaged_app     000000018000a05c f   libucrt:winapi_thunks.obj
 0001:000090e4       __acrt_uninitialize_winapi_thunks 000000018000a0e4 f   libucrt:winapi_thunks.obj
 0001:00009604       ?expand_if_necessary@?$argument_list@D@?A0xca0879c4@@AEAAHXZ 000000018000a604 f i libucrt:argv_wildcards.obj
 0001:000096cc       __acrt_expand_narrow_argv_wildcards 000000018000a6cc f   libucrt:argv_wildcards.obj
 0001:000096d4       ??$?RV<lambda_99476a1ad63dd22509b5d3e65b0ffc95>@@AEAV<lambda_ad1ced32f4ac17aa236e5ef05d6b3b7c>@@V<lambda_f7424dd8d45958661754dc4f2697e9c3>@@@?$__crt_seh_guarded_call@X@@QEAAX$$QEAV<lambda_99476a1ad63dd22509b5d3e65b0ffc95>@@AEAV<lambda_ad1ced32f4ac17aa236e5ef05d6b3b7c>@@$$QEAV<lambda_f7424dd8d45958661754dc4f2697e9c3>@@@Z 000000018000a6d4 f i libucrt:mbctype.obj
 0001:00009dd0       __acrt_initialize_multibyte 000000018000add0 f   libucrt:mbctype.obj
 0001:00009df8       __acrt_update_thread_multibyte_data 000000018000adf8 f   libucrt:mbctype.obj
 0001:00009eb8       _setmbcp_nolock            000000018000aeb8 f   libucrt:mbctype.obj
 0001:0000a1d8       _ismbblead                 000000018000b1d8 f   libucrt:ismbbyte.obj
 0001:0000a1ec       __acrt_initialize_command_line 000000018000b1ec f   libucrt:argv_data.obj
 0001:0000a214       __dcrt_get_narrow_environment_from_os 000000018000b214 f   libucrt:get_environment_from_os.obj
 0001:0000a318       _recalloc                  000000018000b318 f   libucrt:recalloc.obj
 0001:0000a320       _recalloc_base             000000018000b320 f   libucrt:recalloc.obj
 0001:0000a3b8       __acrt_initialize_heap     000000018000b3b8 f   libucrt:heap_handle.obj
 0001:0000a3d4       __acrt_uninitialize_heap   000000018000b3d4 f   libucrt:heap_handle.obj
 0001:0000a3e0       __acrt_execute_initializers 000000018000b3e0 f   libucrt:shared_initialization.obj
 0001:0000a474       __acrt_execute_uninitializers 000000018000b474 f   libucrt:shared_initialization.obj
 0001:0000a4c4       __acrt_initialize_new_handler 000000018000b4c4 f   libucrt:new_handler.obj
 0001:0000a4cc       _callnewh                  000000018000b4cc f   libucrt:new_handler.obj
 0001:0000a50c       _query_new_handler         000000018000b50c f   libucrt:new_handler.obj
 0001:0000a540       ??$?RV<lambda_c36588078e9f5dfd39652860aa6b3aaf>@@AEAV<lambda_ec61778202f4f5fc7e7711acc23c3bca>@@V<lambda_dc9d2797ccde5d239b4a0efae8ebd7db>@@@?$__crt_seh_guarded_call@P6AXH@Z@@QEAAP6AXH@Z$$QEAV<lambda_c36588078e9f5dfd39652860aa6b3aaf>@@AEAV<lambda_ec61778202f4f5fc7e7711acc23c3bca>@@$$QEAV<lambda_dc9d2797ccde5d239b4a0efae8ebd7db>@@@Z 000000018000b540 f i libucrt:signal.obj
 0001:0000a588       __acrt_get_sigabrt_handler 000000018000b588 f   libucrt:signal.obj
 0001:0000a5b8       __acrt_initialize_signal_handlers 000000018000b5b8 f   libucrt:signal.obj
 0001:0000a5d8       raise                      000000018000b5d8 f   libucrt:signal.obj
 0001:0000a874       __acrt_has_user_matherr    000000018000b874 f   libucrt:matherr.obj
 0001:0000a894       __acrt_initialize_user_matherr 000000018000b894 f   libucrt:matherr.obj
 0001:0000a89c       __acrt_invoke_user_matherr 000000018000b89c f   libucrt:matherr.obj
 0001:0000a8e4       _query_new_mode            000000018000b8e4 f   libucrt:new_mode.obj
 0001:0000a8ec       __pctype_func              000000018000b8ec f   libucrt:ctype.obj
 0001:0000a91c       _isctype_l                 000000018000b91c f   libucrt:isctype.obj
 0001:0000aa2c       _isleadbyte_l              000000018000ba2c f i libucrt:_wctype.obj
 0001:0000adc8       __acrt_LCMapStringA        000000018000bdc8 f   libucrt:lcmapstringa.obj
 0001:0000ae60       __acrt_add_locale_ref      000000018000be60 f   libucrt:locale_refcounting.obj
 0001:0000aeec       __acrt_free_locale         000000018000beec f   libucrt:locale_refcounting.obj
 0001:0000b064       __acrt_locale_add_lc_time_reference 000000018000c064 f   libucrt:locale_refcounting.obj
 0001:0000b08c       __acrt_locale_free_lc_time_if_unreferenced 000000018000c08c f   libucrt:locale_refcounting.obj
 0001:0000b0c4       __acrt_locale_release_lc_time_reference 000000018000c0c4 f   libucrt:locale_refcounting.obj
 0001:0000b0ec       __acrt_release_locale_ref  000000018000c0ec f   libucrt:locale_refcounting.obj
 0001:0000b194       __acrt_update_thread_locale_data 000000018000c194 f   libucrt:locale_refcounting.obj
 0001:0000b204       _updatetlocinfoEx_nolock   000000018000c204 f   libucrt:locale_refcounting.obj
 0001:0000b26c       __acrt_fp_strflt_to_string 000000018000c26c f   libucrt:_fptostr.obj
 0001:0000b330       ?divide@__crt_strtox@@YA_KAEAUbig_integer@1@AEBU21@@Z 000000018000c330 f i libucrt:cfout.obj
 0001:0000b800       __acrt_fltout              000000018000c800 f   libucrt:cfout.obj
 0001:0000cbf4       _fcloseall                 000000018000dbf4 f   libucrt:closeall.obj
 0001:0000cca8       __acrt_stdio_flush_nolock  000000018000dca8 f   libucrt:fflush.obj
 0001:0000cd20       _fflush_nolock             000000018000dd20 f   libucrt:fflush.obj
 0001:0000cd6c       _flushall                  000000018000dd6c f   libucrt:fflush.obj
 0001:0000ce5c       __acrt_stdio_free_buffer_nolock 000000018000de5c f   libucrt:_freebuf.obj
 0001:0000ce9c       _isatty                    000000018000de9c f   libucrt:isatty.obj
 0001:0000cefc       __acrt_locale_free_monetary 000000018000defc f   libucrt:initmon.obj
 0001:0000d008       __acrt_locale_free_numeric 000000018000e008 f   libucrt:initnum.obj
 0001:0000d0cc       __acrt_locale_free_time    000000018000e0cc f   libucrt:inittime.obj
 0001:0000d1d4       __acrt_GetStringTypeA      000000018000e1d4 f   libucrt:getstringtypea.obj
 0001:0000d388       __acrt_lowio_create_handle_array 000000018000e388 f   libucrt:osfinfo.obj
 0001:0000d420       __acrt_lowio_destroy_handle_array 000000018000e420 f   libucrt:osfinfo.obj
 0001:0000d470       __acrt_lowio_ensure_fh_exists 000000018000e470 f   libucrt:osfinfo.obj
 0001:0000d528       __acrt_lowio_lock_fh       000000018000e528 f   libucrt:osfinfo.obj
 0001:0000d54c       __acrt_lowio_unlock_fh     000000018000e54c f   libucrt:osfinfo.obj
 0001:0000d570       _free_osfhnd               000000018000e570 f   libucrt:osfinfo.obj
 0001:0000d62c       _get_osfhandle             000000018000e62c f   libucrt:osfinfo.obj
 0001:0000d76c       __acrt_DownlevelLocaleNameToLCID 000000018000e76c f   libucrt:lcidtoname_downlevel.obj
 0001:0000d870       qsort                      000000018000e870 f   libucrt:qsort.obj
 0001:0000dba4       strncpy_s                  000000018000eba4 f   libucrt:strncpy_s.obj
 0001:0000dc78       strpbrk                    000000018000ec78 f   libucrt:strpbrk.obj
 0001:0000dd18       _mbsdec                    000000018000ed18 f   libucrt:mbsdec.obj
 0001:0000dd20       _mbsdec_l                  000000018000ed20 f   libucrt:mbsdec.obj
 0001:0000ddd0       _msize                     000000018000edd0 f   libucrt:msize.obj
 0001:0000de0c       _realloc_base              000000018000ee0c f   libucrt:realloc_base.obj
 0001:0000de90       __strncnt                  000000018000ee90 f   libucrt:strncnt.obj
 0001:0000dea8       fegetenv                   000000018000eea8 f   libucrt:fegetenv.obj
 0001:0000dec8       fesetenv                   000000018000eec8 f   libucrt:fesetenv.obj
 0001:0000df14       feholdexcept               000000018000ef14 f   libucrt:feholdexcept.obj
 0001:0000df64       ceil                       000000018000ef64 f   libucrt:ceil.obj
 0001:0000e030       log10                      000000018000f030 f   libucrt:log10.obj
 0001:0000eb7c       _write                     000000018000fb7c f   libucrt:write.obj
 0001:0000ec68       _write_nolock              000000018000fc68 f   libucrt:write.obj
 0001:0000efe8       _lseeki64_nolock           000000018000ffe8 f   libucrt:lseek.obj
 0001:0000eff0       _fclose_nolock             000000018000fff0 f   libucrt:fclose.obj
 0001:0000f074       fclose                     0000000180010074 f   libucrt:fclose.obj
 0001:0000f0e0       ??$?RV<lambda_b521505b218e5242e90febf6bfebc422>@@AEAV<lambda_6978c1fb23f02e42e1d9e99668cc68aa>@@V<lambda_314360699dd331753a4119843814e9a7>@@@?$__crt_seh_guarded_call@H@@QEAAH$$QEAV<lambda_b521505b218e5242e90febf6bfebc422>@@AEAV<lambda_6978c1fb23f02e42e1d9e99668cc68aa>@@$$QEAV<lambda_314360699dd331753a4119843814e9a7>@@@Z 00000001800100e0 f i libucrt:commit.obj
 0001:0000f16c       _commit                    000000018001016c f   libucrt:commit.obj
 0001:0000f200       _query_app_type            0000000180010200 f   libucrt:report_runtime_error.obj
 0001:0000f208       _getfpcontrolword          0000000180010208 f   libucrt:_fenvutils.obj
 0001:0000f220       _getfpstatusword           0000000180010220 f   libucrt:_fenvutils.obj
 0001:0000f234       _setfpcontrolword          0000000180010234 f   libucrt:_fenvutils.obj
 0001:0000f240       _setfpstatusword           0000000180010240 f   libucrt:_fenvutils.obj
 0001:0000f290       _clearfp                   0000000180010290 f   libucrt:ieee.obj
 0001:0000f2e4       _controlfp                 00000001800102e4 f   libucrt:ieee.obj
 0001:0000f2f0       _statusfp                  00000001800102f0 f   libucrt:ieee.obj
 0001:0000f6f4       _handle_error              00000001800106f4 f   libucrt:libm_error.obj
 0001:0000f81c       _handle_nan                000000018001081c f   libucrt:libm_error.obj
 0001:0000f840       __acrt_initialize_fma3     0000000180010840 f   libucrt:fma3_available.obj
 0001:0000f8b0       _log10_special             00000001800108b0 f   libucrt:log_special.obj
 0001:0000f968       _putwch_nolock             0000000180010968 f   libucrt:putwch.obj
 0001:0000f9c4       ??$?RV<lambda_bfedae4ebbf01fab1bb6dcc6a9e276e0>@@AEAV<lambda_2fe9b910cf3cbf4a0ab98a02ba45b3ec>@@V<lambda_237c231691f317818eb88cc1d5d642d6>@@@?$__crt_seh_guarded_call@H@@QEAAH$$QEAV<lambda_bfedae4ebbf01fab1bb6dcc6a9e276e0>@@AEAV<lambda_2fe9b910cf3cbf4a0ab98a02ba45b3ec>@@$$QEAV<lambda_237c231691f317818eb88cc1d5d642d6>@@@Z 00000001800109c4 f i libucrt:close.obj
 0001:0000fa38       _close                     0000000180010a38 f   libucrt:close.obj
 0001:0000fadc       _close_nolock              0000000180010adc f   libucrt:close.obj
 0001:0000fb98       ?__acrt_stdio_free_stream@@YAXV__crt_stdio_stream@@@Z 0000000180010b98 f   libucrt:stream.obj
 0001:0000fbf0       _get_fpsr                  0000000180010bf0 f   libucrt:fpsr.obj
 0001:0000fc00       _set_fpsr                  0000000180010c00 f   libucrt:fpsr.obj
 0001:0000fc0a       _fclrf                     0000000180010c0a f   libucrt:fpsr.obj
 0001:0000fc1e       _frnd                      0000000180010c1e f   libucrt:fpsr.obj
 0001:0000fc40       _raise_exc                 0000000180010c40 f   libucrt:fpexcept.obj
 0001:0000fc68       _raise_exc_ex              0000000180010c68 f   libucrt:fpexcept.obj
 0001:0000ff70       _set_errno_from_matherr    0000000180010f70 f   libucrt:fpexcept.obj
 0001:0000ffa0       _clrfp                     0000000180010fa0 f   libucrt:fpctrl.obj
 0001:0000ffc0       _ctrlfp                    0000000180010fc0 f   libucrt:fpctrl.obj
 0001:0001003c       _set_statfp                000000018001103c f   libucrt:fpctrl.obj
 0001:0001005c       _statfp                    000000018001105c f   libucrt:fpctrl.obj
 0001:00010070       __dcrt_lowio_initialize_console_output 0000000180011070 f   libucrt:initcon.obj
 0001:000100ac       __dcrt_terminate_console_output 00000001800110ac f   libucrt:initcon.obj
 0001:000100cc       IsProcessorFeaturePresent  00000001800110cc f   kernel32:KERNEL32.dll
 0001:000100d2       RtlUnwindEx                00000001800110d2 f   kernel32:KERNEL32.dll
 0001:000100e0       _FindPESection             00000001800110e0 f   LIBCMT:pesect.obj
 0001:00010130       _IsNonwritableInCurrentImage 0000000180011130 f   LIBCMT:pesect.obj
 0001:00010180       _ValidateImageBase         0000000180011180 f   LIBCMT:pesect.obj
 0001:000101c0       _alloca_probe              00000001800111c0 f   LIBCMT:_chkstk_.obj
 0001:000101c0       __chkstk                   00000001800111c0 f   LIBCMT:_chkstk_.obj
 0001:00010230       memcmp                     0000000180011230 f   libvcruntime:memcmp.obj
 0001:00010310       _guard_dispatch_icall_nop  0000000180011310 f   LIBCMT:_guard_dispatch_.obj
 0001:00010330       __guard_ss_verify_failure  0000000180011330 f   LIBCMT:_rfgfailure_.obj
 0001:0001033b       __guard_ss_verify_failure_rcx 000000018001133b     LIBCMT:_rfgfailure_.obj
 0001:00010341       __guard_ss_verify_failure_rdx 0000000180011341     LIBCMT:_rfgfailure_.obj
 0001:00010347       __guard_ss_verify_failure_r8 0000000180011347     LIBCMT:_rfgfailure_.obj
 0001:0001034d       __guard_ss_verify_failure_r9 000000018001134d     LIBCMT:_rfgfailure_.obj
 0001:00010353       __guard_ss_verify_failure_r10 0000000180011353     LIBCMT:_rfgfailure_.obj
 0001:00010360       __guard_ss_verify_failure_default 0000000180011360 f   LIBCMT:_rfgfailure_.obj
 0001:000103c0       __guard_ss_verify_sp       00000001800113c0 f   LIBCMT:_rfgfailure_.obj
 0001:000103d0       __guard_ss_verify_sp_default 00000001800113d0 f   LIBCMT:_rfgfailure_.obj
 0002:00000000       __imp_SelectObject         0000000180012000     gdi32:GDI32.dll
 0002:00000008       __imp_DeleteObject         0000000180012008     gdi32:GDI32.dll
 0002:00000010       __imp_DeleteDC             0000000180012010     gdi32:GDI32.dll
 0002:00000018       __imp_CreateSolidBrush     0000000180012018     gdi32:GDI32.dll
 0002:00000020       __imp_CreateCompatibleDC   0000000180012020     gdi32:GDI32.dll
 0002:00000028       __imp_CreateDIBSection     0000000180012028     gdi32:GDI32.dll
 0002:00000030       \177GDI32_NULL_THUNK_DATA  0000000180012030     gdi32:GDI32.dll
 0002:00000038       __imp_WriteFile            0000000180012038     kernel32:KERNEL32.dll
 0002:00000040       __imp_CloseHandle          0000000180012040     kernel32:KERNEL32.dll
 0002:00000048       __imp_lstrcpynW            0000000180012048     kernel32:KERNEL32.dll
 0002:00000050       __imp_lstrcpyW             0000000180012050     kernel32:KERNEL32.dll
 0002:00000058       __imp_lstrcatW             0000000180012058     kernel32:KERNEL32.dll
 0002:00000060       __imp_lstrlenW             0000000180012060     kernel32:KERNEL32.dll
 0002:00000068       __imp_LoadLibraryW         0000000180012068     kernel32:KERNEL32.dll
 0002:00000070       __imp_WaitForSingleObject  0000000180012070     kernel32:KERNEL32.dll
 0002:00000078       __imp_GetTempFileNameW     0000000180012078     kernel32:KERNEL32.dll
 0002:00000080       __imp_CreateFileW          0000000180012080     kernel32:KERNEL32.dll
 0002:00000088       __imp_DeleteFileW          0000000180012088     kernel32:KERNEL32.dll
 0002:00000090       __imp_WriteConsoleW        0000000180012090     kernel32:KERNEL32.dll
 0002:00000098       __imp_FlushFileBuffers     0000000180012098     kernel32:KERNEL32.dll
 0002:000000a0       __imp_SetFilePointerEx     00000001800120a0     kernel32:KERNEL32.dll
 0002:000000a8       __imp_GetLastError         00000001800120a8     kernel32:KERNEL32.dll
 0002:000000b0       __imp_GetProcessHeap       00000001800120b0     kernel32:KERNEL32.dll
 0002:000000b8       __imp_HeapFree             00000001800120b8     kernel32:KERNEL32.dll
 0002:000000c0       __imp_HeapAlloc            00000001800120c0     kernel32:KERNEL32.dll
 0002:000000c8       __imp_GetProcAddress       00000001800120c8     kernel32:KERNEL32.dll
 0002:000000d0       __imp_GetTempPathW         00000001800120d0     kernel32:KERNEL32.dll
 0002:000000d8       __imp_FreeLibrary          00000001800120d8     kernel32:KERNEL32.dll
 0002:000000e0       __imp_GetConsoleMode       00000001800120e0     kernel32:KERNEL32.dll
 0002:000000e8       __imp_GetConsoleCP         00000001800120e8     kernel32:KERNEL32.dll
 0002:000000f0       __imp_SetStdHandle         00000001800120f0     kernel32:KERNEL32.dll
 0002:000000f8       __imp_HeapCreate           00000001800120f8     kernel32:KERNEL32.dll
 0002:00000100       __imp_HeapDestroy          0000000180012100     kernel32:KERNEL32.dll
 0002:00000108       __imp_HeapReAlloc          0000000180012108     kernel32:KERNEL32.dll
 0002:00000110       __imp_HeapSize             0000000180012110     kernel32:KERNEL32.dll
 0002:00000118       __imp_GetCurrentThreadId   0000000180012118     kernel32:KERNEL32.dll
 0002:00000120       __imp_GetTickCount         0000000180012120     kernel32:KERNEL32.dll
 0002:00000128       __imp_lstrcpynA            0000000180012128     kernel32:KERNEL32.dll
 0002:00000130       __imp_RaiseException       0000000180012130     kernel32:KERNEL32.dll
 0002:00000138       __imp_CreateThread         0000000180012138     kernel32:KERNEL32.dll
 0002:00000140       __imp_TerminateThread      0000000180012140     kernel32:KERNEL32.dll
 0002:00000148       __imp_SetLastError         0000000180012148     kernel32:KERNEL32.dll
 0002:00000150       __imp_ResumeThread         0000000180012150     kernel32:KERNEL32.dll
 0002:00000158       __imp_IsDebuggerPresent    0000000180012158     kernel32:KERNEL32.dll
 0002:00000160       __imp_DebugBreak           0000000180012160     kernel32:KERNEL32.dll
 0002:00000168       __imp_RtlCaptureContext    0000000180012168     kernel32:KERNEL32.dll
 0002:00000170       __imp_RtlLookupFunctionEntry 0000000180012170     kernel32:KERNEL32.dll
 0002:00000178       __imp_RtlVirtualUnwind     0000000180012178     kernel32:KERNEL32.dll
 0002:00000180       __imp_UnhandledExceptionFilter 0000000180012180     kernel32:KERNEL32.dll
 0002:00000188       __imp_SetUnhandledExceptionFilter 0000000180012188     kernel32:KERNEL32.dll
 0002:00000190       __imp_GetCurrentProcess    0000000180012190     kernel32:KERNEL32.dll
 0002:00000198       __imp_TerminateProcess     0000000180012198     kernel32:KERNEL32.dll
 0002:000001a0       __imp_IsProcessorFeaturePresent 00000001800121a0     kernel32:KERNEL32.dll
 0002:000001a8       __imp_QueryPerformanceCounter 00000001800121a8     kernel32:KERNEL32.dll
 0002:000001b0       __imp_GetCurrentProcessId  00000001800121b0     kernel32:KERNEL32.dll
 0002:000001b8       __imp_GetSystemTimeAsFileTime 00000001800121b8     kernel32:KERNEL32.dll
 0002:000001c0       __imp_InitializeSListHead  00000001800121c0     kernel32:KERNEL32.dll
 0002:000001c8       __imp_GetStartupInfoW      00000001800121c8     kernel32:KERNEL32.dll
 0002:000001d0       __imp_GetModuleHandleW     00000001800121d0     kernel32:KERNEL32.dll
 0002:000001d8       __imp_RtlUnwindEx          00000001800121d8     kernel32:KERNEL32.dll
 0002:000001e0       __imp_InterlockedFlushSList 00000001800121e0     kernel32:KERNEL32.dll
 0002:000001e8       __imp_EnterCriticalSection 00000001800121e8     kernel32:KERNEL32.dll
 0002:000001f0       __imp_LeaveCriticalSection 00000001800121f0     kernel32:KERNEL32.dll
 0002:000001f8       __imp_DeleteCriticalSection 00000001800121f8     kernel32:KERNEL32.dll
 0002:00000200       __imp_InitializeCriticalSectionAndSpinCount 0000000180012200     kernel32:KERNEL32.dll
 0002:00000208       __imp_TlsAlloc             0000000180012208     kernel32:KERNEL32.dll
 0002:00000210       __imp_TlsGetValue          0000000180012210     kernel32:KERNEL32.dll
 0002:00000218       __imp_TlsSetValue          0000000180012218     kernel32:KERNEL32.dll
 0002:00000220       __imp_TlsFree              0000000180012220     kernel32:KERNEL32.dll
 0002:00000228       __imp_LoadLibraryExW       0000000180012228     kernel32:KERNEL32.dll
 0002:00000230       __imp_ExitProcess          0000000180012230     kernel32:KERNEL32.dll
 0002:00000238       __imp_GetModuleHandleExW   0000000180012238     kernel32:KERNEL32.dll
 0002:00000240       __imp_GetModuleFileNameA   0000000180012240     kernel32:KERNEL32.dll
 0002:00000248       __imp_MultiByteToWideChar  0000000180012248     kernel32:KERNEL32.dll
 0002:00000250       __imp_WideCharToMultiByte  0000000180012250     kernel32:KERNEL32.dll
 0002:00000258       __imp_GetACP               0000000180012258     kernel32:KERNEL32.dll
 0002:00000260       __imp_GetStdHandle         0000000180012260     kernel32:KERNEL32.dll
 0002:00000268       __imp_GetFileType          0000000180012268     kernel32:KERNEL32.dll
 0002:00000270       __imp_LCMapStringW         0000000180012270     kernel32:KERNEL32.dll
 0002:00000278       __imp_FindClose            0000000180012278     kernel32:KERNEL32.dll
 0002:00000280       __imp_FindFirstFileExA     0000000180012280     kernel32:KERNEL32.dll
 0002:00000288       __imp_FindNextFileA        0000000180012288     kernel32:KERNEL32.dll
 0002:00000290       __imp_IsValidCodePage      0000000180012290     kernel32:KERNEL32.dll
 0002:00000298       __imp_GetOEMCP             0000000180012298     kernel32:KERNEL32.dll
 0002:000002a0       __imp_GetCPInfo            00000001800122a0     kernel32:KERNEL32.dll
 0002:000002a8       __imp_GetCommandLineA      00000001800122a8     kernel32:KERNEL32.dll
 0002:000002b0       __imp_GetCommandLineW      00000001800122b0     kernel32:KERNEL32.dll
 0002:000002b8       __imp_GetEnvironmentStringsW 00000001800122b8     kernel32:KERNEL32.dll
 0002:000002c0       __imp_FreeEnvironmentStringsW 00000001800122c0     kernel32:KERNEL32.dll
 0002:000002c8       __imp_GetStringTypeW       00000001800122c8     kernel32:KERNEL32.dll
 0002:000002d0       \177KERNEL32_NULL_THUNK_DATA 00000001800122d0     kernel32:KERNEL32.dll
 0002:000002d8       __imp_wsprintfW            00000001800122d8     user32:USER32.dll
 0002:000002e0       __imp_CharLowerBuffW       00000001800122e0     user32:USER32.dll
 0002:000002e8       __imp_FillRect             00000001800122e8     user32:USER32.dll
 0002:000002f0       \177USER32_NULL_THUNK_DATA 00000001800122f0     user32:USER32.dll
 0002:000002f8       __imp_CoUninitialize       00000001800122f8     ole32:ole32.dll
 0002:00000300       __imp_CoInitialize         0000000180012300     ole32:ole32.dll
 0002:00000308       \177ole32_NULL_THUNK_DATA  0000000180012308     ole32:ole32.dll
 0002:00000310       __guard_check_icall_fptr   0000000180012310     LIBCMT:guard_support.obj
 0002:00000318       __guard_dispatch_icall_fptr 0000000180012318     LIBCMT:guard_support.obj
 0002:00000320       __guard_ss_verify_failure_fptr 0000000180012320     LIBCMT:guard_support.obj
 0002:00000328       __guard_ss_verify_sp_fptr  0000000180012328     LIBCMT:guard_support.obj
 0002:00000330       __xc_a                     0000000180012330     LIBCMT:initializers.obj
 0002:00000338       __xc_z                     0000000180012338     LIBCMT:initializers.obj
 0002:00000340       __xi_a                     0000000180012340     LIBCMT:initializers.obj
 0002:00000348       __acrt_stdio_initializer   0000000180012348     libucrt:stdio_initializer.obj
 0002:00000350       __acrt_multibyte_initializer 0000000180012350     libucrt:multibyte_initializer.obj
 0002:00000358       __acrt_tran_fma3_initializer 0000000180012358     libucrt:fma3_initializer.obj
 0002:00000360       __xi_z                     0000000180012360     LIBCMT:initializers.obj
 0002:00000368       __xp_a                     0000000180012368     LIBCMT:initializers.obj
 0002:00000370       __acrt_locale_terminator   0000000180012370     libucrt:locale_initializer.obj
 0002:00000378       __dcrt_console_output_terminator 0000000180012378     libucrt:console_output_initializer.obj
 0002:00000380       __acrt_stdio_terminator    0000000180012380     libucrt:stdio_initializer.obj
 0002:00000388       __xp_z                     0000000180012388     LIBCMT:initializers.obj
 0002:00000390       __xt_a                     0000000180012390     LIBCMT:initializers.obj
 0002:00000398       __xt_z                     0000000180012398     LIBCMT:initializers.obj
 0002:000003a0       FrameDimensionTime         00000001800123a0     gdip.obj
 0002:000003b0       FrameDimensionPage         00000001800123b0     gdip.obj
 0002:000003c0       ??_C@_1BI@LOJECBFD@?$AAG?$AAd?$AAi?$AAP?$AAl?$AAu?$AAs?$AA?4?$AAd?$AAl?$AAl?$AA?$AA@ 00000001800123c0     gdip.obj
 0002:000003d8       ??_C@_0P@NIGHOHPH@GdiplusStartup?$AA@ 00000001800123d8     gdip.obj
 0002:000003e8       ??_C@_0BA@OMKIAPCJ@GdiplusShutdown?$AA@ 00000001800123e8     gdip.obj
 0002:000003f8       ??_C@_0BJ@IPKMAACN@GdipCreateBitmapFromFile?$AA@ 00000001800123f8     gdip.obj
 0002:00000418       ??_C@_0BG@OPKFAGML@GdipGetImageThumbnail?$AA@ 0000000180012418     gdip.obj
 0002:00000430       ??_C@_0BC@DPLNHGNM@GdipGetImageWidth?$AA@ 0000000180012430     gdip.obj
 0002:00000448       ??_C@_0BD@JIGBIPOH@GdipGetImageHeight?$AA@ 0000000180012448     gdip.obj
 0002:00000460       ??_C@_0BI@DDNLFBKI@GdipGetImagePixelFormat?$AA@ 0000000180012460     gdip.obj
 0002:00000478       ??_C@_0BB@MGCHKKMH@GdipDisposeImage?$AA@ 0000000180012478     gdip.obj
 0002:00000490       ??_C@_0BH@PCHOHMFI@GdipImageGetFrameCount?$AA@ 0000000180012490     gdip.obj
 0002:000004a8       ??_C@_0BL@FLMDGKNM@GdipImageSelectActiveFrame?$AA@ 00000001800124a8     gdip.obj
 0002:000004c8       ??_C@_0BI@PFDIBLKB@GdipGetPropertyItemSize?$AA@ 00000001800124c8     gdip.obj
 0002:000004e0       ??_C@_0BE@JLBHAGMH@GdipGetPropertyItem?$AA@ 00000001800124e0     gdip.obj
 0002:000004f8       ??_C@_0BE@HNMMICFD@GdipImageRotateFlip?$AA@ 00000001800124f8     gdip.obj
 0002:00000510       ??_C@_0BG@BONHLFMI@GdipGetImageRawFormat?$AA@ 0000000180012510     gdip.obj
 0002:00000528       ??_C@_0BC@PACDIGJN@GdipCreateFromHDC?$AA@ 0000000180012528     gdip.obj
 0002:00000540       ??_C@_0BD@MFGJCODH@GdipDeleteGraphics?$AA@ 0000000180012540     gdip.obj
 0002:00000558       ??_C@_0BH@MHAPNLKM@GdipDrawImageRectRectI?$AA@ 0000000180012558     gdip.obj
 0002:00000570       ??_C@_0BF@OBPAMLNN@gdip?3?3FreeThreadProc?$AA@ 0000000180012570     gdip.obj
 0002:00000588       ??_C@_0BP@JHAENBH@ConEmuTh?2Modules?2gdip?2gdip?4cpp?$AA@ 0000000180012588     gdip.obj
 0002:000005a8       ??_C@_17CGDFOGLC@?$AAC?$AAE?$AAT?$AA?$AA@ 00000001800125a8     gdip.obj
 0002:000005b0       ??_C@_19JJJNAIHN@?$AAJ?$AAP?$AAE?$AAG?$AA?$AA@ 00000001800125b0     gdip.obj
 0002:000005c0       ??_C@_19PNCGIGON@?$AAT?$AAI?$AAF?$AAF?$AA?$AA@ 00000001800125c0     gdip.obj
 0002:000005d0       ??_C@_19HEANOPFL@?$AAE?$AAX?$AAI?$AAF?$AA?$AA@ 00000001800125d0     gdip.obj
 0002:000005e0       ??_C@_1CA@KKEPPKFF@?$AA?$CF?$AAi?$AA?5?$AAx?$AA?5?$AA?$CF?$AAi?$AA?5?$AAx?$AA?5?$AA?$CF?$AAi?$AAb?$AAp?$AAp?$AA?$AA@ 00000001800125e0     gdip.obj
 0002:00000600       ??_C@_1M@HKOFHKAI@?$AA?5?$AA?$FL?$AA?$CF?$AAi?$AA?$FN?$AA?$AA@ 0000000180012600     gdip.obj
 0002:0000060c       ??_C@_13HOIJIPNN@?$AA?5?$AA?$AA@ 000000018001260c     gdip.obj
 0002:00000610       ??_C@_0BC@EMFLEJML@common?2Memory?4cpp?$AA@ 0000000180012610     common-kernel64:Memory.obj
 0002:00000624       ??_C@_05LCABBMOG@?$CFs?3?$CFi?$AA@ 0000000180012624     common-kernel64:WThreads.obj
 0002:00000640       _pDefaultRawDllMain        0000000180012640     LIBCMT:dll_dllmain.obj
 0002:00000640       _pRawDllMain               0000000180012640     LIBCMT:dll_dllmain.obj
 0002:00000978       ??_C@_08EHJDFFNH@__based?$CI?$AA@ 0000000180012978     libvcruntime:undname.obj
 0002:00000988       ??_C@_07KOLFKCDI@__cdecl?$AA@ 0000000180012988     libvcruntime:undname.obj
 0002:00000990       ??_C@_08GHMPAG@__pascal?$AA@ 0000000180012990     libvcruntime:undname.obj
 0002:000009a0       ??_C@_09IFJBGAPI@__stdcall?$AA@ 00000001800129a0     libvcruntime:undname.obj
 0002:000009b0       ??_C@_0L@NPHFGOKO@__thiscall?$AA@ 00000001800129b0     libvcruntime:undname.obj
 0002:000009c0       ??_C@_0L@JMKHOMEK@__fastcall?$AA@ 00000001800129c0     libvcruntime:undname.obj
 0002:000009d0       ??_C@_0N@BCKKPABJ@__vectorcall?$AA@ 00000001800129d0     libvcruntime:undname.obj
 0002:000009e0       ??_C@_09HIJEGCPM@__clrcall?$AA@ 00000001800129e0     libvcruntime:undname.obj
 0002:000009ec       ??_C@_06GHPCKEAG@__eabi?$AA@ 00000001800129ec     libvcruntime:undname.obj
 0002:000009f8       ??_C@_07JOMMBBKO@__ptr64?$AA@ 00000001800129f8     libvcruntime:undname.obj
 0002:00000a00       ??_C@_0L@PILCLIHE@__restrict?$AA@ 0000000180012a00     libvcruntime:undname.obj
 0002:00000a10       ??_C@_0M@GFIIJFMG@__unaligned?$AA@ 0000000180012a10     libvcruntime:undname.obj
 0002:00000a20       ??_C@_09DHDLOLLB@restrict?$CI?$AA@ 0000000180012a20     libvcruntime:undname.obj
 0002:00000a2a       ??_C@_00CNPNBAHC@?$AA@     0000000180012a2a     libvcruntime:undname.obj
 0002:00000a2c       ??_C@_04NIHEBCM@?5new?$AA@ 0000000180012a2c     libvcruntime:undname.obj
 0002:00000a38       ??_C@_07FPCDHGMM@?5delete?$AA@ 0000000180012a38     libvcruntime:undname.obj
 0002:00000a40       ??_C@_01NEMOKFLO@?$DN?$AA@ 0000000180012a40     libvcruntime:undname.obj
 0002:00000a44       ??_C@_02GPIOPFAK@?$DO?$DO?$AA@ 0000000180012a44     libvcruntime:undname.obj
 0002:00000a48       ??_C@_02FODMEDOG@?$DM?$DM?$AA@ 0000000180012a48     libvcruntime:undname.obj
 0002:00000a4c       ??_C@_01DCLJPIOD@?$CB?$AA@ 0000000180012a4c     libvcruntime:undname.obj
 0002:00000a50       ??_C@_02EGOFBIJA@?$DN?$DN?$AA@ 0000000180012a50     libvcruntime:undname.obj
 0002:00000a54       ??_C@_02FDNJECIE@?$CB?$DN?$AA@ 0000000180012a54     libvcruntime:undname.obj
 0002:00000a58       ??_C@_02GPECMEKF@?$FL?$FN?$AA@ 0000000180012a58     libvcruntime:undname.obj
 0002:00000a60       ??_C@_08LHJFAFGD@operator?$AA@ 0000000180012a60     libvcruntime:undname.obj
 0002:00000a6c       ??_C@_02HBOOOICD@?9?$DO?$AA@ 0000000180012a6c     libvcruntime:undname.obj
 0002:00000a70       ??_C@_01NBENCBCI@?$CK?$AA@ 0000000180012a70     libvcruntime:undname.obj
 0002:00000a74       ??_C@_02ECNGHCIF@?$CL?$CL?$AA@ 0000000180012a74     libvcruntime:undname.obj
 0002:00000a78       ??_C@_02BAABKJLB@?9?9?$AA@ 0000000180012a78     libvcruntime:undname.obj
 0002:00000a7c       ??_C@_01JOAMLHOP@?9?$AA@   0000000180012a7c     libvcruntime:undname.obj
 0002:00000a80       ??_C@_01MIFGBAGJ@?$CL?$AA@ 0000000180012a80     libvcruntime:undname.obj
 0002:00000a84       ??_C@_01HNPIGOCE@?$CG?$AA@ 0000000180012a84     libvcruntime:undname.obj
 0002:00000a88       ??_C@_03MNHNFDLC@?9?$DO?$CK?$AA@ 0000000180012a88     libvcruntime:undname.obj
 0002:00000a8c       ??_C@_01KMDKNFGN@?1?$AA@   0000000180012a8c     libvcruntime:undname.obj
 0002:00000a90       ??_C@_01FGNFDNOH@?$CF?$AA@ 0000000180012a90     libvcruntime:undname.obj
 0002:00000a94       ??_C@_01MNNFJEPP@?$DM?$AA@ 0000000180012a94     libvcruntime:undname.obj
 0002:00000a98       ??_C@_02EHCHHCKH@?$DM?$DN?$AA@ 0000000180012a98     libvcruntime:undname.obj
 0002:00000a9c       ??_C@_01PPODPGHN@?$DO?$AA@ 0000000180012a9c     libvcruntime:undname.obj
 0002:00000aa0       ??_C@_02EEKDKGMJ@?$DO?$DN?$AA@ 0000000180012aa0     libvcruntime:undname.obj
 0002:00000aa4       ??_C@_01IHBHIGKO@?0?$AA@   0000000180012aa4     libvcruntime:undname.obj
 0002:00000aa8       ??_C@_02HCKGKOFO@?$CI?$CJ?$AA@ 0000000180012aa8     libvcruntime:undname.obj
 0002:00000aac       ??_C@_01PJKLJHI@?$HO?$AA@  0000000180012aac     libvcruntime:undname.obj
 0002:00000ab0       ??_C@_01JKBOJNNK@?$FO?$AA@ 0000000180012ab0     libvcruntime:undname.obj
 0002:00000ab4       ??_C@_01DNKMNLPK@?$HM?$AA@ 0000000180012ab4     libvcruntime:undname.obj
 0002:00000ab8       ??_C@_02PPKAJPJL@?$CG?$CG?$AA@ 0000000180012ab8     libvcruntime:undname.obj
 0002:00000abc       ??_C@_02NONPIBCD@?$HM?$HM?$AA@ 0000000180012abc     libvcruntime:undname.obj
 0002:00000ac0       ??_C@_02FPIMKNGF@?$CK?$DN?$AA@ 0000000180012ac0     libvcruntime:undname.obj
 0002:00000ac4       ??_C@_02FOEOMHFC@?$CL?$DN?$AA@ 0000000180012ac4     libvcruntime:undname.obj
 0002:00000ac8       ??_C@_02FKMDLLOA@?9?$DN?$AA@ 0000000180012ac8     libvcruntime:undname.obj
 0002:00000acc       ??_C@_02FJEHGPIO@?1?$DN?$AA@ 0000000180012acc     libvcruntime:undname.obj
 0002:00000ad0       ??_C@_02FENAOKFI@?$CF?$DN?$AA@ 0000000180012ad0     libvcruntime:undname.obj
 0002:00000ad4       ??_C@_03IKFCCPFF@?$DO?$DO?$DN?$AA@ 0000000180012ad4     libvcruntime:undname.obj
 0002:00000ad8       ??_C@_03CDNPDDLA@?$DM?$DM?$DN?$AA@ 0000000180012ad8     libvcruntime:undname.obj
 0002:00000adc       ??_C@_02FGJGFEAB@?$CG?$DN?$AA@ 0000000180012adc     libvcruntime:undname.obj
 0002:00000ae0       ??_C@_02DHLNPPGH@?$HM?$DN?$AA@ 0000000180012ae0     libvcruntime:undname.obj
 0002:00000ae4       ??_C@_02MHEGNOJ@?$FO?$DN?$AA@ 0000000180012ae4     libvcruntime:undname.obj
 0002:00000ae8       ??_C@_09IFPLHPGF@?$GAvftable?8?$AA@ 0000000180012ae8     libvcruntime:undname.obj
 0002:00000af8       ??_C@_09BLBHBJP@?$GAvbtable?8?$AA@ 0000000180012af8     libvcruntime:undname.obj
 0002:00000b08       ??_C@_07FEEIOKP@?$GAvcall?8?$AA@ 0000000180012b08     libvcruntime:undname.obj
 0002:00000b10       ??_C@_08LLFFHHDJ@?$GAtypeof?8?$AA@ 0000000180012b10     libvcruntime:undname.obj
 0002:00000b20       ??_C@_0BF@KDPPACIK@?$GAlocal?5static?5guard?8?$AA@ 0000000180012b20     libvcruntime:undname.obj
 0002:00000b38       ??_C@_08OBABFOLI@?$GAstring?8?$AA@ 0000000180012b38     libvcruntime:undname.obj
 0002:00000b48       ??_C@_0BD@JDLKDPAB@?$GAvbase?5destructor?8?$AA@ 0000000180012b48     libvcruntime:undname.obj
 0002:00000b60       ??_C@_0BN@DEGPLNFK@?$GAvector?5deleting?5destructor?8?$AA@ 0000000180012b60     libvcruntime:undname.obj
 0002:00000b80       ??_C@_0BO@OBMKPJIG@?$GAdefault?5constructor?5closure?8?$AA@ 0000000180012b80     libvcruntime:undname.obj
 0002:00000ba0       ??_C@_0BN@IMDCHIKM@?$GAscalar?5deleting?5destructor?8?$AA@ 0000000180012ba0     libvcruntime:undname.obj
 0002:00000bc0       ??_C@_0BO@PFGOCPJJ@?$GAvector?5constructor?5iterator?8?$AA@ 0000000180012bc0     libvcruntime:undname.obj
 0002:00000be0       ??_C@_0BN@LFPFMEDL@?$GAvector?5destructor?5iterator?8?$AA@ 0000000180012be0     libvcruntime:undname.obj
 0002:00000c00       ??_C@_0CE@IKBNEHA@?$GAvector?5vbase?5constructor?5iterat@ 0000000180012c00     libvcruntime:undname.obj
 0002:00000c28       ??_C@_0BL@NILFHHPC@?$GAvirtual?5displacement?5map?8?$AA@ 0000000180012c28     libvcruntime:undname.obj
 0002:00000c48       ??_C@_0CB@JONCMFFK@?$GAeh?5vector?5constructor?5iterator?8@ 0000000180012c48     libvcruntime:undname.obj
 0002:00000c70       ??_C@_0CA@GCEOPDGL@?$GAeh?5vector?5destructor?5iterator?8?$AA@ 0000000180012c70     libvcruntime:undname.obj
 0002:00000c90       ??_C@_0CH@OOJPLCPH@?$GAeh?5vector?5vbase?5constructor?5ite@ 0000000180012c90     libvcruntime:undname.obj
 0002:00000cb8       ??_C@_0BL@LLKPOHJI@?$GAcopy?5constructor?5closure?8?$AA@ 0000000180012cb8     libvcruntime:undname.obj
 0002:00000cd8       ??_C@_0BA@KBCDOMBN@?$GAudt?5returning?8?$AA@ 0000000180012cd8     libvcruntime:undname.obj
 0002:00000ce8       ??_C@_03KLGMFNMG@?$GAEH?$AA@ 0000000180012ce8     libvcruntime:undname.obj
 0002:00000cec       ??_C@_05KHLCHHI@?$GARTTI?$AA@ 0000000180012cec     libvcruntime:undname.obj
 0002:00000cf8       ??_C@_0BA@KKLDJDLB@?$GAlocal?5vftable?8?$AA@ 0000000180012cf8     libvcruntime:undname.obj
 0002:00000d08       ??_C@_0CE@IIHCMGGL@?$GAlocal?5vftable?5constructor?5closu@ 0000000180012d08     libvcruntime:undname.obj
 0002:00000d2c       ??_C@_06FHBGPFGH@?5new?$FL?$FN?$AA@ 0000000180012d2c     libvcruntime:undname.obj
 0002:00000d38       ??_C@_09LBNFPBCA@?5delete?$FL?$FN?$AA@ 0000000180012d38     libvcruntime:undname.obj
 0002:00000d48       ??_C@_0P@HJKNJFNN@?$GAomni?5callsig?8?$AA@ 0000000180012d48     libvcruntime:undname.obj
 0002:00000d58       ??_C@_0BL@CNOONJFP@?$GAplacement?5delete?5closure?8?$AA@ 0000000180012d58     libvcruntime:undname.obj
 0002:00000d78       ??_C@_0BN@CKNJLHMB@?$GAplacement?5delete?$FL?$FN?5closure?8?$AA@ 0000000180012d78     libvcruntime:undname.obj
 0002:00000d98       ??_C@_0CG@CFDHKGGD@?$GAmanaged?5vector?5constructor?5iter@ 0000000180012d98     libvcruntime:undname.obj
 0002:00000dc0       ??_C@_0CF@IMGKMJNO@?$GAmanaged?5vector?5destructor?5itera@ 0000000180012dc0     libvcruntime:undname.obj
 0002:00000de8       ??_C@_0CG@HLDDJMAG@?$GAeh?5vector?5copy?5constructor?5iter@ 0000000180012de8     libvcruntime:undname.obj
 0002:00000e10       ??_C@_0CM@FCBBDIGB@?$GAeh?5vector?5vbase?5copy?5constructo@ 0000000180012e10     libvcruntime:undname.obj
 0002:00000e40       ??_C@_0BL@CLIPGLGB@?$GAdynamic?5initializer?5for?5?8?$AA@ 0000000180012e40     libvcruntime:undname.obj
 0002:00000e60       ??_C@_0CB@PDBIFEP@?$GAdynamic?5atexit?5destructor?5for?5?8@ 0000000180012e60     libvcruntime:undname.obj
 0002:00000e88       ??_C@_0CD@CGAJBKEJ@?$GAvector?5copy?5constructor?5iterato@ 0000000180012e88     libvcruntime:undname.obj
 0002:00000eb0       ??_C@_0CJ@GJELGAMM@?$GAvector?5vbase?5copy?5constructor?5i@ 0000000180012eb0     libvcruntime:undname.obj
 0002:00000ee0       ??_C@_0CL@FGIJHLCE@?$GAmanaged?5vector?5copy?5constructor@ 0000000180012ee0     libvcruntime:undname.obj
 0002:00000f10       ??_C@_0BM@PMGGMLDN@?$GAlocal?5static?5thread?5guard?8?$AA@ 0000000180012f10     libvcruntime:undname.obj
 0002:00000f30       ??_C@_0N@BDNMDMOL@operator?5?$CC?$CC?5?$AA@ 0000000180012f30     libvcruntime:undname.obj
 0002:00000f40       ??_C@_0BC@GGEBGALA@operator?5co_await?$AA@ 0000000180012f40     libvcruntime:undname.obj
 0002:00000f58       ??_C@_0BC@DAFEJGAK@?5Type?5Descriptor?8?$AA@ 0000000180012f58     libvcruntime:undname.obj
 0002:00000f70       ??_C@_0BM@LDKODKLH@?5Base?5Class?5Descriptor?5at?5?$CI?$AA@ 0000000180012f70     libvcruntime:undname.obj
 0002:00000f90       ??_C@_0BD@LGICGFMM@?5Base?5Class?5Array?8?$AA@ 0000000180012f90     libvcruntime:undname.obj
 0002:00000fa8       ??_C@_0BN@MECKDCOJ@?5Class?5Hierarchy?5Descriptor?8?$AA@ 0000000180012fa8     libvcruntime:undname.obj
 0002:00000fc8       ??_C@_0BK@CFCOFLF@?5Complete?5Object?5Locator?8?$AA@ 0000000180012fc8     libvcruntime:undname.obj
 0002:00001000       ??_C@_1DM@KHCHBNEB@?$AAa?$AAp?$AAi?$AA?9?$AAm?$AAs?$AA?9?$AAw?$AAi?$AAn?$AA?9?$AAc?$AAo?$AAr?$AAe?$AA?9?$AAf?$AAi?$AAb?$AAe?$AAr?$AAs?$AA?9?$AAl?$AA1?$AA?9?$AA1?$AA?9?$AA1?$AA?$AA@ 0000000180013000     libvcruntime:winapi_downlevel.obj
 0002:00001040       ??_C@_1DK@LPPGFMPP@?$AAa?$AAp?$AAi?$AA?9?$AAm?$AAs?$AA?9?$AAw?$AAi?$AAn?$AA?9?$AAc?$AAo?$AAr?$AAe?$AA?9?$AAs?$AAy?$AAn?$AAc?$AAh?$AA?9?$AAl?$AA1?$AA?9?$AA2?$AA?9?$AA0?$AA?$AA@ 0000000180013040     libvcruntime:winapi_downlevel.obj
 0002:00001080       ??_C@_1BC@GDMECMAK@?$AAk?$AAe?$AAr?$AAn?$AAe?$AAl?$AA3?$AA2?$AA?$AA@ 0000000180013080     libvcruntime:winapi_downlevel.obj
 0002:00001098       ??_C@_1BA@PFFKHIOG@?$AAa?$AAp?$AAi?$AA?9?$AAm?$AAs?$AA?9?$AA?$AA@ 0000000180013098     libvcruntime:winapi_downlevel.obj
 0002:000010a8       ??_C@_1BA@IAIFMGEF@?$AAe?$AAx?$AAt?$AA?9?$AAm?$AAs?$AA?9?$AA?$AA@ 00000001800130a8     libvcruntime:winapi_downlevel.obj
 0002:000010c0       ??_C@_08KNHFBNJ@FlsAlloc?$AA@ 00000001800130c0     libvcruntime:winapi_downlevel.obj
 0002:000010d8       ??_C@_07PEJMOBNF@FlsFree?$AA@ 00000001800130d8     libvcruntime:winapi_downlevel.obj
 0002:000010e8       ??_C@_0M@GDNOONDI@FlsGetValue?$AA@ 00000001800130e8     libvcruntime:winapi_downlevel.obj
 0002:00001100       ??_C@_0M@JCPCPOEF@FlsSetValue?$AA@ 0000000180013100     libvcruntime:winapi_downlevel.obj
 0002:00001118       ??_C@_0BM@HCFOFFN@InitializeCriticalSectionEx?$AA@ 0000000180013118     libvcruntime:winapi_downlevel.obj
 0002:00001140       standard_lookup_table      0000000180013140     libucrt:output.obj
 0002:0000119c       ??_C@_06OJHGLDPL@?$CInull?$CJ?$AA@ 000000018001319c     libucrt:output.obj
 0002:000011a8       ??_C@_1O@CEDCILHN@?$AA?$CI?$AAn?$AAu?$AAl?$AAl?$AA?$CJ?$AA?$AA@ 00000001800131a8     libucrt:output.obj
 0002:000011c0       __acrt_exception_action_table 00000001800131c0     libucrt:exception_filter.obj
 0002:00001280       __acrt_signal_action_table_count 0000000180013280     libucrt:exception_filter.obj
 0002:00001288       __acrt_signal_action_first_fpe_index 0000000180013288     libucrt:exception_filter.obj
 0002:00001290       __acrt_signal_action_fpe_count 0000000180013290     libucrt:exception_filter.obj
 0002:00001298       ??_C@_1BI@BGOHAHKC@?$AAm?$AAs?$AAc?$AAo?$AAr?$AAe?$AAe?$AA?4?$AAd?$AAl?$AAl?$AA?$AA@ 0000000180013298     libucrt:exit.obj
 0002:000012b0       ??_C@_0P@MIGLKIOC@CorExitProcess?$AA@ 00000001800132b0     libucrt:exit.obj
 0002:00001518       ??_C@_03OEIAHPBN@INF?$AA@  0000000180013518     libucrt:cvt.obj
 0002:0000151c       ??_C@_03OJHLLCGB@inf?$AA@  000000018001351c     libucrt:cvt.obj
 0002:00001520       ??_C@_03LKNCIKJB@NAN?$AA@  0000000180013520     libucrt:cvt.obj
 0002:00001524       ??_C@_03LHCJEHON@nan?$AA@  0000000180013524     libucrt:cvt.obj
 0002:00001528       ??_C@_09OFJJIMPC@NAN?$CISNAN?$CJ?$AA@ 0000000180013528     libucrt:cvt.obj
 0002:00001538       ??_C@_09IPFBKMDL@nan?$CIsnan?$CJ?$AA@ 0000000180013538     libucrt:cvt.obj
 0002:00001548       ??_C@_08IKHNHAJ@NAN?$CIIND?$CJ?$AA@ 0000000180013548     libucrt:cvt.obj
 0002:00001558       ??_C@_08OFCDMILK@nan?$CIind?$CJ?$AA@ 0000000180013558     libucrt:cvt.obj
 0002:00001564       ??_C@_05KLBDPFGC@e?$CL000?$AA@ 0000000180013564     libucrt:cvt.obj
 0002:00001570       __lc_time_c                0000000180013570     libucrt:nlsdata.obj
 0002:00001830       ??_C@_03KOEHGMDN@Sun?$AA@  0000000180013830     libucrt:nlsdata.obj
 0002:00001834       ??_C@_03PDAGKDH@Mon?$AA@   0000000180013834     libucrt:nlsdata.obj
 0002:00001838       ??_C@_03NAGEINEP@Tue?$AA@  0000000180013838     libucrt:nlsdata.obj
 0002:0000183c       ??_C@_03MHOMLAJA@Wed?$AA@  000000018001383c     libucrt:nlsdata.obj
 0002:00001840       ??_C@_03IOFIKPDN@Thu?$AA@  0000000180013840     libucrt:nlsdata.obj
 0002:00001844       ??_C@_03IDIOELNC@Fri?$AA@  0000000180013844     libucrt:nlsdata.obj
 0002:00001848       ??_C@_03FEFJNEK@Sat?$AA@   0000000180013848     libucrt:nlsdata.obj
 0002:0000184c       ??_C@_06OOPIFAJ@Sunday?$AA@ 000000018001384c     libucrt:nlsdata.obj
 0002:00001854       ??_C@_06JLEDEDGH@Monday?$AA@ 0000000180013854     libucrt:nlsdata.obj
 0002:00001860       ??_C@_07BAAGCFCM@Tuesday?$AA@ 0000000180013860     libucrt:nlsdata.obj
 0002:00001868       ??_C@_09DLIGFAKA@Wednesday?$AA@ 0000000180013868     libucrt:nlsdata.obj
 0002:00001878       ??_C@_08HACCIKIA@Thursday?$AA@ 0000000180013878     libucrt:nlsdata.obj
 0002:00001884       ??_C@_06JECMNKMI@Friday?$AA@ 0000000180013884     libucrt:nlsdata.obj
 0002:00001890       ??_C@_08INBOOONO@Saturday?$AA@ 0000000180013890     libucrt:nlsdata.obj
 0002:0000189c       ??_C@_03JIHJHPIE@Jan?$AA@  000000018001389c     libucrt:nlsdata.obj
 0002:000018a0       ??_C@_03HJBDCHOM@Feb?$AA@  00000001800138a0     libucrt:nlsdata.obj
 0002:000018a4       ??_C@_03ODNJBKGA@Mar?$AA@  00000001800138a4     libucrt:nlsdata.obj
 0002:000018a8       ??_C@_03LEOLGMJP@Apr?$AA@  00000001800138a8     libucrt:nlsdata.obj
 0002:000018ac       ??_C@_03CNMDKL@May?$AA@    00000001800138ac     libucrt:nlsdata.obj
 0002:000018b0       ??_C@_03IDFGHECI@Jun?$AA@  00000001800138b0     libucrt:nlsdata.obj
 0002:000018b4       ??_C@_03LBGABGKK@Jul?$AA@  00000001800138b4     libucrt:nlsdata.obj
 0002:000018b8       ??_C@_03IFJFEIGA@Aug?$AA@  00000001800138b8     libucrt:nlsdata.obj
 0002:000018bc       ??_C@_03GGCAPAJC@Sep?$AA@  00000001800138bc     libucrt:nlsdata.obj
 0002:000018c0       ??_C@_03BMAOKBAD@Oct?$AA@  00000001800138c0     libucrt:nlsdata.obj
 0002:000018c4       ??_C@_03JPJOFNIA@Nov?$AA@  00000001800138c4     libucrt:nlsdata.obj
 0002:000018c8       ??_C@_03MKABNOCG@Dec?$AA@  00000001800138c8     libucrt:nlsdata.obj
 0002:000018d0       ??_C@_07CGJPFGJA@January?$AA@ 00000001800138d0     libucrt:nlsdata.obj
 0002:000018d8       ??_C@_08GNJGEPFN@February?$AA@ 00000001800138d8     libucrt:nlsdata.obj
 0002:000018e4       ??_C@_05HPCKOFNC@March?$AA@ 00000001800138e4     libucrt:nlsdata.obj
 0002:000018ec       ??_C@_05DMJDNLEJ@April?$AA@ 00000001800138ec     libucrt:nlsdata.obj
 0002:000018f4       ??_C@_04CNLMGBGM@June?$AA@ 00000001800138f4     libucrt:nlsdata.obj
 0002:000018fc       ??_C@_04MIEPOIFP@July?$AA@ 00000001800138fc     libucrt:nlsdata.obj
 0002:00001904       ??_C@_06LBBHFDDG@August?$AA@ 0000000180013904     libucrt:nlsdata.obj
 0002:00001910       ??_C@_09BHHEALKD@September?$AA@ 0000000180013910     libucrt:nlsdata.obj
 0002:00001920       ??_C@_07JJNFCEND@October?$AA@ 0000000180013920     libucrt:nlsdata.obj
 0002:00001928       ??_C@_08HCHEGEOA@November?$AA@ 0000000180013928     libucrt:nlsdata.obj
 0002:00001938       ??_C@_08EDHMEBNP@December?$AA@ 0000000180013938     libucrt:nlsdata.obj
 0002:00001944       ??_C@_02DEDBPAFC@AM?$AA@   0000000180013944     libucrt:nlsdata.obj
 0002:00001948       ??_C@_02CJNFDJBF@PM?$AA@   0000000180013948     libucrt:nlsdata.obj
 0002:00001950       ??_C@_08BPBNCDIB@MM?1dd?1yy?$AA@ 0000000180013950     libucrt:nlsdata.obj
 0002:00001960       ??_C@_0BE@CKGJFCPC@dddd?0?5MMMM?5dd?0?5yyyy?$AA@ 0000000180013960     libucrt:nlsdata.obj
 0002:00001978       ??_C@_08JCCMCCIL@HH?3mm?3ss?$AA@ 0000000180013978     libucrt:nlsdata.obj
 0002:00001988       ??_C@_17MBGCMIPB@?$AAS?$AAu?$AAn?$AA?$AA@ 0000000180013988     libucrt:nlsdata.obj
 0002:00001990       ??_C@_17KBOMKBF@?$AAM?$AAo?$AAn?$AA?$AA@ 0000000180013990     libucrt:nlsdata.obj
 0002:00001998       ??_C@_17BMKGEGOJ@?$AAT?$AAu?$AAe?$AA?$AA@ 0000000180013998     libucrt:nlsdata.obj
 0002:000019a0       ??_C@_17CJEDCEPE@?$AAW?$AAe?$AAd?$AA?$AA@ 00000001800139a0     libucrt:nlsdata.obj
 0002:000019a8       ??_C@_17PDPHAADD@?$AAT?$AAh?$AAu?$AA?$AA@ 00000001800139a8     libucrt:nlsdata.obj
 0002:000019b0       ??_C@_17HFOLPPLP@?$AAF?$AAr?$AAi?$AA?$AA@ 00000001800139b0     libucrt:nlsdata.obj
 0002:000019b8       ??_C@_17GGIBDPIH@?$AAS?$AAa?$AAt?$AA?$AA@ 00000001800139b8     libucrt:nlsdata.obj
 0002:000019c0       ??_C@_1O@IHNHDHPB@?$AAS?$AAu?$AAn?$AAd?$AAa?$AAy?$AA?$AA@ 00000001800139c0     libucrt:nlsdata.obj
 0002:000019d0       ??_C@_1O@MMNBFLIA@?$AAM?$AAo?$AAn?$AAd?$AAa?$AAy?$AA?$AA@ 00000001800139d0     libucrt:nlsdata.obj
 0002:000019e0       ??_C@_1BA@ENFBFFEK@?$AAT?$AAu?$AAe?$AAs?$AAd?$AAa?$AAy?$AA?$AA@ 00000001800139e0     libucrt:nlsdata.obj
 0002:000019f0       ??_C@_1BE@EBOGMDOH@?$AAW?$AAe?$AAd?$AAn?$AAe?$AAs?$AAd?$AAa?$AAy?$AA?$AA@ 00000001800139f0     libucrt:nlsdata.obj
 0002:00001a08       ??_C@_1BC@HHMNLIHE@?$AAT?$AAh?$AAu?$AAr?$AAs?$AAd?$AAa?$AAy?$AA?$AA@ 0000000180013a08     libucrt:nlsdata.obj
 0002:00001a20       ??_C@_1O@PDICJHAG@?$AAF?$AAr?$AAi?$AAd?$AAa?$AAy?$AA?$AA@ 0000000180013a20     libucrt:nlsdata.obj
 0002:00001a30       ??_C@_1BC@ENMNNPAJ@?$AAS?$AAa?$AAt?$AAu?$AAr?$AAd?$AAa?$AAy?$AA?$AA@ 0000000180013a30     libucrt:nlsdata.obj
 0002:00001a48       ??_C@_17DKNBKCHM@?$AAJ?$AAa?$AAn?$AA?$AA@ 0000000180013a48     libucrt:nlsdata.obj
 0002:00001a50       ??_C@_17LMDJEKJN@?$AAF?$AAe?$AAb?$AA?$AA@ 0000000180013a50     libucrt:nlsdata.obj
 0002:00001a58       ??_C@_17CKNLEDEC@?$AAM?$AAa?$AAr?$AA?$AA@ 0000000180013a58     libucrt:nlsdata.obj
 0002:00001a60       ??_C@_17LFPOIHDD@?$AAA?$AAp?$AAr?$AA?$AA@ 0000000180013a60     libucrt:nlsdata.obj
 0002:00001a68       ??_C@_17PNNKMEED@?$AAM?$AAa?$AAy?$AA?$AA@ 0000000180013a68     libucrt:nlsdata.obj
 0002:00001a70       ??_C@_17KCJGOCPB@?$AAJ?$AAu?$AAn?$AA?$AA@ 0000000180013a70     libucrt:nlsdata.obj
 0002:00001a78       ??_C@_17IJPCKHK@?$AAJ?$AAu?$AAl?$AA?$AA@ 0000000180013a78     libucrt:nlsdata.obj
 0002:00001a80       ??_C@_17ICPELBCN@?$AAA?$AAu?$AAg?$AA?$AA@ 0000000180013a80     libucrt:nlsdata.obj
 0002:00001a88       ??_C@_17HCHCOKMG@?$AAS?$AAe?$AAp?$AA?$AA@ 0000000180013a88     libucrt:nlsdata.obj
 0002:00001a90       ??_C@_17FNLKOI@?$AAO?$AAc?$AAt?$AA?$AA@ 0000000180013a90     libucrt:nlsdata.obj
 0002:00001a98       ??_C@_17BBDMLCIG@?$AAN?$AAo?$AAv?$AA?$AA@ 0000000180013a98     libucrt:nlsdata.obj
 0002:00001aa0       ??_C@_17EGKACKIF@?$AAD?$AAe?$AAc?$AA?$AA@ 0000000180013aa0     libucrt:nlsdata.obj
 0002:00001aa8       ??_C@_1BA@EFMEIEBA@?$AAJ?$AAa?$AAn?$AAu?$AAa?$AAr?$AAy?$AA?$AA@ 0000000180013aa8     libucrt:nlsdata.obj
 0002:00001ab8       ??_C@_1BC@JGDDFFAM@?$AAF?$AAe?$AAb?$AAr?$AAu?$AAa?$AAr?$AAy?$AA?$AA@ 0000000180013ab8     libucrt:nlsdata.obj
 0002:00001ad0       ??_C@_1M@IKEENEDF@?$AAM?$AAa?$AAr?$AAc?$AAh?$AA?$AA@ 0000000180013ad0     libucrt:nlsdata.obj
 0002:00001ae0       ??_C@_1M@GJNLMHFD@?$AAA?$AAp?$AAr?$AAi?$AAl?$AA?$AA@ 0000000180013ae0     libucrt:nlsdata.obj
 0002:00001af0       ??_C@_19EPFLPGAP@?$AAJ?$AAu?$AAn?$AAe?$AA?$AA@ 0000000180013af0     libucrt:nlsdata.obj
 0002:00001b00       ??_C@_19BIFMLPCD@?$AAJ?$AAu?$AAl?$AAy?$AA?$AA@ 0000000180013b00     libucrt:nlsdata.obj
 0002:00001b10       ??_C@_1O@PAHLKOAC@?$AAA?$AAu?$AAg?$AAu?$AAs?$AAt?$AA?$AA@ 0000000180013b10     libucrt:nlsdata.obj
 0002:00001b20       ??_C@_1BE@DKAAMBJL@?$AAS?$AAe?$AAp?$AAt?$AAe?$AAm?$AAb?$AAe?$AAr?$AA?$AA@ 0000000180013b20     libucrt:nlsdata.obj
 0002:00001b38       ??_C@_1BA@EPANDLNG@?$AAO?$AAc?$AAt?$AAo?$AAb?$AAe?$AAr?$AA?$AA@ 0000000180013b38     libucrt:nlsdata.obj
 0002:00001b48       ??_C@_1BC@BGLIFPF@?$AAN?$AAo?$AAv?$AAe?$AAm?$AAb?$AAe?$AAr?$AA?$AA@ 0000000180013b48     libucrt:nlsdata.obj
 0002:00001b60       ??_C@_1BC@FEMKIFH@?$AAD?$AAe?$AAc?$AAe?$AAm?$AAb?$AAe?$AAr?$AA?$AA@ 0000000180013b60     libucrt:nlsdata.obj
 0002:00001b74       ??_C@_15ODEHAHHF@?$AAA?$AAM?$AA?$AA@ 0000000180013b74     libucrt:nlsdata.obj
 0002:00001b7c       ??_C@_15CLMNNGEL@?$AAP?$AAM?$AA?$AA@ 0000000180013b7c     libucrt:nlsdata.obj
 0002:00001b88       ??_C@_1BC@IEBCMHCM@?$AAM?$AAM?$AA?1?$AAd?$AAd?$AA?1?$AAy?$AAy?$AA?$AA@ 0000000180013b88     libucrt:nlsdata.obj
 0002:00001ba0       ??_C@_1CI@KNAKOEBC@?$AAd?$AAd?$AAd?$AAd?$AA?0?$AA?5?$AAM?$AAM?$AAM?$AAM?$AA?5?$AAd?$AAd?$AA?0?$AA?5?$AAy?$AAy?$AAy?$AAy?$AA?$AA@ 0000000180013ba0     libucrt:nlsdata.obj
 0002:00001bc8       ??_C@_1BC@GDGBMEMK@?$AAH?$AAH?$AA?3?$AAm?$AAm?$AA?3?$AAs?$AAs?$AA?$AA@ 0000000180013bc8     libucrt:nlsdata.obj
 0002:00001be0       ??_C@_1M@BMHNFIME@?$AAe?$AAn?$AA?9?$AAU?$AAS?$AA?$AA@ 0000000180013be0     libucrt:nlsdata.obj
 0002:00001c90       ??_C@_1EG@CNNIPFIM@?$AAa?$AAp?$AAi?$AA?9?$AAm?$AAs?$AA?9?$AAw?$AAi?$AAn?$AA?9?$AAa?$AAp?$AAp?$AAm?$AAo?$AAd?$AAe?$AAl?$AA?9?$AAr?$AAu?$AAn?$AAt?$AAi?$AAm?$AAe?$AA?9?$AAl?$AA1?$AA?9?$AA1@ 0000000180013c90     libucrt:winapi_thunks.obj
 0002:00001ce0       ??_C@_1EA@JGEFHKEI@?$AAa?$AAp?$AAi?$AA?9?$AAm?$AAs?$AA?9?$AAw?$AAi?$AAn?$AA?9?$AAc?$AAo?$AAr?$AAe?$AA?9?$AAd?$AAa?$AAt?$AAe?$AAt?$AAi?$AAm?$AAe?$AA?9?$AAl?$AA1?$AA?9?$AA1?$AA?9?$AA1?$AA?$AA@ 0000000180013ce0     libucrt:winapi_thunks.obj
 0002:00001d20       ??_C@_1DI@GCIAAENM@?$AAa?$AAp?$AAi?$AA?9?$AAm?$AAs?$AA?9?$AAw?$AAi?$AAn?$AA?9?$AAc?$AAo?$AAr?$AAe?$AA?9?$AAf?$AAi?$AAl?$AAe?$AA?9?$AAl?$AA2?$AA?9?$AA1?$AA?9?$AA1?$AA?$AA@ 0000000180013d20     libucrt:winapi_thunks.obj
 0002:00001d60       ??_C@_1EI@MPIAOHOC@?$AAa?$AAp?$AAi?$AA?9?$AAm?$AAs?$AA?9?$AAw?$AAi?$AAn?$AA?9?$AAc?$AAo?$AAr?$AAe?$AA?9?$AAl?$AAo?$AAc?$AAa?$AAl?$AAi?$AAz?$AAa?$AAt?$AAi?$AAo?$AAn?$AA?9?$AAl?$AA1?$AA?9@ 0000000180013d60     libucrt:winapi_thunks.obj
 0002:00001db0       ??_C@_1FK@FPHCKFIE@?$AAa?$AAp?$AAi?$AA?9?$AAm?$AAs?$AA?9?$AAw?$AAi?$AAn?$AA?9?$AAc?$AAo?$AAr?$AAe?$AA?9?$AAl?$AAo?$AAc?$AAa?$AAl?$AAi?$AAz?$AAa?$AAt?$AAi?$AAo?$AAn?$AA?9?$AAo?$AAb?$AAs@ 0000000180013db0     libucrt:winapi_thunks.obj
 0002:00001e10       ??_C@_1EM@DILCGIIO@?$AAa?$AAp?$AAi?$AA?9?$AAm?$AAs?$AA?9?$AAw?$AAi?$AAn?$AA?9?$AAc?$AAo?$AAr?$AAe?$AA?9?$AAp?$AAr?$AAo?$AAc?$AAe?$AAs?$AAs?$AAt?$AAh?$AAr?$AAe?$AAa?$AAd?$AAs?$AA?9?$AAl@ 0000000180013e10     libucrt:winapi_thunks.obj
 0002:00001e60       ??_C@_1DM@LNCGDDPN@?$AAa?$AAp?$AAi?$AA?9?$AAm?$AAs?$AA?9?$AAw?$AAi?$AAn?$AA?9?$AAc?$AAo?$AAr?$AAe?$AA?9?$AAs?$AAt?$AAr?$AAi?$AAn?$AAg?$AA?9?$AAl?$AA1?$AA?9?$AA1?$AA?9?$AA0?$AA?$AA@ 0000000180013e60     libucrt:winapi_thunks.obj
[...]
 0004:000008d0       $pdata$__acrt_uninitialize_lowio 00000001800278d0     libucrt:ioinit.obj
 0004:000008dc       $pdata$__acrt_initialize_locks 00000001800278dc     libucrt:locks.obj
 0004:000008e8       $pdata$__acrt_uninitialize_locks 00000001800278e8     libucrt:locks.obj
 0004:000008f4       $pdata$?try_get_function@@YAPEAXW4function_id@?A0x63058377@@QEBDQEBW4module_id@2@2@Z 00000001800278f4     libucrt:winapi_thunks.obj
 0004:00000900       $pdata$__acrt_FlsAlloc     0000000180027900     libucrt:winapi_thunks.obj
 0004:0000090c       $pdata$__acrt_FlsFree      000000018002790c     libucrt:winapi_thunks.obj
 0004:00000918       $pdata$__acrt_FlsGetValue  0000000180027918     libucrt:winapi_thunks.obj
 0004:00000924       $pdata$__acrt_FlsSetValue  0000000180027924     libucrt:winapi_thunks.obj
 0004:00000930       $pdata$__acrt_InitializeCriticalSectionEx 0000000180027930     libucrt:winapi_thunks.obj
 0004:0000093c       $pdata$__acrt_LCMapStringEx 000000018002793c     libucrt:winapi_thunks.obj
 0004:00000948       $pdata$__acrt_LocaleNameToLCID 0000000180027948     libucrt:winapi_thunks.obj
 0004:00000954       $pdata$__acrt_initialize_winapi_thunks 0000000180027954     libucrt:winapi_thunks.obj
 0004:00000960       $pdata$__acrt_is_packaged_app 0000000180027960     libucrt:winapi_thunks.obj
 0004:0000096c       $pdata$__acrt_uninitialize_winapi_thunks 000000018002796c     libucrt:winapi_thunks.obj
 0004:00000978       $pdata$??$common_expand_argv_wildcards@D@@YAHQEAPEADQEAPEAPEAD@Z 0000000180027978     libucrt:argv_wildcards.obj
 0004:00000984       $pdata$??$copy_and_add_argument_to_buffer@D@@YAHQEBD0_KAEAV?$argument_list@D@?A0xca0879c4@@@Z 0000000180027984     libucrt:argv_wildcards.obj
 0004:00000990       $pdata$??$expand_argument_wildcards@D@@YAHQEAD0AEAV?$argument_list@D@?A0xca0879c4@@@Z 0000000180027990     libucrt:argv_wildcards.obj
 0004:0000099c       $pdata$?expand_if_necessary@?$argument_list@D@?A0xca0879c4@@AEAAHXZ 000000018002799c     libucrt:argv_wildcards.obj
 0004:000009a8       $pdata$??$?RV<lambda_99476a1ad63dd22509b5d3e65b0ffc95>@@AEAV<lambda_ad1ced32f4ac17aa236e5ef05d6b3b7c>@@V<lambda_f7424dd8d45958661754dc4f2697e9c3>@@@?$__crt_seh_guarded_call@X@@QEAAX$$QEAV<lambda_99476a1ad63dd22509b5d3e65b0ffc95>@@AEAV<lambda_ad1ced32f4ac17aa236e5ef05d6b3b7c>@@$$QEAV<lambda_f7424dd8d45958661754dc4f2697e9c3>@@@Z 00000001800279a8     libucrt:mbctype.obj
 0004:000009b4       $pdata$??R<lambda_ad1ced32f4ac17aa236e5ef05d6b3b7c>@@QEBAXXZ 00000001800279b4     libucrt:mbctype.obj
 0004:000009c0       $pdata$?getSystemCP@@YAHH@Z 00000001800279c0     libucrt:mbctype.obj
 0004:000009cc       $pdata$?setSBCS@@YAXPEAU__crt_multibyte_data@@@Z 00000001800279cc     libucrt:mbctype.obj
 0004:000009d8       $pdata$?setSBUpLow@@YAXPEAU__crt_multibyte_data@@@Z 00000001800279d8     libucrt:mbctype.obj
 0004:000009e4       $pdata$?setmbcp_internal@@YAHH_N@Z 00000001800279e4     libucrt:mbctype.obj
 0004:000009f0       $pdata$__acrt_initialize_multibyte 00000001800279f0     libucrt:mbctype.obj
 0004:000009fc       $pdata$__acrt_update_thread_multibyte_data 00000001800279fc     libucrt:mbctype.obj
 0004:00000a08       $pdata$_setmbcp_nolock     0000000180027a08     libucrt:mbctype.obj
 0004:00000a14       $pdata$?x_ismbbtype_l@@YAHPEAU__crt_locale_pointers@@IHH@Z 0000000180027a14     libucrt:ismbbyte.obj
 0004:00000a20       $pdata$__acrt_initialize_command_line 0000000180027a20     libucrt:argv_data.obj
 0004:00000a2c       $pdata$__dcrt_get_narrow_environment_from_os 0000000180027a2c     libucrt:get_environment_from_os.obj
 0004:00000a38       $pdata$_recalloc_base      0000000180027a38     libucrt:recalloc.obj
 0004:00000a44       $pdata$__acrt_initialize_heap 0000000180027a44     libucrt:heap_handle.obj
 0004:00000a50       $pdata$__acrt_execute_initializers 0000000180027a50     libucrt:shared_initialization.obj
 0004:00000a5c       $pdata$__acrt_execute_uninitializers 0000000180027a5c     libucrt:shared_initialization.obj
 0004:00000a68       $pdata$_callnewh           0000000180027a68     libucrt:new_handler.obj
 0004:00000a74       $pdata$_query_new_handler  0000000180027a74     libucrt:new_handler.obj
 0004:00000a80       $pdata$??$?RV<lambda_c36588078e9f5dfd39652860aa6b3aaf>@@AEAV<lambda_ec61778202f4f5fc7e7711acc23c3bca>@@V<lambda_dc9d2797ccde5d239b4a0efae8ebd7db>@@@?$__crt_seh_guarded_call@P6AXH@Z@@QEAAP6AXH@Z$$QEAV<lambda_c36588078e9f5dfd39652860aa6b3aaf>@@AEAV<lambda_ec61778202f4f5fc7e7711acc23c3bca>@@$$QEAV<lambda_dc9d2797ccde5d239b4a0efae8ebd7db>@@@Z 0000000180027a80     libucrt:signal.obj
 0004:00000a8c       $pdata$__acrt_get_sigabrt_handler 0000000180027a8c     libucrt:signal.obj
 0004:00000a98       $pdata$raise               0000000180027a98     libucrt:signal.obj
 0004:00000aa4       $pdata$__acrt_invoke_user_matherr 0000000180027aa4     libucrt:matherr.obj
 0004:00000ab0       $pdata$__pctype_func       0000000180027ab0     libucrt:ctype.obj
 0004:00000abc       $pdata$_isctype_l          0000000180027abc     libucrt:isctype.obj
 0004:00000ac8       $pdata$_isleadbyte_l       0000000180027ac8     libucrt:_wctype.obj
 0004:00000ad4       $pdata$?__acrt_LCMapStringA_stat@@YAHPEAU__crt_locale_pointers@@PEB_WKPEBDHPEADHHH@Z 0000000180027ad4     libucrt:lcmapstringa.obj
 0004:00000ae0       $pdata$__acrt_LCMapStringA 0000000180027ae0     libucrt:lcmapstringa.obj
 0004:00000aec       $pdata$__acrt_free_locale  0000000180027aec     libucrt:locale_refcounting.obj
 0004:00000af8       $pdata$__acrt_locale_free_lc_time_if_unreferenced 0000000180027af8     libucrt:locale_refcounting.obj
 0004:00000b04       $pdata$__acrt_release_locale_ref 0000000180027b04     libucrt:locale_refcounting.obj
 0004:00000b10       $pdata$__acrt_update_thread_locale_data 0000000180027b10     libucrt:locale_refcounting.obj
 0004:00000b1c       $pdata$_updatetlocinfoEx_nolock 0000000180027b1c     libucrt:locale_refcounting.obj
 0004:00000b28       $pdata$__acrt_fp_strflt_to_string 0000000180027b28     libucrt:_fptostr.obj
 0004:00000b34       $pdata$?divide@__crt_strtox@@YA_KAEAUbig_integer@1@AEBU21@@Z 0000000180027b34     libucrt:cfout.obj
 0004:00000b40       $pdata$5$?divide@__crt_strtox@@YA_KAEAUbig_integer@1@AEBU21@@Z 0000000180027b40     libucrt:cfout.obj
 0004:00000b4c       $pdata$6$?divide@__crt_strtox@@YA_KAEAUbig_integer@1@AEBU21@@Z 0000000180027b4c     libucrt:cfout.obj
 0004:00000b58       $pdata$__acrt_fltout       0000000180027b58     libucrt:cfout.obj
 0004:00000b64       $pdata$memcpy_s            0000000180027b64     libucrt:cfout.obj
 0004:00000b70       $pdata$_fcloseall          0000000180027b70     libucrt:closeall.obj
 0004:00000b7c       $pdata$__acrt_stdio_flush_nolock 0000000180027b7c     libucrt:fflush.obj
 0004:00000b88       $pdata$_fflush_nolock      0000000180027b88     libucrt:fflush.obj
 0004:00000b94       $pdata$common_flush_all    0000000180027b94     libucrt:fflush.obj
 0004:00000ba0       $pdata$__acrt_stdio_free_buffer_nolock 0000000180027ba0     libucrt:_freebuf.obj
 0004:00000bac       $pdata$_isatty             0000000180027bac     libucrt:isatty.obj
 0004:00000bb8       $pdata$__acrt_locale_free_monetary 0000000180027bb8     libucrt:initmon.obj
 0004:00000bc4       $pdata$__acrt_locale_free_numeric 0000000180027bc4     libucrt:initnum.obj
 0004:00000bd0       $pdata$?free_crt_array_internal@@YAXQEAPEBX_K@Z 0000000180027bd0     libucrt:inittime.obj
 0004:00000bdc       $pdata$__acrt_locale_free_time 0000000180027bdc     libucrt:inittime.obj
 0004:00000be8       $pdata$__acrt_GetStringTypeA 0000000180027be8     libucrt:getstringtypea.obj
 0004:00000bf4       $pdata$__acrt_lowio_create_handle_array 0000000180027bf4     libucrt:osfinfo.obj
 0004:00000c00       $pdata$__acrt_lowio_destroy_handle_array 0000000180027c00     libucrt:osfinfo.obj
 0004:00000c0c       $pdata$__acrt_lowio_ensure_fh_exists 0000000180027c0c     libucrt:osfinfo.obj
 0004:00000c18       $pdata$_free_osfhnd        0000000180027c18     libucrt:osfinfo.obj
 0004:00000c24       $pdata$_get_osfhandle      0000000180027c24     libucrt:osfinfo.obj
 0004:00000c30       $pdata$?GetTableIndexFromLocaleName@@YAHPEB_W@Z 0000000180027c30     libucrt:lcidtoname_downlevel.obj
 0004:00000c3c       $pdata$__acrt_DownlevelLocaleNameToLCID 0000000180027c3c     libucrt:lcidtoname_downlevel.obj
 0004:00000c48       $pdata$?shortsort@@YAXPEAD0_KP6AHPEBX2@Z@Z 0000000180027c48     libucrt:qsort.obj
 0004:00000c54       $pdata$2$?shortsort@@YAXPEAD0_KP6AHPEBX2@Z@Z 0000000180027c54     libucrt:qsort.obj
 0004:00000c60       $pdata$3$?shortsort@@YAXPEAD0_KP6AHPEBX2@Z@Z 0000000180027c60     libucrt:qsort.obj
 0004:00000c6c       $pdata$qsort               0000000180027c6c     libucrt:qsort.obj
 0004:00000c78       $pdata$4$qsort             0000000180027c78     libucrt:qsort.obj
 0004:00000c84       $pdata$5$qsort             0000000180027c84     libucrt:qsort.obj
 0004:00000c90       $pdata$strncpy_s           0000000180027c90     libucrt:strncpy_s.obj
 0004:00000c9c       $pdata$strpbrk             0000000180027c9c     libucrt:strpbrk.obj
 0004:00000ca8       $pdata$_mbsdec_l           0000000180027ca8     libucrt:mbsdec.obj
 0004:00000cb4       $pdata$?initialize_multibyte@@YAHXZ 0000000180027cb4     libucrt:multibyte_initializer.obj
 0004:00000cc0       $pdata$_msize              0000000180027cc0     libucrt:msize.obj
 0004:00000ccc       $pdata$_realloc_base       0000000180027ccc     libucrt:realloc_base.obj
 0004:00000cd8       $pdata$fegetenv            0000000180027cd8     libucrt:fegetenv.obj
 0004:00000ce4       $pdata$fesetenv            0000000180027ce4     libucrt:fesetenv.obj
 0004:00000cf0       $pdata$feholdexcept        0000000180027cf0     libucrt:feholdexcept.obj
 0004:00000d08       $pdata$?write_double_translated_ansi_nolock@@YA?AUwrite_result@?A0x9c548279@@HQEBDI@Z 0000000180027d08     libucrt:write.obj
 0004:00000d14       $pdata$?write_text_ansi_nolock@@YA?AUwrite_result@?A0x9c548279@@HQEBDI@Z 0000000180027d14     libucrt:write.obj
 0004:00000d20       $pdata$?write_text_utf16le_nolock@@YA?AUwrite_result@?A0x9c548279@@HQEBDI@Z 0000000180027d20     libucrt:write.obj
 0004:00000d2c       $pdata$?write_text_utf8_nolock@@YA?AUwrite_result@?A0x9c548279@@HQEBDI@Z 0000000180027d2c     libucrt:write.obj
 0004:00000d38       $pdata$_write              0000000180027d38     libucrt:write.obj
 0004:00000d44       $pdata$_write_nolock       0000000180027d44     libucrt:write.obj
 0004:00000d50       $pdata$??$common_lseek_nolock@_J@@YA_JH_JH@Z 0000000180027d50     libucrt:lseek.obj
 0004:00000d5c       $pdata$_fclose_nolock      0000000180027d5c     libucrt:fclose.obj
 0004:00000d68       $pdata$fclose              0000000180027d68     libucrt:fclose.obj
 0004:00000d74       $pdata$??$?RV<lambda_b521505b218e5242e90febf6bfebc422>@@AEAV<lambda_6978c1fb23f02e42e1d9e99668cc68aa>@@V<lambda_314360699dd331753a4119843814e9a7>@@@?$__crt_seh_guarded_call@H@@QEAAH$$QEAV<lambda_b521505b218e5242e90febf6bfebc422>@@AEAV<lambda_6978c1fb23f02e42e1d9e99668cc68aa>@@$$QEAV<lambda_314360699dd331753a4119843814e9a7>@@@Z 0000000180027d74     libucrt:commit.obj
 0004:00000d80       $pdata$_commit             0000000180027d80     libucrt:commit.obj
 0004:00000d8c       $pdata$_getfpcontrolword   0000000180027d8c     libucrt:_fenvutils.obj
 0004:00000d98       $pdata$_getfpstatusword    0000000180027d98     libucrt:_fenvutils.obj
 0004:00000da4       $pdata$_setfpstatusword    0000000180027da4     libucrt:_fenvutils.obj
 0004:00000db0       $pdata$_clearfp            0000000180027db0     libucrt:ieee.obj
 0004:00000dbc       $pdata$common_control87    0000000180027dbc     libucrt:ieee.obj
 0004:00000dc8       $pdata$_call_matherr       0000000180027dc8     libucrt:libm_error.obj
 0004:00000dd4       $pdata$_exception_enabled  0000000180027dd4     libucrt:libm_error.obj
 0004:00000de0       $pdata$_handle_error       0000000180027de0     libucrt:libm_error.obj
 0004:00000dec       $pdata$__acrt_initialize_fma3 0000000180027dec     libucrt:fma3_available.obj
 0004:00000df8       $pdata$_log10_special      0000000180027df8     libucrt:log_special.obj
 0004:00000e04       $pdata$_log_special_common 0000000180027e04     libucrt:log_special.obj
 0004:00000e10       $pdata$_putwch_nolock      0000000180027e10     libucrt:putwch.obj
 0004:00000e1c       $pdata$??$?RV<lambda_bfedae4ebbf01fab1bb6dcc6a9e276e0>@@AEAV<lambda_2fe9b910cf3cbf4a0ab98a02ba45b3ec>@@V<lambda_237c231691f317818eb88cc1d5d642d6>@@@?$__crt_seh_guarded_call@H@@QEAAH$$QEAV<lambda_bfedae4ebbf01fab1bb6dcc6a9e276e0>@@AEAV<lambda_2fe9b910cf3cbf4a0ab98a02ba45b3ec>@@$$QEAV<lambda_237c231691f317818eb88cc1d5d642d6>@@@Z 0000000180027e1c     libucrt:close.obj
 0004:00000e28       $pdata$_close              0000000180027e28     libucrt:close.obj
 0004:00000e34       $pdata$_close_nolock       0000000180027e34     libucrt:close.obj
 0004:00000e4c       $pdata$_raise_exc          0000000180027e4c     libucrt:fpexcept.obj
 0004:00000e58       $pdata$_raise_exc_ex       0000000180027e58     libucrt:fpexcept.obj
 0004:00000e64       $pdata$_set_errno_from_matherr 0000000180027e64     libucrt:fpexcept.obj
 0004:00000e70       $pdata$_clrfp              0000000180027e70     libucrt:fpctrl.obj
 0004:00000e7c       $pdata$_ctrlfp             0000000180027e7c     libucrt:fpctrl.obj
 0004:00000e88       $pdata$_set_statfp         0000000180027e88     libucrt:fpctrl.obj
 0004:00000e94       $pdata$_statfp             0000000180027e94     libucrt:fpctrl.obj
 0004:00000ea0       $pdata$__dcrt_lowio_initialize_console_output 0000000180027ea0     libucrt:initcon.obj
 0004:00000eac       $pdata$__dcrt_terminate_console_output 0000000180027eac     libucrt:initcon.obj
 0004:00000eb8       $pdata$_IsNonwritableInCurrentImage 0000000180027eb8     LIBCMT:pesect.obj
 0004:00000f18       $pdata$?fin$0@?0??dllmain_crt_process_attach@@YAHQEAUHINSTANCE__@@QEAX@Z@4HA 0000000180027f18     LIBCMT:dll_dllmain.obj
 0004:00000f24       $pdata$?fin$0@?0??dllmain_crt_process_detach@@YAH_N@Z@4HA 0000000180027f24     LIBCMT:dll_dllmain.obj
 0004:00000f30       $pdata$?filt$0@?0??dllmain_dispatch@@YAHQEAUHINSTANCE__@@KQEAX@Z@4HA 0000000180027f30     LIBCMT:dll_dllmain.obj
 0004:00000f3c       $pdata$__scrt_is_nonwritable_in_current_image$filt$0 0000000180027f3c     LIBCMT:utility.obj
 0004:00000f48       $pdata$?filt$0@?0??common_exit@@YAXHW4_crt_exit_cleanup_mode@@W4_crt_exit_return_mode@@@Z@4HA 0000000180027f48     libucrt:exit.obj
 0004:00000f54       $pdata$?fin$1@?0??common_exit@@YAXHW4_crt_exit_cleanup_mode@@W4_crt_exit_return_mode@@@Z@4HA 0000000180027f54     libucrt:exit.obj
 0004:00000f60       $pdata$?fin$0@?0???$?RV<lambda_e24bbb7b643b32fcea6fa61b31d4c984>@@AEAV<lambda_275893d493268fdec8709772e3fcec0e>@@V<lambda_9d71df4d7cf3f480f8d633942495c3b0>@@@?$__crt_seh_guarded_call@H@@QEAAH$$QEAV<lambda_e24bbb7b643b32fcea6fa61b31d4c984>@@AEAV<lambda_275893d493268fdec8709772e3fcec0e>@@$$QEAV<lambda_9d71df4d7cf3f480f8d633942495c3b0>@@@Z@4HA 0000000180027f60     libucrt:onexit.obj
 0004:00000f6c       $pdata$__acrt_initialize_lowio$fin$0 0000000180027f6c     libucrt:ioinit.obj
 0004:00000f6c       $pdata$__acrt_lowio_ensure_fh_exists$fin$0 0000000180027f6c     libucrt:osfinfo.obj
 0004:00000f78       $pdata$?fin$0@?0???$?RV<lambda_5e887d1dcbef67a5eb4283622ba103bf>@@AEAV<lambda_4466841279450cc726390878d4a41900>@@V<lambda_341c25c0346d94847f1f3c463c57e077>@@@?$__crt_seh_guarded_call@X@@QEAAX$$QEAV<lambda_5e887d1dcbef67a5eb4283622ba103bf>@@AEAV<lambda_4466841279450cc726390878d4a41900>@@$$QEAV<lambda_341c25c0346d94847f1f3c463c57e077>@@@Z@4HA 0000000180027f78     libucrt:per_thread_data.obj
 0004:00000f78       $pdata$?fin$0@?0???$?RV<lambda_46352004c1216016012b18bd6f87e700>@@AEAV<lambda_3bd07e1a1191394380780325891bf33f>@@V<lambda_334532d3f185bcaa59b5be82d7d22bff>@@@?$__crt_seh_guarded_call@X@@QEAAX$$QEAV<lambda_46352004c1216016012b18bd6f87e700>@@AEAV<lambda_3bd07e1a1191394380780325891bf33f>@@$$QEAV<lambda_334532d3f185bcaa59b5be82d7d22bff>@@@Z@4HA 0000000180027f78     libucrt:per_thread_data.obj
 0004:00000f78       $pdata$?fin$0@?0???$?RV<lambda_fb3a7dec4e47f37f22dae91bb15c9095>@@AEAV<lambda_698284760c8add0bfb0756c19673e34b>@@V<lambda_dfb8eca1e75fef3034a8fb18dd509707>@@@?$__crt_seh_guarded_call@X@@QEAAX$$QEAV<lambda_fb3a7dec4e47f37f22dae91bb15c9095>@@AEAV<lambda_698284760c8add0bfb0756c19673e34b>@@$$QEAV<lambda_dfb8eca1e75fef3034a8fb18dd509707>@@@Z@4HA 0000000180027f78     libucrt:per_thread_data.obj
 0004:00000f78       $pdata$?fin$0@?0???$?RV<lambda_c36588078e9f5dfd39652860aa6b3aaf>@@AEAV<lambda_ec61778202f4f5fc7e7711acc23c3bca>@@V<lambda_dc9d2797ccde5d239b4a0efae8ebd7db>@@@?$__crt_seh_guarded_call@P6AXH@Z@@QEAAP6AXH@Z$$QEAV<lambda_c36588078e9f5dfd39652860aa6b3aaf>@@AEAV<lambda_ec61778202f4f5fc7e7711acc23c3bca>@@$$QEAV<lambda_dc9d2797ccde5d239b4a0efae8ebd7db>@@@Z@4HA 0000000180027f78     libucrt:signal.obj
 0004:00000f78       $pdata$?fin$0@?0???$?RV<lambda_99476a1ad63dd22509b5d3e65b0ffc95>@@AEAV<lambda_ad1ced32f4ac17aa236e5ef05d6b3b7c>@@V<lambda_f7424dd8d45958661754dc4f2697e9c3>@@@?$__crt_seh_guarded_call@X@@QEAAX$$QEAV<lambda_99476a1ad63dd22509b5d3e65b0ffc95>@@AEAV<lambda_ad1ced32f4ac17aa236e5ef05d6b3b7c>@@$$QEAV<lambda_f7424dd8d45958661754dc4f2697e9c3>@@@Z@4HA 0000000180027f78     libucrt:mbctype.obj
 0004:00000f78       $pdata$?fin$0@?0???$?RV<lambda_72d1df2b273a38828b1ce30cbf4cdab5>@@AEAV<lambda_876a65b173b8412d3a47c70a915b0cf4>@@V<lambda_41932305e351933ebe8f8be3ed8bb5dc>@@@?$__crt_seh_guarded_call@X@@QEAAX$$QEAV<lambda_72d1df2b273a38828b1ce30cbf4cdab5>@@AEAV<lambda_876a65b173b8412d3a47c70a915b0cf4>@@$$QEAV<lambda_41932305e351933ebe8f8be3ed8bb5dc>@@@Z@4HA 0000000180027f78     libucrt:per_thread_data.obj
 0004:00000f84       $pdata$__acrt_update_thread_multibyte_data$fin$0 0000000180027f84     libucrt:mbctype.obj
 0004:00000f90       $pdata$_query_new_handler$fin$0 0000000180027f90     libucrt:new_handler.obj
 0004:00000f9c       $pdata$raise$fin$0         0000000180027f9c     libucrt:signal.obj
 0004:00000fa8       $pdata$__acrt_update_thread_locale_data$fin$0 0000000180027fa8     libucrt:locale_refcounting.obj
 0004:00000fa8       $pdata$__acrt_uninitialize_locale$fin$0 0000000180027fa8     libucrt:wsetlocale.obj
 0004:00000fb4       $pdata$_fcloseall$fin$0    0000000180027fb4     libucrt:closeall.obj
 0004:00000fc0       $pdata$common_flush_all$fin$0 0000000180027fc0     libucrt:fflush.obj
 0004:00000fcc       $pdata$common_flush_all$fin$1 0000000180027fcc     libucrt:fflush.obj
 0004:00000fd8       $pdata$_write$fin$0        0000000180027fd8     libucrt:write.obj
 0004:00000fe4       $pdata$fclose$fin$0        0000000180027fe4     libucrt:fclose.obj
 0004:00000ff0       $pdata$?fin$0@?0???$?RV<lambda_bfedae4ebbf01fab1bb6dcc6a9e276e0>@@AEAV<lambda_2fe9b910cf3cbf4a0ab98a02ba45b3ec>@@V<lambda_237c231691f317818eb88cc1d5d642d6>@@@?$__crt_seh_guarded_call@H@@QEAAH$$QEAV<lambda_bfedae4ebbf01fab1bb6dcc6a9e276e0>@@AEAV<lambda_2fe9b910cf3cbf4a0ab98a02ba45b3ec>@@$$QEAV<lambda_237c231691f317818eb88cc1d5d642d6>@@@Z@4HA 0000000180027ff0     libucrt:close.obj
 0004:00000ff0       $pdata$?fin$0@?0???$?RV<lambda_b521505b218e5242e90febf6bfebc422>@@AEAV<lambda_6978c1fb23f02e42e1d9e99668cc68aa>@@V<lambda_314360699dd331753a4119843814e9a7>@@@?$__crt_seh_guarded_call@H@@QEAAH$$QEAV<lambda_b521505b218e5242e90febf6bfebc422>@@AEAV<lambda_6978c1fb23f02e42e1d9e99668cc68aa>@@$$QEAV<lambda_314360699dd331753a4119843814e9a7>@@@Z@4HA 0000000180027ff0     libucrt:commit.obj
 0004:00000ffc       $pdata$common_control87$filt$0 0000000180027ffc     libucrt:ieee.obj
 0004:00000ffc       $pdata$_ctrlfp$filt$0      0000000180027ffc     libucrt:fpctrl.obj
 0004:00001008       $pdata$_IsNonwritableInCurrentImage$filt$0 0000000180028008     LIBCMT:pesect.obj
 0005:000000a0       $R000000                   00000001800290a0     gdip.res
 0005:000003a8       $R000308                   00000001800293a8     gdip.res
