 ico

 Timestamp is 5a7989e1 (Tue Feb  6 13:56:33 2018)

 Preferred load address is 0000000180000000

 Start         Length     Name                   Class
 0001:00000000 000100d0H .text$mn                CODE
 0001:000100d0 000000e0H .text$mn$00             CODE
 0001:000101b0 00000260H .text$x                 CODE
 0002:00000000 000002b0H .idata$5                DATA
 0002:000002b0 00000020H .00cfg                  DATA
 0002:000002d0 00000008H .CRT$XCA                DATA
 0002:000002d8 00000008H .CRT$XCZ                DATA
 0002:000002e0 00000008H .CRT$XIA                DATA
 0002:000002e8 00000018H .CRT$XIC                DATA
 0002:00000300 00000008H .CRT$XIZ                DATA
 0002:00000308 00000008H .CRT$XPA                DATA
 0002:00000310 00000010H .CRT$XPX                DATA
 0002:00000320 00000008H .CRT$XPXA               DATA
 0002:00000328 00000008H .CRT$XPZ                DATA
 0002:00000330 00000008H .CRT$XTA                DATA
 0002:00000338 00000008H .CRT$XTZ                DATA
 0002:00000340 00000000H .gfids$x                DATA
 0002:00000340 00000000H .gfids$y                DATA
 0002:00000340 00007e80H .rdata                  DATA
 0002:000081c0 0000038cH .rdata$r                DATA
 0002:0000854c 0000031cH .rdata$zzzdbg           DATA
 0002:00008868 00000008H .rtc$IAA                DATA
 0002:00008870 00000008H .rtc$IZZ                DATA
 0002:00008878 00000008H .rtc$TAA                DATA
 0002:00008880 00000008H .rtc$TZZ                DATA
 0002:00008888 00000cf8H .xdata                  DATA
 0002:00009580 00000094H .edata                  DATA
 0002:00009614 0000003cH .idata$2                DATA
 0002:00009650 00000018H .idata$3                DATA
 0002:00009668 000002b0H .idata$4                DATA
 0002:00009918 00000636H .idata$6                DATA
 0003:00000000 000008f0H .data                   DATA
 0003:000008f0 00000130H .data$r                 DATA
 0003:00000a20 00001200H .bss                    DATA
 0004:00000000 00001014H .pdata                  DATA
 0005:00000000 000000a0H .rsrc$01                DATA
 0005:000000a0 00000480H .rsrc$02                DATA

  Address         Publics by Value              Rva+Base               Lib:Object

 0000:00000000       __guard_iat_table          0000000000000000     <absolute>
 0000:00000000       __dynamic_value_reloc_table 0000000000000000     <absolute>
 0000:00000000       __hybrid_code_map          0000000000000000     <absolute>
 0000:00000000       __hybrid_code_map_count    0000000000000000     <absolute>
 0000:00000000       __guard_iat_count          0000000000000000     <absolute>
 0000:00000000       __hybrid_auxiliary_iat     0000000000000000     <absolute>
 0000:00000000       __guard_longjmp_table      0000000000000000     <absolute>
 0000:00000000       __guard_longjmp_count      0000000000000000     <absolute>
 0000:00000000       __guard_fids_count         0000000000000000     <absolute>
 0000:00000000       __enclave_config           0000000000000000     <absolute>
 0000:00000000       ___safe_se_handler_table   0000000000000000     <absolute>
 0000:00000000       ___safe_se_handler_count   0000000000000000     <absolute>
 0000:00000000       __guard_fids_table         0000000000000000     <absolute>
 0000:00000100       __guard_flags              0000000000000100     <absolute>
 0000:00000000       __ImageBase                0000000180000000     <linker-defined>
 0001:00000000       ??$swprintf_c@$0IA@@@YAHAEAY0IA@_WPEB_WZZ 0000000180001000 f i ico.obj
 0001:0000002c       ??_EBitmap@Gdiplus@@UEAAPEAXI@Z 000000018000102c f i ico.obj
 0001:0000002c       ??_GImage@Gdiplus@@UEAAPEAXI@Z 000000018000102c f i ico.obj
 0001:0000002c       ??_GBitmap@Gdiplus@@UEAAPEAXI@Z 000000018000102c f i ico.obj
 0001:0000002c       ??_EImage@Gdiplus@@UEAAPEAXI@Z 000000018000102c f i ico.obj
 0001:0000007c       ??_GMStream@@UEAAPEAXI@Z   000000018000107c f i ico.obj
 0001:0000007c       ??_EMStream@@UEAAPEAXI@Z   000000018000107c f i ico.obj
 0001:000000f4       ?AddRef@MStream@@UEAAKXZ   00000001800010f4 f i ico.obj
 0001:00000108       ?CET_Cancel@@YAXPEAX@Z     0000000180001108 f   ico.obj
 0001:00000120       ?CET_Done@@YAXPEAUCET_Init@@@Z 0000000180001120 f   ico.obj
 0001:00000180       ?CET_Free@@YAXPEAUCET_LoadInfo@@@Z 0000000180001180 f   ico.obj
 0001:000001b4       ?CET_Init@@YAHPEAU0@@Z     00000001800011b4 f   ico.obj
 0001:00000278       ?CET_Load@@YAHPEAUCET_LoadInfo@@@Z 0000000180001278 f   ico.obj
 0001:000003e4       ?Clone@Image@Gdiplus@@UEAAPEAV12@XZ 00000001800013e4 f i ico.obj
 0001:00000438       ?Close@ICOImage@@QEAAXXZ   0000000180001438 f i ico.obj
 0001:000004b8       ?Commit@MStream@@UEAAJK@Z  00000001800014b8 f i ico.obj
 0001:000004c4       ?Decode1BPP@@YAPEAEIIPEAUtagRGBQUAD@@PEAE1AEAK@Z 00000001800014c4 f   ico.obj
 0001:000005d0       ?Decode24BPP@@YAPEAEAEAIIPEAE1AEAK@Z 00000001800015d0 f   ico.obj
 0001:000007d4       ?Decode32BPP@@YAPEAEAEAIIPEAE1AEAK@Z 00000001800017d4 f   ico.obj
 0001:000008dc       ?Decode4BPP@@YAPEAEIIPEAUtagRGBQUAD@@PEAE1AEAK@Z 00000001800018dc f   ico.obj
 0001:00000a08       ?Decode8BPP@@YAPEAEAEAIIPEAUtagRGBQUAD@@PEAE2AEAK@Z 0000000180001a08 f   ico.obj
 0001:00000b1c       ?DecodeDummy@@YAPEAEIIAEAK@Z 0000000180001b1c f   ico.obj
 0001:00000b7c       ?GetPageBits@ICOImage@@QEAAHPEAUCET_LoadInfo@@@Z 0000000180001b7c f i ico.obj
 0001:00000cb8       ?Init@ICODecoder@@QEAAHPEAUCET_Init@@@Z 0000000180001cb8 f i ico.obj
 0001:00000d2c       ?LoadPageInfo@@YAKPEAUICONCONTEXT@@HAEAI111PEAPEB_W@Z 0000000180001d2c f   ico.obj
 0001:00000eb4       ?LockRegion@MStream@@UEAAJT_ULARGE_INTEGER@@0K@Z 0000000180001eb4 f i ico.obj
 0001:00000eb4       ?UnlockRegion@MStream@@UEAAJT_ULARGE_INTEGER@@0K@Z 0000000180001eb4 f i ico.obj
 0001:00000eb4       ?Revert@MStream@@UEAAJXZ   0000000180001eb4 f i ico.obj
 0001:00000eb4       ?Clone@MStream@@UEAAJPEAPEAUIStream@@@Z 0000000180001eb4 f i ico.obj
 0001:00000eb4       ?CopyTo@MStream@@UEAAJPEAUIStream@@T_ULARGE_INTEGER@@PEAT3@2@Z 0000000180001eb4 f i ico.obj
 0001:00000ebc       ?Open@ICOImage@@QEAAH_NPEB_WPEBEKU_COORD@@@Z 0000000180001ebc f i ico.obj
 0001:000010dc       ?PageDecode@ICOImage@@QEAAHPEAUCET_LoadInfo@@@Z 00000001800020dc f i ico.obj
 0001:0000150c       ?QueryInterface@MStream@@UEAAJAEBU_GUID@@PEAPEAX@Z 000000018000250c f i ico.obj
 0001:00001574       ?Read@MStream@@UEAAJPEAXKPEAK@Z 0000000180002574 f i ico.obj
 0001:000015f0       ?Release@MStream@@UEAAKXZ  00000001800025f0 f i ico.obj
 0001:00001620       ?Seek@MStream@@UEAAJT_LARGE_INTEGER@@KPEAT_ULARGE_INTEGER@@@Z 0000000180002620 f i ico.obj
 0001:00001684       ?SetSize@MStream@@UEAAJT_ULARGE_INTEGER@@@Z 0000000180002684 f i ico.obj
 0001:00001730       ?Stat@MStream@@UEAAJPEAUtagSTATSTG@@K@Z 0000000180002730 f i ico.obj
 0001:000017ac       ?StringCchVPrintfW@@YAJPEA_W_KPEB_WPEAD@Z 00000001800027ac f i ico.obj
 0001:00001850       ?Write@MStream@@UEAAJPEBXKPEAK@Z 0000000180002850 f i ico.obj
 0001:00001918       __local_stdio_printf_options 0000000180002918 f i ico.obj
 0001:00001920       ??3@YAXPEAX@Z              0000000180002920 f   common-kernel64:Memory.obj
 0001:00001934       ?HeapDeinitialize@@YAXXZ   0000000180002934 f   common-kernel64:Memory.obj
 0001:00001958       ?HeapInitialize@@YA_NXZ    0000000180002958 f   common-kernel64:Memory.obj
 0001:0000198c       ?xf_free@@YAXPEAXPEBDH@Z   000000018000298c f   common-kernel64:Memory.obj
 0001:000019c8       GdipAlloc                  00000001800029c8 f   gdiplus:gdiplus.dll
 0001:000019ce       GdipFree                   00000001800029ce f   gdiplus:gdiplus.dll
 0001:000019d4       GdiplusStartup             00000001800029d4 f   gdiplus:gdiplus.dll
 0001:000019da       GdiplusShutdown            00000001800029da f   gdiplus:gdiplus.dll
 0001:000019e0       GdipCloneImage             00000001800029e0 f   gdiplus:gdiplus.dll
 0001:000019e6       GdipDisposeImage           00000001800029e6 f   gdiplus:gdiplus.dll
 0001:000019ec       GdipGetImagePixelFormat    00000001800029ec f   gdiplus:gdiplus.dll
 0001:000019f2       GdipCreateBitmapFromStream 00000001800029f2 f   gdiplus:gdiplus.dll
 0001:000019f8       GdipBitmapLockBits         00000001800029f8 f   gdiplus:gdiplus.dll
 0001:000019fe       GdipBitmapUnlockBits       00000001800029fe f   gdiplus:gdiplus.dll
 0001:00001a04       ??3@YAXPEAX_K@Z            0000000180002a04 f   LIBCMT:delete_scalar_size.obj
 0001:00001a0c       __GSHandlerCheck           0000000180002a0c f   LIBCMT:_gshandler_.obj
 0001:00001a2c       __GSHandlerCheckCommon     0000000180002a2c f   LIBCMT:_gshandler_.obj
 0001:00001aa0       __security_check_cookie    0000000180002aa0 f   LIBCMT:_amdsecgs_.obj
 0001:00001ac4       ??_Gtype_info@@UEAAPEAXI@Z 0000000180002ac4 f i LIBCMT:std_type_info_static.obj
 0001:00001ac4       ??_Etype_info@@UEAAPEAXI@Z 0000000180002ac4 f i LIBCMT:std_type_info_static.obj
 0001:00001e34       _DllMainCRTStartup         0000000180002e34 f   LIBCMT:dll_dllmain.obj
 0001:00001e74       __raise_securityfailure    0000000180002e74 f   LIBCMT:gs_report.obj
 0001:00001ea8       __report_gsfailure         0000000180002ea8 f   LIBCMT:gs_report.obj
 0001:00001f7c       __report_rangecheckfailure 0000000180002f7c f   LIBCMT:gs_report.obj
 0001:00001f90       __report_securityfailure   0000000180002f90 f   LIBCMT:gs_report.obj
 0001:00002110       __security_init_cookie     0000000180003110 f   LIBCMT:gs_support.obj
 0001:000021c0       ?__scrt_initialize_type_info@@YAXXZ 00000001800031c0 f   LIBCMT:tncleanup.obj
 0001:000021d0       ?__scrt_uninitialize_type_info@@YAXXZ 00000001800031d0 f   LIBCMT:tncleanup.obj
 0001:000021dc       __local_stdio_scanf_options 00000001800031dc f i LIBCMT:default_local_stdio_options.obj
 0001:000021e4       __scrt_initialize_default_local_stdio_options 00000001800031e4 f   LIBCMT:default_local_stdio_options.obj
 0001:00002200       __scrt_acquire_startup_lock 0000000180003200 f   LIBCMT:utility.obj
 0001:0000223c       __scrt_dllmain_after_initialize_c 000000018000323c f   LIBCMT:utility.obj
 0001:00002270       __scrt_dllmain_before_initialize_c 0000000180003270 f   LIBCMT:utility.obj
 0001:00002288       __scrt_dllmain_crt_thread_attach 0000000180003288 f   LIBCMT:utility.obj
 0001:000022b0       __scrt_dllmain_crt_thread_detach 00000001800032b0 f   LIBCMT:utility.obj
 0001:000022c8       __scrt_dllmain_exception_filter 00000001800032c8 f   LIBCMT:utility.obj
 0001:0000232c       __scrt_dllmain_uninitialize_c 000000018000332c f   LIBCMT:utility.obj
 0001:0000235c       __scrt_dllmain_uninitialize_critical 000000018000335c f   LIBCMT:utility.obj
 0001:00002370       __scrt_initialize_crt      0000000180003370 f   LIBCMT:utility.obj
 0001:000023bc       __scrt_initialize_onexit_tables 00000001800033bc f   LIBCMT:utility.obj
 0001:0000249c       __scrt_is_nonwritable_in_current_image 000000018000349c f   LIBCMT:utility.obj
 0001:00002538       __scrt_release_startup_lock 0000000180003538 f   LIBCMT:utility.obj
 0001:0000255c       __scrt_uninitialize_crt    000000018000355c f   LIBCMT:utility.obj
 0001:00002588       __scrt_get_dyn_tls_init_callback 0000000180003588 f   LIBCMT:dyn_tls_init.obj
 0001:00002590       __crt_debugger_hook        0000000180003590 f   LIBCMT:utility_desktop.obj
 0001:00002598       __scrt_fastfail            0000000180003598 f   LIBCMT:utility_desktop.obj
 0001:000026e4       _RTC_Initialize            00000001800036e4 f   LIBCMT:_initsect_.obj
 0001:00002730       _RTC_Terminate             0000000180003730 f   LIBCMT:_initsect_.obj
 0001:0000277c       _guard_check_icall         000000018000377c f i LIBCMT:checkcfg.obj
 0001:00002784       __isa_available_init       0000000180003784 f   LIBCMT:_cpu_disp_.obj
 0001:00002940       _get_startup_argv_mode     0000000180003940 f   LIBCMT:argv_mode.obj
 0001:00002940       DllMain                    0000000180003940 f   LIBCMT:dll_dllmain_stub.obj
 0001:00002948       __scrt_is_ucrt_dll_in_use  0000000180003948 f   LIBCMT:ucrt_detection.obj
 0001:00002954       ?__empty_global_delete@@YAXPEAX_K@Z 0000000180003954 f i ico.obj
 0001:00002954       _guard_check_icall_nop     0000000180003954 f i LIBCMT:guard_support.obj
 0001:00002954       ?__global_delete@@YAXPEAX_K@Z 0000000180003954 f i ico.obj
 0001:00002970       memmove                    0000000180003970 f   libvcruntime:memcpy.obj
 0001:00002970       memcpy                     0000000180003970 f   libvcruntime:memcpy.obj
 0001:00002dd0       memset                     0000000180003dd0 f   libvcruntime:memset.obj
 0001:00002f80       strrchr                    0000000180003f80 f   libvcruntime:strrchr.obj
 0001:000030cc       __C_specific_handler       00000001800040cc f   libvcruntime:_riscchandler_.obj
 0001:000032d8       __std_type_info_destroy_list 00000001800042d8 f   libvcruntime:std_type_info.obj
 0001:00003304       __vcrt_initialize          0000000180004304 f   libvcruntime:initialization.obj
 0001:00003338       __vcrt_thread_attach       0000000180004338 f   libvcruntime:initialization.obj
 0001:0000334c       __vcrt_thread_detach       000000018000434c f   libvcruntime:initialization.obj
 0001:00003360       __vcrt_uninitialize        0000000180004360 f   libvcruntime:initialization.obj
 0001:00003380       __vcrt_uninitialize_critical 0000000180004380 f   libvcruntime:initialization.obj
 0001:000033a0       _local_unwind              00000001800043a0 f   libvcruntime:_jmpuwind_.obj
 0001:000033d0       _NLG_Notify                00000001800043d0 f   libvcruntime:_jmpuwind_.obj
 0001:000033f0       __NLG_Dispatch2            00000001800043f0 f   libvcruntime:_jmpuwind_.obj
 0001:00003400       __NLG_Return2              0000000180004400 f   libvcruntime:_jmpuwind_.obj
 0001:00003404       __except_validate_context_record 0000000180004404 f   libvcruntime:jbcxrval.obj
 0001:0000343c       __vcrt_freefls             000000018000443c f   libvcruntime:per_thread_data.obj
 0001:0000345c       __vcrt_freeptd             000000018000445c f   libvcruntime:per_thread_data.obj
 0001:000034ac       __vcrt_getptd_noexit       00000001800044ac f   libvcruntime:per_thread_data.obj
 0001:00003564       __vcrt_initialize_ptd      0000000180004564 f   libvcruntime:per_thread_data.obj
 0001:000035b8       __vcrt_uninitialize_ptd    00000001800045b8 f   libvcruntime:per_thread_data.obj
 0001:000035dc       __vcrt_initialize_locks    00000001800045dc f   libvcruntime:locks.obj
 0001:00003624       __vcrt_uninitialize_locks  0000000180004624 f   libvcruntime:locks.obj
 0001:00003834       __vcrt_FlsAlloc            0000000180004834 f   libvcruntime:winapi_downlevel.obj
 0001:00003888       __vcrt_FlsFree             0000000180004888 f   libvcruntime:winapi_downlevel.obj
 0001:000038dc       __vcrt_FlsGetValue         00000001800048dc f   libvcruntime:winapi_downlevel.obj
 0001:00003930       __vcrt_FlsSetValue         0000000180004930 f   libvcruntime:winapi_downlevel.obj
 0001:00003998       __vcrt_InitializeCriticalSectionEx 0000000180004998 f   libvcruntime:winapi_downlevel.obj
 0001:00003a10       __vcrt_initialize_winapi_thunks 0000000180004a10 f   libvcruntime:winapi_downlevel.obj
 0001:00003a54       __vcrt_uninitialize_winapi_thunks 0000000180004a54 f   libvcruntime:winapi_downlevel.obj
 0001:00003a94       __vcrt_initialize_pure_virtual_call_handler 0000000180004a94 f   libvcruntime:purevirt_data.obj
 0001:00003ab8       ??$ensure_buffer_is_big_enough@D@formatting_buffer@__crt_stdio_output@@QEAA_N_K@Z 0000000180004ab8 f i libucrt:output.obj
 0001:00003b64       ??$is_wide_character_specifier@_W@__crt_stdio_output@@YA_N_K_WW4length_modifier@0@@Z 0000000180004b64 f i libucrt:output.obj
 0001:00003ba8       ??$type_case_integer_parse_into_buffer@I@?$output_processor@_WV?$string_output_adapter@_W@__crt_stdio_output@@V?$standard_base@_WV?$string_output_adapter@_W@__crt_stdio_output@@@2@@__crt_stdio_output@@AEAAXII_N@Z 0000000180004ba8 f i libucrt:output.obj
 0001:00003c44       ??$type_case_integer_parse_into_buffer@_K@?$output_processor@_WV?$string_output_adapter@_W@__crt_stdio_output@@V?$standard_base@_WV?$string_output_adapter@_W@__crt_stdio_output@@@2@@__crt_stdio_output@@AEAAX_KI_N@Z 0000000180004c44 f i libucrt:output.obj
 0001:00003ce0       ??$write_multiple_characters@V?$string_output_adapter@_W@__crt_stdio_output@@D@__crt_stdio_output@@YAXAEBV?$string_output_adapter@_W@0@DHQEAH@Z 0000000180004ce0 f i libucrt:output.obj
 0001:00003d50       ??0?$output_processor@_WV?$string_output_adapter@_W@__crt_stdio_output@@V?$standard_base@_WV?$string_output_adapter@_W@__crt_stdio_output@@@2@@__crt_stdio_output@@QEAA@AEBV?$string_output_adapter@_W@1@_KQEB_WQEAU__crt_locale_pointers@@QEAD@Z 0000000180004d50 f i libucrt:output.obj
 0001:00003dd0       ??0_LocaleUpdate@@QEAA@QEAU__crt_locale_pointers@@@Z 0000000180004dd0 f i libucrt:output.obj
 0001:00003e60       ?force_decimal_point@__crt_stdio_output@@YAXPEADQEAU__crt_locale_pointers@@@Z 0000000180004e60 f i libucrt:output.obj
 0001:00003ed0       ?parse_int_from_format_string@?$output_processor@_WV?$string_output_adapter@_W@__crt_stdio_output@@V?$standard_base@_WV?$string_output_adapter@_W@__crt_stdio_output@@@2@@__crt_stdio_output@@AEAA_NQEAH@Z 0000000180004ed0 f i libucrt:output.obj
 0001:00003f50       ?process@?$output_processor@_WV?$string_output_adapter@_W@__crt_stdio_output@@V?$standard_base@_WV?$string_output_adapter@_W@__crt_stdio_output@@@2@@__crt_stdio_output@@QEAAHXZ 0000000180004f50 f i libucrt:output.obj
 0001:000041cc       ?state_case_size@?$output_processor@_WV?$string_output_adapter@_W@__crt_stdio_output@@V?$standard_base@_WV?$string_output_adapter@_W@__crt_stdio_output@@@2@@__crt_stdio_output@@AEAA_NXZ 00000001800051cc f i libucrt:output.obj
 0001:00004370       ?state_case_type@?$output_processor@_WV?$string_output_adapter@_W@__crt_stdio_output@@V?$standard_base@_WV?$string_output_adapter@_W@__crt_stdio_output@@@2@@__crt_stdio_output@@AEAA_NXZ 0000000180005370 f i libucrt:output.obj
 0001:0000463c       ?type_case_Z@?$output_processor@_WV?$string_output_adapter@_W@__crt_stdio_output@@V?$standard_base@_WV?$string_output_adapter@_W@__crt_stdio_output@@@2@@__crt_stdio_output@@AEAA_NXZ 000000018000563c f i libucrt:output.obj
 0001:000046bc       ?type_case_a@?$output_processor@_WV?$string_output_adapter@_W@__crt_stdio_output@@V?$standard_base@_WV?$string_output_adapter@_W@__crt_stdio_output@@@2@@__crt_stdio_output@@AEAA_NXZ 00000001800056bc f i libucrt:output.obj
 0001:00004900       ?type_case_c_tchar@?$output_processor@_WV?$string_output_adapter@_W@__crt_stdio_output@@V?$standard_base@_WV?$string_output_adapter@_W@__crt_stdio_output@@@2@@__crt_stdio_output@@AEAA_N_W@Z 0000000180005900 f i libucrt:output.obj
 0001:000049a8       ?type_case_integer@?$output_processor@_WV?$string_output_adapter@_W@__crt_stdio_output@@V?$standard_base@_WV?$string_output_adapter@_W@__crt_stdio_output@@@2@@__crt_stdio_output@@AEAA_NI_N@Z 00000001800059a8 f i libucrt:output.obj
 0001:00004b48       ?type_case_n@?$output_processor@_WV?$string_output_adapter@_W@__crt_stdio_output@@V?$standard_base@_WV?$string_output_adapter@_W@__crt_stdio_output@@@2@@__crt_stdio_output@@AEAA_NXZ 0000000180005b48 f i libucrt:output.obj
 0001:00004c24       ?type_case_s@?$output_processor@_WV?$string_output_adapter@_W@__crt_stdio_output@@V?$standard_base@_WV?$string_output_adapter@_W@__crt_stdio_output@@@2@@__crt_stdio_output@@AEAA_NXZ 0000000180005c24 f i libucrt:output.obj
 0001:00004cec       ?write_stored_string_tchar@?$output_processor@_WV?$string_output_adapter@_W@__crt_stdio_output@@V?$standard_base@_WV?$string_output_adapter@_W@__crt_stdio_output@@@2@@__crt_stdio_output@@AEAA_N_W@Z 0000000180005cec f i libucrt:output.obj
 0001:00004ddc       ?write_string@?$string_output_adapter@_W@__crt_stdio_output@@QEBAXQEB_WHQEAH1@Z 0000000180005ddc f i libucrt:output.obj
 0001:00004e9c       __stdio_common_vswprintf   0000000180005e9c f   libucrt:output.obj
 0001:000050d4       _initterm                  00000001800060d4 f   libucrt:initterm.obj
 0001:0000514c       _initterm_e                000000018000614c f   libucrt:initterm.obj
 0001:00005198       _seh_filter_dll            0000000180006198 f   libucrt:exception_filter.obj
 0001:000051ac       _seh_filter_exe            00000001800061ac f   libucrt:exception_filter.obj
 0001:0000556c       __acrt_initialize_thread_local_exit_callback 000000018000656c f   libucrt:exit.obj
 0001:00005574       _cexit                     0000000180006574 f   libucrt:exit.obj
 0001:00005584       _exit                      0000000180006584 f   libucrt:exit.obj
 0001:00005590       _is_c_termination_complete 0000000180006590 f   libucrt:exit.obj
 0001:00005754       __acrt_allocate_buffer_for_argv 0000000180006754 f   libucrt:argv_parsing.obj
 0001:000057b8       _configure_narrow_argv     00000001800067b8 f   libucrt:argv_parsing.obj
 0001:00005b14       __dcrt_uninitialize_environments_nolock 0000000180006b14 f   libucrt:environment_initialization.obj
 0001:00005b4c       _initialize_narrow_environment 0000000180006b4c f   libucrt:environment_initialization.obj
 0001:00005b54       ??$?RV<lambda_e24bbb7b643b32fcea6fa61b31d4c984>@@AEAV<lambda_275893d493268fdec8709772e3fcec0e>@@V<lambda_9d71df4d7cf3f480f8d633942495c3b0>@@@?$__crt_seh_guarded_call@H@@QEAAH$$QEAV<lambda_e24bbb7b643b32fcea6fa61b31d4c984>@@AEAV<lambda_275893d493268fdec8709772e3fcec0e>@@$$QEAV<lambda_9d71df4d7cf3f480f8d633942495c3b0>@@@Z 0000000180006b54 f i libucrt:onexit.obj
 0001:00005cf4       _execute_onexit_table      0000000180006cf4 f   libucrt:onexit.obj
 0001:00005d30       _initialize_onexit_table   0000000180006d30 f   libucrt:onexit.obj
 0001:00005db8       __acrt_uninitialize_command_line 0000000180006db8 f   libucrt:argv_data.obj
 0001:00005ea8       __acrt_initialize          0000000180006ea8 f   libucrt:initialization.obj
 0001:00005ebc       __acrt_thread_attach       0000000180006ebc f   libucrt:initialization.obj
 0001:00005ed0       __acrt_thread_detach       0000000180006ed0 f   libucrt:initialization.obj
 0001:00005ee0       __acrt_uninitialize        0000000180006ee0 f   libucrt:initialization.obj
 0001:00005ef4       __acrt_uninitialize_critical 0000000180006ef4 f   libucrt:initialization.obj
 0001:00005f04       terminate                  0000000180006f04 f   libucrt:terminate.obj
 0001:00005f2c       _free_base                 0000000180006f2c f   libucrt:free_base.obj
 0001:00005f6c       _malloc_base               0000000180006f6c f   libucrt:malloc_base.obj
 0001:00005fcc       strcpy_s                   0000000180006fcc f   libucrt:strcpy_s.obj
 0001:0000602c       ??$is_overflow_condition@K@__crt_strtox@@YA_NIK@Z 000000018000702c f i libucrt:atox.obj
 0001:00006058       ??$parse_integer@KV?$c_string_character_source@_W@__crt_strtox@@@__crt_strtox@@YAKQEAU__crt_locale_pointers@@V?$c_string_character_source@_W@0@H_N@Z 0000000180007058 f i libucrt:atox.obj
 0001:0000672c       abort                      000000018000772c f   libucrt:abort.obj
 0001:00006784       _calloc_base               0000000180007784 f   libucrt:calloc_base.obj
 0001:000067fc       wcsncmp                    00000001800077fc f   libucrt:wcsncmp.obj
 0001:00006828       __acrt_call_reportfault    0000000180007828 f   libucrt:invalid_parameter.obj
 0001:00006984       __acrt_initialize_invalid_parameter_handler 0000000180007984 f   libucrt:invalid_parameter.obj
 0001:0000698c       _invalid_parameter         000000018000798c f   libucrt:invalid_parameter.obj
 0001:00006a34       _invalid_parameter_noinfo  0000000180007a34 f   libucrt:invalid_parameter.obj
 0001:00006a54       _invoke_watson             0000000180007a54 f   libucrt:invalid_parameter.obj
 0001:00006a9c       isdigit                    0000000180007a9c f i libucrt:_ctype.obj
 0001:00006b60       _tolower_l                 0000000180007b60 f   libucrt:tolower_toupper.obj
 0001:00006ca0       tolower                    0000000180007ca0 f   libucrt:tolower_toupper.obj
 0001:00006ccc       __acrt_errno_from_os_error 0000000180007ccc f   libucrt:errno.obj
 0001:00006d14       __acrt_errno_map_os_error  0000000180007d14 f   libucrt:errno.obj
 0001:00006d64       __doserrno                 0000000180007d64 f   libucrt:errno.obj
 0001:00006d84       _errno                     0000000180007d84 f   libucrt:errno.obj
 0001:00006da4       ??$make_c_string_character_source@_WPEAPEA_W@__crt_strtox@@YA?AV?$c_string_character_source@_W@0@QEB_WQEAPEA_W@Z 0000000180007da4 f i libucrt:strtox.obj
 0001:00006db8       wcstol                     0000000180007db8 f   libucrt:strtox.obj
 0001:00006de8       _mbtowc_l                  0000000180007de8 f   libucrt:mbtowc.obj
 0001:00006f30       mbtowc                     0000000180007f30 f   libucrt:mbtowc.obj
 0001:00006f38       wcsnlen                    0000000180007f38 f   libucrt:strnlen.obj
 0001:00007128       ??$?RV<lambda_46352004c1216016012b18bd6f87e700>@@AEAV<lambda_3bd07e1a1191394380780325891bf33f>@@V<lambda_334532d3f185bcaa59b5be82d7d22bff>@@@?$__crt_seh_guarded_call@X@@QEAAX$$QEAV<lambda_46352004c1216016012b18bd6f87e700>@@AEAV<lambda_3bd07e1a1191394380780325891bf33f>@@$$QEAV<lambda_334532d3f185bcaa59b5be82d7d22bff>@@@Z 0000000180008128 f i libucrt:per_thread_data.obj
 0001:00007188       ??$?RV<lambda_5e887d1dcbef67a5eb4283622ba103bf>@@AEAV<lambda_4466841279450cc726390878d4a41900>@@V<lambda_341c25c0346d94847f1f3c463c57e077>@@@?$__crt_seh_guarded_call@X@@QEAAX$$QEAV<lambda_5e887d1dcbef67a5eb4283622ba103bf>@@AEAV<lambda_4466841279450cc726390878d4a41900>@@$$QEAV<lambda_341c25c0346d94847f1f3c463c57e077>@@@Z 0000000180008188 f i libucrt:per_thread_data.obj
 0001:000071d0       ??$?RV<lambda_72d1df2b273a38828b1ce30cbf4cdab5>@@AEAV<lambda_876a65b173b8412d3a47c70a915b0cf4>@@V<lambda_41932305e351933ebe8f8be3ed8bb5dc>@@@?$__crt_seh_guarded_call@X@@QEAAX$$QEAV<lambda_72d1df2b273a38828b1ce30cbf4cdab5>@@AEAV<lambda_876a65b173b8412d3a47c70a915b0cf4>@@$$QEAV<lambda_41932305e351933ebe8f8be3ed8bb5dc>@@@Z 00000001800081d0 f i libucrt:per_thread_data.obj
 0001:00007210       ??$?RV<lambda_fb3a7dec4e47f37f22dae91bb15c9095>@@AEAV<lambda_698284760c8add0bfb0756c19673e34b>@@V<lambda_dfb8eca1e75fef3034a8fb18dd509707>@@@?$__crt_seh_guarded_call@X@@QEAAX$$QEAV<lambda_fb3a7dec4e47f37f22dae91bb15c9095>@@AEAV<lambda_698284760c8add0bfb0756c19673e34b>@@$$QEAV<lambda_dfb8eca1e75fef3034a8fb18dd509707>@@@Z 0000000180008210 f i libucrt:per_thread_data.obj
 0001:000074a0       __acrt_freeptd             00000001800084a0 f   libucrt:per_thread_data.obj
 0001:000074e4       __acrt_getptd              00000001800084e4 f   libucrt:per_thread_data.obj
 0001:00007578       __acrt_getptd_noexit       0000000180008578 f   libucrt:per_thread_data.obj
 0001:00007618       __acrt_initialize_ptd      0000000180008618 f   libucrt:per_thread_data.obj
 0001:00007654       __acrt_uninitialize_ptd    0000000180008654 f   libucrt:per_thread_data.obj
 0001:00007678       __acrt_update_locale_info  0000000180008678 f   libucrt:locale_update.obj
 0001:000076ac       __acrt_update_multibyte_info 00000001800086ac f   libucrt:locale_update.obj
 0001:000076e0       ?__acrt_fp_classify@@YA?AW4__acrt_fp_class@@AEBN@Z 00000001800086e0 f i libucrt:cvt.obj
 0001:00008118       __acrt_fp_format           0000000180009118 f   libucrt:cvt.obj
 0001:0000835c       _fileno                    000000018000935c f   libucrt:fileno.obj
 0001:00008384       __acrt_initialize_stdio    0000000180009384 f   libucrt:_file.obj
 0001:000084a4       __acrt_uninitialize_stdio  00000001800094a4 f   libucrt:_file.obj
 0001:00008500       _lock_file                 0000000180009500 f   libucrt:_file.obj
 0001:0000850c       _unlock_file               000000018000950c f   libucrt:_file.obj
 0001:00008518       _get_printf_count_output   0000000180009518 f   libucrt:printf_count_output.obj
 0001:00008530       __acrt_set_locale_changed  0000000180009530 f   libucrt:wsetlocale.obj
 0001:0000853c       __acrt_uninitialize_locale 000000018000953c f   libucrt:wsetlocale.obj
 0001:0000876c       __acrt_initialize_lowio    000000018000976c f   libucrt:ioinit.obj
 0001:000087a8       __acrt_uninitialize_lowio  00000001800097a8 f   libucrt:ioinit.obj
 0001:000087e8       __acrt_initialize_locks    00000001800097e8 f   libucrt:locks.obj
 0001:00008830       __acrt_lock                0000000180009830 f   libucrt:locks.obj
 0001:0000884c       __acrt_uninitialize_locks  000000018000984c f   libucrt:locks.obj
 0001:00008884       __acrt_unlock              0000000180009884 f   libucrt:locks.obj
 0001:00008a40       __acrt_FlsAlloc            0000000180009a40 f   libucrt:winapi_thunks.obj
 0001:00008a98       __acrt_FlsFree             0000000180009a98 f   libucrt:winapi_thunks.obj
 0001:00008af0       __acrt_FlsGetValue         0000000180009af0 f   libucrt:winapi_thunks.obj
 0001:00008b48       __acrt_FlsSetValue         0000000180009b48 f   libucrt:winapi_thunks.obj
 0001:00008bb0       __acrt_InitializeCriticalSectionEx 0000000180009bb0 f   libucrt:winapi_thunks.obj
 0001:00008c28       __acrt_LCMapStringEx       0000000180009c28 f   libucrt:winapi_thunks.obj
 0001:00008d18       __acrt_LocaleNameToLCID    0000000180009d18 f   libucrt:winapi_thunks.obj
 0001:00008d80       __acrt_initialize_winapi_thunks 0000000180009d80 f   libucrt:winapi_thunks.obj
 0001:00008db8       __acrt_is_packaged_app     0000000180009db8 f   libucrt:winapi_thunks.obj
 0001:00008e40       __acrt_uninitialize_winapi_thunks 0000000180009e40 f   libucrt:winapi_thunks.obj
 0001:00009360       ?expand_if_necessary@?$argument_list@D@?A0xca0879c4@@AEAAHXZ 000000018000a360 f i libucrt:argv_wildcards.obj
 0001:00009428       __acrt_expand_narrow_argv_wildcards 000000018000a428 f   libucrt:argv_wildcards.obj
 0001:00009430       ??$?RV<lambda_99476a1ad63dd22509b5d3e65b0ffc95>@@AEAV<lambda_ad1ced32f4ac17aa236e5ef05d6b3b7c>@@V<lambda_f7424dd8d45958661754dc4f2697e9c3>@@@?$__crt_seh_guarded_call@X@@QEAAX$$QEAV<lambda_99476a1ad63dd22509b5d3e65b0ffc95>@@AEAV<lambda_ad1ced32f4ac17aa236e5ef05d6b3b7c>@@$$QEAV<lambda_f7424dd8d45958661754dc4f2697e9c3>@@@Z 000000018000a430 f i libucrt:mbctype.obj
 0001:00009b2c       __acrt_initialize_multibyte 000000018000ab2c f   libucrt:mbctype.obj
 0001:00009b54       __acrt_update_thread_multibyte_data 000000018000ab54 f   libucrt:mbctype.obj
 0001:00009c14       _setmbcp_nolock            000000018000ac14 f   libucrt:mbctype.obj
 0001:00009f34       _ismbblead                 000000018000af34 f   libucrt:ismbbyte.obj
 0001:00009f48       __acrt_initialize_command_line 000000018000af48 f   libucrt:argv_data.obj
 0001:00009f70       __dcrt_get_narrow_environment_from_os 000000018000af70 f   libucrt:get_environment_from_os.obj
 0001:0000a074       _recalloc                  000000018000b074 f   libucrt:recalloc.obj
 0001:0000a07c       _recalloc_base             000000018000b07c f   libucrt:recalloc.obj
 0001:0000a114       __acrt_initialize_heap     000000018000b114 f   libucrt:heap_handle.obj
 0001:0000a130       __acrt_uninitialize_heap   000000018000b130 f   libucrt:heap_handle.obj
 0001:0000a13c       __acrt_execute_initializers 000000018000b13c f   libucrt:shared_initialization.obj
 0001:0000a1d0       __acrt_execute_uninitializers 000000018000b1d0 f   libucrt:shared_initialization.obj
 0001:0000a220       __acrt_initialize_new_handler 000000018000b220 f   libucrt:new_handler.obj
 0001:0000a228       _callnewh                  000000018000b228 f   libucrt:new_handler.obj
 0001:0000a268       _query_new_handler         000000018000b268 f   libucrt:new_handler.obj
 0001:0000a29c       ??$?RV<lambda_c36588078e9f5dfd39652860aa6b3aaf>@@AEAV<lambda_ec61778202f4f5fc7e7711acc23c3bca>@@V<lambda_dc9d2797ccde5d239b4a0efae8ebd7db>@@@?$__crt_seh_guarded_call@P6AXH@Z@@QEAAP6AXH@Z$$QEAV<lambda_c36588078e9f5dfd39652860aa6b3aaf>@@AEAV<lambda_ec61778202f4f5fc7e7711acc23c3bca>@@$$QEAV<lambda_dc9d2797ccde5d239b4a0efae8ebd7db>@@@Z 000000018000b29c f i libucrt:signal.obj
 0001:0000a2e4       __acrt_get_sigabrt_handler 000000018000b2e4 f   libucrt:signal.obj
 0001:0000a314       __acrt_initialize_signal_handlers 000000018000b314 f   libucrt:signal.obj
 0001:0000a334       raise                      000000018000b334 f   libucrt:signal.obj
 0001:0000a5d0       __acrt_has_user_matherr    000000018000b5d0 f   libucrt:matherr.obj
 0001:0000a5f0       __acrt_initialize_user_matherr 000000018000b5f0 f   libucrt:matherr.obj
 0001:0000a5f8       __acrt_invoke_user_matherr 000000018000b5f8 f   libucrt:matherr.obj
 0001:0000a640       _query_new_mode            000000018000b640 f   libucrt:new_mode.obj
 0001:0000a648       __pctype_func              000000018000b648 f   libucrt:ctype.obj
 0001:0000a678       iswctype                   000000018000b678 f   libucrt:iswctype.obj
 0001:0000a6e8       _isctype_l                 000000018000b6e8 f   libucrt:isctype.obj
 0001:0000a7f8       _isleadbyte_l              000000018000b7f8 f i libucrt:_wctype.obj
 0001:0000ab94       __acrt_LCMapStringA        000000018000bb94 f   libucrt:lcmapstringa.obj
 0001:0000ac2c       __acrt_add_locale_ref      000000018000bc2c f   libucrt:locale_refcounting.obj
 0001:0000acb8       __acrt_free_locale         000000018000bcb8 f   libucrt:locale_refcounting.obj
 0001:0000ae30       __acrt_locale_add_lc_time_reference 000000018000be30 f   libucrt:locale_refcounting.obj
 0001:0000ae58       __acrt_locale_free_lc_time_if_unreferenced 000000018000be58 f   libucrt:locale_refcounting.obj
 0001:0000ae90       __acrt_locale_release_lc_time_reference 000000018000be90 f   libucrt:locale_refcounting.obj
 0001:0000aeb8       __acrt_release_locale_ref  000000018000beb8 f   libucrt:locale_refcounting.obj
 0001:0000af60       __acrt_update_thread_locale_data 000000018000bf60 f   libucrt:locale_refcounting.obj
 0001:0000afd0       _updatetlocinfoEx_nolock   000000018000bfd0 f   libucrt:locale_refcounting.obj
 0001:0000b038       __acrt_fp_strflt_to_string 000000018000c038 f   libucrt:_fptostr.obj
 0001:0000b100       ?divide@__crt_strtox@@YA_KAEAUbig_integer@1@AEBU21@@Z 000000018000c100 f i libucrt:cfout.obj
 0001:0000b5d0       __acrt_fltout              000000018000c5d0 f   libucrt:cfout.obj
 0001:0000c9c4       _fcloseall                 000000018000d9c4 f   libucrt:closeall.obj
 0001:0000ca78       __acrt_stdio_flush_nolock  000000018000da78 f   libucrt:fflush.obj
 0001:0000caf0       _fflush_nolock             000000018000daf0 f   libucrt:fflush.obj
 0001:0000cb3c       _flushall                  000000018000db3c f   libucrt:fflush.obj
 0001:0000cc2c       __acrt_stdio_free_buffer_nolock 000000018000dc2c f   libucrt:_freebuf.obj
 0001:0000cc6c       _isatty                    000000018000dc6c f   libucrt:isatty.obj
 0001:0000cccc       __acrt_locale_free_monetary 000000018000dccc f   libucrt:initmon.obj
 0001:0000cdd8       __acrt_locale_free_numeric 000000018000ddd8 f   libucrt:initnum.obj
 0001:0000ce9c       __acrt_locale_free_time    000000018000de9c f   libucrt:inittime.obj
 0001:0000cfa4       __acrt_GetStringTypeA      000000018000dfa4 f   libucrt:getstringtypea.obj
 0001:0000d158       __acrt_lowio_create_handle_array 000000018000e158 f   libucrt:osfinfo.obj
 0001:0000d1f0       __acrt_lowio_destroy_handle_array 000000018000e1f0 f   libucrt:osfinfo.obj
 0001:0000d240       __acrt_lowio_ensure_fh_exists 000000018000e240 f   libucrt:osfinfo.obj
 0001:0000d2f8       __acrt_lowio_lock_fh       000000018000e2f8 f   libucrt:osfinfo.obj
 0001:0000d31c       __acrt_lowio_unlock_fh     000000018000e31c f   libucrt:osfinfo.obj
 0001:0000d340       _free_osfhnd               000000018000e340 f   libucrt:osfinfo.obj
 0001:0000d3fc       _get_osfhandle             000000018000e3fc f   libucrt:osfinfo.obj
 0001:0000d53c       __acrt_DownlevelLocaleNameToLCID 000000018000e53c f   libucrt:lcidtoname_downlevel.obj
 0001:0000d640       qsort                      000000018000e640 f   libucrt:qsort.obj
 0001:0000d974       strncpy_s                  000000018000e974 f   libucrt:strncpy_s.obj
 0001:0000da48       strpbrk                    000000018000ea48 f   libucrt:strpbrk.obj
 0001:0000dae8       _mbsdec                    000000018000eae8 f   libucrt:mbsdec.obj
 0001:0000daf0       _mbsdec_l                  000000018000eaf0 f   libucrt:mbsdec.obj
 0001:0000dba0       _msize                     000000018000eba0 f   libucrt:msize.obj
 0001:0000dbdc       _realloc_base              000000018000ebdc f   libucrt:realloc_base.obj
 0001:0000dc60       __strncnt                  000000018000ec60 f   libucrt:strncnt.obj
 0001:0000dc78       fegetenv                   000000018000ec78 f   libucrt:fegetenv.obj
 0001:0000dc98       fesetenv                   000000018000ec98 f   libucrt:fesetenv.obj
 0001:0000dce4       feholdexcept               000000018000ece4 f   libucrt:feholdexcept.obj
 0001:0000dd34       ceil                       000000018000ed34 f   libucrt:ceil.obj
 0001:0000de00       log10                      000000018000ee00 f   libucrt:log10.obj
 0001:0000e94c       _write                     000000018000f94c f   libucrt:write.obj
 0001:0000ea38       _write_nolock              000000018000fa38 f   libucrt:write.obj
 0001:0000edb8       _lseeki64_nolock           000000018000fdb8 f   libucrt:lseek.obj
 0001:0000edc0       _fclose_nolock             000000018000fdc0 f   libucrt:fclose.obj
 0001:0000ee44       fclose                     000000018000fe44 f   libucrt:fclose.obj
 0001:0000eeb0       ??$?RV<lambda_b521505b218e5242e90febf6bfebc422>@@AEAV<lambda_6978c1fb23f02e42e1d9e99668cc68aa>@@V<lambda_314360699dd331753a4119843814e9a7>@@@?$__crt_seh_guarded_call@H@@QEAAH$$QEAV<lambda_b521505b218e5242e90febf6bfebc422>@@AEAV<lambda_6978c1fb23f02e42e1d9e99668cc68aa>@@$$QEAV<lambda_314360699dd331753a4119843814e9a7>@@@Z 000000018000feb0 f i libucrt:commit.obj
 0001:0000ef3c       _commit                    000000018000ff3c f   libucrt:commit.obj
 0001:0000efd0       _query_app_type            000000018000ffd0 f   libucrt:report_runtime_error.obj
 0001:0000efd8       _getfpcontrolword          000000018000ffd8 f   libucrt:_fenvutils.obj
 0001:0000eff0       _getfpstatusword           000000018000fff0 f   libucrt:_fenvutils.obj
 0001:0000f004       _setfpcontrolword          0000000180010004 f   libucrt:_fenvutils.obj
 0001:0000f010       _setfpstatusword           0000000180010010 f   libucrt:_fenvutils.obj
 0001:0000f060       _clearfp                   0000000180010060 f   libucrt:ieee.obj
 0001:0000f0b4       _controlfp                 00000001800100b4 f   libucrt:ieee.obj
 0001:0000f0c0       _statusfp                  00000001800100c0 f   libucrt:ieee.obj
 0001:0000f4c4       _handle_error              00000001800104c4 f   libucrt:libm_error.obj
 0001:0000f5ec       _handle_nan                00000001800105ec f   libucrt:libm_error.obj
 0001:0000f610       __acrt_initialize_fma3     0000000180010610 f   libucrt:fma3_available.obj
 0001:0000f680       _log10_special             0000000180010680 f   libucrt:log_special.obj
 0001:0000f738       _putwch_nolock             0000000180010738 f   libucrt:putwch.obj
 0001:0000f794       ??$?RV<lambda_bfedae4ebbf01fab1bb6dcc6a9e276e0>@@AEAV<lambda_2fe9b910cf3cbf4a0ab98a02ba45b3ec>@@V<lambda_237c231691f317818eb88cc1d5d642d6>@@@?$__crt_seh_guarded_call@H@@QEAAH$$QEAV<lambda_bfedae4ebbf01fab1bb6dcc6a9e276e0>@@AEAV<lambda_2fe9b910cf3cbf4a0ab98a02ba45b3ec>@@$$QEAV<lambda_237c231691f317818eb88cc1d5d642d6>@@@Z 0000000180010794 f i libucrt:close.obj
 0001:0000f808       _close                     0000000180010808 f   libucrt:close.obj
 0001:0000f8ac       _close_nolock              00000001800108ac f   libucrt:close.obj
 0001:0000f968       ?__acrt_stdio_free_stream@@YAXV__crt_stdio_stream@@@Z 0000000180010968 f   libucrt:stream.obj
 0001:0000f9c0       _get_fpsr                  00000001800109c0 f   libucrt:fpsr.obj
 0001:0000f9d0       _set_fpsr                  00000001800109d0 f   libucrt:fpsr.obj
 0001:0000f9da       _fclrf                     00000001800109da f   libucrt:fpsr.obj
 0001:0000f9ee       _frnd                      00000001800109ee f   libucrt:fpsr.obj
 0001:0000fa10       _raise_exc                 0000000180010a10 f   libucrt:fpexcept.obj
 0001:0000fa38       _raise_exc_ex              0000000180010a38 f   libucrt:fpexcept.obj
 0001:0000fd40       _set_errno_from_matherr    0000000180010d40 f   libucrt:fpexcept.obj
 0001:0000fd70       _clrfp                     0000000180010d70 f   libucrt:fpctrl.obj
 0001:0000fd90       _ctrlfp                    0000000180010d90 f   libucrt:fpctrl.obj
 0001:0000fe0c       _set_statfp                0000000180010e0c f   libucrt:fpctrl.obj
 0001:0000fe2c       _statfp                    0000000180010e2c f   libucrt:fpctrl.obj
 0001:0000fe40       __dcrt_lowio_initialize_console_output 0000000180010e40 f   libucrt:initcon.obj
 0001:0000fe7c       __dcrt_terminate_console_output 0000000180010e7c f   libucrt:initcon.obj
 0001:0000fe9c       IsProcessorFeaturePresent  0000000180010e9c f   kernel32:KERNEL32.dll
 0001:0000fea2       RtlUnwindEx                0000000180010ea2 f   kernel32:KERNEL32.dll
 0001:0000feb0       _FindPESection             0000000180010eb0 f   LIBCMT:pesect.obj
 0001:0000ff00       _IsNonwritableInCurrentImage 0000000180010f00 f   LIBCMT:pesect.obj
 0001:0000ff50       _ValidateImageBase         0000000180010f50 f   LIBCMT:pesect.obj
 0001:0000ff90       __chkstk                   0000000180010f90 f   LIBCMT:_chkstk_.obj
 0001:0000ff90       _alloca_probe              0000000180010f90 f   LIBCMT:_chkstk_.obj
 0001:00010000       memcmp                     0000000180011000 f   libvcruntime:memcmp.obj
 0001:000100e0       _guard_dispatch_icall_nop  00000001800110e0 f   LIBCMT:_guard_dispatch_.obj
 0001:00010100       __guard_ss_verify_failure  0000000180011100 f   LIBCMT:_rfgfailure_.obj
 0001:0001010b       __guard_ss_verify_failure_rcx 000000018001110b     LIBCMT:_rfgfailure_.obj
 0001:00010111       __guard_ss_verify_failure_rdx 0000000180011111     LIBCMT:_rfgfailure_.obj
 0001:00010117       __guard_ss_verify_failure_r8 0000000180011117     LIBCMT:_rfgfailure_.obj
 0001:0001011d       __guard_ss_verify_failure_r9 000000018001111d     LIBCMT:_rfgfailure_.obj
 0001:00010123       __guard_ss_verify_failure_r10 0000000180011123     LIBCMT:_rfgfailure_.obj
 0001:00010130       __guard_ss_verify_failure_default 0000000180011130 f   LIBCMT:_rfgfailure_.obj
 0001:00010190       __guard_ss_verify_sp       0000000180011190 f   LIBCMT:_rfgfailure_.obj
 0001:000101a0       __guard_ss_verify_sp_default 00000001800111a0 f   LIBCMT:_rfgfailure_.obj
 0002:00000000       __imp_HeapAlloc            0000000180012000     kernel32:KERNEL32.dll
 0002:00000008       __imp_HeapReAlloc          0000000180012008     kernel32:KERNEL32.dll
 0002:00000010       __imp_HeapFree             0000000180012010     kernel32:KERNEL32.dll
 0002:00000018       __imp_GetProcessHeap       0000000180012018     kernel32:KERNEL32.dll
 0002:00000020       __imp_GetLocalTime         0000000180012020     kernel32:KERNEL32.dll
 0002:00000028       __imp_SystemTimeToFileTime 0000000180012028     kernel32:KERNEL32.dll
 0002:00000030       __imp_RaiseException       0000000180012030     kernel32:KERNEL32.dll
 0002:00000038       __imp_CloseHandle          0000000180012038     kernel32:KERNEL32.dll
 0002:00000040       __imp_WriteConsoleW        0000000180012040     kernel32:KERNEL32.dll
 0002:00000048       __imp_FlushFileBuffers     0000000180012048     kernel32:KERNEL32.dll
 0002:00000050       __imp_SetFilePointerEx     0000000180012050     kernel32:KERNEL32.dll
 0002:00000058       __imp_GetConsoleMode       0000000180012058     kernel32:KERNEL32.dll
 0002:00000060       __imp_GetConsoleCP         0000000180012060     kernel32:KERNEL32.dll
 0002:00000068       __imp_WriteFile            0000000180012068     kernel32:KERNEL32.dll
 0002:00000070       __imp_SetStdHandle         0000000180012070     kernel32:KERNEL32.dll
 0002:00000078       __imp_GetStringTypeW       0000000180012078     kernel32:KERNEL32.dll
 0002:00000080       __imp_HeapCreate           0000000180012080     kernel32:KERNEL32.dll
 0002:00000088       __imp_HeapDestroy          0000000180012088     kernel32:KERNEL32.dll
 0002:00000090       __imp_HeapSize             0000000180012090     kernel32:KERNEL32.dll
 0002:00000098       __imp_GetCurrentThreadId   0000000180012098     kernel32:KERNEL32.dll
 0002:000000a0       __imp_GetTickCount         00000001800120a0     kernel32:KERNEL32.dll
 0002:000000a8       __imp_RtlCaptureContext    00000001800120a8     kernel32:KERNEL32.dll
 0002:000000b0       __imp_RtlLookupFunctionEntry 00000001800120b0     kernel32:KERNEL32.dll
 0002:000000b8       __imp_RtlVirtualUnwind     00000001800120b8     kernel32:KERNEL32.dll
 0002:000000c0       __imp_UnhandledExceptionFilter 00000001800120c0     kernel32:KERNEL32.dll
 0002:000000c8       __imp_SetUnhandledExceptionFilter 00000001800120c8     kernel32:KERNEL32.dll
 0002:000000d0       __imp_GetCurrentProcess    00000001800120d0     kernel32:KERNEL32.dll
 0002:000000d8       __imp_TerminateProcess     00000001800120d8     kernel32:KERNEL32.dll
 0002:000000e0       __imp_IsProcessorFeaturePresent 00000001800120e0     kernel32:KERNEL32.dll
 0002:000000e8       __imp_QueryPerformanceCounter 00000001800120e8     kernel32:KERNEL32.dll
 0002:000000f0       __imp_GetCurrentProcessId  00000001800120f0     kernel32:KERNEL32.dll
 0002:000000f8       __imp_GetSystemTimeAsFileTime 00000001800120f8     kernel32:KERNEL32.dll
 0002:00000100       __imp_InitializeSListHead  0000000180012100     kernel32:KERNEL32.dll
 0002:00000108       __imp_IsDebuggerPresent    0000000180012108     kernel32:KERNEL32.dll
 0002:00000110       __imp_GetStartupInfoW      0000000180012110     kernel32:KERNEL32.dll
 0002:00000118       __imp_GetModuleHandleW     0000000180012118     kernel32:KERNEL32.dll
 0002:00000120       __imp_RtlUnwindEx          0000000180012120     kernel32:KERNEL32.dll
 0002:00000128       __imp_InterlockedFlushSList 0000000180012128     kernel32:KERNEL32.dll
 0002:00000130       __imp_GetLastError         0000000180012130     kernel32:KERNEL32.dll
 0002:00000138       __imp_SetLastError         0000000180012138     kernel32:KERNEL32.dll
 0002:00000140       __imp_EnterCriticalSection 0000000180012140     kernel32:KERNEL32.dll
 0002:00000148       __imp_LeaveCriticalSection 0000000180012148     kernel32:KERNEL32.dll
 0002:00000150       __imp_DeleteCriticalSection 0000000180012150     kernel32:KERNEL32.dll
 0002:00000158       __imp_InitializeCriticalSectionAndSpinCount 0000000180012158     kernel32:KERNEL32.dll
 0002:00000160       __imp_TlsAlloc             0000000180012160     kernel32:KERNEL32.dll
 0002:00000168       __imp_TlsGetValue          0000000180012168     kernel32:KERNEL32.dll
 0002:00000170       __imp_TlsSetValue          0000000180012170     kernel32:KERNEL32.dll
 0002:00000178       __imp_TlsFree              0000000180012178     kernel32:KERNEL32.dll
 0002:00000180       __imp_FreeLibrary          0000000180012180     kernel32:KERNEL32.dll
 0002:00000188       __imp_GetProcAddress       0000000180012188     kernel32:KERNEL32.dll
 0002:00000190       __imp_LoadLibraryExW       0000000180012190     kernel32:KERNEL32.dll
 0002:00000198       __imp_ExitProcess          0000000180012198     kernel32:KERNEL32.dll
 0002:000001a0       __imp_GetModuleHandleExW   00000001800121a0     kernel32:KERNEL32.dll
 0002:000001a8       __imp_GetModuleFileNameA   00000001800121a8     kernel32:KERNEL32.dll
 0002:000001b0       __imp_MultiByteToWideChar  00000001800121b0     kernel32:KERNEL32.dll
 0002:000001b8       __imp_WideCharToMultiByte  00000001800121b8     kernel32:KERNEL32.dll
 0002:000001c0       __imp_GetACP               00000001800121c0     kernel32:KERNEL32.dll
 0002:000001c8       __imp_GetStdHandle         00000001800121c8     kernel32:KERNEL32.dll
 0002:000001d0       __imp_GetFileType          00000001800121d0     kernel32:KERNEL32.dll
 0002:000001d8       __imp_LCMapStringW         00000001800121d8     kernel32:KERNEL32.dll
 0002:000001e0       __imp_FindClose            00000001800121e0     kernel32:KERNEL32.dll
 0002:000001e8       __imp_FindFirstFileExA     00000001800121e8     kernel32:KERNEL32.dll
 0002:000001f0       __imp_FindNextFileA        00000001800121f0     kernel32:KERNEL32.dll
 0002:000001f8       __imp_IsValidCodePage      00000001800121f8     kernel32:KERNEL32.dll
 0002:00000200       __imp_GetOEMCP             0000000180012200     kernel32:KERNEL32.dll
 0002:00000208       __imp_GetCPInfo            0000000180012208     kernel32:KERNEL32.dll
 0002:00000210       __imp_GetCommandLineA      0000000180012210     kernel32:KERNEL32.dll
 0002:00000218       __imp_GetCommandLineW      0000000180012218     kernel32:KERNEL32.dll
 0002:00000220       __imp_GetEnvironmentStringsW 0000000180012220     kernel32:KERNEL32.dll
 0002:00000228       __imp_FreeEnvironmentStringsW 0000000180012228     kernel32:KERNEL32.dll
 0002:00000230       __imp_CreateFileW          0000000180012230     kernel32:KERNEL32.dll
 0002:00000238       \177KERNEL32_NULL_THUNK_DATA 0000000180012238     kernel32:KERNEL32.dll
 0002:00000240       __imp_GdipBitmapLockBits   0000000180012240     gdiplus:gdiplus.dll
 0002:00000248       __imp_GdipCreateBitmapFromStream 0000000180012248     gdiplus:gdiplus.dll
 0002:00000250       __imp_GdipGetImagePixelFormat 0000000180012250     gdiplus:gdiplus.dll
 0002:00000258       __imp_GdipBitmapUnlockBits 0000000180012258     gdiplus:gdiplus.dll
 0002:00000260       __imp_GdipCloneImage       0000000180012260     gdiplus:gdiplus.dll
 0002:00000268       __imp_GdiplusShutdown      0000000180012268     gdiplus:gdiplus.dll
 0002:00000270       __imp_GdiplusStartup       0000000180012270     gdiplus:gdiplus.dll
 0002:00000278       __imp_GdipFree             0000000180012278     gdiplus:gdiplus.dll
 0002:00000280       __imp_GdipAlloc            0000000180012280     gdiplus:gdiplus.dll
 0002:00000288       __imp_GdipDisposeImage     0000000180012288     gdiplus:gdiplus.dll
 0002:00000290       \177gdiplus_NULL_THUNK_DATA 0000000180012290     gdiplus:gdiplus.dll
 0002:00000298       __imp_CoInitialize         0000000180012298     ole32:ole32.dll
 0002:000002a0       __imp_CoUninitialize       00000001800122a0     ole32:ole32.dll
 0002:000002a8       \177ole32_NULL_THUNK_DATA  00000001800122a8     ole32:ole32.dll
 0002:000002b0       __guard_check_icall_fptr   00000001800122b0     LIBCMT:guard_support.obj
 0002:000002b8       __guard_dispatch_icall_fptr 00000001800122b8     LIBCMT:guard_support.obj
 0002:000002c0       __guard_ss_verify_failure_fptr 00000001800122c0     LIBCMT:guard_support.obj
 0002:000002c8       __guard_ss_verify_sp_fptr  00000001800122c8     LIBCMT:guard_support.obj
 0002:000002d0       __xc_a                     00000001800122d0     LIBCMT:initializers.obj
 0002:000002d8       __xc_z                     00000001800122d8     LIBCMT:initializers.obj
 0002:000002e0       __xi_a                     00000001800122e0     LIBCMT:initializers.obj
 0002:000002e8       __acrt_stdio_initializer   00000001800122e8     libucrt:stdio_initializer.obj
 0002:000002f0       __acrt_multibyte_initializer 00000001800122f0     libucrt:multibyte_initializer.obj
 0002:000002f8       __acrt_tran_fma3_initializer 00000001800122f8     libucrt:fma3_initializer.obj
 0002:00000300       __xi_z                     0000000180012300     LIBCMT:initializers.obj
 0002:00000308       __xp_a                     0000000180012308     LIBCMT:initializers.obj
 0002:00000310       __acrt_locale_terminator   0000000180012310     libucrt:locale_initializer.obj
 0002:00000318       __dcrt_console_output_terminator 0000000180012318     libucrt:console_output_initializer.obj
 0002:00000320       __acrt_stdio_terminator    0000000180012320     libucrt:stdio_initializer.obj
 0002:00000328       __xp_z                     0000000180012328     LIBCMT:initializers.obj
 0002:00000330       __xt_a                     0000000180012330     LIBCMT:initializers.obj
 0002:00000338       __xt_z                     0000000180012338     LIBCMT:initializers.obj
 0002:00000348       ??_7Image@Gdiplus@@6B@     0000000180012348     ico.obj
 0002:00000360       ??_7Bitmap@Gdiplus@@6B@    0000000180012360     ico.obj
 0002:00000370       ??_C@_11LOCGONAA@?$AA?$AA@ 0000000180012370     ico.obj
 0002:00000380       ??_7MStream@@6B@           0000000180012380     ico.obj
 0002:000003f8       ??_C@_1BA@KIENHNBI@?$AAI?$AAC?$AAO?$AA?4?$AAP?$AAN?$AAG?$AA?$AA@ 00000001800123f8     ico.obj
 0002:00000408       ??_C@_1BA@HKGHICED@?$AAI?$AAC?$AAO?$AA?4?$AAD?$AAI?$AAB?$AA?$AA@ 0000000180012408     ico.obj
 0002:00000418       ??_C@_1O@PALLNO@?$AA?5?$AA?$FL?$AAP?$AAN?$AAG?$AA?$FN?$AA?$AA@ 0000000180012418     ico.obj
 0002:00000428       ??_C@_17OGLEMJPJ@?$AAI?$AAC?$AAO?$AA?$AA@ 0000000180012428     ico.obj
 0002:00000430       ??_C@_17IILLPF@?$AAC?$AAU?$AAR?$AA?$AA@ 0000000180012430     ico.obj
 0002:00000438       ??_C@_1DE@JEFKLGFF@?$AA?$CF?$AAi?$AA?5?$AAx?$AA?5?$AA?$CF?$AAi?$AA?5?$AAx?$AA?5?$AA?$CF?$AAi?$AAb?$AAp?$AAp?$AA?5?$AA?$FL?$AA?$CF?$AAi?$AA?$FN?$AA?5?$AA?$CF?$AAs?$AA?$CF?$AAs?$AA?$AA@ 0000000180012438     ico.obj
 0002:00000470       IID_IUnknown               0000000180012470     uuid:unknwn_i.obj
 0002:00000480       IID_ISequentialStream      0000000180012480     uuid:objidl_i.obj
 0002:00000490       IID_IStream                0000000180012490     uuid:objidl_i.obj
 0002:000004a0       ??_C@_0BC@EMFLEJML@common?2Memory?4cpp?$AA@ 00000001800124a0     common-kernel64:Memory.obj
 0002:000004c0       ??_7type_info@@6B@         00000001800124c0     LIBCMT:std_type_info_static.obj
 0002:000004c8       _pDefaultRawDllMain        00000001800124c8     LIBCMT:dll_dllmain.obj
 0002:000004c8       _pRawDllMain               00000001800124c8     LIBCMT:dll_dllmain.obj
 0002:00000808       ??_C@_08EHJDFFNH@__based?$CI?$AA@ 0000000180012808     libvcruntime:undname.obj
 0002:00000818       ??_C@_07KOLFKCDI@__cdecl?$AA@ 0000000180012818     libvcruntime:undname.obj
 0002:00000820       ??_C@_08GHMPAG@__pascal?$AA@ 0000000180012820     libvcruntime:undname.obj
 0002:00000830       ??_C@_09IFJBGAPI@__stdcall?$AA@ 0000000180012830     libvcruntime:undname.obj
 0002:00000840       ??_C@_0L@NPHFGOKO@__thiscall?$AA@ 0000000180012840     libvcruntime:undname.obj
 0002:00000850       ??_C@_0L@JMKHOMEK@__fastcall?$AA@ 0000000180012850     libvcruntime:undname.obj
 0002:00000860       ??_C@_0N@BCKKPABJ@__vectorcall?$AA@ 0000000180012860     libvcruntime:undname.obj
 0002:00000870       ??_C@_09HIJEGCPM@__clrcall?$AA@ 0000000180012870     libvcruntime:undname.obj
 0002:0000087c       ??_C@_06GHPCKEAG@__eabi?$AA@ 000000018001287c     libvcruntime:undname.obj
 0002:00000888       ??_C@_07JOMMBBKO@__ptr64?$AA@ 0000000180012888     libvcruntime:undname.obj
 0002:00000890       ??_C@_0L@PILCLIHE@__restrict?$AA@ 0000000180012890     libvcruntime:undname.obj
 0002:000008a0       ??_C@_0M@GFIIJFMG@__unaligned?$AA@ 00000001800128a0     libvcruntime:undname.obj
 0002:000008b0       ??_C@_09DHDLOLLB@restrict?$CI?$AA@ 00000001800128b0     libvcruntime:undname.obj
 0002:000008ba       ??_C@_00CNPNBAHC@?$AA@     00000001800128ba     libvcruntime:undname.obj
 0002:000008bc       ??_C@_04NIHEBCM@?5new?$AA@ 00000001800128bc     libvcruntime:undname.obj
 0002:000008c8       ??_C@_07FPCDHGMM@?5delete?$AA@ 00000001800128c8     libvcruntime:undname.obj
 0002:000008d0       ??_C@_01NEMOKFLO@?$DN?$AA@ 00000001800128d0     libvcruntime:undname.obj
 0002:000008d4       ??_C@_02GPIOPFAK@?$DO?$DO?$AA@ 00000001800128d4     libvcruntime:undname.obj
 0002:000008d8       ??_C@_02FODMEDOG@?$DM?$DM?$AA@ 00000001800128d8     libvcruntime:undname.obj
 0002:000008dc       ??_C@_01DCLJPIOD@?$CB?$AA@ 00000001800128dc     libvcruntime:undname.obj
 0002:000008e0       ??_C@_02EGOFBIJA@?$DN?$DN?$AA@ 00000001800128e0     libvcruntime:undname.obj
 0002:000008e4       ??_C@_02FDNJECIE@?$CB?$DN?$AA@ 00000001800128e4     libvcruntime:undname.obj
 0002:000008e8       ??_C@_02GPECMEKF@?$FL?$FN?$AA@ 00000001800128e8     libvcruntime:undname.obj
 0002:000008f0       ??_C@_08LHJFAFGD@operator?$AA@ 00000001800128f0     libvcruntime:undname.obj
 0002:000008fc       ??_C@_02HBOOOICD@?9?$DO?$AA@ 00000001800128fc     libvcruntime:undname.obj
 0002:00000900       ??_C@_01NBENCBCI@?$CK?$AA@ 0000000180012900     libvcruntime:undname.obj
 0002:00000904       ??_C@_02ECNGHCIF@?$CL?$CL?$AA@ 0000000180012904     libvcruntime:undname.obj
 0002:00000908       ??_C@_02BAABKJLB@?9?9?$AA@ 0000000180012908     libvcruntime:undname.obj
 0002:0000090c       ??_C@_01JOAMLHOP@?9?$AA@   000000018001290c     libvcruntime:undname.obj
 0002:00000910       ??_C@_01MIFGBAGJ@?$CL?$AA@ 0000000180012910     libvcruntime:undname.obj
 0002:00000914       ??_C@_01HNPIGOCE@?$CG?$AA@ 0000000180012914     libvcruntime:undname.obj
 0002:00000918       ??_C@_03MNHNFDLC@?9?$DO?$CK?$AA@ 0000000180012918     libvcruntime:undname.obj
 0002:0000091c       ??_C@_01KMDKNFGN@?1?$AA@   000000018001291c     libvcruntime:undname.obj
 0002:00000920       ??_C@_01FGNFDNOH@?$CF?$AA@ 0000000180012920     libvcruntime:undname.obj
 0002:00000924       ??_C@_01MNNFJEPP@?$DM?$AA@ 0000000180012924     libvcruntime:undname.obj
 0002:00000928       ??_C@_02EHCHHCKH@?$DM?$DN?$AA@ 0000000180012928     libvcruntime:undname.obj
 0002:0000092c       ??_C@_01PPODPGHN@?$DO?$AA@ 000000018001292c     libvcruntime:undname.obj
 0002:00000930       ??_C@_02EEKDKGMJ@?$DO?$DN?$AA@ 0000000180012930     libvcruntime:undname.obj
 0002:00000934       ??_C@_01IHBHIGKO@?0?$AA@   0000000180012934     libvcruntime:undname.obj
 0002:00000938       ??_C@_02HCKGKOFO@?$CI?$CJ?$AA@ 0000000180012938     libvcruntime:undname.obj
 0002:0000093c       ??_C@_01PJKLJHI@?$HO?$AA@  000000018001293c     libvcruntime:undname.obj
 0002:00000940       ??_C@_01JKBOJNNK@?$FO?$AA@ 0000000180012940     libvcruntime:undname.obj
 0002:00000944       ??_C@_01DNKMNLPK@?$HM?$AA@ 0000000180012944     libvcruntime:undname.obj
 0002:00000948       ??_C@_02PPKAJPJL@?$CG?$CG?$AA@ 0000000180012948     libvcruntime:undname.obj
 0002:0000094c       ??_C@_02NONPIBCD@?$HM?$HM?$AA@ 000000018001294c     libvcruntime:undname.obj
 0002:00000950       ??_C@_02FPIMKNGF@?$CK?$DN?$AA@ 0000000180012950     libvcruntime:undname.obj
 0002:00000954       ??_C@_02FOEOMHFC@?$CL?$DN?$AA@ 0000000180012954     libvcruntime:undname.obj
 0002:00000958       ??_C@_02FKMDLLOA@?9?$DN?$AA@ 0000000180012958     libvcruntime:undname.obj
 0002:0000095c       ??_C@_02FJEHGPIO@?1?$DN?$AA@ 000000018001295c     libvcruntime:undname.obj
 0002:00000960       ??_C@_02FENAOKFI@?$CF?$DN?$AA@ 0000000180012960     libvcruntime:undname.obj
 0002:00000964       ??_C@_03IKFCCPFF@?$DO?$DO?$DN?$AA@ 0000000180012964     libvcruntime:undname.obj
 0002:00000968       ??_C@_03CDNPDDLA@?$DM?$DM?$DN?$AA@ 0000000180012968     libvcruntime:undname.obj
 0002:0000096c       ??_C@_02FGJGFEAB@?$CG?$DN?$AA@ 000000018001296c     libvcruntime:undname.obj
 0002:00000970       ??_C@_02DHLNPPGH@?$HM?$DN?$AA@ 0000000180012970     libvcruntime:undname.obj
 0002:00000974       ??_C@_02MHEGNOJ@?$FO?$DN?$AA@ 0000000180012974     libvcruntime:undname.obj
 0002:00000978       ??_C@_09IFPLHPGF@?$GAvftable?8?$AA@ 0000000180012978     libvcruntime:undname.obj
 0002:00000988       ??_C@_09BLBHBJP@?$GAvbtable?8?$AA@ 0000000180012988     libvcruntime:undname.obj
 0002:00000998       ??_C@_07FEEIOKP@?$GAvcall?8?$AA@ 0000000180012998     libvcruntime:undname.obj
 0002:000009a0       ??_C@_08LLFFHHDJ@?$GAtypeof?8?$AA@ 00000001800129a0     libvcruntime:undname.obj
 0002:000009b0       ??_C@_0BF@KDPPACIK@?$GAlocal?5static?5guard?8?$AA@ 00000001800129b0     libvcruntime:undname.obj
 0002:000009c8       ??_C@_08OBABFOLI@?$GAstring?8?$AA@ 00000001800129c8     libvcruntime:undname.obj
 0002:000009d8       ??_C@_0BD@JDLKDPAB@?$GAvbase?5destructor?8?$AA@ 00000001800129d8     libvcruntime:undname.obj
 0002:000009f0       ??_C@_0BN@DEGPLNFK@?$GAvector?5deleting?5destructor?8?$AA@ 00000001800129f0     libvcruntime:undname.obj
 0002:00000a10       ??_C@_0BO@OBMKPJIG@?$GAdefault?5constructor?5closure?8?$AA@ 0000000180012a10     libvcruntime:undname.obj
 0002:00000a30       ??_C@_0BN@IMDCHIKM@?$GAscalar?5deleting?5destructor?8?$AA@ 0000000180012a30     libvcruntime:undname.obj
 0002:00000a50       ??_C@_0BO@PFGOCPJJ@?$GAvector?5constructor?5iterator?8?$AA@ 0000000180012a50     libvcruntime:undname.obj
 0002:00000a70       ??_C@_0BN@LFPFMEDL@?$GAvector?5destructor?5iterator?8?$AA@ 0000000180012a70     libvcruntime:undname.obj
 0002:00000a90       ??_C@_0CE@IKBNEHA@?$GAvector?5vbase?5constructor?5iterat@ 0000000180012a90     libvcruntime:undname.obj
 0002:00000ab8       ??_C@_0BL@NILFHHPC@?$GAvirtual?5displacement?5map?8?$AA@ 0000000180012ab8     libvcruntime:undname.obj
 0002:00000ad8       ??_C@_0CB@JONCMFFK@?$GAeh?5vector?5constructor?5iterator?8@ 0000000180012ad8     libvcruntime:undname.obj
 0002:00000b00       ??_C@_0CA@GCEOPDGL@?$GAeh?5vector?5destructor?5iterator?8?$AA@ 0000000180012b00     libvcruntime:undname.obj
 0002:00000b20       ??_C@_0CH@OOJPLCPH@?$GAeh?5vector?5vbase?5constructor?5ite@ 0000000180012b20     libvcruntime:undname.obj
 0002:00000b48       ??_C@_0BL@LLKPOHJI@?$GAcopy?5constructor?5closure?8?$AA@ 0000000180012b48     libvcruntime:undname.obj
 0002:00000b68       ??_C@_0BA@KBCDOMBN@?$GAudt?5returning?8?$AA@ 0000000180012b68     libvcruntime:undname.obj
 0002:00000b78       ??_C@_03KLGMFNMG@?$GAEH?$AA@ 0000000180012b78     libvcruntime:undname.obj
 0002:00000b7c       ??_C@_05KHLCHHI@?$GARTTI?$AA@ 0000000180012b7c     libvcruntime:undname.obj
 0002:00000b88       ??_C@_0BA@KKLDJDLB@?$GAlocal?5vftable?8?$AA@ 0000000180012b88     libvcruntime:undname.obj
 0002:00000b98       ??_C@_0CE@IIHCMGGL@?$GAlocal?5vftable?5constructor?5closu@ 0000000180012b98     libvcruntime:undname.obj
 0002:00000bbc       ??_C@_06FHBGPFGH@?5new?$FL?$FN?$AA@ 0000000180012bbc     libvcruntime:undname.obj
 0002:00000bc8       ??_C@_09LBNFPBCA@?5delete?$FL?$FN?$AA@ 0000000180012bc8     libvcruntime:undname.obj
 0002:00000bd8       ??_C@_0P@HJKNJFNN@?$GAomni?5callsig?8?$AA@ 0000000180012bd8     libvcruntime:undname.obj
 0002:00000be8       ??_C@_0BL@CNOONJFP@?$GAplacement?5delete?5closure?8?$AA@ 0000000180012be8     libvcruntime:undname.obj
 0002:00000c08       ??_C@_0BN@CKNJLHMB@?$GAplacement?5delete?$FL?$FN?5closure?8?$AA@ 0000000180012c08     libvcruntime:undname.obj
 0002:00000c28       ??_C@_0CG@CFDHKGGD@?$GAmanaged?5vector?5constructor?5iter@ 0000000180012c28     libvcruntime:undname.obj
 0002:00000c50       ??_C@_0CF@IMGKMJNO@?$GAmanaged?5vector?5destructor?5itera@ 0000000180012c50     libvcruntime:undname.obj
 0002:00000c78       ??_C@_0CG@HLDDJMAG@?$GAeh?5vector?5copy?5constructor?5iter@ 0000000180012c78     libvcruntime:undname.obj
 0002:00000ca0       ??_C@_0CM@FCBBDIGB@?$GAeh?5vector?5vbase?5copy?5constructo@ 0000000180012ca0     libvcruntime:undname.obj
 0002:00000cd0       ??_C@_0BL@CLIPGLGB@?$GAdynamic?5initializer?5for?5?8?$AA@ 0000000180012cd0     libvcruntime:undname.obj
 0002:00000cf0       ??_C@_0CB@PDBIFEP@?$GAdynamic?5atexit?5destructor?5for?5?8@ 0000000180012cf0     libvcruntime:undname.obj
 0002:00000d18       ??_C@_0CD@CGAJBKEJ@?$GAvector?5copy?5constructor?5iterato@ 0000000180012d18     libvcruntime:undname.obj
 0002:00000d40       ??_C@_0CJ@GJELGAMM@?$GAvector?5vbase?5copy?5constructor?5i@ 0000000180012d40     libvcruntime:undname.obj
 0002:00000d70       ??_C@_0CL@FGIJHLCE@?$GAmanaged?5vector?5copy?5constructor@ 0000000180012d70     libvcruntime:undname.obj
 0002:00000da0       ??_C@_0BM@PMGGMLDN@?$GAlocal?5static?5thread?5guard?8?$AA@ 0000000180012da0     libvcruntime:undname.obj
 0002:00000dc0       ??_C@_0N@BDNMDMOL@operator?5?$CC?$CC?5?$AA@ 0000000180012dc0     libvcruntime:undname.obj
 0002:00000dd0       ??_C@_0BC@GGEBGALA@operator?5co_await?$AA@ 0000000180012dd0     libvcruntime:undname.obj
 0002:00000de8       ??_C@_0BC@DAFEJGAK@?5Type?5Descriptor?8?$AA@ 0000000180012de8     libvcruntime:undname.obj
 0002:00000e00       ??_C@_0BM@LDKODKLH@?5Base?5Class?5Descriptor?5at?5?$CI?$AA@ 0000000180012e00     libvcruntime:undname.obj
 0002:00000e20       ??_C@_0BD@LGICGFMM@?5Base?5Class?5Array?8?$AA@ 0000000180012e20     libvcruntime:undname.obj
 0002:00000e38       ??_C@_0BN@MECKDCOJ@?5Class?5Hierarchy?5Descriptor?8?$AA@ 0000000180012e38     libvcruntime:undname.obj
 0002:00000e58       ??_C@_0BK@CFCOFLF@?5Complete?5Object?5Locator?8?$AA@ 0000000180012e58     libvcruntime:undname.obj
 0002:00000e90       ??_C@_1DM@KHCHBNEB@?$AAa?$AAp?$AAi?$AA?9?$AAm?$AAs?$AA?9?$AAw?$AAi?$AAn?$AA?9?$AAc?$AAo?$AAr?$AAe?$AA?9?$AAf?$AAi?$AAb?$AAe?$AAr?$AAs?$AA?9?$AAl?$AA1?$AA?9?$AA1?$AA?9?$AA1?$AA?$AA@ 0000000180012e90     libvcruntime:winapi_downlevel.obj
 0002:00000ed0       ??_C@_1DK@LPPGFMPP@?$AAa?$AAp?$AAi?$AA?9?$AAm?$AAs?$AA?9?$AAw?$AAi?$AAn?$AA?9?$AAc?$AAo?$AAr?$AAe?$AA?9?$AAs?$AAy?$AAn?$AAc?$AAh?$AA?9?$AAl?$AA1?$AA?9?$AA2?$AA?9?$AA0?$AA?$AA@ 0000000180012ed0     libvcruntime:winapi_downlevel.obj
 0002:00000f10       ??_C@_1BC@GDMECMAK@?$AAk?$AAe?$AAr?$AAn?$AAe?$AAl?$AA3?$AA2?$AA?$AA@ 0000000180012f10     libvcruntime:winapi_downlevel.obj
 0002:00000f28       ??_C@_1BA@PFFKHIOG@?$AAa?$AAp?$AAi?$AA?9?$AAm?$AAs?$AA?9?$AA?$AA@ 0000000180012f28     libvcruntime:winapi_downlevel.obj
 0002:00000f38       ??_C@_1BA@IAIFMGEF@?$AAe?$AAx?$AAt?$AA?9?$AAm?$AAs?$AA?9?$AA?$AA@ 0000000180012f38     libvcruntime:winapi_downlevel.obj
 0002:00000f50       ??_C@_08KNHFBNJ@FlsAlloc?$AA@ 0000000180012f50     libvcruntime:winapi_downlevel.obj
 0002:00000f68       ??_C@_07PEJMOBNF@FlsFree?$AA@ 0000000180012f68     libvcruntime:winapi_downlevel.obj
 0002:00000f78       ??_C@_0M@GDNOONDI@FlsGetValue?$AA@ 0000000180012f78     libvcruntime:winapi_downlevel.obj
 0002:00000f90       ??_C@_0M@JCPCPOEF@FlsSetValue?$AA@ 0000000180012f90     libvcruntime:winapi_downlevel.obj
 0002:00000fa8       ??_C@_0BM@HCFOFFN@InitializeCriticalSectionEx?$AA@ 0000000180012fa8     libvcruntime:winapi_downlevel.obj
 0002:00000fd0       standard_lookup_table      0000000180012fd0     libucrt:output.obj
 0002:0000102c       ??_C@_06OJHGLDPL@?$CInull?$CJ?$AA@ 000000018001302c     libucrt:output.obj
 0002:00001038       ??_C@_1O@CEDCILHN@?$AA?$CI?$AAn?$AAu?$AAl?$AAl?$AA?$CJ?$AA?$AA@ 0000000180013038     libucrt:output.obj
 0002:00001050       __acrt_exception_action_table 0000000180013050     libucrt:exception_filter.obj
 0002:00001110       __acrt_signal_action_table_count 0000000180013110     libucrt:exception_filter.obj
 0002:00001118       __acrt_signal_action_first_fpe_index 0000000180013118     libucrt:exception_filter.obj
 0002:00001120       __acrt_signal_action_fpe_count 0000000180013120     libucrt:exception_filter.obj
 0002:00001128       ??_C@_1BI@BGOHAHKC@?$AAm?$AAs?$AAc?$AAo?$AAr?$AAe?$AAe?$AA?4?$AAd?$AAl?$AAl?$AA?$AA@ 0000000180013128     libucrt:exit.obj
 0002:00001140       ??_C@_0P@MIGLKIOC@CorExitProcess?$AA@ 0000000180013140     libucrt:exit.obj
 0002:000013a8       ??_C@_03OEIAHPBN@INF?$AA@  00000001800133a8     libucrt:cvt.obj
 0002:000013ac       ??_C@_03OJHLLCGB@inf?$AA@  00000001800133ac     libucrt:cvt.obj
 0002:000013b0       ??_C@_03LKNCIKJB@NAN?$AA@  00000001800133b0     libucrt:cvt.obj
 0002:000013b4       ??_C@_03LHCJEHON@nan?$AA@  00000001800133b4     libucrt:cvt.obj
 0002:000013b8       ??_C@_09OFJJIMPC@NAN?$CISNAN?$CJ?$AA@ 00000001800133b8     libucrt:cvt.obj
 0002:000013c8       ??_C@_09IPFBKMDL@nan?$CIsnan?$CJ?$AA@ 00000001800133c8     libucrt:cvt.obj
 0002:000013d8       ??_C@_08IKHNHAJ@NAN?$CIIND?$CJ?$AA@ 00000001800133d8     libucrt:cvt.obj
 0002:000013e8       ??_C@_08OFCDMILK@nan?$CIind?$CJ?$AA@ 00000001800133e8     libucrt:cvt.obj
 0002:000013f4       ??_C@_05KLBDPFGC@e?$CL000?$AA@ 00000001800133f4     libucrt:cvt.obj
 0002:00001400       __lc_time_c                0000000180013400     libucrt:nlsdata.obj
 0002:000016c0       ??_C@_03KOEHGMDN@Sun?$AA@  00000001800136c0     libucrt:nlsdata.obj
 0002:000016c4       ??_C@_03PDAGKDH@Mon?$AA@   00000001800136c4     libucrt:nlsdata.obj
 0002:000016c8       ??_C@_03NAGEINEP@Tue?$AA@  00000001800136c8     libucrt:nlsdata.obj
 0002:000016cc       ??_C@_03MHOMLAJA@Wed?$AA@  00000001800136cc     libucrt:nlsdata.obj
 0002:000016d0       ??_C@_03IOFIKPDN@Thu?$AA@  00000001800136d0     libucrt:nlsdata.obj
 0002:000016d4       ??_C@_03IDIOELNC@Fri?$AA@  00000001800136d4     libucrt:nlsdata.obj
 0002:000016d8       ??_C@_03FEFJNEK@Sat?$AA@   00000001800136d8     libucrt:nlsdata.obj
 0002:000016dc       ??_C@_06OOPIFAJ@Sunday?$AA@ 00000001800136dc     libucrt:nlsdata.obj
 0002:000016e4       ??_C@_06JLEDEDGH@Monday?$AA@ 00000001800136e4     libucrt:nlsdata.obj
 0002:000016f0       ??_C@_07BAAGCFCM@Tuesday?$AA@ 00000001800136f0     libucrt:nlsdata.obj
 0002:000016f8       ??_C@_09DLIGFAKA@Wednesday?$AA@ 00000001800136f8     libucrt:nlsdata.obj
 0002:00001708       ??_C@_08HACCIKIA@Thursday?$AA@ 0000000180013708     libucrt:nlsdata.obj
 0002:00001714       ??_C@_06JECMNKMI@Friday?$AA@ 0000000180013714     libucrt:nlsdata.obj
 0002:00001720       ??_C@_08INBOOONO@Saturday?$AA@ 0000000180013720     libucrt:nlsdata.obj
 0002:0000172c       ??_C@_03JIHJHPIE@Jan?$AA@  000000018001372c     libucrt:nlsdata.obj
 0002:00001730       ??_C@_03HJBDCHOM@Feb?$AA@  0000000180013730     libucrt:nlsdata.obj
 0002:00001734       ??_C@_03ODNJBKGA@Mar?$AA@  0000000180013734     libucrt:nlsdata.obj
 0002:00001738       ??_C@_03LEOLGMJP@Apr?$AA@  0000000180013738     libucrt:nlsdata.obj
 0002:0000173c       ??_C@_03CNMDKL@May?$AA@    000000018001373c     libucrt:nlsdata.obj
 0002:00001740       ??_C@_03IDFGHECI@Jun?$AA@  0000000180013740     libucrt:nlsdata.obj
 0002:00001744       ??_C@_03LBGABGKK@Jul?$AA@  0000000180013744     libucrt:nlsdata.obj
 0002:00001748       ??_C@_03IFJFEIGA@Aug?$AA@  0000000180013748     libucrt:nlsdata.obj
 0002:0000174c       ??_C@_03GGCAPAJC@Sep?$AA@  000000018001374c     libucrt:nlsdata.obj
 0002:00001750       ??_C@_03BMAOKBAD@Oct?$AA@  0000000180013750     libucrt:nlsdata.obj
 0002:00001754       ??_C@_03JPJOFNIA@Nov?$AA@  0000000180013754     libucrt:nlsdata.obj
 0002:00001758       ??_C@_03MKABNOCG@Dec?$AA@  0000000180013758     libucrt:nlsdata.obj
 0002:00001760       ??_C@_07CGJPFGJA@January?$AA@ 0000000180013760     libucrt:nlsdata.obj
 0002:00001768       ??_C@_08GNJGEPFN@February?$AA@ 0000000180013768     libucrt:nlsdata.obj
 0002:00001774       ??_C@_05HPCKOFNC@March?$AA@ 0000000180013774     libucrt:nlsdata.obj
 0002:0000177c       ??_C@_05DMJDNLEJ@April?$AA@ 000000018001377c     libucrt:nlsdata.obj
 0002:00001784       ??_C@_04CNLMGBGM@June?$AA@ 0000000180013784     libucrt:nlsdata.obj
 0002:0000178c       ??_C@_04MIEPOIFP@July?$AA@ 000000018001378c     libucrt:nlsdata.obj
 0002:00001794       ??_C@_06LBBHFDDG@August?$AA@ 0000000180013794     libucrt:nlsdata.obj
 0002:000017a0       ??_C@_09BHHEALKD@September?$AA@ 00000001800137a0     libucrt:nlsdata.obj
 0002:000017b0       ??_C@_07JJNFCEND@October?$AA@ 00000001800137b0     libucrt:nlsdata.obj
 0002:000017b8       ??_C@_08HCHEGEOA@November?$AA@ 00000001800137b8     libucrt:nlsdata.obj
 0002:000017c8       ??_C@_08EDHMEBNP@December?$AA@ 00000001800137c8     libucrt:nlsdata.obj
 0002:000017d4       ??_C@_02DEDBPAFC@AM?$AA@   00000001800137d4     libucrt:nlsdata.obj
 0002:000017d8       ??_C@_02CJNFDJBF@PM?$AA@   00000001800137d8     libucrt:nlsdata.obj
 0002:000017e0       ??_C@_08BPBNCDIB@MM?1dd?1yy?$AA@ 00000001800137e0     libucrt:nlsdata.obj
 0002:000017f0       ??_C@_0BE@CKGJFCPC@dddd?0?5MMMM?5dd?0?5yyyy?$AA@ 00000001800137f0     libucrt:nlsdata.obj
 0002:00001808       ??_C@_08JCCMCCIL@HH?3mm?3ss?$AA@ 0000000180013808     libucrt:nlsdata.obj
 0002:00001818       ??_C@_17MBGCMIPB@?$AAS?$AAu?$AAn?$AA?$AA@ 0000000180013818     libucrt:nlsdata.obj
 0002:00001820       ??_C@_17KBOMKBF@?$AAM?$AAo?$AAn?$AA?$AA@ 0000000180013820     libucrt:nlsdata.obj
 0002:00001828       ??_C@_17BMKGEGOJ@?$AAT?$AAu?$AAe?$AA?$AA@ 0000000180013828     libucrt:nlsdata.obj
 0002:00001830       ??_C@_17CJEDCEPE@?$AAW?$AAe?$AAd?$AA?$AA@ 0000000180013830     libucrt:nlsdata.obj
 0002:00001838       ??_C@_17PDPHAADD@?$AAT?$AAh?$AAu?$AA?$AA@ 0000000180013838     libucrt:nlsdata.obj
 0002:00001840       ??_C@_17HFOLPPLP@?$AAF?$AAr?$AAi?$AA?$AA@ 0000000180013840     libucrt:nlsdata.obj
 0002:00001848       ??_C@_17GGIBDPIH@?$AAS?$AAa?$AAt?$AA?$AA@ 0000000180013848     libucrt:nlsdata.obj
 0002:00001850       ??_C@_1O@IHNHDHPB@?$AAS?$AAu?$AAn?$AAd?$AAa?$AAy?$AA?$AA@ 0000000180013850     libucrt:nlsdata.obj
 0002:00001860       ??_C@_1O@MMNBFLIA@?$AAM?$AAo?$AAn?$AAd?$AAa?$AAy?$AA?$AA@ 0000000180013860     libucrt:nlsdata.obj
 0002:00001870       ??_C@_1BA@ENFBFFEK@?$AAT?$AAu?$AAe?$AAs?$AAd?$AAa?$AAy?$AA?$AA@ 0000000180013870     libucrt:nlsdata.obj
 0002:00001880       ??_C@_1BE@EBOGMDOH@?$AAW?$AAe?$AAd?$AAn?$AAe?$AAs?$AAd?$AAa?$AAy?$AA?$AA@ 0000000180013880     libucrt:nlsdata.obj
 0002:00001898       ??_C@_1BC@HHMNLIHE@?$AAT?$AAh?$AAu?$AAr?$AAs?$AAd?$AAa?$AAy?$AA?$AA@ 0000000180013898     libucrt:nlsdata.obj
 0002:000018b0       ??_C@_1O@PDICJHAG@?$AAF?$AAr?$AAi?$AAd?$AAa?$AAy?$AA?$AA@ 00000001800138b0     libucrt:nlsdata.obj
 0002:000018c0       ??_C@_1BC@ENMNNPAJ@?$AAS?$AAa?$AAt?$AAu?$AAr?$AAd?$AAa?$AAy?$AA?$AA@ 00000001800138c0     libucrt:nlsdata.obj
 0002:000018d8       ??_C@_17DKNBKCHM@?$AAJ?$AAa?$AAn?$AA?$AA@ 00000001800138d8     libucrt:nlsdata.obj
 0002:000018e0       ??_C@_17LMDJEKJN@?$AAF?$AAe?$AAb?$AA?$AA@ 00000001800138e0     libucrt:nlsdata.obj
 0002:000018e8       ??_C@_17CKNLEDEC@?$AAM?$AAa?$AAr?$AA?$AA@ 00000001800138e8     libucrt:nlsdata.obj
 0002:000018f0       ??_C@_17LFPOIHDD@?$AAA?$AAp?$AAr?$AA?$AA@ 00000001800138f0     libucrt:nlsdata.obj
 0002:000018f8       ??_C@_17PNNKMEED@?$AAM?$AAa?$AAy?$AA?$AA@ 00000001800138f8     libucrt:nlsdata.obj
 0002:00001900       ??_C@_17KCJGOCPB@?$AAJ?$AAu?$AAn?$AA?$AA@ 0000000180013900     libucrt:nlsdata.obj
 0002:00001908       ??_C@_17IJPCKHK@?$AAJ?$AAu?$AAl?$AA?$AA@ 0000000180013908     libucrt:nlsdata.obj
 0002:00001910       ??_C@_17ICPELBCN@?$AAA?$AAu?$AAg?$AA?$AA@ 0000000180013910     libucrt:nlsdata.obj
 0002:00001918       ??_C@_17HCHCOKMG@?$AAS?$AAe?$AAp?$AA?$AA@ 0000000180013918     libucrt:nlsdata.obj
 0002:00001920       ??_C@_17FNLKOI@?$AAO?$AAc?$AAt?$AA?$AA@ 0000000180013920     libucrt:nlsdata.obj
 0002:00001928       ??_C@_17BBDMLCIG@?$AAN?$AAo?$AAv?$AA?$AA@ 0000000180013928     libucrt:nlsdata.obj
 0002:00001930       ??_C@_17EGKACKIF@?$AAD?$AAe?$AAc?$AA?$AA@ 0000000180013930     libucrt:nlsdata.obj
 0002:00001938       ??_C@_1BA@EFMEIEBA@?$AAJ?$AAa?$AAn?$AAu?$AAa?$AAr?$AAy?$AA?$AA@ 0000000180013938     libucrt:nlsdata.obj
 0002:00001948       ??_C@_1BC@JGDDFFAM@?$AAF?$AAe?$AAb?$AAr?$AAu?$AAa?$AAr?$AAy?$AA?$AA@ 0000000180013948     libucrt:nlsdata.obj
 0002:00001960       ??_C@_1M@IKEENEDF@?$AAM?$AAa?$AAr?$AAc?$AAh?$AA?$AA@ 0000000180013960     libucrt:nlsdata.obj
 0002:00001970       ??_C@_1M@GJNLMHFD@?$AAA?$AAp?$AAr?$AAi?$AAl?$AA?$AA@ 0000000180013970     libucrt:nlsdata.obj
 0002:00001980       ??_C@_19EPFLPGAP@?$AAJ?$AAu?$AAn?$AAe?$AA?$AA@ 0000000180013980     libucrt:nlsdata.obj
 0002:00001990       ??_C@_19BIFMLPCD@?$AAJ?$AAu?$AAl?$AAy?$AA?$AA@ 0000000180013990     libucrt:nlsdata.obj
 0002:000019a0       ??_C@_1O@PAHLKOAC@?$AAA?$AAu?$AAg?$AAu?$AAs?$AAt?$AA?$AA@ 00000001800139a0     libucrt:nlsdata.obj
 0002:000019b0       ??_C@_1BE@DKAAMBJL@?$AAS?$AAe?$AAp?$AAt?$AAe?$AAm?$AAb?$AAe?$AAr?$AA?$AA@ 00000001800139b0     libucrt:nlsdata.obj
 0002:000019c8       ??_C@_1BA@EPANDLNG@?$AAO?$AAc?$AAt?$AAo?$AAb?$AAe?$AAr?$AA?$AA@ 00000001800139c8     libucrt:nlsdata.obj
 0002:000019d8       ??_C@_1BC@BGLIFPF@?$AAN?$AAo?$AAv?$AAe?$AAm?$AAb?$AAe?$AAr?$AA?$AA@ 00000001800139d8     libucrt:nlsdata.obj
 0002:000019f0       ??_C@_1BC@FEMKIFH@?$AAD?$AAe?$AAc?$AAe?$AAm?$AAb?$AAe?$AAr?$AA?$AA@ 00000001800139f0     libucrt:nlsdata.obj
 0002:00001a04       ??_C@_15ODEHAHHF@?$AAA?$AAM?$AA?$AA@ 0000000180013a04     libucrt:nlsdata.obj
 0002:00001a0c       ??_C@_15CLMNNGEL@?$AAP?$AAM?$AA?$AA@ 0000000180013a0c     libucrt:nlsdata.obj
 0002:00001a18       ??_C@_1BC@IEBCMHCM@?$AAM?$AAM?$AA?1?$AAd?$AAd?$AA?1?$AAy?$AAy?$AA?$AA@ 0000000180013a18     libucrt:nlsdata.obj
 0002:00001a30       ??_C@_1CI@KNAKOEBC@?$AAd?$AAd?$AAd?$AAd?$AA?0?$AA?5?$AAM?$AAM?$AAM?$AAM?$AA?5?$AAd?$AAd?$AA?0?$AA?5?$AAy?$AAy?$AAy?$AAy?$AA?$AA@ 0000000180013a30     libucrt:nlsdata.obj
 0002:00001a58       ??_C@_1BC@GDGBMEMK@?$AAH?$AAH?$AA?3?$AAm?$AAm?$AA?3?$AAs?$AAs?$AA?$AA@ 0000000180013a58     libucrt:nlsdata.obj
 0002:00001a70       ??_C@_1M@BMHNFIME@?$AAe?$AAn?$AA?9?$AAU?$AAS?$AA?$AA@ 0000000180013a70     libucrt:nlsdata.obj
 0002:00001b20       ??_C@_1EG@CNNIPFIM@?$AAa?$AAp?$AAi?$AA?9?$AAm?$AAs?$AA?9?$AAw?$AAi?$AAn?$AA?9?$AAa?$AAp?$AAp?$AAm?$AAo?$AAd?$AAe?$AAl?$AA?9?$AAr?$AAu?$AAn?$AAt?$AAi?$AAm?$AAe?$AA?9?$AAl?$AA1?$AA?9?$AA1@ 0000000180013b20     libucrt:winapi_thunks.obj
 0002:00001b70       ??_C@_1EA@JGEFHKEI@?$AAa?$AAp?$AAi?$AA?9?$AAm?$AAs?$AA?9?$AAw?$AAi?$AAn?$AA?9?$AAc?$AAo?$AAr?$AAe?$AA?9?$AAd?$AAa?$AAt?$AAe?$AAt?$AAi?$AAm?$AAe?$AA?9?$AAl?$AA1?$AA?9?$AA1?$AA?9?$AA1?$AA?$AA@ 0000000180013b70     libucrt:winapi_thunks.obj
 0002:00001bb0       ??_C@_1DI@GCIAAENM@?$AAa?$AAp?$AAi?$AA?9?$AAm?$AAs?$AA?9?$AAw?$AAi?$AAn?$AA?9?$AAc?$AAo?$AAr?$AAe?$AA?9?$AAf?$AAi?$AAl?$AAe?$AA?9?$AAl?$AA2?$AA?9?$AA1?$AA?9?$AA1?$AA?$AA@ 0000000180013bb0     libucrt:winapi_thunks.obj
 0002:00001bf0       ??_C@_1EI@MPIAOHOC@?$AAa?$AAp?$AAi?$AA?9?$AAm?$AAs?$AA?9?$AAw?$AAi?$AAn?$AA?9?$AAc?$AAo?$AAr?$AAe?$AA?9?$AAl?$AAo?$AAc?$AAa?$AAl?$AAi?$AAz?$AAa?$AAt?$AAi?$AAo?$AAn?$AA?9?$AAl?$AA1?$AA?9@ 0000000180013bf0     libucrt:winapi_thunks.obj
 0002:00001c40       ??_C@_1FK@FPHCKFIE@?$AAa?$AAp?$AAi?$AA?9?$AAm?$AAs?$AA?9?$AAw?$AAi?$AAn?$AA?9?$AAc?$AAo?$AAr?$AAe?$AA?9?$AAl?$AAo?$AAc?$AAa?$AAl?$AAi?$AAz?$AAa?$AAt?$AAi?$AAo?$AAn?$AA?9?$AAo?$AAb?$AAs@ 0000000180013c40     libucrt:winapi_thunks.obj
 0002:00001ca0       ??_C@_1EM@DILCGIIO@?$AAa?$AAp?$AAi?$AA?9?$AAm?$AAs?$AA?9?$AAw?$AAi?$AAn?$AA?9?$AAc?$AAo?$AAr?$AAe?$AA?9?$AAp?$AAr?$AAo?$AAc?$AAe?$AAs?$AAs?$AAt?$AAh?$AAr?$AAe?$AAa?$AAd?$AAs?$AA?9?$AAl@ 0000000180013ca0     libucrt:winapi_thunks.obj
 0002:00001cf0       ??_C@_1DM@LNCGDDPN@?$AAa?$AAp?$AAi?$AA?9?$AAm?$AAs?$AA?9?$AAw?$AAi?$AAn?$AA?9?$AAc?$AAo?$AAr?$AAe?$AA?9?$AAs?$AAt?$AAr?$AAi?$AAn?$AAg?$AA?9?$AAl?$AA1?$AA?9?$AA1?$AA?9?$AA0?$AA?$AA@ 0000000180013cf0     libucrt:winapi_thunks.obj
 0002:00001d30       ??_C@_1DO@FPAPJEMD@?$AAa?$AAp?$AAi?$AA?9?$AAm?$AAs?$AA?9?$AAw?$AAi?$AAn?$AA?9?$AAc?$AAo?$AAr?$AAe?$AA?9?$AAs?$AAy?$AAs?$AAi?$AAn?$AAf?$AAo?$AA?9?$AAl?$AA1?$AA?9?$AA2?$AA?9?$AA1?$AA?$AA@ 0000000180013d30     libucrt:winapi_thunks.obj
 0002:00001d70       ??_C@_1DK@NDHNAHIO@?$AAa?$AAp?$AAi?$AA?9?$AAm?$AAs?$AA?9?$AAw?$AAi?$AAn?$AA?9?$AAc?$AAo?$AAr?$AAe?$AA?9?$AAw?$AAi?$AAn?$AAr?$AAt?$AA?9?$AAl?$AA1?$AA?9?$AA1?$AA?9?$AA0?$AA?$AA@ 0000000180013d70     libucrt:winapi_thunks.obj
 0002:00001db0       ??_C@_1DM@KGHDGBCM@?$AAa?$AAp?$AAi?$AA?9?$AAm?$AAs?$AA?9?$AAw?$AAi?$AAn?$AA?9?$AAc?$AAo?$AAr?$AAe?$AA?9?$AAx?$AAs?$AAt?$AAa?$AAt?$AAe?$AA?9?$AAl?$AA2?$AA?9?$AA1?$AA?9?$AA0?$AA?$AA@ 0000000180013db0     libucrt:winapi_thunks.obj
 0002:00001df0       ??_C@_1EO@IJIOEFOH@?$AAa?$AAp?$AAi?$AA?9?$AAm?$AAs?$AA?9?$AAw?$AAi?$AAn?$AA?9?$AAr?$AAt?$AAc?$AAo?$AAr?$AAe?$AA?9?$AAn?$AAt?$AAu?$AAs?$AAe?$AAr?$AA?9?$AAw?$AAi?$AAn?$AAd?$AAo?$AAw?$AA?9@ 0000000180013df0     libucrt:winapi_thunks.obj
 0002:00001e40       ??_C@_1FG@HHGEKANL@?$AAa?$AAp?$AAi?$AA?9?$AAm?$AAs?$AA?9?$AAw?$AAi?$AAn?$AA?9?$AAs?$AAe?$AAc?$AAu?$AAr?$AAi?$AAt?$AAy?$AA?9?$AAs?$AAy?$AAs?$AAt?$AAe?$AAm?$AAf?$AAu?$AAn?$AAc?$AAt?$AAi@ 0000000180013e40     libucrt:winapi_thunks.obj
[...]
 0004:000008d0       $pdata$__acrt_initialize_locks 000000018001e8d0     libucrt:locks.obj
 0004:000008dc       $pdata$__acrt_uninitialize_locks 000000018001e8dc     libucrt:locks.obj
 0004:000008e8       $pdata$?try_get_function@@YAPEAXW4function_id@?A0x63058377@@QEBDQEBW4module_id@2@2@Z 000000018001e8e8     libucrt:winapi_thunks.obj
 0004:000008f4       $pdata$__acrt_FlsAlloc     000000018001e8f4     libucrt:winapi_thunks.obj
 0004:00000900       $pdata$__acrt_FlsFree      000000018001e900     libucrt:winapi_thunks.obj
 0004:0000090c       $pdata$__acrt_FlsGetValue  000000018001e90c     libucrt:winapi_thunks.obj
 0004:00000918       $pdata$__acrt_FlsSetValue  000000018001e918     libucrt:winapi_thunks.obj
 0004:00000924       $pdata$__acrt_InitializeCriticalSectionEx 000000018001e924     libucrt:winapi_thunks.obj
 0004:00000930       $pdata$__acrt_LCMapStringEx 000000018001e930     libucrt:winapi_thunks.obj
 0004:0000093c       $pdata$__acrt_LocaleNameToLCID 000000018001e93c     libucrt:winapi_thunks.obj
 0004:00000948       $pdata$__acrt_initialize_winapi_thunks 000000018001e948     libucrt:winapi_thunks.obj
 0004:00000954       $pdata$__acrt_is_packaged_app 000000018001e954     libucrt:winapi_thunks.obj
 0004:00000960       $pdata$__acrt_uninitialize_winapi_thunks 000000018001e960     libucrt:winapi_thunks.obj
 0004:0000096c       $pdata$??$common_expand_argv_wildcards@D@@YAHQEAPEADQEAPEAPEAD@Z 000000018001e96c     libucrt:argv_wildcards.obj
 0004:00000978       $pdata$??$copy_and_add_argument_to_buffer@D@@YAHQEBD0_KAEAV?$argument_list@D@?A0xca0879c4@@@Z 000000018001e978     libucrt:argv_wildcards.obj
 0004:00000984       $pdata$??$expand_argument_wildcards@D@@YAHQEAD0AEAV?$argument_list@D@?A0xca0879c4@@@Z 000000018001e984     libucrt:argv_wildcards.obj
 0004:00000990       $pdata$?expand_if_necessary@?$argument_list@D@?A0xca0879c4@@AEAAHXZ 000000018001e990     libucrt:argv_wildcards.obj
 0004:0000099c       $pdata$??$?RV<lambda_99476a1ad63dd22509b5d3e65b0ffc95>@@AEAV<lambda_ad1ced32f4ac17aa236e5ef05d6b3b7c>@@V<lambda_f7424dd8d45958661754dc4f2697e9c3>@@@?$__crt_seh_guarded_call@X@@QEAAX$$QEAV<lambda_99476a1ad63dd22509b5d3e65b0ffc95>@@AEAV<lambda_ad1ced32f4ac17aa236e5ef05d6b3b7c>@@$$QEAV<lambda_f7424dd8d45958661754dc4f2697e9c3>@@@Z 000000018001e99c     libucrt:mbctype.obj
 0004:000009a8       $pdata$??R<lambda_ad1ced32f4ac17aa236e5ef05d6b3b7c>@@QEBAXXZ 000000018001e9a8     libucrt:mbctype.obj
 0004:000009b4       $pdata$?getSystemCP@@YAHH@Z 000000018001e9b4     libucrt:mbctype.obj
 0004:000009c0       $pdata$?setSBCS@@YAXPEAU__crt_multibyte_data@@@Z 000000018001e9c0     libucrt:mbctype.obj
 0004:000009cc       $pdata$?setSBUpLow@@YAXPEAU__crt_multibyte_data@@@Z 000000018001e9cc     libucrt:mbctype.obj
 0004:000009d8       $pdata$?setmbcp_internal@@YAHH_N@Z 000000018001e9d8     libucrt:mbctype.obj
 0004:000009e4       $pdata$__acrt_initialize_multibyte 000000018001e9e4     libucrt:mbctype.obj
 0004:000009f0       $pdata$__acrt_update_thread_multibyte_data 000000018001e9f0     libucrt:mbctype.obj
 0004:000009fc       $pdata$_setmbcp_nolock     000000018001e9fc     libucrt:mbctype.obj
 0004:00000a08       $pdata$?x_ismbbtype_l@@YAHPEAU__crt_locale_pointers@@IHH@Z 000000018001ea08     libucrt:ismbbyte.obj
 0004:00000a14       $pdata$__acrt_initialize_command_line 000000018001ea14     libucrt:argv_data.obj
 0004:00000a20       $pdata$__dcrt_get_narrow_environment_from_os 000000018001ea20     libucrt:get_environment_from_os.obj
 0004:00000a2c       $pdata$_recalloc_base      000000018001ea2c     libucrt:recalloc.obj
 0004:00000a38       $pdata$__acrt_initialize_heap 000000018001ea38     libucrt:heap_handle.obj
 0004:00000a44       $pdata$__acrt_execute_initializers 000000018001ea44     libucrt:shared_initialization.obj
 0004:00000a50       $pdata$__acrt_execute_uninitializers 000000018001ea50     libucrt:shared_initialization.obj
 0004:00000a5c       $pdata$_callnewh           000000018001ea5c     libucrt:new_handler.obj
 0004:00000a68       $pdata$_query_new_handler  000000018001ea68     libucrt:new_handler.obj
 0004:00000a74       $pdata$??$?RV<lambda_c36588078e9f5dfd39652860aa6b3aaf>@@AEAV<lambda_ec61778202f4f5fc7e7711acc23c3bca>@@V<lambda_dc9d2797ccde5d239b4a0efae8ebd7db>@@@?$__crt_seh_guarded_call@P6AXH@Z@@QEAAP6AXH@Z$$QEAV<lambda_c36588078e9f5dfd39652860aa6b3aaf>@@AEAV<lambda_ec61778202f4f5fc7e7711acc23c3bca>@@$$QEAV<lambda_dc9d2797ccde5d239b4a0efae8ebd7db>@@@Z 000000018001ea74     libucrt:signal.obj
 0004:00000a80       $pdata$__acrt_get_sigabrt_handler 000000018001ea80     libucrt:signal.obj
 0004:00000a8c       $pdata$raise               000000018001ea8c     libucrt:signal.obj
 0004:00000a98       $pdata$__acrt_invoke_user_matherr 000000018001ea98     libucrt:matherr.obj
 0004:00000aa4       $pdata$__pctype_func       000000018001eaa4     libucrt:ctype.obj
 0004:00000ab0       $pdata$iswctype            000000018001eab0     libucrt:iswctype.obj
 0004:00000abc       $pdata$_isctype_l          000000018001eabc     libucrt:isctype.obj
 0004:00000ac8       $pdata$_isleadbyte_l       000000018001eac8     libucrt:_wctype.obj
 0004:00000ad4       $pdata$?__acrt_LCMapStringA_stat@@YAHPEAU__crt_locale_pointers@@PEB_WKPEBDHPEADHHH@Z 000000018001ead4     libucrt:lcmapstringa.obj
 0004:00000ae0       $pdata$__acrt_LCMapStringA 000000018001eae0     libucrt:lcmapstringa.obj
 0004:00000aec       $pdata$__acrt_free_locale  000000018001eaec     libucrt:locale_refcounting.obj
 0004:00000af8       $pdata$__acrt_locale_free_lc_time_if_unreferenced 000000018001eaf8     libucrt:locale_refcounting.obj
 0004:00000b04       $pdata$__acrt_release_locale_ref 000000018001eb04     libucrt:locale_refcounting.obj
 0004:00000b10       $pdata$__acrt_update_thread_locale_data 000000018001eb10     libucrt:locale_refcounting.obj
 0004:00000b1c       $pdata$_updatetlocinfoEx_nolock 000000018001eb1c     libucrt:locale_refcounting.obj
 0004:00000b28       $pdata$__acrt_fp_strflt_to_string 000000018001eb28     libucrt:_fptostr.obj
 0004:00000b34       $pdata$?divide@__crt_strtox@@YA_KAEAUbig_integer@1@AEBU21@@Z 000000018001eb34     libucrt:cfout.obj
 0004:00000b40       $pdata$5$?divide@__crt_strtox@@YA_KAEAUbig_integer@1@AEBU21@@Z 000000018001eb40     libucrt:cfout.obj
 0004:00000b4c       $pdata$6$?divide@__crt_strtox@@YA_KAEAUbig_integer@1@AEBU21@@Z 000000018001eb4c     libucrt:cfout.obj
 0004:00000b58       $pdata$__acrt_fltout       000000018001eb58     libucrt:cfout.obj
 0004:00000b64       $pdata$memcpy_s            000000018001eb64     libucrt:cfout.obj
 0004:00000b70       $pdata$_fcloseall          000000018001eb70     libucrt:closeall.obj
 0004:00000b7c       $pdata$__acrt_stdio_flush_nolock 000000018001eb7c     libucrt:fflush.obj
 0004:00000b88       $pdata$_fflush_nolock      000000018001eb88     libucrt:fflush.obj
 0004:00000b94       $pdata$common_flush_all    000000018001eb94     libucrt:fflush.obj
 0004:00000ba0       $pdata$__acrt_stdio_free_buffer_nolock 000000018001eba0     libucrt:_freebuf.obj
 0004:00000bac       $pdata$_isatty             000000018001ebac     libucrt:isatty.obj
 0004:00000bb8       $pdata$__acrt_locale_free_monetary 000000018001ebb8     libucrt:initmon.obj
 0004:00000bc4       $pdata$__acrt_locale_free_numeric 000000018001ebc4     libucrt:initnum.obj
 0004:00000bd0       $pdata$?free_crt_array_internal@@YAXQEAPEBX_K@Z 000000018001ebd0     libucrt:inittime.obj
 0004:00000bdc       $pdata$__acrt_locale_free_time 000000018001ebdc     libucrt:inittime.obj
 0004:00000be8       $pdata$__acrt_GetStringTypeA 000000018001ebe8     libucrt:getstringtypea.obj
 0004:00000bf4       $pdata$__acrt_lowio_create_handle_array 000000018001ebf4     libucrt:osfinfo.obj
 0004:00000c00       $pdata$__acrt_lowio_destroy_handle_array 000000018001ec00     libucrt:osfinfo.obj
 0004:00000c0c       $pdata$__acrt_lowio_ensure_fh_exists 000000018001ec0c     libucrt:osfinfo.obj
 0004:00000c18       $pdata$_free_osfhnd        000000018001ec18     libucrt:osfinfo.obj
 0004:00000c24       $pdata$_get_osfhandle      000000018001ec24     libucrt:osfinfo.obj
 0004:00000c30       $pdata$?GetTableIndexFromLocaleName@@YAHPEB_W@Z 000000018001ec30     libucrt:lcidtoname_downlevel.obj
 0004:00000c3c       $pdata$__acrt_DownlevelLocaleNameToLCID 000000018001ec3c     libucrt:lcidtoname_downlevel.obj
 0004:00000c48       $pdata$?shortsort@@YAXPEAD0_KP6AHPEBX2@Z@Z 000000018001ec48     libucrt:qsort.obj
 0004:00000c54       $pdata$2$?shortsort@@YAXPEAD0_KP6AHPEBX2@Z@Z 000000018001ec54     libucrt:qsort.obj
 0004:00000c60       $pdata$3$?shortsort@@YAXPEAD0_KP6AHPEBX2@Z@Z 000000018001ec60     libucrt:qsort.obj
 0004:00000c6c       $pdata$qsort               000000018001ec6c     libucrt:qsort.obj
 0004:00000c78       $pdata$4$qsort             000000018001ec78     libucrt:qsort.obj
 0004:00000c84       $pdata$5$qsort             000000018001ec84     libucrt:qsort.obj
 0004:00000c90       $pdata$strncpy_s           000000018001ec90     libucrt:strncpy_s.obj
 0004:00000c9c       $pdata$strpbrk             000000018001ec9c     libucrt:strpbrk.obj
 0004:00000ca8       $pdata$_mbsdec_l           000000018001eca8     libucrt:mbsdec.obj
 0004:00000cb4       $pdata$?initialize_multibyte@@YAHXZ 000000018001ecb4     libucrt:multibyte_initializer.obj
 0004:00000cc0       $pdata$_msize              000000018001ecc0     libucrt:msize.obj
 0004:00000ccc       $pdata$_realloc_base       000000018001eccc     libucrt:realloc_base.obj
 0004:00000cd8       $pdata$fegetenv            000000018001ecd8     libucrt:fegetenv.obj
 0004:00000ce4       $pdata$fesetenv            000000018001ece4     libucrt:fesetenv.obj
 0004:00000cf0       $pdata$feholdexcept        000000018001ecf0     libucrt:feholdexcept.obj
 0004:00000d08       $pdata$?write_double_translated_ansi_nolock@@YA?AUwrite_result@?A0x9c548279@@HQEBDI@Z 000000018001ed08     libucrt:write.obj
 0004:00000d14       $pdata$?write_text_ansi_nolock@@YA?AUwrite_result@?A0x9c548279@@HQEBDI@Z 000000018001ed14     libucrt:write.obj
 0004:00000d20       $pdata$?write_text_utf16le_nolock@@YA?AUwrite_result@?A0x9c548279@@HQEBDI@Z 000000018001ed20     libucrt:write.obj
 0004:00000d2c       $pdata$?write_text_utf8_nolock@@YA?AUwrite_result@?A0x9c548279@@HQEBDI@Z 000000018001ed2c     libucrt:write.obj
 0004:00000d38       $pdata$_write              000000018001ed38     libucrt:write.obj
 0004:00000d44       $pdata$_write_nolock       000000018001ed44     libucrt:write.obj
 0004:00000d50       $pdata$??$common_lseek_nolock@_J@@YA_JH_JH@Z 000000018001ed50     libucrt:lseek.obj
 0004:00000d5c       $pdata$_fclose_nolock      000000018001ed5c     libucrt:fclose.obj
 0004:00000d68       $pdata$fclose              000000018001ed68     libucrt:fclose.obj
 0004:00000d74       $pdata$??$?RV<lambda_b521505b218e5242e90febf6bfebc422>@@AEAV<lambda_6978c1fb23f02e42e1d9e99668cc68aa>@@V<lambda_314360699dd331753a4119843814e9a7>@@@?$__crt_seh_guarded_call@H@@QEAAH$$QEAV<lambda_b521505b218e5242e90febf6bfebc422>@@AEAV<lambda_6978c1fb23f02e42e1d9e99668cc68aa>@@$$QEAV<lambda_314360699dd331753a4119843814e9a7>@@@Z 000000018001ed74     libucrt:commit.obj
 0004:00000d80       $pdata$_commit             000000018001ed80     libucrt:commit.obj
 0004:00000d8c       $pdata$_getfpcontrolword   000000018001ed8c     libucrt:_fenvutils.obj
 0004:00000d98       $pdata$_getfpstatusword    000000018001ed98     libucrt:_fenvutils.obj
 0004:00000da4       $pdata$_setfpstatusword    000000018001eda4     libucrt:_fenvutils.obj
 0004:00000db0       $pdata$_clearfp            000000018001edb0     libucrt:ieee.obj
 0004:00000dbc       $pdata$common_control87    000000018001edbc     libucrt:ieee.obj
 0004:00000dc8       $pdata$_call_matherr       000000018001edc8     libucrt:libm_error.obj
 0004:00000dd4       $pdata$_exception_enabled  000000018001edd4     libucrt:libm_error.obj
 0004:00000de0       $pdata$_handle_error       000000018001ede0     libucrt:libm_error.obj
 0004:00000dec       $pdata$__acrt_initialize_fma3 000000018001edec     libucrt:fma3_available.obj
 0004:00000df8       $pdata$_log10_special      000000018001edf8     libucrt:log_special.obj
 0004:00000e04       $pdata$_log_special_common 000000018001ee04     libucrt:log_special.obj
 0004:00000e10       $pdata$_putwch_nolock      000000018001ee10     libucrt:putwch.obj
 0004:00000e1c       $pdata$??$?RV<lambda_bfedae4ebbf01fab1bb6dcc6a9e276e0>@@AEAV<lambda_2fe9b910cf3cbf4a0ab98a02ba45b3ec>@@V<lambda_237c231691f317818eb88cc1d5d642d6>@@@?$__crt_seh_guarded_call@H@@QEAAH$$QEAV<lambda_bfedae4ebbf01fab1bb6dcc6a9e276e0>@@AEAV<lambda_2fe9b910cf3cbf4a0ab98a02ba45b3ec>@@$$QEAV<lambda_237c231691f317818eb88cc1d5d642d6>@@@Z 000000018001ee1c     libucrt:close.obj
 0004:00000e28       $pdata$_close              000000018001ee28     libucrt:close.obj
 0004:00000e34       $pdata$_close_nolock       000000018001ee34     libucrt:close.obj
 0004:00000e4c       $pdata$_raise_exc          000000018001ee4c     libucrt:fpexcept.obj
 0004:00000e58       $pdata$_raise_exc_ex       000000018001ee58     libucrt:fpexcept.obj
 0004:00000e64       $pdata$_set_errno_from_matherr 000000018001ee64     libucrt:fpexcept.obj
 0004:00000e70       $pdata$_clrfp              000000018001ee70     libucrt:fpctrl.obj
 0004:00000e7c       $pdata$_ctrlfp             000000018001ee7c     libucrt:fpctrl.obj
 0004:00000e88       $pdata$_set_statfp         000000018001ee88     libucrt:fpctrl.obj
 0004:00000e94       $pdata$_statfp             000000018001ee94     libucrt:fpctrl.obj
 0004:00000ea0       $pdata$__dcrt_lowio_initialize_console_output 000000018001eea0     libucrt:initcon.obj
 0004:00000eac       $pdata$__dcrt_terminate_console_output 000000018001eeac     libucrt:initcon.obj
 0004:00000eb8       $pdata$_IsNonwritableInCurrentImage 000000018001eeb8     LIBCMT:pesect.obj
 0004:00000f18       $pdata$?fin$0@?0??dllmain_crt_process_attach@@YAHQEAUHINSTANCE__@@QEAX@Z@4HA 000000018001ef18     LIBCMT:dll_dllmain.obj
 0004:00000f24       $pdata$?fin$0@?0??dllmain_crt_process_detach@@YAH_N@Z@4HA 000000018001ef24     LIBCMT:dll_dllmain.obj
 0004:00000f30       $pdata$?filt$0@?0??dllmain_dispatch@@YAHQEAUHINSTANCE__@@KQEAX@Z@4HA 000000018001ef30     LIBCMT:dll_dllmain.obj
 0004:00000f3c       $pdata$__scrt_is_nonwritable_in_current_image$filt$0 000000018001ef3c     LIBCMT:utility.obj
 0004:00000f48       $pdata$?filt$0@?0??common_exit@@YAXHW4_crt_exit_cleanup_mode@@W4_crt_exit_return_mode@@@Z@4HA 000000018001ef48     libucrt:exit.obj
 0004:00000f54       $pdata$?fin$1@?0??common_exit@@YAXHW4_crt_exit_cleanup_mode@@W4_crt_exit_return_mode@@@Z@4HA 000000018001ef54     libucrt:exit.obj
 0004:00000f60       $pdata$?fin$0@?0???$?RV<lambda_e24bbb7b643b32fcea6fa61b31d4c984>@@AEAV<lambda_275893d493268fdec8709772e3fcec0e>@@V<lambda_9d71df4d7cf3f480f8d633942495c3b0>@@@?$__crt_seh_guarded_call@H@@QEAAH$$QEAV<lambda_e24bbb7b643b32fcea6fa61b31d4c984>@@AEAV<lambda_275893d493268fdec8709772e3fcec0e>@@$$QEAV<lambda_9d71df4d7cf3f480f8d633942495c3b0>@@@Z@4HA 000000018001ef60     libucrt:onexit.obj
 0004:00000f6c       $pdata$__acrt_update_thread_locale_data$fin$0 000000018001ef6c     libucrt:locale_refcounting.obj
 0004:00000f6c       $pdata$__acrt_uninitialize_locale$fin$0 000000018001ef6c     libucrt:wsetlocale.obj
 0004:00000f78       $pdata$__acrt_initialize_lowio$fin$0 000000018001ef78     libucrt:ioinit.obj
 0004:00000f78       $pdata$__acrt_lowio_ensure_fh_exists$fin$0 000000018001ef78     libucrt:osfinfo.obj
 0004:00000f84       $pdata$__acrt_update_thread_multibyte_data$fin$0 000000018001ef84     libucrt:mbctype.obj
 0004:00000f90       $pdata$_query_new_handler$fin$0 000000018001ef90     libucrt:new_handler.obj
 0004:00000f9c       $pdata$?fin$0@?0???$?RV<lambda_5e887d1dcbef67a5eb4283622ba103bf>@@AEAV<lambda_4466841279450cc726390878d4a41900>@@V<lambda_341c25c0346d94847f1f3c463c57e077>@@@?$__crt_seh_guarded_call@X@@QEAAX$$QEAV<lambda_5e887d1dcbef67a5eb4283622ba103bf>@@AEAV<lambda_4466841279450cc726390878d4a41900>@@$$QEAV<lambda_341c25c0346d94847f1f3c463c57e077>@@@Z@4HA 000000018001ef9c     libucrt:per_thread_data.obj
 0004:00000f9c       $pdata$?fin$0@?0???$?RV<lambda_72d1df2b273a38828b1ce30cbf4cdab5>@@AEAV<lambda_876a65b173b8412d3a47c70a915b0cf4>@@V<lambda_41932305e351933ebe8f8be3ed8bb5dc>@@@?$__crt_seh_guarded_call@X@@QEAAX$$QEAV<lambda_72d1df2b273a38828b1ce30cbf4cdab5>@@AEAV<lambda_876a65b173b8412d3a47c70a915b0cf4>@@$$QEAV<lambda_41932305e351933ebe8f8be3ed8bb5dc>@@@Z@4HA 000000018001ef9c     libucrt:per_thread_data.obj
 0004:00000f9c       $pdata$?fin$0@?0???$?RV<lambda_99476a1ad63dd22509b5d3e65b0ffc95>@@AEAV<lambda_ad1ced32f4ac17aa236e5ef05d6b3b7c>@@V<lambda_f7424dd8d45958661754dc4f2697e9c3>@@@?$__crt_seh_guarded_call@X@@QEAAX$$QEAV<lambda_99476a1ad63dd22509b5d3e65b0ffc95>@@AEAV<lambda_ad1ced32f4ac17aa236e5ef05d6b3b7c>@@$$QEAV<lambda_f7424dd8d45958661754dc4f2697e9c3>@@@Z@4HA 000000018001ef9c     libucrt:mbctype.obj
 0004:00000f9c       $pdata$?fin$0@?0???$?RV<lambda_fb3a7dec4e47f37f22dae91bb15c9095>@@AEAV<lambda_698284760c8add0bfb0756c19673e34b>@@V<lambda_dfb8eca1e75fef3034a8fb18dd509707>@@@?$__crt_seh_guarded_call@X@@QEAAX$$QEAV<lambda_fb3a7dec4e47f37f22dae91bb15c9095>@@AEAV<lambda_698284760c8add0bfb0756c19673e34b>@@$$QEAV<lambda_dfb8eca1e75fef3034a8fb18dd509707>@@@Z@4HA 000000018001ef9c     libucrt:per_thread_data.obj
 0004:00000f9c       $pdata$?fin$0@?0???$?RV<lambda_46352004c1216016012b18bd6f87e700>@@AEAV<lambda_3bd07e1a1191394380780325891bf33f>@@V<lambda_334532d3f185bcaa59b5be82d7d22bff>@@@?$__crt_seh_guarded_call@X@@QEAAX$$QEAV<lambda_46352004c1216016012b18bd6f87e700>@@AEAV<lambda_3bd07e1a1191394380780325891bf33f>@@$$QEAV<lambda_334532d3f185bcaa59b5be82d7d22bff>@@@Z@4HA 000000018001ef9c     libucrt:per_thread_data.obj
 0004:00000f9c       $pdata$?fin$0@?0???$?RV<lambda_c36588078e9f5dfd39652860aa6b3aaf>@@AEAV<lambda_ec61778202f4f5fc7e7711acc23c3bca>@@V<lambda_dc9d2797ccde5d239b4a0efae8ebd7db>@@@?$__crt_seh_guarded_call@P6AXH@Z@@QEAAP6AXH@Z$$QEAV<lambda_c36588078e9f5dfd39652860aa6b3aaf>@@AEAV<lambda_ec61778202f4f5fc7e7711acc23c3bca>@@$$QEAV<lambda_dc9d2797ccde5d239b4a0efae8ebd7db>@@@Z@4HA 000000018001ef9c     libucrt:signal.obj
 0004:00000fa8       $pdata$raise$fin$0         000000018001efa8     libucrt:signal.obj
 0004:00000fb4       $pdata$_fcloseall$fin$0    000000018001efb4     libucrt:closeall.obj
 0004:00000fc0       $pdata$common_flush_all$fin$0 000000018001efc0     libucrt:fflush.obj
 0004:00000fcc       $pdata$common_flush_all$fin$1 000000018001efcc     libucrt:fflush.obj
 0004:00000fd8       $pdata$_write$fin$0        000000018001efd8     libucrt:write.obj
 0004:00000fe4       $pdata$fclose$fin$0        000000018001efe4     libucrt:fclose.obj
 0004:00000ff0       $pdata$?fin$0@?0???$?RV<lambda_bfedae4ebbf01fab1bb6dcc6a9e276e0>@@AEAV<lambda_2fe9b910cf3cbf4a0ab98a02ba45b3ec>@@V<lambda_237c231691f317818eb88cc1d5d642d6>@@@?$__crt_seh_guarded_call@H@@QEAAH$$QEAV<lambda_bfedae4ebbf01fab1bb6dcc6a9e276e0>@@AEAV<lambda_2fe9b910cf3cbf4a0ab98a02ba45b3ec>@@$$QEAV<lambda_237c231691f317818eb88cc1d5d642d6>@@@Z@4HA 000000018001eff0     libucrt:close.obj
 0004:00000ff0       $pdata$?fin$0@?0???$?RV<lambda_b521505b218e5242e90febf6bfebc422>@@AEAV<lambda_6978c1fb23f02e42e1d9e99668cc68aa>@@V<lambda_314360699dd331753a4119843814e9a7>@@@?$__crt_seh_guarded_call@H@@QEAAH$$QEAV<lambda_b521505b218e5242e90febf6bfebc422>@@AEAV<lambda_6978c1fb23f02e42e1d9e99668cc68aa>@@$$QEAV<lambda_314360699dd331753a4119843814e9a7>@@@Z@4HA 000000018001eff0     libucrt:commit.obj
 0004:00000ffc       $pdata$common_control87$filt$0 000000018001effc     libucrt:ieee.obj
 0004:00000ffc       $pdata$_ctrlfp$filt$0      000000018001effc     libucrt:fpctrl.obj
 0004:00001008       $pdata$_IsNonwritableInCurrentImage$filt$0 000000018001f008     LIBCMT:pesect.obj
 0005:000000a0       $R000000                   00000001800200a0     ico.res
 0005:000003a0       $R000300                   00000001800203a0     ico.res
