 ConEmu

 Timestamp is 5a7989b5 (Tue Feb  6 13:55:49 2018)

 Preferred load address is 10000000

 Start         Length     Name                   Class
 0001:00000000 00000010H .text$di                CODE
 0001:00000010 00027fb5H .text$mn                CODE
 0001:00027fc5 000004bcH .text$x                 CODE
 0001:00028481 0000000aH .text$yd                CODE
 0002:00000000 00000334H .idata$5                DATA
 0002:00000334 00000004H .00cfg                  DATA
 0002:00000338 00000004H .CRT$XCA                DATA
 0002:0000033c 00000004H .CRT$XCU                DATA
 0002:00000340 00000004H .CRT$XCZ                DATA
 0002:00000344 00000004H .CRT$XIA                DATA
 0002:00000348 00000010H .CRT$XIC                DATA
 0002:00000358 00000004H .CRT$XIZ                DATA
 0002:0000035c 00000004H .CRT$XLA                DATA
 0002:00000360 00000004H .CRT$XLZ                DATA
 0002:00000364 00000004H .CRT$XPA                DATA
 0002:00000368 00000008H .CRT$XPX                DATA
 0002:00000370 00000004H .CRT$XPXA               DATA
 0002:00000374 00000004H .CRT$XPZ                DATA
 0002:00000378 00000004H .CRT$XTA                DATA
 0002:0000037c 00000004H .CRT$XTZ                DATA
 0002:00000380 00000000H .gfids$x                DATA
 0002:00000380 00000000H .gfids$y                DATA
 0002:00000380 000093c8H .rdata                  DATA
 0002:00009748 00000018H .rdata$T                DATA
 0002:00009760 000002f0H .rdata$r                DATA
 0002:00009a50 0000007cH .rdata$sxdata           DATA
 0002:00009acc 000003b0H .rdata$zzzdbg           DATA
 0002:00009e7c 00000004H .rtc$IAA                DATA
 0002:00009e80 00000004H .rtc$IZZ                DATA
 0002:00009e84 00000004H .rtc$TAA                DATA
 0002:00009e88 00000004H .rtc$TZZ                DATA
 0002:00009e8c 00000004H .tls                    DATA
 0002:00009e90 00000004H .tls$                   DATA
 0002:00009e94 00000004H .tls$ZZZ                DATA
 0002:00009e98 00000988H .xdata$x                DATA
 0002:0000a820 000002e0H .edata                  DATA
 0002:0000ab00 00000064H .idata$2                DATA
 0002:0000ab64 00000014H .idata$3                DATA
 0002:0000ab78 00000334H .idata$4                DATA
 0002:0000aeac 00000e8eH .idata$6                DATA
 0003:00000000 00000988H .data                   DATA
 0003:00000988 00000170H .data$r                 DATA
 0003:00000af8 0000a220H .bss                    DATA
 0004:00000000 000000a0H .rsrc$01                DATA
 0004:000000a0 00000488H .rsrc$02                DATA

  Address         Publics by Value              Rva+Base       Lib:Object

 0000:00000000       ___enclave_config          00000000     <absolute>
 0000:00000000       __except_list              00000000     <absolute>
 0000:00000000       ___guard_fids_count        00000000     <absolute>
 0000:00000000       ___guard_longjmp_count     00000000     <absolute>
 0000:00000000       ___dynamic_value_reloc_table 00000000     <absolute>
 0000:00000000       ___guard_longjmp_table     00000000     <absolute>
 0000:00000000       ___hybrid_code_map         00000000     <absolute>
 0000:00000000       ___guard_iat_table         00000000     <absolute>
 0000:00000000       ___guard_iat_count         00000000     <absolute>
 0000:00000000       ___hybrid_auxiliary_iat    00000000     <absolute>
 0000:00000000       ___guard_fids_table        00000000     <absolute>
 0000:00000000       ___hybrid_code_map_count   00000000     <absolute>
 0000:0000001f       ___safe_se_handler_count   0000001f     <absolute>
 0000:0000002c       __tls_array                0000002c     <absolute>
 0000:00000100       ___guard_flags             00000100     <absolute>
 0000:00000000       ___ImageBase               10000000     <linker-defined>
 0001:00000010       ??$swprintf_c@$0EA@@@YAHAAY0EA@_WPB_WZZ 10001010 f i ConEmuInjects.obj
 0001:00000026       ??$swprintf_c@$0IA@@@YAHAAY0IA@_WPB_WZZ 10001026 f i ConEmuInjects.obj
 0001:0000003f       ??$swprintf_c@$0PP@@@YAHAAY0PP@_WPB_WZZ 1000103f f i ConEmuInjects.obj
 0001:00000058       ?ShutdownHooks@@YAXXZ      10001058 f   ConEmuInjects.obj
 0001:0000018f       ?StartupHooks@@YA_NPAUHINSTANCE__@@@Z 1000118f f   ConEmuInjects.obj
 0001:000004d5       ?StringCchCopyW@@YGJPA_WIPB_W@Z 100014d5 f i ConEmuInjects.obj
 0001:0000053f       ?StringCchVPrintfW@@YGJPA_WIPB_WPAD@Z 1000153f f i ConEmuInjects.obj
 0001:00000596       ___local_stdio_printf_options 10001596 f i ConEmuInjects.obj
 0001:0000059c       __vsnwprintf_l             1000159c f i ConEmuInjects.obj
 0001:000005ce       _ExitFARW@0                100015ce f   ConEmuPlugin.obj
 0001:0000060e       _ProcessEditorEventW@8     1000160e f   ConEmuPlugin.obj
 0001:0000060e       ?ProcessEditorEvent@@YGHHPAX@Z 1000160e f   ConEmuPlugin.obj
 0001:00000626       _ProcessSynchroEventW@8    10001626 f   ConEmuPlugin.obj
 0001:0000063f       ?ProcessViewerEvent@@YGHHPAX@Z 1000163f f   ConEmuPlugin.obj
 0001:0000063f       _ProcessViewerEventW@8     1000163f f   ConEmuPlugin.obj
 0001:00000657       ?ProcessSynchroEventW3@@YGHPAX@Z 10001657 f   ConEmuPlugin.obj
 0001:00000667       ?ProcessEditorEventW3@@YGHPAX@Z 10001667 f   ConEmuPlugin.obj
 0001:00000677       ?ProcessViewerEventW3@@YGHPAX@Z 10001677 f   ConEmuPlugin.obj
 0001:00000687       ?ExitFARW3@@YGXPAX@Z       10001687 f   ConEmuPlugin.obj
 0001:000006c9       ?ActivateConsole@@YGHXZ    100016c9 f   ConEmuPlugin.obj
 0001:0000087c       ?ExitFAR@@YGXXZ            1000187c f   ConEmuPlugin.obj
 0001:000008bc       ?GetFarHWND2@@YGPAUHWND__@@H@Z 100018bc f   ConEmuPlugin.obj
 0001:00000922       ?GetFarHWND@@YGPAUHWND__@@XZ 10001922 f   ConEmuPlugin.obj
 0001:0000092a       ?GetFarVersion@@YGXPAUFarVersion@@@Z 1000192a f   ConEmuPlugin.obj
 0001:00000944       ?GetMinFarVersion@@YGHXZ   10001944 f   ConEmuPlugin.obj
 0001:00000969       ?GetPluginInfo@@YGXPAX@Z   10001969 f   ConEmuPlugin.obj
 0001:000009a7       ?GetPluginInfoW@@YGXPAX@Z  100019a7 f   ConEmuPlugin.obj
 0001:000009b7       ?IsConsoleActive@@YGHXZ    100019b7 f   ConEmuPlugin.obj
 0001:000009f6       ?IsTerminalMode@@YGHXZ     100019f6 f   ConEmuPlugin.obj
 0001:000009fc       ?OpenPlugin@@YGPAXHH@Z     100019fc f   ConEmuPlugin.obj
 0001:00000a17       ?OpenW@@YGPAXPBX@Z         10001a17 f   ConEmuPlugin.obj
 0001:00000a27       ?ProcessEditorInput@@YGHPBU_INPUT_RECORD@@@Z 10001a27 f   ConEmuPlugin.obj
 0001:00000a3f       ?RegisterBackground@@YGHPAURegisterBackgroundArg@@@Z 10001a3f f   ConEmuPlugin.obj
 0001:00000aae       ?RegisterPanelView@@YGHPAUPanelViewInit@@@Z 10001aae f   ConEmuPlugin.obj
 0001:00000bdb       ?SetStartupInfo@@YGXPAX@Z  10001bdb f   ConEmuPlugin.obj
 0001:00000c2b       ?SetupExportsFar3@@YAXXZ   10001c2b f   ConEmuPlugin.obj
 0001:00000c3e       ?SyncExecute@@YGHPAUHINSTANCE__@@P6GXJ@ZJ@Z 10001c3e f   ConEmuPlugin.obj
 0001:00000c7e       _DllMain@12                10001c7e f   ConEmuPlugin.obj
 0001:00000ca5       _GetMinFarVersionW@0       10001ca5 f   ConEmuPlugin.obj
 0001:00000cab       _OpenPluginW@8             10001cab f   ConEmuPlugin.obj
 0001:00000cd8       _ProcessEditorInputW@4     10001cd8 f   ConEmuPlugin.obj
 0001:00000ce8       _SetStartupInfoW@4         10001ce8 f   ConEmuPlugin.obj
 0001:00000d0a       ??0CPluginW1900@@QAE@XZ    10001d0a f   ConEmuPlugin1900.obj
 0001:00000e95       ??_GCPluginW1900@@UAEPAXI@Z 10001e95 f i ConEmuPlugin1900.obj
 0001:00000e95       ??_ECPluginW1900@@UAEPAXI@Z 10001e95 f i ConEmuPlugin1900.obj
 0001:00001217       ?CheckPanelExist@CPluginW1900@@UAE_NXZ 10002217 f   ConEmuPlugin1900.obj
 0001:0000123a       ?Color2BgIndex@Far3Color@@SAXKHAAGPBK@Z 1000223a f i ConEmuPlugin1900.obj
 0001:0000130f       ?Color2FgIndex@Far3Color@@SAXKAAGPBK@Z 1000230f f i ConEmuPlugin1900.obj
 0001:000013c7       ?ExecuteSynchroApi@CPluginW1900@@UAE_NXZ 100023c7 f   ConEmuPlugin1900.obj
 0001:000013ea       ?ExitFar@CPluginW1900@@UAEXXZ 100023ea f   ConEmuPlugin1900.obj
 0001:00001466       ?FarColor_3_2@@YAEABUFarColor@@_N@Z 10002466 f i ConEmuPlugin1900.obj
 0001:00001513       ?GetActiveWindowType@CPluginW1900@@UAEHXZ 10002513 f   ConEmuPlugin1900.obj
 0001:0000158c       ?GetEditorModifiedState@CPluginW1900@@UAEKXZ 1000258c f   ConEmuPlugin1900.obj
 0001:000015ca       ?GetFarRect@CPluginW1900@@UAE_NAAU_SMALL_RECT@@@Z 100025ca f   ConEmuPlugin1900.obj
 0001:00001659       ?GetMacroArea@CPluginW1900@@UAEHXZ 10002659 f   ConEmuPlugin1900.obj
 0001:0000166d       ?GetMsg@CPluginW1900@@UAEPB_WHPA_WI@Z 1000266d f   ConEmuPlugin1900.obj
 0001:000016b3       ?GetPanelDir@CPluginW1900@@UAEPA_WKPA_WH@Z 100026b3 f   ConEmuPlugin1900.obj
 0001:000017d9       ?GetPanelInfo@CPluginW1900@@UAE_NKPAUCEPanelInfo@@@Z 100027d9 f   ConEmuPlugin1900.obj
 0001:00001a42       ?GetPanelItemInfo@CPluginW1900@@UAE_NABUCEPanelInfo@@_NHAAU_WIN32_FIND_DATAW@@PAPA_W@Z 10002a42 f   ConEmuPlugin1900.obj
 0001:00001bc9       ?GetPluginInfoPtr@CPluginW1900@@UAEXPAX@Z 10002bc9 f   ConEmuPlugin1900.obj
 0001:00001c12       ?GetStdIndex@Far3Color@@SAHKPBK@Z 10002c12 f i ConEmuPlugin1900.obj
 0001:00001c37       ?GetWindowCount@CPluginW1900@@UAEHXZ 10002c37 f   ConEmuPlugin1900.obj
 0001:00001c58       ?GuiMacroDlg@CPluginW1900@@UAEXXZ 10002c58 f   ConEmuPlugin1900.obj
 0001:00001c5d       ?InputBox@CPluginW1900@@UAE_NPB_W000AAPA_W@Z 10002c5d f   ConEmuPlugin1900.obj
 0001:00001ce9       ?IsMacroActive@CPluginW1900@@UAE_NXZ 10002ce9 f   ConEmuPlugin1900.obj
 0001:00001d12       ?LoadFarColors@CPluginW1900@@UAEXAAY0BAA@E@Z 10002d12 f   ConEmuPlugin1900.obj
 0001:00001e80       ?LoadFarSettings@CPluginW1900@@UAEXPAUCEFarInterfaceSettings@@PAUCEFarPanelSettings@@@Z 10002e80 f   ConEmuPlugin1900.obj
 0001:00001f90       ?Open@CPluginW1900@@UAEPAXPBX@Z 10002f90 f   ConEmuPlugin1900.obj
 0001:0000205c       ?OpenEditor@CPluginW1900@@UAE_NPB_W_N11HH@Z 1000305c f   ConEmuPlugin1900.obj
 0001:000020fd       ?PanelControlApi@CPluginW1900@@UAEHPAXHH0@Z 100030fd f   ConEmuPlugin1900.obj
 0001:0000211a       ?PostMacroApi@CPluginW1900@@UAEXPB_WPAU_INPUT_RECORD@@_N@Z 1000311a f   ConEmuPlugin1900.obj
 0001:00002668       ?ProcessEditorInputPtr@CPluginW1900@@UAEHPBX@Z 10003668 f   ConEmuPlugin1900.obj
 0001:00002686       ?ProcessViewerEventPtr@CPluginW1900@@UAEHPAX@Z 10003686 f   ConEmuPlugin1900.obj
 0001:00002686       ?ProcessViewerEventPtr@CPluginW2800@@UAEHPAX@Z 10003686 f   ConEmuPlugin2800.obj
 0001:0000269a       ?RedrawAll@CPluginW1900@@UAEXXZ 1000369a f   ConEmuPlugin1900.obj
 0001:000026bb       ?SetStartupInfoPtr@CPluginW1900@@UAEXPAX@Z 100036bb f   ConEmuPlugin1900.obj
 0001:000027d4       ?SetWindow@CPluginW1900@@UAEXH@Z 100037d4 f   ConEmuPlugin1900.obj
 0001:0000280f       ?ShowMessage@CPluginW1900@@UAEHPB_WH_N@Z 1000380f f   ConEmuPlugin1900.obj
 0001:00002876       ?ShowPluginMenu@CPluginW1900@@UAEHPAUConEmuPluginMenuItem@@HH@Z 10003876 f   ConEmuPlugin1900.obj
 0001:000029cf       ?ShowUserScreen@CPluginW1900@@UAEX_N@Z 100039cf f   ConEmuPlugin1900.obj
 0001:000029f4       ?UpdateConEmuTabsApi@CPluginW1900@@UAE_NH@Z 100039f4 f   ConEmuPlugin1900.obj
 0001:00002e4b       ?StopWaitEndSynchro@CPluginW1900@@UAEXXZ 10003e4b f   ConEmuPlugin1900.obj
 0001:00002e4b       ?PlugServerInit@@YAXXZ     10003e4b f   PluginSrv.obj
 0001:00002e4b       @_guard_check_icall_nop@4  10003e4b f   LIBCMT:guard_support.obj
 0001:00002e4b       ?WaitEndSynchro@CPluginW2800@@UAEXXZ 10003e4b f   ConEmuPlugin2800.obj
 0001:00002e4b       ?ShutdownPluginStep@CPluginBase@@SAXPB_WHHHH@Z 10003e4b f   ConEmuPluginBase.obj
 0001:00002e4b       ?StopWaitEndSynchro@CPluginAnsi@@UAEXXZ 10003e4b f   ConEmuPluginA.obj
 0001:00002e4b       ?WaitEndSynchro@CPluginW1900@@UAEXXZ 10003e4b f   ConEmuPlugin1900.obj
 0001:00002e4b       ?StopWaitEndSynchro@CPluginW2800@@UAEXXZ 10003e4b f   ConEmuPlugin2800.obj
 0001:00002e4b       ?WaitEndSynchro@CPluginAnsi@@UAEXXZ 10003e4b f   ConEmuPluginA.obj
 0001:00002e4c       ??0CPluginW2800@@QAE@XZ    10003e4c f   ConEmuPlugin2800.obj
 0001:00002fd7       ??1?$MArray@UWindowInfo@@@@QAE@XZ 10003fd7 f i ConEmuPlugin2800.obj
 0001:0000300d       ??_GCPluginW2800@@UAEPAXI@Z 1000400d f i ConEmuPlugin2800.obj
 0001:0000300d       ??_ECPluginW2800@@UAEPAXI@Z 1000400d f i ConEmuPlugin2800.obj
 0001:000033a5       ?CheckPanelExist@CPluginW2800@@UAE_NXZ 100043a5 f   ConEmuPlugin2800.obj
 0001:000033c8       ?ExecuteSynchroApi@CPluginW2800@@UAE_NXZ 100043c8 f   ConEmuPlugin2800.obj
 0001:000033eb       ?ExitFar@CPluginW2800@@UAEXXZ 100043eb f   ConEmuPlugin2800.obj
 0001:00003486       ?GetActiveWindowType@CPluginW2800@@UAEHXZ 10004486 f   ConEmuPlugin2800.obj
 0001:00003505       ?GetEditorModifiedState@CPluginW2800@@UAEKXZ 10004505 f   ConEmuPlugin2800.obj
 0001:00003543       ?GetFarRect@CPluginW2800@@UAE_NAAU_SMALL_RECT@@@Z 10004543 f   ConEmuPlugin2800.obj
 0001:000035d5       ?GetMacroArea@CPluginW2800@@UAEHXZ 100045d5 f   ConEmuPlugin2800.obj
 0001:000035e9       ?GetMsg@CPluginW2800@@UAEPB_WHPA_WI@Z 100045e9 f   ConEmuPlugin2800.obj
 0001:0000362f       ?GetPanelDir@CPluginW2800@@UAEPA_WKPA_WH@Z 1000462f f   ConEmuPlugin2800.obj
 0001:00003755       ?GetPanelInfo@CPluginW2800@@UAE_NKPAUCEPanelInfo@@@Z 10004755 f   ConEmuPlugin2800.obj
 0001:000039be       ?GetPanelItemInfo@CPluginW2800@@UAE_NABUCEPanelInfo@@_NHAAU_WIN32_FIND_DATAW@@PAPA_W@Z 100049be f   ConEmuPlugin2800.obj
 0001:00003b4e       ?GetPluginInfoPtr@CPluginW2800@@UAEXPAX@Z 10004b4e f   ConEmuPlugin2800.obj
 0001:00003b97       ?GetWindowCount@CPluginW2800@@UAEHXZ 10004b97 f   ConEmuPlugin2800.obj
 0001:00003bb8       ?GetWindowTypeName@CPluginW2800@@UAEPB_WH@Z 10004bb8 f   ConEmuPlugin2800.obj
 0001:00003bb8       ?GetWindowTypeName@CPluginAnsi@@UAEPB_WH@Z 10004bb8 f   ConEmuPluginA.obj
 0001:00003bb8       ?GetWindowTypeName@CPluginW995@@UAEPB_WH@Z 10004bb8 f   ConEmuPlugin995.obj
 0001:00003bb8       ?GetWindowTypeName@CPluginW1900@@UAEPB_WH@Z 10004bb8 f   ConEmuPlugin1900.obj
 0001:00003c0f       ?GuiMacroDlg@CPluginW2800@@UAEXXZ 10004c0f f   ConEmuPlugin2800.obj
 0001:00003c14       ?InputBox@CPluginW2800@@UAE_NPB_W000AAPA_W@Z 10004c14 f   ConEmuPlugin2800.obj
 0001:00003ca0       ?IsMacroActive@CPluginW2800@@UAE_NXZ 10004ca0 f   ConEmuPlugin2800.obj
 0001:00003cc9       ?LoadFarColors@CPluginW2800@@UAEXAAY0BAA@E@Z 10004cc9 f   ConEmuPlugin2800.obj
 0001:00003e37       ?LoadFarSettings@CPluginW2800@@UAEXPAUCEFarInterfaceSettings@@PAUCEFarPanelSettings@@@Z 10004e37 f   ConEmuPlugin2800.obj
 0001:00003f42       ?Open@CPluginW2800@@UAEPAXPBX@Z 10004f42 f   ConEmuPlugin2800.obj
 0001:00004064       ?OpenEditor@CPluginW2800@@UAE_NPB_W_N11HH@Z 10005064 f   ConEmuPlugin2800.obj
 0001:00004105       ?PanelControlApi@CPluginW2800@@UAEHPAXHH0@Z 10005105 f   ConEmuPlugin2800.obj
 0001:00004122       ?PostMacroApi@CPluginW2800@@UAEXPB_WPAU_INPUT_RECORD@@_N@Z 10005122 f   ConEmuPlugin2800.obj
 0001:000043e8       ?ProcessEditorEventPtr@CPluginW1900@@UAEHPAX@Z 100053e8 f   ConEmuPlugin1900.obj
 0001:000043e8       ?ProcessEditorEventPtr@CPluginW2800@@UAEHPAX@Z 100053e8 f   ConEmuPlugin2800.obj
 0001:000043fc       ?ProcessEditorInputPtr@CPluginW2800@@UAEHPBX@Z 100053fc f   ConEmuPlugin2800.obj
 0001:0000441a       ?ProcessSynchroEventPtr@CPluginW2800@@UAEHPAX@Z 1000541a f   ConEmuPlugin2800.obj
 0001:0000441a       ?ProcessSynchroEventPtr@CPluginW1900@@UAEHPAX@Z 1000541a f   ConEmuPlugin1900.obj
 0001:00004436       ?RedrawAll@CPluginW2800@@UAEXXZ 10005436 f   ConEmuPlugin2800.obj
 0001:00004457       ?SetStartupInfoPtr@CPluginW2800@@UAEXPAX@Z 10005457 f   ConEmuPlugin2800.obj
 0001:00004570       ?SetWindow@CPluginW2800@@UAEXH@Z 10005570 f   ConEmuPlugin2800.obj
 0001:00004640       ?ShowMessage@CPluginW2800@@UAEHPB_WH_N@Z 10005640 f   ConEmuPlugin2800.obj
 0001:000046a7       ?ShowPluginMenu@CPluginW2800@@UAEHPAUConEmuPluginMenuItem@@HH@Z 100056a7 f   ConEmuPlugin2800.obj
 0001:00004800       ?ShowUserScreen@CPluginW2800@@UAEX_N@Z 10005800 f   ConEmuPlugin2800.obj
 0001:00004825       ?UpdateConEmuTabsApi@CPluginW2800@@UAE_NH@Z 10005825 f   ConEmuPlugin2800.obj
 0001:00004e08       ?addsize@?$MArray@UWindowInfo@@@@QAEXH@Z 10005e08 f i ConEmuPlugin2800.obj
 0001:00004ea9       ?clear@?$MArray@UWindowInfo@@@@QAEXXZ 10005ea9 f i ConEmuPlugin2800.obj
 0001:00004ed5       ?erase@?$MArray@UWindowInfo@@@@QAEXH@Z 10005ed5 f i ConEmuPlugin2800.obj
 0001:00004f28       ?insert@?$MArray@UWindowInfo@@@@QAEXHABUWindowInfo@@@Z 10005f28 f i ConEmuPlugin2800.obj
 0001:00004fa3       ?push_back@?$MArray@UWindowInfo@@@@QAEHABUWindowInfo@@@Z 10005fa3 f i ConEmuPlugin2800.obj
 0001:00004ff7       _GetGlobalInfoW@4          10005ff7 f   ConEmuPlugin2800.obj
 0001:0000508c       ??0CPluginW995@@QAE@XZ     1000608c f   ConEmuPlugin995.obj
 0001:00005210       ??_GCPluginW995@@UAEPAXI@Z 10006210 f i ConEmuPlugin995.obj
 0001:00005210       ??_ECPluginW995@@UAEPAXI@Z 10006210 f i ConEmuPlugin995.obj
 0001:00005569       ?CheckPanelExist@CPluginW995@@UAE_NXZ 10006569 f   ConEmuPlugin995.obj
 0001:0000558c       ?ExecuteSynchroApi@CPluginW995@@UAE_NXZ 1000658c f   ConEmuPlugin995.obj
 0001:000055ab       ?ExitFar@CPluginW995@@UAEXXZ 100065ab f   ConEmuPlugin995.obj
 0001:00005627       ?GetActiveWindowType@CPluginW995@@UAEHXZ 10006627 f   ConEmuPlugin995.obj
 0001:000056c7       ?GetEditorModifiedState@CPluginW995@@UAEKXZ 100066c7 f   ConEmuPlugin995.obj
 0001:00005701       ?GetFarRect@CPluginW995@@UAE_NAAU_SMALL_RECT@@@Z 10006701 f   ConEmuPlugin995.obj
 0001:00005744       ?GetMacroArea@CPluginW995@@UAEHXZ 10006744 f   ConEmuPlugin995.obj
 0001:0000577e       ?GetMsg@CPluginW995@@UAEPB_WHPA_WI@Z 1000677e f   ConEmuPlugin995.obj
 0001:000057c2       ?GetPanelDir@CPluginW995@@UAEPA_WKPA_WH@Z 100067c2 f   ConEmuPlugin995.obj
 0001:000058a9       ?GetPanelInfo@CPluginW995@@UAE_NKPAUCEPanelInfo@@@Z 100068a9 f   ConEmuPlugin995.obj
 0001:00005a95       ?GetPanelItemInfo@CPluginW995@@UAE_NABUCEPanelInfo@@_NHAAU_WIN32_FIND_DATAW@@PAPA_W@Z 10006a95 f   ConEmuPlugin995.obj
 0001:00005c05       ?GetPluginInfoPtr@CPluginW995@@UAEXPAX@Z 10006c05 f   ConEmuPlugin995.obj
 0001:00005c5e       ?GetWindowCount@CPluginW995@@UAEHXZ 10006c5e f   ConEmuPlugin995.obj
 0001:00005c7b       ?GuiMacroDlg@CPluginW995@@UAEXXZ 10006c7b f   ConEmuPlugin995.obj
 0001:00005c80       ?InputBox@CPluginW995@@UAE_NPB_W000AAPA_W@Z 10006c80 f   ConEmuPlugin995.obj
 0001:00005d00       ?IsMacroActive@CPluginW995@@UAE_NXZ 10006d00 f   ConEmuPlugin995.obj
 0001:00005d50       ?LoadFarColors@CPluginW995@@UAEXAAY0BAA@E@Z 10006d50 f   ConEmuPlugin995.obj
 0001:00005e09       ?LoadFarSettings@CPluginW995@@UAEXPAUCEFarInterfaceSettings@@PAUCEFarPanelSettings@@@Z 10006e09 f   ConEmuPlugin995.obj
 0001:00005e40       ?Open@CPluginW995@@UAEPAXPBX@Z 10006e40 f i ConEmuPlugin995.obj
 0001:00005e40       ?Open@CPluginAnsi@@UAEPAXPBX@Z 10006e40 f i ConEmuPluginA.obj
 0001:00005e49       ?OpenEditor@CPluginW995@@UAE_NPB_W_N11HH@Z 10006e49 f   ConEmuPlugin995.obj
 0001:00005ee2       ?PanelControlApi@CPluginW995@@UAEHPAXHH0@Z 10006ee2 f   ConEmuPlugin995.obj
 0001:00005eff       ?PostMacroApi@CPluginW995@@UAEXPB_WPAU_INPUT_RECORD@@_N@Z 10006eff f   ConEmuPlugin995.obj
 0001:00005fac       ?ProcessEditorInputPtr@CPluginW995@@UAEHPBX@Z 10006fac f   ConEmuPlugin995.obj
 0001:00005fc6       ?ProcessSynchroEventPtr@CPluginAnsi@@UAEHPAX@Z 10006fc6 f i ConEmuPluginA.obj
 0001:00005fc6       ?ProcessEditorEventPtr@CPluginW995@@UAEHPAX@Z 10006fc6 f i ConEmuPlugin995.obj
 0001:00005fc6       ?ProcessViewerEventPtr@CPluginW995@@UAEHPAX@Z 10006fc6 f i ConEmuPlugin995.obj
 0001:00005fc6       ?ProcessSynchroEventPtr@CPluginW995@@UAEHPAX@Z 10006fc6 f i ConEmuPlugin995.obj
 0001:00005fc6       ?ProcessEditorEventPtr@CPluginAnsi@@UAEHPAX@Z 10006fc6 f i ConEmuPluginA.obj
 0001:00005fc6       ?ProcessEditorInputPtr@CPluginAnsi@@UAEHPBX@Z 10006fc6 f i ConEmuPluginA.obj
 0001:00005fc6       ?ProcessViewerEventPtr@CPluginAnsi@@UAEHPAX@Z 10006fc6 f i ConEmuPluginA.obj
 0001:00005fcb       ?RedrawAll@CPluginW995@@UAEXXZ 10006fcb f   ConEmuPlugin995.obj
 0001:00005fe8       ?SetStartupInfoPtr@CPluginW995@@UAEXPAX@Z 10006fe8 f   ConEmuPlugin995.obj
 0001:000060ee       ?SetWindow@CPluginW995@@UAEXH@Z 100070ee f   ConEmuPlugin995.obj
 0001:00006122       ?ShowMessage@CPluginW995@@UAEHPB_WH_N@Z 10007122 f   ConEmuPlugin995.obj
 0001:0000616b       ?ShowPluginMenu@CPluginW995@@UAEHPAUConEmuPluginMenuItem@@HH@Z 1000716b f   ConEmuPlugin995.obj
 0001:00006269       ?ShowUserScreen@CPluginW995@@UAEX_N@Z 10007269 f   ConEmuPlugin995.obj
 0001:0000628e       ?StopWaitEndSynchro@CPluginW995@@UAEXXZ 1000728e f   ConEmuPlugin995.obj
 0001:000062a7       ?UpdateConEmuTabsApi@CPluginW995@@UAE_NH@Z 100072a7 f   ConEmuPlugin995.obj
 0001:000064f0       ?WaitEndSynchro@CPluginW995@@UAEXXZ 100074f0 f   ConEmuPlugin995.obj
 0001:00006604       ??0CPluginAnsi@@QAE@XZ     10007604 f   ConEmuPluginA.obj
 0001:00006758       ??_GCPluginAnsi@@UAEPAXI@Z 10007758 f i ConEmuPluginA.obj
 0001:00006758       ??_ECPluginAnsi@@UAEPAXI@Z 10007758 f i ConEmuPluginA.obj
 0001:00006bf3       ?CheckPanelExist@CPluginAnsi@@UAE_NXZ 10007bf3 f   ConEmuPluginA.obj
 0001:00006c17       ?ExecuteSynchroApi@CPluginAnsi@@UAE_NXZ 10007c17 f i ConEmuPluginA.obj
 0001:00006c1a       ?ExitFar@CPluginAnsi@@UAEXXZ 10007c1a f   ConEmuPluginA.obj
 0001:00006c66       ?GetActiveWindowType@CPluginAnsi@@UAEHXZ 10007c66 f   ConEmuPluginA.obj
 0001:00006cd9       ?GetEditorModifiedState@CPluginAnsi@@UAEKXZ 10007cd9 f   ConEmuPluginA.obj
 0001:00006d16       ?GetFarRect@CPluginAnsi@@UAE_NAAU_SMALL_RECT@@@Z 10007d16 f i ConEmuPluginA.obj
 0001:00006d1b       ?GetMsg@CPluginAnsi@@UAEPB_WHPA_WI@Z 10007d1b f   ConEmuPluginA.obj
 0001:00006d8b       ?GetPanelDir@CPluginAnsi@@UAEPA_WKPA_WH@Z 10007d8b f   ConEmuPluginA.obj
 0001:00006e4f       ?GetPanelInfo@CPluginAnsi@@UAE_NKPAUCEPanelInfo@@@Z 10007e4f f   ConEmuPluginA.obj
 0001:00007021       ?GetPanelItemInfo@CPluginAnsi@@UAE_NABUCEPanelInfo@@_NHAAU_WIN32_FIND_DATAW@@PAPA_W@Z 10008021 f   ConEmuPluginA.obj
 0001:0000711d       ?GetPluginInfoPtr@CPluginAnsi@@UAEXPAX@Z 1000811d f   ConEmuPluginA.obj
 0001:0000718a       ?GetWindowCount@CPluginAnsi@@UAEHXZ 1000818a f   ConEmuPluginA.obj
 0001:000071ad       ?GuiMacroDlg@CPluginAnsi@@UAEXXZ 100081ad f   ConEmuPluginA.obj
 0001:000071b2       ?InputBox@CPluginAnsi@@UAE_NPB_W000AAPA_W@Z 100081b2 f   ConEmuPluginA.obj
 0001:000072e2       ?IsMacroActive@CPluginAnsi@@UAE_NXZ 100082e2 f   ConEmuPluginA.obj
 0001:00007338       ?LoadFarColors@CPluginAnsi@@UAEXAAY0BAA@E@Z 10008338 f   ConEmuPluginA.obj
 0001:000073f7       ?LoadFarSettings@CPluginAnsi@@UAEXPAUCEFarInterfaceSettings@@PAUCEFarPanelSettings@@@Z 100083f7 f   ConEmuPluginA.obj
 0001:0000743a       ?OpenEditor@CPluginAnsi@@UAE_NPB_W_N11HH@Z 1000843a f   ConEmuPluginA.obj
 0001:0000751a       ?PanelControlApi@CPluginAnsi@@UAEHPAXHH0@Z 1000851a f   ConEmuPluginA.obj
 0001:00007544       ?PostMacroApi@CPluginAnsi@@UAEXPB_WPAU_INPUT_RECORD@@_N@Z 10008544 f   ConEmuPluginA.obj
 0001:000075f6       ?RedrawAll@CPluginAnsi@@UAEXXZ 100085f6 f   ConEmuPluginA.obj
 0001:00007619       ?SetStartupInfoPtr@CPluginAnsi@@UAEXPAX@Z 10008619 f   ConEmuPluginA.obj
 0001:0000772a       ?SetWindow@CPluginAnsi@@UAEXH@Z 1000872a f   ConEmuPluginA.obj
 0001:0000776a       ?ShowMessage@CPluginAnsi@@UAEHPB_WH_N@Z 1000876a f   ConEmuPluginA.obj
 0001:00007812       ?ShowPluginMenu@CPluginAnsi@@UAEHPAUConEmuPluginMenuItem@@HH@Z 10008812 f   ConEmuPluginA.obj
 0001:00007951       ?ShowUserScreen@CPluginAnsi@@UAEX_N@Z 10008951 f   ConEmuPluginA.obj
 0001:00007977       ?UpdateConEmuTabsApi@CPluginAnsi@@UAE_NH@Z 10008977 f   ConEmuPluginA.obj
 0001:00007be4       ??$swprintf_c@$0BAE@@@YAHAAY0BAE@_WPB_WZZ 10008be4 f i ConEmuPluginBase.obj
 0001:00007bfd       ??$swprintf_c@$0DAM@@@YAHAAY0DAM@_WPB_WZZ 10008bfd f i ConEmuPluginBase.obj
 0001:00007c16       ??$swprintf_c@$0EAA@@@YAHAAY0EAA@_WPB_WZZ 10008c16 f i ConEmuPluginBase.obj
 0001:00007c2f       ??$swprintf_c@$0MI@@@YAHAAY0MI@_WPB_WZZ 10008c2f f i ConEmuPluginBase.obj
 0001:00007c48       ??0CPluginBase@@QAE@XZ     10008c48 f   ConEmuPluginBase.obj
 0001:00007d66       ??0MWow64Disable@@QAE@XZ   10008d66 f i ConEmuPluginBase.obj
 0001:00007dab       ??1?$MFileMapping@UConEmuGuiMapping@@@@QAE@XZ 10008dab f i common-user32:ConEmuCheckEx.obj
 0001:00007dab       ??1?$MFileMapping@UPanelViewSetMapping@@@@QAE@XZ 10008dab f i PluginBackground.obj
 0001:00007dab       ??1?$MFileMapping@UCESERVER_CONSOLE_MAPPING_HDR@@@@QAE@XZ 10008dab f i ConEmuPluginBase.obj
 0001:00007db5       ??1CPluginBase@@UAE@XZ     10008db5 f   ConEmuPluginBase.obj
 0001:00007dbc       ??1MWow64Disable@@QAE@XZ   10008dbc f i ConEmuPluginBase.obj
 0001:00007df2       ??_G?$MFileMapping@UCESERVER_CONSOLE_MAPPING_HDR@@@@QAEPAXI@Z 10008df2 f i ConEmuPluginBase.obj
 0001:00007e1c       ??_GCPluginBase@@UAEPAXI@Z 10008e1c f i ConEmuPluginBase.obj
 0001:00007e1c       ??_ECPluginBase@@UAEPAXI@Z 10008e1c f i ConEmuPluginBase.obj
 0001:00007e42       ?ActivatePlugin@CPluginBase@@QAE_NKPAXK@Z 10008e42 f   ConEmuPluginBase.obj
 0001:00007fdb       ?AddTab@CPluginBase@@QAE_NAAHH_N1HPB_W2HHHH@Z 10008fdb f   ConEmuPluginBase.obj
 0001:000082c4       ?AddTabFinish@CPluginBase@@QAEXH@Z 100092c4 f   ConEmuPluginBase.obj
 0001:000082d6       ?Attach2Gui@CPluginBase@@QAE_N_N@Z 100092d6 f   ConEmuPluginBase.obj
 0001:00008668       ?BackgroundMacroError@CPluginBase@@SGKPAX@Z 10009668 f   ConEmuPluginBase.obj
 0001:0000869b       ?CheckBufferEnabled@CPluginBase@@QAE_NXZ 1000969b f   ConEmuPluginBase.obj
 0001:000086f6       ?CheckConEmuDetached@CPluginBase@@SAXXZ 100096f6 f   ConEmuPluginBase.obj
 0001:00008791       ?CheckResources@CPluginBase@@QAEX_N@Z 10009791 f   ConEmuPluginBase.obj
 0001:00008933       ?CloseMap@?$MFileMapping@UPanelViewSetMapping@@@@QAEXXZ 10009933 f i PluginBackground.obj
 0001:00008933       ?CloseMap@?$MFileMapping@UConEmuGuiMapping@@@@QAEXXZ 10009933 f i common-kernel32:ConEmuCheck.obj
 0001:00008933       ?CloseMap@?$MFileMapping@UCESERVER_CONSOLE_MAPPING_HDR@@@@QAEXXZ 10009933 f i ConEmuPluginBase.obj
 0001:00008966       ?ClosePtr@?$MFileMapping@UConEmuGuiMapping@@@@QAEXXZ 10009966 f i common-kernel32:ConEmuCheck.obj
 0001:00008966       ?ClosePtr@?$MFileMapping@UPanelViewSetMapping@@@@QAEXXZ 10009966 f i PluginBackground.obj
 0001:00008966       ?ClosePtr@?$MFileMapping@UCESERVER_CONSOLE_MAPPING_HDR@@@@QAEXXZ 10009966 f i ConEmuPluginBase.obj
 0001:0000897e       ?CloseTabs@CPluginBase@@SAXXZ 1000997e f   ConEmuPluginBase.obj
 0001:00008a08       ?CommonPluginStartup@CPluginBase@@QAEXXZ 10009a08 f   ConEmuPluginBase.obj
 0001:00008af6       ?CreateTabs@CPluginBase@@SA_NH@Z 10009af6 f   ConEmuPluginBase.obj
 0001:00008bb7       ?Disable@MWow64Disable@@QAEXXZ 10009bb7 f i ConEmuPluginBase.obj
 0001:00008bd1       ?DllCheckUnique@CPluginBase@@KA_N_N@Z 10009bd1 f   ConEmuPluginBase.obj
 0001:00008d96       ?DllMain_ProcessAttach@CPluginBase@@KAXPAUHINSTANCE__@@@Z 10009d96 f   ConEmuPluginBase.obj
 0001:00008e8a       ?DllMain_ProcessDetach@CPluginBase@@KAXXZ 10009e8a f   ConEmuPluginBase.obj
 0001:00008f5b       ?EditViewConsoleOutput@CPluginBase@@QAEX_N@Z 10009f5b f   ConEmuPluginBase.obj
 0001:00008ff2       ?EmergencyShow@CPluginBase@@KAXXZ 10009ff2 f   ConEmuPluginBase.obj
 0001:0000903d       ?ExecuteSynchro@CPluginBase@@QAEXXZ 1000a03d f   ConEmuPluginBase.obj
 0001:000090b3       ?ExitFarCommon@CPluginBase@@QAEX_N@Z 1000a0b3 f   ConEmuPluginBase.obj
 0001:000090d6       ?FarSetConsoleSize@CPluginBase@@SA_NFF@Z 1000a0d6 f   ConEmuPluginBase.obj
 0001:000091bc       ?FillLoadedParm@CPluginBase@@SAXPAUConEmuLoadedArg@@PAUHINSTANCE__@@H@Z 1000a1bc f   ConEmuPluginBase.obj
 0001:0000924a       ?FillUpdateBackground@CPluginBase@@QAEXPAUPaintBackgroundArg@@@Z 1000a24a f   ConEmuPluginBase.obj
 0001:0000938d       ?FindServerCmd@CPluginBase@@QAE_NKAAK_N@Z 1000a38d f   ConEmuPluginBase.obj
 0001:00009477       ?GetMainThreadId@CPluginBase@@SAKXZ 1000a477 f   ConEmuPluginBase.obj
 0001:00009504       ?GetPanelInfo@CPluginBase@@QAE_NKPAUBkPanelInfo@@@Z 1000a504 f   ConEmuPluginBase.obj
 0001:00009586       ?InitHWND@CPluginBase@@SAXXZ 1000a586 f   ConEmuPluginBase.obj
 0001:000097a6       ?InitResources@CPluginBase@@QAEXXZ 1000a7a6 f   ConEmuPluginBase.obj
 0001:0000997b       ?InitRootRegKey@CPluginBase@@IAEXXZ 1000a97b f   ConEmuPluginBase.obj
 0001:00009a42       ?InternalOpenCreate@?$MFileMapping@UCESERVER_CONSOLE_MAPPING_HDR@@@@IAEPAUCESERVER_CONSOLE_MAPPING_HDR@@HHH@Z 1000aa42 f i ConEmuPluginBase.obj
 0001:00009b5c       ?IsCurrentTabModal@CPluginBase@@QAE_NXZ 1000ab5c f   ConEmuPluginBase.obj
 0001:00009be5       ?IsFarLua@FarVersion@@QBE_NXZ 1000abe5 f i ConEmuPluginBase.obj
 0001:00009d17       ?LoadFarVersion@CPluginBase@@SA_NXZ 1000ad17 f   ConEmuPluginBase.obj
 0001:00009f70       ?LoadPanelTabsFromRegistry@CPluginBase@@IAEXXZ 1000af70 f   ConEmuPluginBase.obj
 0001:0000a054       ?MonitorThreadProcW@CPluginBase@@SGKPAX@Z 1000b054 f   ConEmuPluginBase.obj
 0001:0000a422       ?NotifyConEmuUnloaded@CPluginBase@@SAXXZ 1000b422 f   ConEmuPluginBase.obj
 0001:0000a51f       ?OnConsoleDetaching@CPluginBase@@SGHPAUHookCallbackArg@@@Z 1000b51f f   ConEmuPluginBase.obj
 0001:0000a639       ?OnConsolePeekInput@CPluginBase@@SGHPAUHookCallbackArg@@@Z 1000b639 f   ConEmuPluginBase.obj
 0001:0000a698       ?OnConsolePeekInputPost@CPluginBase@@SGXPAUHookCallbackArg@@@Z 1000b698 f   ConEmuPluginBase.obj
 0001:0000a6c6       ?OnConsolePeekReadInput@CPluginBase@@SAX_N@Z 1000b6c6 f   ConEmuPluginBase.obj
 0001:0000a889       ?OnConsoleReadInput@CPluginBase@@SGHPAUHookCallbackArg@@@Z 1000b889 f   ConEmuPluginBase.obj
 0001:0000a899       ?OnConsoleReadInputPost@CPluginBase@@SGXPAUHookCallbackArg@@@Z 1000b899 f   ConEmuPluginBase.obj
 0001:0000aa1b       ?OnConsoleReadInputWork@CPluginBase@@SAHPAUHookCallbackArg@@@Z 1000ba1b f   ConEmuPluginBase.obj
 0001:0000aa85       ?OnConsoleWasAttached@CPluginBase@@SGXPAUHookCallbackArg@@@Z 1000ba85 f   ConEmuPluginBase.obj
 0001:0000aad8       ?OnCurDirChanged@CPluginBase@@SGXXZ 1000bad8 f   ConEmuPluginBase.obj
 0001:0000ab2f       ?OnGetNumberOfConsoleInputEventsPost@CPluginBase@@SGXPAUHookCallbackArg@@@Z 1000bb2f f   ConEmuPluginBase.obj
 0001:0000ab75       ?OnLibraryLoaded@CPluginBase@@SGXPAUHINSTANCE__@@@Z 1000bb75 f   ConEmuPluginBase.obj
 0001:0000abce       ?OnMainThreadActivated@CPluginBase@@QAEXXZ 1000bbce f   ConEmuPluginBase.obj
 0001:0000ad34       ?OnPanelViewCallbacks@CPluginBase@@SA_NPAUHookCallbackArg@@P6GHPAXPAU_INPUT_RECORD@@KPAKPAH@Z5@Z 1000bd34 f   ConEmuPluginBase.obj
 0001:0000add7       ?OnShellExecuteExW_Except@CPluginBase@@SGXPAUHookCallbackArg@@@Z 1000bdd7 f   ConEmuPluginBase.obj
 0001:0000ae09       ?OnWriteConsoleOutput@CPluginBase@@SGHPAUHookCallbackArg@@@Z 1000be09 f   ConEmuPluginBase.obj
 0001:0000ae98       ?OpenMapHeader@CPluginBase@@SAHXZ 1000be98 f   ConEmuPluginBase.obj
 0001:0000af67       ?OpenPluginCommon@CPluginBase@@QAEPAXHH_N@Z 1000bf67 f   ConEmuPluginBase.obj
 0001:0000b1f5       ?OutDataAlloc@CPluginBase@@SA_NK@Z 1000c1f5 f   ConEmuPluginBase.obj
 0001:0000b24f       ?OutDataRealloc@CPluginBase@@SA_NK@Z 1000c24f f   ConEmuPluginBase.obj
 0001:0000b302       ?OutDataWrite@CPluginBase@@SA_NPAXK@Z 1000c302 f   ConEmuPluginBase.obj
 0001:0000b37e       ?PanelControl@CPluginBase@@QAEHPAXHH0@Z 1000c37e f   ConEmuPluginBase.obj
 0001:0000b3e5       ?Plugin@@YAPAVCPluginBase@@XZ 1000c3e5 f   ConEmuPluginBase.obj
 0001:0000b4bb       ?PostMacro@CPluginBase@@QAEXPB_WPAU_INPUT_RECORD@@_N@Z 1000c4bb f   ConEmuPluginBase.obj
 0001:0000b4fc       ?PrintText@CPluginBase@@QAE_NPB_W@Z 1000c4fc f   ConEmuPluginBase.obj
 0001:0000b5fa       ?ProcessCommand@CPluginBase@@QAE_NKHPAXPAPAUCESERVER_REQ@@_N@Z 1000c5fa f   ConEmuPluginBase.obj
 0001:0000ba2a       ?ProcessCommandLine@CPluginBase@@QAE_NPA_W@Z 1000ca2a f   ConEmuPluginBase.obj
 0001:0000ba63       ?ProcessDragFrom@CPluginBase@@QAEXXZ 1000ca63 f   ConEmuPluginBase.obj
 0001:0000c008       ?ProcessDragTo@CPluginBase@@QAEXXZ 1000d008 f   ConEmuPluginBase.obj
 0001:0000c366       ?ProcessEditorInputInternal@CPluginBase@@QAEXABU_INPUT_RECORD@@@Z 1000d366 f   ConEmuPluginBase.obj
 0001:0000c398       ?ProcessEditorViewerEvent@CPluginBase@@QAEHHH@Z 1000d398 f   ConEmuPluginBase.obj
 0001:0000c433       ?ProcessSetWindowCommand@CPluginBase@@QAEXXZ 1000d433 f   ConEmuPluginBase.obj
 0001:0000c4fc       ?ProcessSynchroEvent@CPluginBase@@QAEHHPAX@Z 1000d4fc f   ConEmuPluginBase.obj
 0001:0000c56e       ?ReloadFarInfo@CPluginBase@@QAE_N_N@Z 1000d56e f   ConEmuPluginBase.obj
 0001:0000c794       ?ReloadFarInfoApi@CPluginBase@@IAE_NXZ 1000d794 f   ConEmuPluginBase.obj
 0001:0000c91e       ?Restore@MWow64Disable@@QAEXXZ 1000d91e f i ConEmuPluginBase.obj
 0001:0000c935       ?RunExternalProgram@CPluginBase@@QAE_NPA_W@Z 1000d935 f   ConEmuPluginBase.obj
 0001:0000ca70       ?RunExternalProgramW@CPluginBase@@SA_NPA_W0_N@Z 1000da70 f   ConEmuPluginBase.obj
 0001:0000cc43       ?SendTabs@CPluginBase@@SAXH_N@Z 1000dc43 f   ConEmuPluginBase.obj
 0001:0000cdce       ?SetRootRegKey@CPluginBase@@IAEXPA_W@Z 1000ddce f   ConEmuPluginBase.obj
 0001:0000ce6f       ?ShowConsoleInfo@CPluginBase@@QAEXXZ 1000de6f f   ConEmuPluginBase.obj
 0001:0000cfe3       ?ShowMessage@CPluginBase@@QAEHHH@Z 1000dfe3 f   ConEmuPluginBase.obj
 0001:0000d049       ?ShowMessageBox@CPluginBase@@KAHPB_WI@Z 1000e049 f   ConEmuPluginBase.obj
 0001:0000d0df       ?ShowMessageGui@CPluginBase@@QAEHHH@Z 1000e0df f   ConEmuPluginBase.obj
 0001:0000d149       ?ShowPanelsList@CPluginBase@@QAEXXZ 1000e149 f   ConEmuPluginBase.obj
 0001:0000d266       ?ShowPluginMenu@CPluginBase@@QAEXW4PluginCallCommands@@@Z 1000e266 f   ConEmuPluginBase.obj
 0001:0000d41d       ?ShowProtocolWarning@CPluginBase@@KAXXZ 1000e41d f   ConEmuPluginBase.obj
 0001:0000d55d       ?ShowTabsList@CPluginBase@@QAEXXZ 1000e55d f   ConEmuPluginBase.obj
 0001:0000d798       ?StartDebugger@CPluginBase@@QAE_NXZ 1000e798 f   ConEmuPluginBase.obj
 0001:0000da02       ?StopThread@CPluginBase@@QAEX_N@Z 1000ea02 f   ConEmuPluginBase.obj
 0001:0000dbdd       ?StorePanelDirs@CPluginBase@@QAE_NPB_W0@Z 1000ebdd f   ConEmuPluginBase.obj
 0001:0000dcfb       ?StringCchCatW@@YGJPA_WIPB_W@Z 1000ecfb f i ConEmuPluginBase.obj
 0001:0000ddb8       ?SwitchTabCommand@CPluginBase@@QAEXW4PluginMenuCommands@@@Z 1000edb8 f   ConEmuPluginBase.obj
 0001:0000de32       ?ToOem@CPluginBase@@SAPADPB_W@Z 1000ee32 f   ConEmuPluginBase.obj
 0001:0000de7b       ?ToOem@CPluginBase@@SAXPB_WPADH@Z 1000ee7b f   ConEmuPluginBase.obj
 0001:0000dea2       ?ToUnicode@CPluginBase@@SAPA_WPBD@Z 1000eea2 f   ConEmuPluginBase.obj
 0001:0000df04       ?UngetDummyMouseEvent@CPluginBase@@SA_N_NPAUHookCallbackArg@@@Z 1000ef04 f   ConEmuPluginBase.obj
 0001:0000e07f       ?UpdateConEmuTabs@CPluginBase@@QAE_N_N@Z 1000f07f f   ConEmuPluginBase.obj
 0001:0000e277       ?UpdatePanelDirs@CPluginBase@@QAEXXZ 1000f277 f   ConEmuPluginBase.obj
 0001:0000e3f1       ?WaitPluginActivation@CPluginBase@@SAKKPAPAXHK@Z 1000f3f1 f   ConEmuPluginBase.obj
 0001:0000e4dd       ?cmd_CloseQSearch@CPluginBase@@QAEXXZ 1000f4dd f   ConEmuPluginBase.obj
 0001:0000e507       ?cmd_ConSetFont@CPluginBase@@QAEXPAX@Z 1000f507 f   ConEmuPluginBase.obj
 0001:0000e539       ?cmd_EMenu@CPluginBase@@QAEXPAX@Z 1000f539 f   ConEmuPluginBase.obj
 0001:0000e5d6       ?cmd_ExternalCallback@CPluginBase@@QAE_NPAX@Z 1000f5d6 f   ConEmuPluginBase.obj
 0001:0000e619       ?cmd_GuiChanged@CPluginBase@@QAEXPAX@Z 1000f619 f   ConEmuPluginBase.obj
 0001:0000e690       ?cmd_LeftClickSync@CPluginBase@@QAEXPAX@Z 1000f690 f   ConEmuPluginBase.obj
 0001:0000e75f       ?cmd_OpenEditorLine@CPluginBase@@QAE_NPAUCESERVER_REQ_FAREDITOR@@@Z 1000f75f f   ConEmuPluginBase.obj
 0001:0000e7f8       ?cmd_RedrawFarCall@CPluginBase@@QAE_NAAPAUCESERVER_REQ@@PAPAU2@@Z 1000f7f8 f   ConEmuPluginBase.obj
 0001:0000e88e       ?cmd_SetWindow@CPluginBase@@QAE_NPAX_N@Z 1000f88e f   ConEmuPluginBase.obj
 0001:0000e8fe       ?isMacroActive@CPluginBase@@QAE_NAAH@Z 1000f8fe f   ConEmuPluginBase.obj
 0001:0000e936       ?isModalEditorViewer@CPluginBase@@QAE_NXZ 1000f936 f   ConEmuPluginBase.obj
 0001:0000e95c       ?pcc_Disabled@CPluginBase@@SA_NW4PluginMenuCommands@@@Z 1000f95c f   ConEmuPluginBase.obj
 0001:0000e9c9       ?pcc_Selected@CPluginBase@@SA_NW4PluginMenuCommands@@@Z 1000f9c9 f   ConEmuPluginBase.obj
 0001:0000ea1c       _wmemcmp                   1000fa1c f i ConEmuPluginBase.obj
 0001:0000ea52       ??0CPluginBackground@@QAE@XZ 1000fa52 f   PluginBackground.obj
 0001:0000ec1a       ??1CPluginBackground@@QAE@XZ 1000fc1a f   PluginBackground.obj
 0001:0000ede9       ?CheckPanelFolders@CPluginBackground@@IAEXH@Z 1000fde9 f   PluginBackground.obj
 0001:0000ee95       ?InitName@?$MFileMapping@UConEmuGuiMapping@@@@QAEPB_WPB_WKK@Z 1000fe95 f i common-kernel32:ConEmuCheck.obj
 0001:0000ee95       ?InitName@?$MFileMapping@UPanelViewSetMapping@@@@QAEPB_WPB_WKK@Z 1000fe95 f i PluginBackground.obj
 0001:0000ee95       ?InitName@?$MFileMapping@UCESERVER_CONSOLE_MAPPING_HDR@@@@QAEPB_WPB_WKK@Z 1000fe95 f i ConEmuPluginBase.obj
 0001:0000eec6       ?InternalOpenCreate@?$MFileMapping@UPanelViewSetMapping@@@@IAEPAUPanelViewSetMapping@@HHH@Z 1000fec6 f i PluginBackground.obj
 0001:0000efe0       ?IsParmChanged@CPluginBackground@@IAE_NPAUPaintBackgroundArg@@0@Z 1000ffe0 f   PluginBackground.obj
 0001:0000f201       ?LoadThSet@CPluginBackground@@IAEHH@Z 10010201 f   PluginBackground.obj
 0001:0000f37a       ?MonitorBackground@CPluginBackground@@QAEXXZ 1001037a f   PluginBackground.obj
 0001:0000f3d2       ?OnMainThreadActivated@CPluginBackground@@QAEXHH@Z 100103d2 f   PluginBackground.obj
 0001:0000f49a       ?ReallocItems@CPluginBackground@@IAEXH@Z 1001049a f   PluginBackground.obj
 0001:0000f4fb       ?RegisterSubplugin@CPluginBackground@@QAEHPAURegisterBackgroundArg@@@Z 100104fb f   PluginBackground.obj
 0001:0000f709       ?SetDcPanelRect@CPluginBackground@@IAEXPAUtagRECT@@PAUBkPanelInfo@@PAUPaintBackgroundArg@@@Z 10010709 f   PluginBackground.obj
 0001:0000f7e6       ?SetForceThLoad@CPluginBackground@@QAEXXZ 100107e6 f   PluginBackground.obj
 0001:0000f7f9       ?SetForceUpdate@CPluginBackground@@QAEX_N@Z 100107f9 f   PluginBackground.obj
 0001:0000f81b       ?UpdateBackground@CPluginBackground@@IAEXXZ 1001081b f   PluginBackground.obj
 0001:0000ff76       ?UpdateBackground_Exec@CPluginBackground@@KAXPAURegisterBackgroundArg@@PAUPaintBackgroundArg@@@Z 10010f76 f   PluginBackground.obj
 0001:0000ffa0       ??$swprintf_c@$09@@YAHAAY09_WPB_WZZ 10010fa0 f i PluginSrv.obj
 0001:0000ffb6       ?AllocRequestBuf@PipeInst@?$PipeServer@UCESERVER_REQ@@@@QAEPAUCESERVER_REQ@@K@Z 10010fb6 f i PluginSrv.obj
 0001:00010009       ?DumpError@?$PipeServer@UCESERVER_REQ@@@@IAEXPAUPipeInst@1@PB_WH@Z 10011009 f i PluginSrv.obj
 0001:000100de       ?PipeServerRead@?$PipeServer@UCESERVER_REQ@@@@IAEHPAUPipeInst@1@@Z 100110de f i PluginSrv.obj
 0001:0001034e       ?PipeServerThread@?$PipeServer@UCESERVER_REQ@@@@IAEKPAUPipeInst@1@@Z 1001134e f i PluginSrv.obj
 0001:0001057d       ?PipeServerWrite@?$PipeServer@UCESERVER_REQ@@@@IAEHPAUPipeInst@1@PBXKPAKH@Z 1001157d f i PluginSrv.obj
 0001:00010660       ?PlugServerCommand@@YGHPAXPAUCESERVER_REQ@@AAPAU1@AAK3J@Z 10011660 f   PluginSrv.obj
 0001:00010b29       ?PlugServerFree@@YGXPAUCESERVER_REQ@@J@Z 10011b29 f   PluginSrv.obj
 0001:00010b3a       ?PlugServerStart@@YA_NXZ   10011b3a f   PluginSrv.obj
 0001:00010bf1       ?PlugServerStop@@YAX_N@Z   10011bf1 f   PluginSrv.obj
 0001:00010c36       ?SetMaxCount@?$PipeServer@UCESERVER_REQ@@@@QAEXH@Z 10011c36 f i PluginSrv.obj
 0001:00010c5d       ?StartPipeInstance@?$PipeServer@UCESERVER_REQ@@@@IAE_NPAUPipeInst@1@@Z 10011c5d f i PluginSrv.obj
 0001:00010d8e       ?StartPipeServer@?$PipeServer@UCESERVER_REQ@@@@QAE_N_NPB_WJPAU_SECURITY_ATTRIBUTES@@P6GHPAXPAUCESERVER_REQ@@AAPAU3@AAK6J@ZP6GX4J@ZP6GH3J@Z99@Z 10011d8e f i PluginSrv.obj
 0001:00010ed3       ?StopPipeServer@?$PipeServer@UCESERVER_REQ@@@@QAEX_NAA_N@Z 10011ed3 f i PluginSrv.obj
 0001:000111c8       ?TerminatePipeThread@?$PipeServer@UCESERVER_REQ@@@@KAXAAPAXABUPipeInst@1@AA_N@Z 100121c8 f i PluginSrv.obj
 0001:0001121e       ?WaitForClient@?$PipeServer@UCESERVER_REQ@@@@IAE_NPAUPipeInst@1@AAH1@Z 1001221e f i PluginSrv.obj
 0001:000114b2       ?WaitOverlapped@?$PipeServer@UCESERVER_REQ@@@@IAEHPAUPipeInst@1@PAK@Z 100124b2 f i PluginSrv.obj
 0001:00011603       ?WriteDummyAnswer@?$PipeServer@UCESERVER_REQ@@@@IAEHPAUPipeInst@1@@Z 10012603 f i PluginSrv.obj
 0001:00011673       ?_Disconnect@?$PipeServer@UCESERVER_REQ@@@@IAEXPAUPipeInst@1@_N11@Z 10012673 f i PluginSrv.obj
 0001:000116c7       ?_PipeServerThread@?$PipeServer@UCESERVER_REQ@@@@KGKPAX@Z 100126c7 f i PluginSrv.obj
 0001:0001170e       ?cmd_FarSetChanged@@YAXPAUFAR_REQ_FARSETCHANGED@@@Z 1001270e f   PluginSrv.obj
 0001:0001175c       _GetFileVersionInfoSizeW@8 1001275c f   version:VERSION.dll
 0001:00011762       _GetFileVersionInfoW@16    10012762 f   version:VERSION.dll
 0001:00011768       _VerQueryValueW@16         10012768 f   version:VERSION.dll
 0001:0001176e       _CreateToolhelp32Snapshot@8 1001276e f   kernel32:KERNEL32.dll
 0001:00011774       _Thread32First@8           10012774 f   kernel32:KERNEL32.dll
 0001:0001177a       _Thread32Next@8            1001277a f   kernel32:KERNEL32.dll
 0001:00011780       _Module32FirstW@8          10012780 f   kernel32:KERNEL32.dll
 0001:00011786       _Module32NextW@8           10012786 f   kernel32:KERNEL32.dll
 0001:0001178c       ??2@YAPAXI@Z               1001278c f   common-kernel32:Memory.obj
 0001:000117b9       ??3@YAXPAX@Z               100127b9 f   common-kernel32:Memory.obj
 0001:000117d3       ??_U@YAPAXI@Z              100127d3 f   common-kernel32:Memory.obj
 0001:000117ed       ??_V@YAXPAX@Z              100127ed f   common-kernel32:Memory.obj
 0001:00011807       ?HeapDeinitialize@@YAXXZ   10012807 f   common-kernel32:Memory.obj
 0001:0001181f       ?HeapInitialize@@YA_NXZ    1001281f f   common-kernel32:Memory.obj
 0001:00011841       ?xf_calloc@@YAPAXIIPBDH@Z  10012841 f   common-kernel32:Memory.obj
 0001:0001189f       ?xf_free@@YAXPAXPBDH@Z     1001289f f   common-kernel32:Memory.obj
 0001:000118d4       ?xf_malloc@@YAPAXIPBDH@Z   100128d4 f   common-kernel32:Memory.obj
 0001:0001192e       ?xf_realloc@@YAPAXPAXIPBDH@Z 1001292e f   common-kernel32:Memory.obj
 0001:000119b5       ?xf_set_tag@@YAXPAXPBDH_N@Z 100129b5 f   common-kernel32:Memory.obj
 0001:00011a31       ??0?$MFileMapping@UConEmuGuiMapping@@@@QAE@XZ 10012a31 f i common-kernel32:ConEmuCheck.obj
 0001:00011a31       ??0?$MFileMapping@UCESERVER_CONSOLE_MAPPING_HDR@@@@QAE@XZ 10012a31 f i ConEmuPluginBase.obj
 0001:00011a31       ??0?$MFileMapping@UPanelViewSetMapping@@@@QAE@XZ 10012a31 f i PluginBackground.obj
 0001:00011a55       ?ExecuteCmd@@YAPAUCESERVER_REQ@@PB_WPAU1@KPAUHWND__@@HKH@Z 10012a55 f   common-kernel32:ConEmuCheck.obj
 0001:00011c2b       ?ExecuteFreeResult@@YAXAAPAUCESERVER_REQ@@@Z 10012c2b f   common-kernel32:ConEmuCheck.obj
 0001:00011c4f       ?ExecuteGuiCmd@@YAPAUCESERVER_REQ@@PAUHWND__@@PAU1@0H@Z 10012c4f f   common-kernel32:ConEmuCheck.obj
 0001:00011cd2       ?ExecuteNewCmd@@YAPAUCESERVER_REQ@@KI@Z 10012cd2 f   common-kernel32:ConEmuCheck.obj
 0001:00011d1b       ?ExecuteNewCmd@@YA_NAAPAUCESERVER_REQ@@AAKKI@Z 10012d1b f   common-kernel32:ConEmuCheck.obj
 0001:00011d79       ?ExecuteOpenPipe@@YAPAXPB_WAAY0CAI@_W0KKHPAXH@Z 10012d79 f   common-kernel32:ConEmuCheck.obj
 0001:00011eb2       ?ExecutePrepareCmd@@YAXPAUCESERVER_REQ@@KI@Z 10012eb2 f   common-kernel32:ConEmuCheck.obj
 0001:00011ee9       ?ExecutePrepareCmd@@YAXPAUCESERVER_REQ_HDR@@KI@Z 10012ee9 f   common-kernel32:ConEmuCheck.obj
 0001:00011f51       ?ExecuteSrvCmd@@YAPAUCESERVER_REQ@@KPAU1@PAUHWND__@@HKH@Z 10012f51 f   common-kernel32:ConEmuCheck.obj
 0001:00011fea       ?GetConEmuHWND@@YAPAUHWND__@@H@Z 10012fea f   common-kernel32:ConEmuCheck.obj
 0001:0001210d       ?GuiMessageBox@@YAHPAUHWND__@@PB_W1H@Z 1001310d f   common-kernel32:ConEmuCheck.obj
 0001:0001223e       ?InternalOpenCreate@?$MFileMapping@UConEmuGuiMapping@@@@IAEPAUConEmuGuiMapping@@HHH@Z 1001323e f i common-kernel32:ConEmuCheck.obj
 0001:00012358       ?LoadSrvMapping@@YAHPAUHWND__@@AAUCESERVER_CONSOLE_MAPPING_HDR@@@Z 10013358 f   common-kernel32:ConEmuCheck.obj
 0001:0001240c       ?ModuleName@@YAPB_WPB_W@Z  1001340c f   common-kernel32:ConEmuCheck.obj
 0001:000124ab       ?StringCchCopyNW@@YGJPA_WIPB_WI@Z 100134ab f i common-kernel32:ConEmuCheck.obj
 0001:0001255c       ?isConsoleClass@@YA_NPB_W@Z 1001355c f   common-kernel32:ConEmuCheck.obj
 0001:00012596       ?isConsoleWindow@@YA_NPAUHWND__@@@Z 10013596 f   common-kernel32:ConEmuCheck.obj
 0001:0001265b       ?myGetConsoleWindow@@YAPAUHWND__@@XZ 1001365b f   common-kernel32:ConEmuCheck.obj
 0001:000126cd       ?StringCchVPrintfA@@YGJPADIPBD0@Z 100136cd f i common-kernel32:MStrSafe.obj
 0001:00012722       ?lstrcmpni@@YAHPB_W0H@Z    10013722 f   common-kernel32:MStrSafe.obj
 0001:0001281c       ?msprintf@@YAPB_WPA_WIPB_WZZ 1001381c f   common-kernel32:MStrSafe.obj
 0001:00012c42       ?sprintf_c@@YAHPADHPBDZZ   10013c42 f   common-kernel32:MStrSafe.obj
 0001:00012c65       ?swprintf_c@@YAHPA_WHPB_WZZ 10013c65 f   common-kernel32:MStrSafe.obj
 0001:00012c88       __vsnprintf_l              10013c88 f i common-kernel32:MStrSafe.obj
 0001:00012cba       ?IsFilePath@@YA_NPB_W_N@Z  10013cba f   common-kernel32:CmdLine.obj
 0001:00012de6       ?PointToExt@@YAPB_WPB_W@Z  10013de6 f   common-kernel32:CmdLine.obj
 0001:00012e04       ?PointToName@@YAPB_WPB_W@Z 10013e04 f   common-kernel32:CmdLine.obj
 0001:00012e46       ?Unquote@@YAPB_WPA_W_N@Z   10013e46 f   common-kernel32:CmdLine.obj
 0001:00012e91       ??$sprintf_c@$0CI@@@YAHAAY0CI@DPBDZZ 10013e91 f i common-kernel32:WThreads.obj
 0001:00012ea7       ?SetThreadName@@YAXKPAD@Z  10013ea7 f   common-kernel32:WThreads.obj
 0001:00012ef6       ?apiCreateThread@@YAPAXP6GKPAX@Z0PAKPBDH@Z 10013ef6 f   common-kernel32:WThreads.obj
 0001:00012ff0       ?apiTerminateThreadEx@@YAHPAXKPBDH@Z 10013ff0 f   common-kernel32:WThreads.obj
 0001:000130c6       ?apiThreadHelper@@YGKPAX@Z 100140c6 f   common-kernel32:WThreads.obj
 0001:00013254       ?lstrdup@@YAPA_WPB_WI@Z    10014254 f   common-kernel32:MStrDup.obj
 0001:000132a9       ?lstrmerge@@YAPA_WPB_W00000000@Z 100142a9 f   common-kernel32:MStrDup.obj
 0001:000133ae       ?lstrmerge@@YA_NPAPA_WPB_W1111111@Z 100143ae f   common-kernel32:MStrDup.obj
 0001:00013403       ?ExpandEnvStr@@YAPA_WPB_W@Z 10014403 f   common-kernel32:WObjects.obj
 0001:00013493       ?FileExists@@YA_NPB_WPAK@Z 10014493 f   common-kernel32:WObjects.obj
 0001:000135bd       ?GetEnvVar@@YAPA_WPB_W@Z   100145bd f   common-kernel32:WObjects.obj
 0001:00013656       ?IsWin6@@YA_NXZ            10014656 f   common-kernel32:WObjects.obj
 0001:00013684       ?IsWinVerOrHigher@@YA_NG@Z 10014684 f   common-kernel32:WObjects.obj
 0001:0001370d       ?IsWindows64@@YA_NXZ       1001470d f   common-kernel32:WObjects.obj
 0001:0001377f       ?CommonShutdown@@YAXXZ     1001477f f   common-kernel32:Common.obj
 0001:0001378e       ?IsEnvBlockVariableValid@@YA_NPB_WAAPB_W@Z 1001478e f   common-kernel32:Common.obj
 0001:000137de       ?SetCommand@CESERVER_REQ_NEWCMD@@QAEXPB_W@Z 100147de f   common-kernel32:Common.obj
 0001:00013834       ?SetEnvStrings@CESERVER_REQ_NEWCMD@@QAEXPB_WK@Z 10014834 f   common-kernel32:Common.obj
 0001:0001390b       ??0MNullDesc@@QAE@XZ       1001490b f i common-kernel32:MSecurity.obj
 0001:0001392d       ??1MNullDesc@@QAE@XZ       1001492d f i common-kernel32:MSecurity.obj
 0001:00013965       ?LoadAdvApi@MNullDesc@@IAEHXZ 10014965 f i common-kernel32:MSecurity.obj
 0001:00013aba       ?LocalSecurity@@YAPAU_SECURITY_ATTRIBUTES@@XZ 10014aba f   common-kernel32:MSecurity.obj
 0001:00013ae6       ?LocalSecurity@MNullDesc@@QAEPAU_SECURITY_ATTRIBUTES@@XZ 10014ae6 f i common-kernel32:MSecurity.obj
 0001:00013c14       ?ShutdownSecurity@@YAXXZ   10014c14 f   common-kernel32:MSecurity.obj
 0001:00013c39       ??0CEStr@@QAE@$$QAPA_W@Z   10014c39 f   common-kernel32:CEStr.obj
 0001:00013c5c       ??0CEStr@@QAE@PB_W00000000@Z 10014c5c f   common-kernel32:CEStr.obj
 0001:00013ca6       ??0CEStr@@QAE@XZ           10014ca6 f   common-kernel32:CEStr.obj
 0001:00013cb9       ??1CEStr@@QAE@XZ           10014cb9 f   common-kernel32:CEStr.obj
 0001:00013cfd       ??BCEStr@@QBEPB_WXZ        10014cfd f   common-kernel32:CEStr.obj
 0001:00013d00       ?AttachInt@CEStr@@AAEPB_WAAPA_W@Z 10014d00 f   common-kernel32:CEStr.obj
 0001:00013d73       ?Empty@CEStr@@QAEXXZ       10014d73 f   common-kernel32:CEStr.obj
 0001:00013d94       ?GetBuffer@CEStr@@QAEPA_WH@Z 10014d94 f   common-kernel32:CEStr.obj
 0001:00013e26       ?GetLen@CEStr@@QBEHXZ      10014e26 f   common-kernel32:CEStr.obj
 0001:00013e54       ?GetMaxCount@CEStr@@QAEHXZ 10014e54 f   common-kernel32:CEStr.obj
 0001:00013e70       ?SavePathVar@CEStr@@QAEXPB_W@Z 10014e70 f   common-kernel32:CEStr.obj
 0001:00013e9e       ?Set@CEStr@@QAEPB_WPB_WH@Z 10014e9e f   common-kernel32:CEStr.obj
 0001:00013f5d       ?Init@HkFunc@@QAE_NPB_WPAUHINSTANCE__@@@Z 10014f5d f   common-kernel32:HkFunc.obj
 0001:00013fbb       ?isConEmuHk@HkFunc@@QAE_NXZ 10014fbb f   common-kernel32:HkFunc.obj
 0001:00013fc2       ??0?$MToolHelp@UtagPROCESSENTRY32W@@$1?Process32FirstW@@YGHPAXPAU1@@Z$1?Process32NextW@@YGH01@Z@@QAE@KK@Z 10014fc2 f i common-kernel32:MProcess.obj
 0001:0001402a       ??1?$MToolHelp@UtagPROCESSENTRY32W@@$1?Process32FirstW@@YGHPAXPAU1@@Z$1?Process32NextW@@YGH01@Z@@UAE@XZ 1001502a f i common-kernel32:MProcess.obj
 0001:00014046       ??_EMToolHelpProcess@@UAEPAXI@Z 10015046 f i common-kernel32:MProcess.obj
 0001:00014046       ??_E?$MToolHelp@UtagPROCESSENTRY32W@@$1?Process32FirstW@@YGHPAXPAU1@@Z$1?Process32NextW@@YGH01@Z@@UAEPAXI@Z 10015046 f i common-kernel32:MProcess.obj
 0001:00014046       ??_GMToolHelpProcess@@UAEPAXI@Z 10015046 f i common-kernel32:MProcess.obj
 0001:00014046       ??_G?$MToolHelp@UtagPROCESSENTRY32W@@$1?Process32FirstW@@YGHPAXPAU1@@Z$1?Process32NextW@@YGH01@Z@@UAEPAXI@Z 10015046 f i common-kernel32:MProcess.obj
 0001:0001406b       ?Close@?$MToolHelp@UtagPROCESSENTRY32W@@$1?Process32FirstW@@YGHPAXPAU1@@Z$1?Process32NextW@@YGH01@Z@@QAEX_N@Z 1001506b f i common-kernel32:MProcess.obj
 0001:000140b9       ?Filter@?$MToolHelp@UtagPROCESSENTRY32W@@$1?Process32FirstW@@YGHPAXPAU1@@Z$1?Process32NextW@@YGH01@Z@@MAE_NPAUtagPROCESSENTRY32W@@@Z 100150b9 f i common-kernel32:MProcess.obj
 0001:000140be       ?Find@?$MToolHelp@UtagPROCESSENTRY32W@@$1?Process32FirstW@@YGHPAXPAU1@@Z$1?Process32NextW@@YGH01@Z@@QAE_NP6A_NPAUtagPROCESSENTRY32W@@J@ZJ0@Z 100150be f i common-kernel32:MProcess.obj
 0001:00014155       ?Next@?$MToolHelp@UtagPROCESSENTRY32W@@$1?Process32FirstW@@YGHPAXPAU1@@Z$1?Process32NextW@@YGH01@Z@@QAE_NPAUtagPROCESSENTRY32W@@@Z 10015155 f i common-kernel32:MProcess.obj
 0001:000141a0       ?Open@?$MToolHelp@UtagPROCESSENTRY32W@@$1?Process32FirstW@@YGHPAXPAU1@@Z$1?Process32NextW@@YGH01@Z@@QAE_NXZ 100151a0 f i common-kernel32:MProcess.obj
 0001:000141d1       ?addsize@?$MArray@UtagPROCESSENTRY32W@@@@QAEXH@Z 100151d1 f i common-kernel32:MProcess.obj
 0001:00014272       ?clear@?$MArray@UtagPROCESSENTRY32W@@@@QAEXXZ 10015272 f i common-kernel32:MProcess.obj
 0001:000142af       ?getNext@?$MToolHelp@UtagPROCESSENTRY32W@@$1?Process32FirstW@@YGHPAXPAU1@@Z$1?Process32NextW@@YGH01@Z@@IAE_NXZ 100152af f i common-kernel32:MProcess.obj
 0001:00014330       ?isTerminalMode@@YA_NXZ    10015330 f   common-kernel32:MProcess.obj
 0001:00014438       ?push_back@?$MArray@UtagPROCESSENTRY32W@@@@QAEHABUtagPROCESSENTRY32W@@@Z 10015438 f i common-kernel32:MProcess.obj
 0001:0001448f       ??0MSection@@QAE@XZ        1001548f f   common-kernel32:MSection.obj
 0001:000144ee       ??0MSectionLock@@QAE@XZ    100154ee f   common-kernel32:MSection.obj
 0001:000144fb       ??0MSectionThread@@QAE@PAVMSection@@@Z 100154fb f   common-kernel32:MSection.obj
 0001:00014516       ??1MSection@@QAE@XZ        10015516 f   common-kernel32:MSection.obj
 0001:00014570       ??1MSectionLock@@QAE@XZ    10015570 f   common-kernel32:MSection.obj
 0001:00014589       ??1MSectionThread@@QAE@XZ  10015589 f   common-kernel32:MSection.obj
 0001:0001459f       ?AddRef@MSection@@IAEXK@Z  1001559f f   common-kernel32:MSection.obj
 0001:0001460a       ?Lock@MSection@@IAEHHK@Z   1001560a f   common-kernel32:MSection.obj
 0001:000146d4       ?Lock@MSectionLock@@QAEHPAVMSection@@HK@Z 100156d4 f   common-kernel32:MSection.obj
 0001:0001471f       ?MyEnterCriticalSection@MSection@@IAE_NK@Z 1001571f f   common-kernel32:MSection.obj
 0001:00014809       ?ReleaseRef@MSection@@IAEHK@Z 10015809 f   common-kernel32:MSection.obj
 0001:00014876       ?ThreadTerminated@MSection@@QAEXK@Z 10015876 f   common-kernel32:MSection.obj
 0001:0001489c       ?Unlock@MSection@@IAEXH@Z  1001589c f   common-kernel32:MSection.obj
 0001:000148da       ?Unlock@MSectionLock@@QAEXXZ 100158da f   common-kernel32:MSection.obj
 0001:000148f7       ?WaitUnlocked@MSection@@IAEXKK@Z 100158f7 f   common-kernel32:MSection.obj
 0001:00014954       ?CheckCallbackPtr@@YA_NPAUHINSTANCE__@@IPAP6GHXZHHH@Z 10015954 f   common-kernel32:WModuleCheck.obj
 0001:00014a21       ?IsModuleValid@@YA_NPAUHINSTANCE__@@H@Z 10015a21 f   common-kernel32:WModuleCheck.obj
 0001:00014af7       ??0MSectionSimple@@QAE@_N@Z 10015af7 f   common-kernel32:MSectionSimple.obj
 0001:00014b2a       ?Close@MSectionSimple@@QAEXXZ 10015b2a f   common-kernel32:MSectionSimple.obj
 0001:00014b2a       ??1MSectionSimple@@QAE@XZ  10015b2a f   common-kernel32:MSectionSimple.obj
 0001:00014b40       ?Enter@MSectionSimple@@QAEXXZ 10015b40 f   common-kernel32:MSectionSimple.obj
 0001:00014b48       ?Init@MSectionSimple@@QAEXXZ 10015b48 f   common-kernel32:MSectionSimple.obj
 0001:00014b5e       ?Leave@MSectionSimple@@QAEXXZ 10015b5e f   common-kernel32:MSectionSimple.obj
 0001:00014b66       ?RecreateAndLock@MSectionSimple@@QAE_NXZ 10015b66 f   common-kernel32:MSectionSimple.obj
 0001:00014baf       ?TryEnter@MSectionSimple@@QAE_NXZ 10015baf f   common-kernel32:MSectionSimple.obj
 0001:00014bce       ??0CEnvStrings@@QAE@PA_W@Z 10015bce f   common-user32:SetEnvVar.obj
 0001:00014c17       ??1CEnvStrings@@QAE@XZ     10015c17 f   common-user32:SetEnvVar.obj
 0001:00014c2c       ?SetConEmuEnvHWND@@YAXPB_WPAUHWND__@@@Z 10015c2c f   common-user32:SetEnvVar.obj
 0001:00014c79       ?SetConEmuEnvVar@@YAXPAUHWND__@@@Z 10015c79 f   common-user32:SetEnvVar.obj
 0001:00014ce5       ?SetConEmuEnvVarChild@@YAXPAUHWND__@@0@Z 10015ce5 f   common-user32:SetEnvVar.obj
 0001:00014d07       ??$wcscpy_add@$0BAF@@@YAHPA_WAAY0BAF@_WPB_W@Z 10015d07 f i common-user32:ConEmuCheckEx.obj
 0001:00014d34       ?FindConEmuBaseDir@@YAHAAY0BAF@_W0PAUHINSTANCE__@@@Z 10015d34 f   common-user32:ConEmuCheckEx.obj
 0001:000151e1       ?IsConEmuExeExist@@YAHPB_WAAY0BAF@_W@Z 100161e1 f   common-user32:ConEmuCheckEx.obj
 0001:0001525d       ??$swprintf_c@$0FA@@@YAHAAY0FA@_WPB_WZZ 1001625d f i common-user32:EmergencyShow.obj
 0001:00015273       ?CorrectConsolePos@@YAXPAUHWND__@@@Z 10016273 f   common-user32:EmergencyShow.obj
 0001:0001534c       ?EmergencyShow@@YAXPAUHWND__@@HH@Z 1001634c f   common-user32:EmergencyShow.obj
 0001:0001543f       ?EvaluateDefaultFontWidth@@YAHHPB_W@Z 1001643f f   common-user32:EmergencyShow.obj
 0001:00015531       ?SetUserFriendlyFont@@YAXPAUHWND__@@HH@Z 10016531 f   common-user32:EmergencyShow.obj
 0001:000158c2       ??0MSetter@@QAE@PAJ@Z      100168c2 f   common-user32:MSetter.obj
 0001:000158e3       ??1MSetter@@QAE@XZ         100168e3 f   common-user32:MSetter.obj
 0001:000158e8       ?Unlock@MSetter@@QAEXXZ    100168e8 f   common-user32:MSetter.obj
 0001:0001592b       ?IsDotsName@@YA_NPB_W@Z    1001692b f   common-user32:WFiles.obj
 0001:0001595b       ?SearchAppPaths@@YA_NPB_WAAUCEStr@@_NPAU1@@Z 1001695b f   common-user32:WFiles.obj
 0001:00015ced       ??1ConsoleSectionHelper@@QAE@XZ 10016ced f i common-user32:WConsoleEx.obj
 0001:00015d15       ?CreateConsoleData@ConsoleSectionHelper@@QAEPAUCONSOLE_INFO@@XZ 10016d15 f i common-user32:WConsoleEx.obj
 0001:00015d3a       ?CreateConsoleSection@ConsoleSectionHelper@@QAEPAXXZ 10016d3a f i common-user32:WConsoleEx.obj
 0001:00015d5b       ?GetConsoleSizeInfo@@YAXPAUCONSOLE_INFO@@@Z 10016d5b f   common-user32:WConsoleEx.obj
 0001:00015dcf       ?SetConsoleFontSizeTo@@YAXPAUHWND__@@HHPB_WGG@Z 10016dcf f   common-user32:WConsoleEx.obj
 0001:000160ee       ?SetConsoleInfo@@YAHPAUHWND__@@PAUCONSOLE_INFO@@@Z 100170ee f   common-user32:WConsoleEx.obj
 0001:000162b4       ?SetEnvVarExpanded@@YAXPB_W0@Z 100172b4 f   common-user32:WUser.obj
 0001:0001638f       ?UpdateComspec@@YAXPAUConEmuComspec@@_N@Z 1001738f f   common-user32:WUser.obj
 0001:000165de       ?apiShowWindow@@YA_NPAUHWND__@@H@Z 100175de f   common-user32:WUser.obj
 0001:000165f4       ?apiShowWindowAsync@@YA_NPAUHWND__@@H@Z 100175f4 f   common-user32:WUser.obj
 0001:0001660a       ?FindMonitorsWorkspace@@YGHPAUHMONITOR__@@PAUHDC__@@PAUtagRECT@@J@Z 1001760a f   common-user32:Monitors.obj
 0001:00016643       ?GetAllMonitorsWorkspace@@YA?AUtagRECT@@XZ 10017643 f   common-user32:Monitors.obj
 0001:00016693       @__security_check_cookie@4 10017693 f   LIBCMT:_secchk_.obj
 0001:000166a4       ??3@YAXPAXI@Z              100176a4 f   LIBCMT:delete_scalar_size.obj
 0001:000166b2       __EH_epilog3               100176b2 f   LIBCMT:ehprolg3.obj
 0001:000166c7       __EH_epilog3_GS            100176c7 f   LIBCMT:ehprolg3.obj
 0001:000166d8       __EH_prolog3               100176d8 f   LIBCMT:ehprolg3.obj
 0001:0001670c       __EH_prolog3_GS            1001770c f   LIBCMT:ehprolg3.obj
 0001:00016743       __EH_prolog3_catch         10017743 f   LIBCMT:ehprolg3.obj
 0001:00016780       __alloca_probe             10017780 f   LIBCMT:chkstk.obj
 0001:00016780       __chkstk                   10017780 f   LIBCMT:chkstk.obj
 0001:000167b0       __aullshr                  100177b0 f   LIBCMT:ullshr.obj
 0001:000167cf       ??_Gtype_info@@UAEPAXI@Z   100177cf f i LIBCMT:std_type_info_static.obj
 0001:000167cf       ??_Etype_info@@UAEPAXI@Z   100177cf f i LIBCMT:std_type_info_static.obj
 0001:00016905       __Init_thread_footer       10017905 f   LIBCMT:thread_safe_statics.obj
 0001:0001694f       __Init_thread_header       1001794f f   LIBCMT:thread_safe_statics.obj
 0001:000169a1       __Init_thread_notify       100179a1 f   LIBCMT:thread_safe_statics.obj
 0001:000169e2       __Init_thread_wait         100179e2 f   LIBCMT:thread_safe_statics.obj
 0001:00016d5c       __DllMainCRTStartup@12     10017d5c f   LIBCMT:dll_dllmain.obj
 0001:00016d80       __SEH_prolog4              10017d80 f   LIBCMT:_sehprolg4_.obj
 0001:00016dc6       __SEH_epilog4              10017dc6 f   LIBCMT:_sehprolg4_.obj
 0001:00016e1f       ___scrt_acquire_startup_lock 10017e1f f   LIBCMT:utility.obj
 0001:00016e54       ___scrt_dllmain_after_initialize_c 10017e54 f   LIBCMT:utility.obj
 0001:00016e7f       ___scrt_dllmain_before_initialize_c 10017e7f f   LIBCMT:utility.obj
 0001:00016e8d       ___scrt_dllmain_crt_thread_attach 10017e8d f   LIBCMT:utility.obj
 0001:00016eac       ___scrt_dllmain_crt_thread_detach 10017eac f   LIBCMT:utility.obj
 0001:00016eb9       ___scrt_dllmain_exception_filter 10017eb9 f   LIBCMT:utility.obj
 0001:00016eec       ___scrt_dllmain_uninitialize_c 10017eec f   LIBCMT:utility.obj
 0001:00016f0f       ___scrt_dllmain_uninitialize_critical 10017f0f f   LIBCMT:utility.obj
 0001:00016f1c       ___scrt_initialize_crt     10017f1c f   LIBCMT:utility.obj
 0001:00016f55       ___scrt_initialize_onexit_tables 10017f55 f   LIBCMT:utility.obj
 0001:00016fff       ___scrt_is_nonwritable_in_current_image 10017fff f   LIBCMT:utility.obj
 0001:00017089       ___scrt_release_startup_lock 10018089 f   LIBCMT:utility.obj
 0001:000170a6       ___scrt_uninitialize_crt   100180a6 f   LIBCMT:utility.obj
 0001:000170ce       __onexit                   100180ce f   LIBCMT:utility.obj
 0001:00017109       _atexit                    10018109 f   LIBCMT:utility.obj
 0001:0001711e       ___raise_securityfailure   1001811e f   LIBCMT:gs_report.obj
 0001:00017146       ___report_gsfailure        10018146 f   LIBCMT:gs_report.obj
 0001:00017241       ___scrt_fastfail           10018241 f   LIBCMT:utility_desktop.obj
 0001:0001735d       __crt_debugger_hook        1001835d f   LIBCMT:utility_desktop.obj
 0001:00017365       @_guard_check_icall@4      10018365 f i LIBCMT:checkcfg.obj
 0001:000173ba       ___security_init_cookie    100183ba f   LIBCMT:gs_support.obj
 0001:00017405       ?__scrt_initialize_type_info@@YAXXZ 10018405 f   LIBCMT:tncleanup.obj
 0001:00017411       ?__scrt_uninitialize_type_info@@YAXXZ 10018411 f   LIBCMT:tncleanup.obj
 0001:0001741d       ___local_stdio_scanf_options 1001841d f i LIBCMT:default_local_stdio_options.obj
 0001:00017423       ___scrt_initialize_default_local_stdio_options 10018423 f   LIBCMT:default_local_stdio_options.obj
 0001:00017440       ___scrt_get_dyn_tls_init_callback 10018440 f   LIBCMT:dyn_tls_init.obj
 0001:00017446       __RTC_Initialize           10018446 f   LIBCMT:_initsect_.obj
 0001:00017471       __RTC_Terminate            10018471 f   LIBCMT:_initsect_.obj
 0001:0001749c       ___isa_available_init      1001849c f   LIBCMT:_cpu_disp_.obj
 0001:00017635       ?GetMacroArea@CPluginAnsi@@UAEHXZ 10018635 f   ConEmuPluginA.obj
 0001:00017635       __get_startup_argv_mode    10018635 f   LIBCMT:argv_mode.obj
 0001:00017639       ___scrt_is_ucrt_dll_in_use 10018639 f   LIBCMT:ucrt_detection.obj
 0001:00017645       ?_CallCatchBlock2@@YAPAXPAUEHRegistrationNode@@PBU_s_FuncInfo@@PAXHK@Z 10018645 f   libvcruntime:trnsctrl.obj
 0001:000176a5       ?_CallSETranslator@@YAHPAUEHExceptionRecord@@PAUEHRegistrationNode@@PAX2PBU_s_FuncInfo@@H1@Z 100186a5 f   libvcruntime:trnsctrl.obj
 0001:00017782       ?_GetRangeOfTrysToCheck@@YAPBU_s_TryBlockMapEntry@@PBU_s_FuncInfo@@HHPAI1@Z 10018782 f   libvcruntime:trnsctrl.obj
 0001:000177fa       ?_JumpToContinuation@@YGXPAXPAUEHRegistrationNode@@@Z 100187fa f   libvcruntime:trnsctrl.obj
 0001:0001782c       ?_UnwindNestedFrames@@YGXPAUEHRegistrationNode@@PAUEHExceptionRecord@@@Z 1001882c f   libvcruntime:trnsctrl.obj
 0001:00017881       __CatchGuardHandler        10018881 f   libvcruntime:trnsctrl.obj
 0001:000178b2       __CreateFrameInfo          100188b2 f   libvcruntime:trnsctrl.obj
 0001:000178d6       __FindAndUnlinkFrame       100188d6 f   libvcruntime:trnsctrl.obj
 0001:0001791b       __TranslatorGuardHandler   1001891b f   libvcruntime:trnsctrl.obj
 0001:000179ba       ___CxxFrameHandler3        100189ba f   libvcruntime:trnsctrl.obj
 0001:000179f0       _memmove                   100189f0 f   libvcruntime:memmove.obj
 0001:00017f64       _wcschr                    10018f64 f   libvcruntime:wcschr.obj
 0001:0001802e       _wcsstr                    1001902e f   libvcruntime:wcsstr.obj
 0001:000182c0       _memset                    100192c0 f   libvcruntime:memset.obj
 0001:0001841a       ___DestructExceptionObject 1001941a f   libvcruntime:ehhelpers.obj
 0001:000184af       ?_CallMemberFunction0@@YGXQAX0@Z 100194af f i libvcruntime:ehhelpers.obj
 0001:000184bc       __IsExceptionObjectToBeDestroyed 100194bc f   libvcruntime:ehhelpers.obj
 0001:000184e2       ___AdjustPointer           100194e2 f   libvcruntime:ehhelpers.obj
 0001:00018507       ___FrameUnwindFilter       10019507 f   libvcruntime:ehhelpers.obj
 0001:0001854c       ___std_terminate           1001954c f   libvcruntime:ehhelpers.obj
 0001:00018551       __purecall                 10019551 f   libvcruntime:purevirt.obj
 0001:00018579       _wcsrchr                   10019579 f   libvcruntime:wcsrchr.obj
 0001:00018620       _memcpy                    10019620 f   libvcruntime:memcpy.obj
 0001:00018ba0       _strrchr                   10019ba0 f   libvcruntime:strrchr.obj
 0001:00018ce0       _strchr                    10019ce0 f   libvcruntime:strchr.obj
 0001:00018d4e       ___from_strstr_to_strchr   10019d4e     libvcruntime:strchr.obj
 0001:00018e50       __except_handler4          10019e50 f   libvcruntime:_chandler4_.obj
 0001:00018fad       ??$__crt_fast_encode_pointer@PAP6AXXZ@@YAPAP6AXXZQAP6AXXZ@Z 10019fad f i LIBCMT:utility.obj
 0001:00018fad       ??$__crt_fast_encode_pointer@PAX@@YAPAXQAX@Z 10019fad f i libvcruntime:winapi_downlevel.obj
 0001:00019117       ___vcrt_FlsAlloc           1001a117 f   libvcruntime:winapi_downlevel.obj
 0001:00019151       ___vcrt_FlsFree            1001a151 f   libvcruntime:winapi_downlevel.obj
 0001:0001918b       ___vcrt_FlsGetValue        1001a18b f   libvcruntime:winapi_downlevel.obj
 0001:000191c5       ___vcrt_FlsSetValue        1001a1c5 f   libvcruntime:winapi_downlevel.obj
 0001:00019202       ___vcrt_InitializeCriticalSectionEx 1001a202 f   libvcruntime:winapi_downlevel.obj
 0001:00019248       ___vcrt_initialize_winapi_thunks 1001a248 f   libvcruntime:winapi_downlevel.obj
 0001:00019282       ___vcrt_uninitialize_winapi_thunks 1001a282 f   libvcruntime:winapi_downlevel.obj
 0001:000192b4       ___vcrt_initialize         1001a2b4 f   libvcruntime:initialization.obj
 0001:000192dd       ___vcrt_thread_attach      1001a2dd f   libvcruntime:initialization.obj
 0001:000192e8       ___vcrt_thread_detach      1001a2e8 f   libvcruntime:initialization.obj
 0001:000192f3       ___vcrt_uninitialize       1001a2f3 f   libvcruntime:initialization.obj
 0001:00019312       ___vcrt_uninitialize_critical 1001a312 f   libvcruntime:initialization.obj
 0001:0001931a       ___std_type_info_compare   1001a31a f   libvcruntime:std_type_info.obj
 0001:00019356       ___std_type_info_destroy_list 1001a356 f   libvcruntime:std_type_info.obj
 0001:00019379       ___vcrt_freefls@4          1001a379 f   libvcruntime:per_thread_data.obj
 0001:00019395       ___vcrt_freeptd            1001a395 f   libvcruntime:per_thread_data.obj
 0001:000193d8       ___vcrt_getptd             1001a3d8 f   libvcruntime:per_thread_data.obj
 0001:000193e6       ___vcrt_getptd_noexit      1001a3e6 f   libvcruntime:per_thread_data.obj
 0001:00019478       ___vcrt_initialize_ptd     1001a478 f   libvcruntime:per_thread_data.obj
 0001:000194be       ___vcrt_uninitialize_ptd   1001a4be f   libvcruntime:per_thread_data.obj
 0001:000194e0       __CallSettingFrame@12      1001a4e0 f   libvcruntime:lowhelpr.obj
 0001:00019507       __NLG_Return               1001a507     libvcruntime:lowhelpr.obj
 0001:0001952c       ??0bad_exception@std@@QAE@ABV01@@Z 1001a52c f i libvcruntime:frame.obj
 0001:00019547       ??0bad_exception@std@@QAE@XZ 1001a547 f i libvcruntime:frame.obj
 0001:0001955f       ??0exception@std@@QAE@ABV01@@Z 1001a55f f i libvcruntime:frame.obj
 0001:0001958b       ??1bad_exception@std@@UAE@XZ 1001a58b f i libvcruntime:frame.obj
 0001:0001959c       ??_Gbad_exception@std@@UAEPAXI@Z 1001a59c f i libvcruntime:frame.obj
 0001:0001959c       ??_Eexception@std@@UAEPAXI@Z 1001a59c f i libvcruntime:frame.obj
 0001:0001959c       ??_Gexception@std@@UAEPAXI@Z 1001a59c f i libvcruntime:frame.obj
 0001:0001959c       ??_Ebad_exception@std@@UAEPAXI@Z 1001a59c f i libvcruntime:frame.obj
 0001:00019dd9       ?_CallMemberFunction1@@YGXQAX00@Z 1001add9 f i libvcruntime:frame.obj
 0001:00019de9       ?_CallMemberFunction2@@YGXQAX00H@Z 1001ade9 f i libvcruntime:frame.obj
 0001:00019dfc       ?what@exception@std@@UBEPBDXZ 1001adfc f i libvcruntime:frame.obj
 0001:00019e09       ___BuildCatchObject        1001ae09 f   libvcruntime:frame.obj
 0001:00019e98       ___BuildCatchObjectHelper  1001ae98 f   libvcruntime:frame.obj
 0001:00019fcb       ___FrameUnwindToState      1001afcb f   libvcruntime:frame.obj
 0001:0001a098       ___InternalCxxFrameHandler 1001b098 f   libvcruntime:frame.obj
 0001:0001a194       ___TypeMatch               1001b194 f   libvcruntime:frame.obj
 0001:0001a222       ___except_validate_context_record 1001b222 f   libvcruntime:jbcxrval.obj
 0001:0001a252       ___except_validate_jump_buffer 1001b252 f   libvcruntime:jbcxrval.obj
 0001:0001a27f       ___vcrt_initialize_pure_virtual_call_handler 1001b27f f   libvcruntime:purevirt_data.obj
 0001:0001a2a0       __local_unwind4            1001b2a0 f   libvcruntime:_exsup4_.obj
 0001:0001a378       __seh_longjmp_unwind4@4    1001b378 f   libvcruntime:_exsup4_.obj
 0001:0001a3a0       @_EH4_CallFilterFunc@8     1001b3a0 f   libvcruntime:_exsup4_.obj
 0001:0001a3b8       @_EH4_TransferToHandler@8  1001b3b8 f   libvcruntime:_exsup4_.obj
 0001:0001a3d4       @_EH4_GlobalUnwind2@8      1001b3d4 f   libvcruntime:_exsup4_.obj
 0001:0001a3f0       @_EH4_LocalUnwind@16       1001b3f0 f   libvcruntime:_exsup4_.obj
 0001:0001a407       ___vcrt_initialize_locks   1001b407 f   libvcruntime:locks.obj
 0001:0001a443       ___vcrt_uninitialize_locks 1001b443 f   libvcruntime:locks.obj
 0001:0001a480       __global_unwind2           1001b480 f   libvcruntime:_exsup_.obj
 0001:0001a4e6       __local_unwind2            1001b4e6 f   libvcruntime:_exsup_.obj
 0001:0001a56a       __abnormal_termination     1001b56a f   libvcruntime:_exsup_.obj
 0001:0001a590       __NLG_Notify1              1001b590 f   libvcruntime:_exsup_.obj
 0001:0001a59c       __NLG_Notify               1001b59c f   libvcruntime:_exsup_.obj
 0001:0001a5b3       __NLG_Dispatch2            1001b5b3     libvcruntime:_exsup_.obj
 0001:0001a5b3       __NLG_Dispatch             1001b5b3     libvcruntime:_exsup_.obj
 0001:0001a5bb       __NLG_Call                 1001b5bb f   libvcruntime:_exsup_.obj
 0001:0001a5bd       __NLG_Return2              1001b5bd     libvcruntime:_exsup_.obj
 0001:0001a5be       _unexpected                1001b5be f   libvcruntime:unexpected.obj
 0001:0001a5da       ___std_exception_copy      1001b5da f   libvcruntime:std_exception.obj
 0001:0001a63d       ___std_exception_destroy   1001b63d f   libvcruntime:std_exception.obj
 0001:0001a65c       __CxxThrowException@8      1001b65c f   libvcruntime:throw.obj
 0001:0001a9cb       ??$count@D@formatting_buffer@__crt_stdio_output@@QBEIXZ 1001b9cb f i libucrt:output.obj
 0001:0001a9e3       ??$ensure_buffer_is_big_enough@D@formatting_buffer@__crt_stdio_output@@QAE_NI@Z 1001b9e3 f i libucrt:output.obj
 0001:0001aa69       ??$is_wide_character_specifier@D@__crt_stdio_output@@YA_N_KDW4length_modifier@0@@Z 1001ba69 f i libucrt:output.obj
 0001:0001aaa9       ??$is_wide_character_specifier@_W@__crt_stdio_output@@YA_N_K_WW4length_modifier@0@@Z 1001baa9 f i libucrt:output.obj
 0001:0001aaf8       ??$scratch_data@D@formatting_buffer@__crt_stdio_output@@QAEPADXZ 1001baf8 f i libucrt:output.obj
 0001:0001ab16       ??$type_case_integer_parse_into_buffer@I@?$output_processor@_WV?$string_output_adapter@_W@__crt_stdio_output@@V?$standard_base@_WV?$string_output_adapter@_W@__crt_stdio_output@@@2@@__crt_stdio_output@@AAEXII_N@Z 1001bb16 f i libucrt:output.obj
 0001:0001ab16       ??$type_case_integer_parse_into_buffer@I@?$output_processor@DV?$string_output_adapter@D@__crt_stdio_output@@V?$standard_base@DV?$string_output_adapter@D@__crt_stdio_output@@@2@@__crt_stdio_output@@AAEXII_N@Z 1001bb16 f i libucrt:output.obj
 0001:0001ab8b       ??$type_case_integer_parse_into_buffer@_K@?$output_processor@DV?$string_output_adapter@D@__crt_stdio_output@@V?$standard_base@DV?$string_output_adapter@D@__crt_stdio_output@@@2@@__crt_stdio_output@@AAEX_KI_N@Z 1001bb8b f i libucrt:output.obj
 0001:0001ab8b       ??$type_case_integer_parse_into_buffer@_K@?$output_processor@_WV?$string_output_adapter@_W@__crt_stdio_output@@V?$standard_base@_WV?$string_output_adapter@_W@__crt_stdio_output@@@2@@__crt_stdio_output@@AAEX_KI_N@Z 1001bb8b f i libucrt:output.obj
 0001:0001ac13       ??$write_multiple_characters@V?$string_output_adapter@D@__crt_stdio_output@@D@__crt_stdio_output@@YAXABV?$string_output_adapter@D@0@DHQAH@Z 1001bc13 f i libucrt:output.obj
 0001:0001ac3f       ??$write_multiple_characters@V?$string_output_adapter@_W@__crt_stdio_output@@D@__crt_stdio_output@@YAXABV?$string_output_adapter@_W@0@DHQAH@Z 1001bc3f f i libucrt:output.obj
 0001:0001ac70       ??0?$common_data@D@__crt_stdio_output@@IAE@XZ 1001bc70 f i libucrt:output.obj
 0001:0001acb7       ??0?$common_data@_W@__crt_stdio_output@@IAE@XZ 1001bcb7 f i libucrt:output.obj
 0001:0001ad03       ??0?$output_adapter_data@DV?$string_output_adapter@D@__crt_stdio_output@@@__crt_stdio_output@@IAE@ABV?$string_output_adapter@D@1@_KQBDQAU__crt_locale_pointers@@QAD@Z 1001bd03 f i libucrt:output.obj
 0001:0001ad3f       ??0?$output_adapter_data@_WV?$string_output_adapter@_W@__crt_stdio_output@@@__crt_stdio_output@@IAE@ABV?$string_output_adapter@_W@1@_KQB_WQAU__crt_locale_pointers@@QAD@Z 1001bd3f f i libucrt:output.obj
 0001:0001ad7b       ??0?$output_processor@DV?$string_output_adapter@D@__crt_stdio_output@@V?$standard_base@DV?$string_output_adapter@D@__crt_stdio_output@@@2@@__crt_stdio_output@@QAE@ABV?$string_output_adapter@D@1@_KQBDQAU__crt_locale_pointers@@QAD@Z 1001bd7b f i libucrt:output.obj
 0001:0001adb0       ??0?$output_processor@_WV?$string_output_adapter@_W@__crt_stdio_output@@V?$standard_base@_WV?$string_output_adapter@_W@__crt_stdio_output@@@2@@__crt_stdio_output@@QAE@ABV?$string_output_adapter@_W@1@_KQB_WQAU__crt_locale_pointers@@QAD@Z 1001bdb0 f i libucrt:output.obj
 0001:0001ade5       ??0_LocaleUpdate@@QAE@QAU__crt_locale_pointers@@@Z 1001bde5 f i libucrt:output.obj
 0001:0001ae68       ??1formatting_buffer@__crt_stdio_output@@QAE@XZ 1001be68 f i libucrt:output.obj
 0001:0001ae82       ??4?$__crt_unique_heap_ptr@DU__crt_internal_free_policy@@@@QAEAAV0@$$QAV0@@Z 1001be82 f i libucrt:output.obj
 0001:0001aea6       ?crop_zeroes@__crt_stdio_output@@YAXPADQAU__crt_locale_pointers@@@Z 1001bea6 f i libucrt:output.obj
 0001:0001aefd       ?find_next_state@?$output_processor@DV?$string_output_adapter@D@__crt_stdio_output@@V?$standard_base@DV?$string_output_adapter@D@__crt_stdio_output@@@2@@__crt_stdio_output@@ABE?AW4state@2@DW432@@Z 1001befd f i libucrt:output.obj
 0001:0001af2f       ?find_next_state@?$output_processor@_WV?$string_output_adapter@_W@__crt_stdio_output@@V?$standard_base@_WV?$string_output_adapter@_W@__crt_stdio_output@@@2@@__crt_stdio_output@@ABE?AW4state@2@_WW432@@Z 1001bf2f f i libucrt:output.obj
 0001:0001af63       ?force_decimal_point@__crt_stdio_output@@YAXPADQAU__crt_locale_pointers@@@Z 1001bf63 f i libucrt:output.obj
 0001:0001afbf       ?parse_int_from_format_string@?$output_processor@DV?$string_output_adapter@D@__crt_stdio_output@@V?$standard_base@DV?$string_output_adapter@D@__crt_stdio_output@@@2@@__crt_stdio_output@@AAE_NQAH@Z 1001bfbf f i libucrt:output.obj
 0001:0001b01b       ?parse_int_from_format_string@?$output_processor@_WV?$string_output_adapter@_W@__crt_stdio_output@@V?$standard_base@_WV?$string_output_adapter@_W@__crt_stdio_output@@@2@@__crt_stdio_output@@AAE_NQAH@Z 1001c01b f i libucrt:output.obj
 0001:0001b079       ?process@?$output_processor@DV?$string_output_adapter@D@__crt_stdio_output@@V?$standard_base@DV?$string_output_adapter@D@__crt_stdio_output@@@2@@__crt_stdio_output@@QAEHXZ 1001c079 f i libucrt:output.obj
 0001:0001b195       ?process@?$output_processor@_WV?$string_output_adapter@_W@__crt_stdio_output@@V?$standard_base@_WV?$string_output_adapter@_W@__crt_stdio_output@@@2@@__crt_stdio_output@@QAEHXZ 1001c195 f i libucrt:output.obj
 0001:0001b2b5       ?state_case_flag@?$output_processor@DV?$string_output_adapter@D@__crt_stdio_output@@V?$standard_base@DV?$string_output_adapter@D@__crt_stdio_output@@@2@@__crt_stdio_output@@AAE_NXZ 1001c2b5 f i libucrt:output.obj
 0001:0001b2f2       ?state_case_flag@?$output_processor@_WV?$string_output_adapter@_W@__crt_stdio_output@@V?$standard_base@_WV?$string_output_adapter@_W@__crt_stdio_output@@@2@@__crt_stdio_output@@AAE_NXZ 1001c2f2 f i libucrt:output.obj
 0001:0001b32f       ?state_case_normal@?$output_processor@DV?$string_output_adapter@D@__crt_stdio_output@@V?$standard_base@DV?$string_output_adapter@D@__crt_stdio_output@@@2@@__crt_stdio_output@@AAE_NXZ 1001c32f f i libucrt:output.obj
 0001:0001b34e       ?state_case_normal@?$output_processor@_WV?$string_output_adapter@_W@__crt_stdio_output@@V?$standard_base@_WV?$string_output_adapter@_W@__crt_stdio_output@@@2@@__crt_stdio_output@@AAE_NXZ 1001c34e f i libucrt:output.obj
 0001:0001b36d       ?state_case_normal_common@?$output_processor@DV?$string_output_adapter@D@__crt_stdio_output@@V?$standard_base@DV?$string_output_adapter@D@__crt_stdio_output@@@2@@__crt_stdio_output@@AAE_NXZ 1001c36d f i libucrt:output.obj
 0001:0001b397       ?state_case_normal_common@?$output_processor@_WV?$string_output_adapter@_W@__crt_stdio_output@@V?$standard_base@_WV?$string_output_adapter@_W@__crt_stdio_output@@@2@@__crt_stdio_output@@AAE_NXZ 1001c397 f i libucrt:output.obj
 0001:0001b3b2       ?state_case_normal_tchar@?$output_processor@DV?$string_output_adapter@D@__crt_stdio_output@@V?$standard_base@DV?$string_output_adapter@D@__crt_stdio_output@@@2@@__crt_stdio_output@@AAE_ND@Z 1001c3b2 f i libucrt:output.obj
 0001:0001b413       ?state_case_precision@?$output_processor@DV?$string_output_adapter@D@__crt_stdio_output@@V?$standard_base@DV?$string_output_adapter@D@__crt_stdio_output@@@2@@__crt_stdio_output@@AAE_NXZ 1001c413 f i libucrt:output.obj
 0001:0001b43b       ?state_case_precision@?$output_processor@_WV?$string_output_adapter@_W@__crt_stdio_output@@V?$standard_base@_WV?$string_output_adapter@_W@__crt_stdio_output@@@2@@__crt_stdio_output@@AAE_NXZ 1001c43b f i libucrt:output.obj
 0001:0001b464       ?state_case_size@?$output_processor@DV?$string_output_adapter@D@__crt_stdio_output@@V?$standard_base@DV?$string_output_adapter@D@__crt_stdio_output@@@2@@__crt_stdio_output@@AAE_NXZ 1001c464 f i libucrt:output.obj
 0001:0001b5cd       ?state_case_size@?$output_processor@_WV?$string_output_adapter@_W@__crt_stdio_output@@V?$standard_base@_WV?$string_output_adapter@_W@__crt_stdio_output@@@2@@__crt_stdio_output@@AAE_NXZ 1001c5cd f i libucrt:output.obj
 0001:0001b749       ?state_case_type@?$output_processor@DV?$string_output_adapter@D@__crt_stdio_output@@V?$standard_base@DV?$string_output_adapter@D@__crt_stdio_output@@@2@@__crt_stdio_output@@AAE_NXZ 1001c749 f i libucrt:output.obj
 0001:0001b978       ?state_case_type@?$output_processor@_WV?$string_output_adapter@_W@__crt_stdio_output@@V?$standard_base@_WV?$string_output_adapter@_W@__crt_stdio_output@@@2@@__crt_stdio_output@@AAE_NXZ 1001c978 f i libucrt:output.obj
 0001:0001bbd5       ?state_case_width@?$output_processor@DV?$string_output_adapter@D@__crt_stdio_output@@V?$standard_base@DV?$string_output_adapter@D@__crt_stdio_output@@@2@@__crt_stdio_output@@AAE_NXZ 1001cbd5 f i libucrt:output.obj
 0001:0001bc00       ?state_case_width@?$output_processor@_WV?$string_output_adapter@_W@__crt_stdio_output@@V?$standard_base@_WV?$string_output_adapter@_W@__crt_stdio_output@@@2@@__crt_stdio_output@@AAE_NXZ 1001cc00 f i libucrt:output.obj
 0001:0001bc2c       ?to_integer_size@__crt_stdio_output@@YAIW4length_modifier@1@@Z 1001cc2c f i libucrt:output.obj
 0001:0001bc88       ?type_case_Z@?$output_processor@DV?$string_output_adapter@D@__crt_stdio_output@@V?$standard_base@DV?$string_output_adapter@D@__crt_stdio_output@@@2@@__crt_stdio_output@@AAE_NXZ 1001cc88 f i libucrt:output.obj
 0001:0001bceb       ?type_case_Z@?$output_processor@_WV?$string_output_adapter@_W@__crt_stdio_output@@V?$standard_base@_WV?$string_output_adapter@_W@__crt_stdio_output@@@2@@__crt_stdio_output@@AAE_NXZ 1001cceb f i libucrt:output.obj
 0001:0001bd4e       ?type_case_a@?$output_processor@DV?$string_output_adapter@D@__crt_stdio_output@@V?$standard_base@DV?$string_output_adapter@D@__crt_stdio_output@@@2@@__crt_stdio_output@@AAE_NXZ 1001cd4e f i libucrt:output.obj
[...]
 0002:0000a200       __unwindtable$?LoadThSet@CPluginBackground@@IAEHH@Z 10034200     PluginBackground.obj
 0002:0000a208       __ehfuncinfo$?LoadThSet@CPluginBackground@@IAEHH@Z 10034208     PluginBackground.obj
 0002:0000a22c       __unwindtable$?UpdateBackground@CPluginBackground@@IAEXXZ 1003422c     PluginBackground.obj
 0002:0000a234       __ehfuncinfo$?UpdateBackground@CPluginBackground@@IAEXXZ 10034234     PluginBackground.obj
 0002:0000a258       __unwindtable$??0CPluginBackground@@QAE@XZ 10034258     PluginBackground.obj
 0002:0000a260       __ehfuncinfo$??0CPluginBackground@@QAE@XZ 10034260     PluginBackground.obj
 0002:0000a284       __unwindtable$?PlugServerCommand@@YGHPAXPAUCESERVER_REQ@@AAPAU1@AAK3J@Z 10034284     PluginSrv.obj
 0002:0000a294       __ehfuncinfo$?PlugServerCommand@@YGHPAXPAUCESERVER_REQ@@AAPAU1@AAK3J@Z 10034294     PluginSrv.obj
 0002:0000a2b8       __sehtable$?SetThreadName@@YAXKPAD@Z 100342b8     common-kernel32:WThreads.obj
 0002:0000a2d4       __unwindtable$?FindConEmuBaseDir@@YAHAAY0BAF@_W0PAUHINSTANCE__@@@Z 100342d4     common-user32:ConEmuCheckEx.obj
 0002:0000a2e4       __ehfuncinfo$?FindConEmuBaseDir@@YAHAAY0BAF@_W0PAUHINSTANCE__@@@Z 100342e4     common-user32:ConEmuCheckEx.obj
 0002:0000a308       __unwindtable$?SearchAppPaths@@YA_NPB_WAAUCEStr@@_NPAU1@@Z 10034308     common-user32:WFiles.obj
 0002:0000a310       __ehfuncinfo$?SearchAppPaths@@YA_NPB_WAAUCEStr@@_NPAU1@@Z 10034310     common-user32:WFiles.obj
 0002:0000a338       __sehtable$?dllmain_crt_process_attach@@YAHQAUHINSTANCE__@@QAX@Z 10034338     LIBCMT:dll_dllmain.obj
 0002:0000a358       __sehtable$?dllmain_crt_process_detach@@YAH_N@Z 10034358     LIBCMT:dll_dllmain.obj
 0002:0000a378       __sehtable$?dllmain_dispatch@@YAHQAUHINSTANCE__@@KQAX@Z 10034378     LIBCMT:dll_dllmain.obj
 0002:0000a398       __sehtable$___scrt_is_nonwritable_in_current_image 10034398     LIBCMT:utility.obj
 0002:0000a3b8       __sehtable$___DestructExceptionObject 100343b8     libvcruntime:ehhelpers.obj
 0002:0000a3d8       __sehtable$___BuildCatchObject 100343d8     libvcruntime:frame.obj
 0002:0000a3f8       __sehtable$___FrameUnwindToState 100343f8     libvcruntime:frame.obj
 0002:0000a420       __sehtable$?CallCatchBlock@@YAPAXPAUEHExceptionRecord@@PAUEHRegistrationNode@@PAU_CONTEXT@@PBU_s_FuncInfo@@PAXHK@Z 10034420     libvcruntime:frame.obj
 0002:0000a448       __catchsym$?CallUnexpected@@YAXPBU_s_ESTypeList@@@Z$2 10034448     libvcruntime:frame.obj
 0002:0000a458       __unwindtable$?CallUnexpected@@YAXPBU_s_ESTypeList@@@Z 10034458     libvcruntime:frame.obj
 0002:0000a468       __tryblocktable$?CallUnexpected@@YAXPBU_s_ESTypeList@@@Z 10034468     libvcruntime:frame.obj
 0002:0000a47c       __ehfuncinfo$?CallUnexpected@@YAXPBU_s_ESTypeList@@@Z 1003447c     libvcruntime:frame.obj
 0002:0000a4a0       __sehtable$___BuildCatchObjectHelper 100344a0     libvcruntime:frame.obj
 0002:0000a510       __sehtable$?common_exit@@YAXHW4_crt_exit_cleanup_mode@@W4_crt_exit_return_mode@@@Z 10034510     libucrt:exit.obj
 0002:0000a538       __sehtable$??$?RV<lambda_800076c951b434888f4765a74a194fcc>@@AAV<lambda_4e60a939b0d047cfe11ddc22648dfba9>@@V<lambda_6dbb1268764f43b569ce7b67e331d33a>@@@?$__crt_seh_guarded_call@H@@QAEH$$QAV<lambda_800076c951b434888f4765a74a194fcc>@@AAV<lambda_4e60a939b0d047cfe11ddc22648dfba9>@@$$QAV<lambda_6dbb1268764f43b569ce7b67e331d33a>@@@Z 10034538     libucrt:onexit.obj
 0002:0000a558       __sehtable$??$?RV<lambda_995298e7d72eb4c2aab26c0585b3abe5>@@AAV<lambda_275893d493268fdec8709772e3fcec0e>@@V<lambda_293819299cbf9a7022e18b56a874bb5c>@@@?$__crt_seh_guarded_call@H@@QAEH$$QAV<lambda_995298e7d72eb4c2aab26c0585b3abe5>@@AAV<lambda_275893d493268fdec8709772e3fcec0e>@@$$QAV<lambda_293819299cbf9a7022e18b56a874bb5c>@@@Z 10034558     libucrt:onexit.obj
 0002:0000a578       __sehtable$_terminate      10034578     libucrt:terminate.obj
 0002:0000a598       __sehtable$??$?RV<lambda_9df27f884b057bc3edfc946cb5b7cf47>@@AAV<lambda_e69574bed617af4e071282c136b37893>@@V<lambda_cc0d902bcbbeb830f749456577db4721>@@@?$__crt_seh_guarded_call@X@@QAEX$$QAV<lambda_9df27f884b057bc3edfc946cb5b7cf47>@@AAV<lambda_e69574bed617af4e071282c136b37893>@@$$QAV<lambda_cc0d902bcbbeb830f749456577db4721>@@@Z 10034598     libucrt:per_thread_data.obj
 0002:0000a5b8       __sehtable$??$?RV<lambda_3518db117f0e7cdb002338c5d3c47b6c>@@AAV<lambda_b2ea41f6bbb362cd97d94c6828d90b61>@@V<lambda_abdedf541bb04549bc734292b4a045d4>@@@?$__crt_seh_guarded_call@X@@QAEX$$QAV<lambda_3518db117f0e7cdb002338c5d3c47b6c>@@AAV<lambda_b2ea41f6bbb362cd97d94c6828d90b61>@@$$QAV<lambda_abdedf541bb04549bc734292b4a045d4>@@@Z 100345b8     libucrt:per_thread_data.obj
 0002:0000a5d8       __sehtable$??$?RV<lambda_51b6e8b1eb166f2a3faf91f424b38130>@@AAV<lambda_6250bd4b2a391816dd638c3bf72b0bcb>@@V<lambda_0b5a4a3e68152e1d9b943535f5f47bed>@@@?$__crt_seh_guarded_call@X@@QAEX$$QAV<lambda_51b6e8b1eb166f2a3faf91f424b38130>@@AAV<lambda_6250bd4b2a391816dd638c3bf72b0bcb>@@$$QAV<lambda_0b5a4a3e68152e1d9b943535f5f47bed>@@@Z 100345d8     libucrt:per_thread_data.obj
 0002:0000a5f8       __sehtable$??$?RV<lambda_5b71d36f03204c0beab531769a5b5694>@@AAV<lambda_be2b3da3f62db62e9dad5dc70221a656>@@V<lambda_8f9ce462984622f9bf76b59e2aaaf805>@@@?$__crt_seh_guarded_call@X@@QAEX$$QAV<lambda_5b71d36f03204c0beab531769a5b5694>@@AAV<lambda_be2b3da3f62db62e9dad5dc70221a656>@@$$QAV<lambda_8f9ce462984622f9bf76b59e2aaaf805>@@@Z 100345f8     libucrt:per_thread_data.obj
 0002:0000a618       __sehtable$___acrt_uninitialize_locale 10034618     libucrt:wsetlocale.obj
 0002:0000a638       __sehtable$___acrt_initialize_lowio 10034638     libucrt:ioinit.obj
 0002:0000a658       __sehtable$___acrt_update_thread_multibyte_data 10034658     libucrt:mbctype.obj
 0002:0000a678       __sehtable$??$?RV<lambda_978dc153c237d78434369da87b74ff60>@@AAV<lambda_ad1ced32f4ac17aa236e5ef05d6b3b7c>@@V<lambda_4a8533e2866a575feecb8298ce776b0d>@@@?$__crt_seh_guarded_call@X@@QAEX$$QAV<lambda_978dc153c237d78434369da87b74ff60>@@AAV<lambda_ad1ced32f4ac17aa236e5ef05d6b3b7c>@@$$QAV<lambda_4a8533e2866a575feecb8298ce776b0d>@@@Z 10034678     libucrt:mbctype.obj
 0002:0000a698       __sehtable$__query_new_handler 10034698     libucrt:new_handler.obj
 0002:0000a6b8       __sehtable$_raise          100346b8     libucrt:signal.obj
 0002:0000a6d8       __sehtable$??$?RV<lambda_a048d3beccc847880fc8490e18b82769>@@AAV<lambda_ec61778202f4f5fc7e7711acc23c3bca>@@V<lambda_f7496a158712204296dd6628a163878e>@@@?$__crt_seh_guarded_call@P6AXH@Z@@QAEP6AXH@Z$$QAV<lambda_a048d3beccc847880fc8490e18b82769>@@AAV<lambda_ec61778202f4f5fc7e7711acc23c3bca>@@$$QAV<lambda_f7496a158712204296dd6628a163878e>@@@Z 100346d8     libucrt:signal.obj
 0002:0000a6f8       __sehtable$___acrt_update_thread_locale_data 100346f8     libucrt:locale_refcounting.obj
 0002:0000a718       __sehtable$__fcloseall     10034718     libucrt:closeall.obj
 0002:0000a738       __sehtable$_common_flush_all 10034738     libucrt:fflush.obj
 0002:0000a760       __sehtable$___acrt_lowio_ensure_fh_exists 10034760     libucrt:osfinfo.obj
 0002:0000a780       __sehtable$__write         10034780     libucrt:write.obj
 0002:0000a7a0       __sehtable$_fclose         100347a0     libucrt:fclose.obj
 0002:0000a7c0       __sehtable$??$?RV<lambda_61cee617f5178ae960314fd4d05640a0>@@AAV<lambda_6978c1fb23f02e42e1d9e99668cc68aa>@@V<lambda_9cd88cf8ad10232537feb2133f08c833>@@@?$__crt_seh_guarded_call@H@@QAEH$$QAV<lambda_61cee617f5178ae960314fd4d05640a0>@@AAV<lambda_6978c1fb23f02e42e1d9e99668cc68aa>@@$$QAV<lambda_9cd88cf8ad10232537feb2133f08c833>@@@Z 100347c0     libucrt:commit.obj
 0002:0000a7e0       __sehtable$??$?RV<lambda_123407a5e2ac06da108355a851863b7a>@@AAV<lambda_2fe9b910cf3cbf4a0ab98a02ba45b3ec>@@V<lambda_ae55bdf541ad94d75914d381c370e64d>@@@?$__crt_seh_guarded_call@H@@QAEH$$QAV<lambda_123407a5e2ac06da108355a851863b7a>@@AAV<lambda_2fe9b910cf3cbf4a0ab98a02ba45b3ec>@@$$QAV<lambda_ae55bdf541ad94d75914d381c370e64d>@@@Z 100347e0     libucrt:close.obj
 0002:0000a800       __sehtable$__IsNonwritableInCurrentImage 10034800     LIBCMT:pesect.obj
 0002:0000a820       .edata                     10034820     ConEmu.exp
 0002:0000a848       rgpv                       10034848     ConEmu.exp
 0002:0000a8b4       rgszName                   100348b4     ConEmu.exp
 0002:0000a920       rgwOrd                     10034920     ConEmu.exp
 0002:0000a956       szName                     10034956     ConEmu.exp
 0002:0000a961       $N00001                    10034961     ConEmu.exp
 0002:0000a971       $N00002                    10034971     ConEmu.exp
 0002:0000a979       $N00003                    10034979     ConEmu.exp
 0002:0000a985       $N00004                    10034985     ConEmu.exp
 0002:0000a990       $N00005                    10034990     ConEmu.exp
 0002:0000a99e       $N00006                    1003499e     ConEmu.exp
 0002:0000a9af       $N00007                    100349af     ConEmu.exp
 0002:0000a9bd       $N00008                    100349bd     ConEmu.exp
 0002:0000a9cc       $N00009                    100349cc     ConEmu.exp
 0002:0000a9dc       $N00010                    100349dc     ConEmu.exp
 0002:0000a9e7       $N00011                    100349e7     ConEmu.exp
 0002:0000a9ed       $N00012                    100349ed     ConEmu.exp
 0002:0000aa00       $N00013                    10034a00     ConEmu.exp
 0002:0000aa13       $N00014                    10034a13     ConEmu.exp
 0002:0000aa26       $N00015                    10034a26     ConEmu.exp
 0002:0000aa39       $N00016                    10034a39     ConEmu.exp
 0002:0000aa4b       $N00017                    10034a4b     ConEmu.exp
 0002:0000aa5a       $N00018                    10034a5a     ConEmu.exp
 0002:0000aa66       $N00019                    10034a66     ConEmu.exp
 0002:0000aa6f       $N00020                    10034a6f     ConEmu.exp
 0002:0000aa7e       $N00021                    10034a7e     ConEmu.exp
 0002:0000aa90       $N00022                    10034a90     ConEmu.exp
 0002:0000aa9c       $N00023                    10034a9c     ConEmu.exp
 0002:0000aab0       $N00024                    10034ab0     ConEmu.exp
 0002:0000aac4       $N00025                    10034ac4     ConEmu.exp
 0002:0000aad9       $N00026                    10034ad9     ConEmu.exp
 0002:0000aaed       $N00027                    10034aed     ConEmu.exp
 0002:0000aeee       .idata$6                   10034eee     version:VERSION.dll
 0002:0000b448       .idata$6                   10035448     kernel32:KERNEL32.dll
 0002:0000b554       .idata$6                   10035554     user32:USER32.dll
 0002:0000b5f4       .idata$6                   100355f4     gdi32:GDI32.dll
 0002:0000b630       .idata$6                   10035630     advapi32:ADVAPI32.dll
 0003:00000100       ?rc@?CE@??Open@CPluginW2800@@UAEPAXPBX@Z@4UFarMacroCall@@A 10036100     ConEmuPlugin2800.obj
 0003:00000118       ?val@?CE@??Open@CPluginW2800@@UAEPAXPBX@Z@4UFarMacroValue@@A 10036118     ConEmuPlugin2800.obj
 0003:00000250       ?__vcrt_flsindex@@3KA      10036250     libvcruntime:per_thread_data.obj
 0003:00000274       _errno_no_memory           10036274     libucrt:errno.obj
 0003:00000278       _doserrno_no_memory        10036278     libucrt:errno.obj
 0003:0000027c       ___acrt_flsindex           1003627c     libucrt:per_thread_data.obj
 0003:000003f0       ___rgctypeflag             100363f0     libucrt:mbctype.obj
 0003:000003f8       ___rgcode_page_info        100363f8     libucrt:mbctype.obj
 0003:00000b38       ?store@?M@??GetPanelInfo@CPluginW1900@@UAE_NKPAUCEPanelInfo@@@Z@4UPanelInfo@@A 10036b38     ConEmuPlugin1900.obj
 0003:00000b88       ?szMenu@?1??GetPluginInfoPtr@CPluginW1900@@UAEXPAX@Z@4PAPA_WA 10036b88     ConEmuPlugin1900.obj
 0003:00000b90       ?szMenu1@?1??GetPluginInfoPtr@CPluginW1900@@UAEXPAX@Z@4PA_WA 10036b90     ConEmuPlugin1900.obj
 0003:00000d90       ?WLastActive@?1??UpdateConEmuTabsApi@CPluginW1900@@UAE_NH@Z@4UWindowInfo@@A 10036d90     ConEmuPlugin1900.obj
 0003:00000dc0       ?pwList@@3PAV?$MArray@UWindowInfo@@@@A 10036dc0     ConEmuPlugin2800.obj
 0003:00000dc8       ?store@?M@??GetPanelInfo@CPluginW2800@@UAE_NKPAUCEPanelInfo@@@Z@4UPanelInfo@@A 10036dc8     ConEmuPlugin2800.obj
 0003:00000e18       ?szMenu@?1??GetPluginInfoPtr@CPluginW2800@@UAEXPAX@Z@4PAPA_WA 10036e18     ConEmuPlugin2800.obj
 0003:00000e20       ?szMenu1@?1??GetPluginInfoPtr@CPluginW2800@@UAEXPAX@Z@4PA_WA 10036e20     ConEmuPlugin2800.obj
 0003:00001020       ?WLastActive@?1??UpdateConEmuTabsApi@CPluginW2800@@UAE_NH@Z@4UWindowInfo@@A 10037020     ConEmuPlugin2800.obj
 0003:00001050       ?ghSyncDlg@@3PAXA          10037050     ConEmuPlugin995.obj
 0003:00001058       ?store@?M@??GetPanelInfo@CPluginW995@@UAE_NKPAUCEPanelInfo@@@Z@4UPanelInfo@@A 10037058     ConEmuPlugin995.obj
 0003:0000109c       ?szMenu@?1??GetPluginInfoPtr@CPluginW995@@UAEXPAX@Z@4PAPA_WA 1003709c     ConEmuPlugin995.obj
 0003:000010a0       ?szMenu1@?1??GetPluginInfoPtr@CPluginW995@@UAEXPAX@Z@4PA_WA 100370a0     ConEmuPlugin995.obj
 0003:000012a8       ?store@?M@??GetPanelInfo@CPluginAnsi@@UAE_NKPAUCEPanelInfo@@@Z@4UPanelInfo@@A 100372a8     ConEmuPluginA.obj
 0003:00001498       ?szMenu@?1??GetPluginInfoPtr@CPluginAnsi@@UAEXPAX@Z@4PAPADA 10037498     ConEmuPluginA.obj
 0003:000014a0       ?szMenu1@?1??GetPluginInfoPtr@CPluginAnsi@@UAEXPAX@Z@4PADA 100374a0     ConEmuPluginA.obj
 0003:0000277c       ?gbTryOpenMapHeader@@3HA   1003877c     ConEmuPluginBase.obj
 0003:00002780       ?gbStartupHooksAfterMap@@3HA 10038780     ConEmuPluginBase.obj
 0003:00002784       ?siEnabled@?1??CheckBufferEnabled@CPluginBase@@QAE_NXZ@4HA 10038784     ConEmuPluginBase.obj
 0003:00002788       ?dwLastTickCount@?7??CheckResources@CPluginBase@@QAEX_N@Z@4KA 10038788     ConEmuPluginBase.obj
 0003:0000278c       ?$TSS0@?7??CheckResources@CPluginBase@@QAEX_N@Z@4HA 1003878c     ConEmuPluginBase.obj
 0003:00002790       ?dwLastTickCount@?9??OnConsolePeekReadInput@CPluginBase@@SAX_N@Z@4KA 10038790     ConEmuPluginBase.obj
 0003:000029f0       ?szFile@?1??ModuleName@@YAPB_WPB_W@Z@4PA_WA 100389f0     common-kernel32:ConEmuCheck.obj
 0003:00002a34       ?gh_UnknownTerminatedThread@@3PAXA 10038a34     common-kernel32:WThreads.obj
 0003:00002a38       ?g_Threads@@3PAUConEmuThreadInfo@@A 10038a38     common-kernel32:WThreads.obj
 0003:0000a23c       ?ibIsWin6@?1??IsWin6@@YA_NXZ@4HA 1004023c     common-kernel32:WObjects.obj
 0003:0000a240       ?is64bitOs@?1??IsWindows64@@YA_NXZ@4_NA 10040240     common-kernel32:WObjects.obj
 0003:0000a241       ?isOsChecked@?1??IsWindows64@@YA_NXZ@4_NA 10040241     common-kernel32:WObjects.obj
 0003:0000a248       ?szNil@?1??GetCommand@CESERVER_REQ_NEWCMD@@QAEPA_WXZ@4PA_WA 10040248     common-kernel32:Common.obj
 0003:0000a254       ?TerminalMode@?1??isTerminalMode@@YA_NXZ@4_NA 10040254     common-kernel32:MProcess.obj
 0003:0000a255       ?TerminalChecked@?1??isTerminalMode@@YA_NXZ@4_NA 10040255     common-kernel32:MProcess.obj
 0003:0000a256       ?bSysInfoRetrieved@?1??IsModuleValid@@YA_NPAUHINSTANCE__@@H@Z@4_NA 10040256     common-kernel32:WModuleCheck.obj
 0003:0000a258       ?si@?1??IsModuleValid@@YA_NPAUHINSTANCE__@@H@Z@4U_SYSTEM_INFO@@A 10040258     common-kernel32:WModuleCheck.obj
 0003:0000a288       ?_Tss_mutex@@3U_RTL_CRITICAL_SECTION@@A 10040288     LIBCMT:thread_safe_statics.obj
 0003:0000a2a0       ?_Tss_cv@@3U_RTL_CONDITION_VARIABLE@@A 100402a0     LIBCMT:thread_safe_statics.obj
 0003:0000a2a4       ?_Tss_event@@3PAXA         100402a4     LIBCMT:thread_safe_statics.obj
 0003:0000a2a8       ?encoded_sleep_condition_variable_cs@@3P6GHPAU_RTL_CONDITION_VARIABLE@@PAU_RTL_CRITICAL_SECTION@@K@ZA 100402a8     LIBCMT:thread_safe_statics.obj
 0003:0000a2ac       ?encoded_wake_all_condition_variable@@3P6GXPAU_RTL_CONDITION_VARIABLE@@@ZA 100402ac     LIBCMT:thread_safe_statics.obj
 0003:0000a2b0       ?__proc_attached@@3HA      100402b0     LIBCMT:dll_dllmain.obj
 0003:0000a2bc       ?module_local_atexit_table@@3U_onexit_table_t@@A 100402bc     LIBCMT:utility.obj
 0003:0000a2c8       ?module_local_at_quick_exit_table@@3U_onexit_table_t@@A 100402c8     LIBCMT:utility.obj
 0003:0000a2d4       ?module_local_atexit_table_initialized@@3_NA 100402d4     LIBCMT:utility.obj
 0003:0000a2d5       ?is_initialized_as_dll@@3_NA 100402d5     LIBCMT:utility.obj
 0003:0000a2d8       _GS_ExceptionRecord        100402d8     LIBCMT:gs_report.obj
 0003:0000a328       _GS_ContextRecord          10040328     LIBCMT:gs_report.obj
 0003:0000a614       ?module_handles@@3PAPAUHINSTANCE__@@A 10040614     libvcruntime:winapi_downlevel.obj
 0003:0000a620       ?encoded_function_pointers@@3PAPAXA 10040620     libvcruntime:winapi_downlevel.obj
 0003:0000a634       ?__vcrt_startup_thread_ptd@@3U__vcrt_ptd@@A 10040634     libvcruntime:per_thread_data.obj
 0003:0000a660       ___vcrt_lock_table         10040660     libvcruntime:locks.obj
 0003:0000a678       ___vcrt_locks_initialized  10040678     libvcruntime:locks.obj
 0003:0000a6a4       ?heap@@3V_HeapManager@@A   100406a4     libvcruntime:undname.obj
 0003:0000a6b8       _c_termination_complete    100406b8     libucrt:exit.obj
 0003:0000a6bc       _thread_local_exit_callback_func 100406bc     libucrt:exit.obj
 0003:0000a6c0       ?c_exit_complete@?5??common_exit@@YAXHW4_crt_exit_cleanup_mode@@W4_crt_exit_return_mode@@@Z@4_NA 100406c0     libucrt:exit.obj
 0003:0000a6c8       ?program_name@?5???$common_configure_argv@D@@YAHW4_crt_argv_mode@@@Z@4PADA 100406c8     libucrt:argv_parsing.obj
 0003:0000a7f8       ___acrt_invalid_parameter_handler 100407f8     libucrt:invalid_parameter.obj
 0003:0000a804       _enable_percent_n          10040804     libucrt:printf_count_output.obj
 0003:0000aa20       ___acrt_lock_table         10040a20     libucrt:locks.obj
 0003:0000ab58       ___acrt_locks_initialized  10040b58     libucrt:locks.obj
 0003:0000ab60       _module_handles            10040b60     libucrt:winapi_thunks.obj
 0003:0000abb0       _encoded_function_pointers 10040bb0     libucrt:winapi_thunks.obj
 0003:0000ac30       ?state_cache@?1??__acrt_is_packaged_app@@9@4JA 10040c30     libucrt:winapi_thunks.obj
 0003:0000ac4c       _fSystemSet                10040c4c     libucrt:mbctype.obj
 0003:0000ac50       ?initialized@?1??__acrt_initialize_multibyte@@9@4_NA 10040c50     libucrt:mbctype.obj
 0003:0000ac70       ___acrt_new_handler        10040c70     libucrt:new_handler.obj
 0003:0000ac74       _ctrlc_action              10040c74     libucrt:signal.obj
 0003:0000ac78       _ctrlbreak_action          10040c78     libucrt:signal.obj
 0003:0000ac7c       _abort_action              10040c7c     libucrt:signal.obj
 0003:0000ac80       _term_action               10040c80     libucrt:signal.obj
 0003:0000ac84       _user_matherr              10040c84     libucrt:matherr.obj
 0003:0000ac88       ___acrt_global_new_mode    10040c88     libucrt:new_mode.obj
 0003:0000ac94       ___acrt_app_type           10040c94     libucrt:report_runtime_error.obj
 0003:0000ac9c       __pmatherr_set             10040c9c     libucrt:libm_error.obj
 0003:0000acf4       ?gbPauseConsoleWasRequested@@3_NA 10040cf4     common-kernel32:WConsole.obj
 0003:0000acf8       ?GetCurrentConsoleFontEx@?1??apiGetCurrentConsoleFontEx@@YAHPAXHPAUMY_CONSOLE_FONT_INFOEX@@@Z@4P6GH0H1@ZA 10040cf8     common-kernel32:WConsole.obj
 0003:0000acfc       ?bFuncChecked@?1??apiGetCurrentConsoleFontEx@@YAHPAXHPAUMY_CONSOLE_FONT_INFOEX@@@Z@4_NA 10040cfc     common-kernel32:WConsole.obj
 0003:0000ad00       ?SetCurrentConsoleFontEx@?1??apiSetCurrentConsoleFontEx@@YAHPAXHPAUMY_CONSOLE_FONT_INFOEX@@@Z@4P6GH0H1@ZA 10040d00     common-kernel32:WConsole.obj
 0003:0000ad04       ?bFuncChecked@?1??apiSetCurrentConsoleFontEx@@YAHPAXHPAUMY_CONSOLE_FONT_INFOEX@@@Z@4_NA 10040d04     common-kernel32:WConsole.obj
 0004:000000a0       $R000000                   100410a0     ConEmu.res
 0004:000003a8       $R000308                   100413a8     ConEmu.res
