 ConEmu.x64

 Timestamp is 5a7989b4 (Tue Feb  6 13:55:48 2018)

 Preferred load address is 0000000180000000

 Start         Length     Name                   Class
 0001:00000000 00000010H .text$di                CODE
 0001:00000010 0002e370H .text$mn                CODE
 0001:0002e380 000000e0H .text$mn$00             CODE
 0001:0002e460 000005d0H .text$x                 CODE
 0001:0002ea30 0000003dH .text$yd                CODE
 0002:00000000 00000670H .idata$5                DATA
 0002:00000670 00000020H .00cfg                  DATA
 0002:00000690 00000008H .CRT$XCA                DATA
 0002:00000698 00000008H .CRT$XCU                DATA
 0002:000006a0 00000008H .CRT$XCZ                DATA
 0002:000006a8 00000008H .CRT$XIA                DATA
 0002:000006b0 00000020H .CRT$XIC                DATA
 0002:000006d0 00000008H .CRT$XIZ                DATA
 0002:000006d8 00000008H .CRT$XLA                DATA
 0002:000006e0 00000008H .CRT$XLZ                DATA
 0002:000006e8 00000008H .CRT$XPA                DATA
 0002:000006f0 00000010H .CRT$XPX                DATA
 0002:00000700 00000008H .CRT$XPXA               DATA
 0002:00000708 00000008H .CRT$XPZ                DATA
 0002:00000710 00000008H .CRT$XTA                DATA
 0002:00000718 00000008H .CRT$XTZ                DATA
 0002:00000720 00000000H .gfids$x                DATA
 0002:00000720 00000000H .gfids$y                DATA
 0002:00000720 0000c5d0H .rdata                  DATA
 0002:0000ccf0 00000028H .rdata$T                DATA
 0002:0000cd18 000004dcH .rdata$r                DATA
 0002:0000d1f4 000003d4H .rdata$zzzdbg           DATA
 0002:0000d5c8 00000008H .rtc$IAA                DATA
 0002:0000d5d0 00000008H .rtc$IZZ                DATA
 0002:0000d5d8 00000008H .rtc$TAA                DATA
 0002:0000d5e0 00000008H .rtc$TZZ                DATA
 0002:0000d5e8 00000004H .tls                    DATA
 0002:0000d5ec 00000004H .tls$                   DATA
 0002:0000d5f0 00000010H .tls$ZZZ                DATA
 0002:0000d600 00002558H .xdata                  DATA
 0002:0000fb58 00000088H .xdata$x                DATA
 0002:0000fbe0 000002e4H .edata                  DATA
 0002:0000fec4 00000064H .idata$2                DATA
 0002:0000ff28 00000018H .idata$3                DATA
 0002:0000ff40 00000670H .idata$4                DATA
 0002:000105b0 00000ea8H .idata$6                DATA
 0003:00000000 00000b90H .data                   DATA
 0003:00000b90 000001e0H .data$r                 DATA
 0003:00000d70 0000bba0H .bss                    DATA
 0004:00000000 000026dcH .pdata                  DATA
 0005:00000000 000000a0H .rsrc$01                DATA
 0005:000000a0 00000490H .rsrc$02                DATA

  Address         Publics by Value              Rva+Base               Lib:Object

 0000:00000000       __dynamic_value_reloc_table 0000000000000000     <absolute>
 0000:00000000       __guard_iat_count          0000000000000000     <absolute>
 0000:00000000       __hybrid_code_map          0000000000000000     <absolute>
 0000:00000000       __hybrid_code_map_count    0000000000000000     <absolute>
 0000:00000000       __hybrid_auxiliary_iat     0000000000000000     <absolute>
 0000:00000000       __guard_iat_table          0000000000000000     <absolute>
 0000:00000000       __guard_fids_count         0000000000000000     <absolute>
 0000:00000000       __enclave_config           0000000000000000     <absolute>
 0000:00000000       __guard_longjmp_table      0000000000000000     <absolute>
 0000:00000000       __guard_longjmp_count      0000000000000000     <absolute>
 0000:00000000       ___safe_se_handler_table   0000000000000000     <absolute>
 0000:00000000       ___safe_se_handler_count   0000000000000000     <absolute>
 0000:00000000       __guard_fids_table         0000000000000000     <absolute>
 0000:00000100       __guard_flags              0000000000000100     <absolute>
 0000:00000000       __ImageBase                0000000180000000     <linker-defined>
 0001:00000010       ??$swprintf_c@$0EA@@@YAHAEAY0EA@_WPEB_WZZ 0000000180001010 f i ConEmuInjects.obj
 0001:0000003c       ??$swprintf_c@$0IA@@@YAHAEAY0IA@_WPEB_WZZ 000000018000103c f i ConEmuInjects.obj
 0001:00000068       ??$swprintf_c@$0PP@@@YAHAEAY0PP@_WPEB_WZZ 0000000180001068 f i ConEmuInjects.obj
 0001:00000094       ?ShutdownHooks@@YAXXZ      0000000180001094 f   ConEmuInjects.obj
 0001:00000294       ?StartupHooks@@YA_NPEAUHINSTANCE__@@@Z 0000000180001294 f   ConEmuInjects.obj
 0001:00000700       ?StringCchCopyW@@YAJPEA_W_KPEB_W@Z 0000000180001700 f i ConEmuInjects.obj
 0001:00000778       ?StringCchVPrintfW@@YAJPEA_W_KPEB_WPEAD@Z 0000000180001778 f i ConEmuInjects.obj
 0001:0000081c       __local_stdio_printf_options 000000018000181c f i ConEmuInjects.obj
 0001:00000824       ExitFARW                   0000000180001824 f   ConEmuPlugin.obj
 0001:0000087c       ProcessSynchroEventW       000000018000187c f   ConEmuPlugin.obj
 0001:000008a8       ?ProcessViewerEvent@@YAHHPEAX@Z 00000001800018a8 f   ConEmuPlugin.obj
 0001:000008a8       ProcessViewerEventW        00000001800018a8 f   ConEmuPlugin.obj
 0001:000008c8       ?ProcessSynchroEventW3@@YA_JPEAX@Z 00000001800018c8 f   ConEmuPlugin.obj
 0001:000008f0       ?ProcessEditorEventW3@@YA_JPEAX@Z 00000001800018f0 f   ConEmuPlugin.obj
 0001:00000918       ?ProcessViewerEventW3@@YA_JPEAX@Z 0000000180001918 f   ConEmuPlugin.obj
 0001:00000940       ?ExitFARW3@@YAXPEAX@Z      0000000180001940 f   ConEmuPlugin.obj
 0001:00000998       ?ActivateConsole@@YAHXZ    0000000180001998 f   ConEmuPlugin.obj
 0001:00000a28       ?ExitFAR@@YAXXZ            0000000180001a28 f   ConEmuPlugin.obj
 0001:00000a80       ?GetFarHWND2@@YAPEAUHWND__@@H@Z 0000000180001a80 f   ConEmuPlugin.obj
 0001:00000afc       ?GetFarHWND@@YAPEAUHWND__@@XZ 0000000180001afc f   ConEmuPlugin.obj
 0001:00000b04       ?GetFarVersion@@YAXPEAUFarVersion@@@Z 0000000180001b04 f   ConEmuPlugin.obj
 0001:00000b20       ?GetMinFarVersion@@YAHXZ   0000000180001b20 f   ConEmuPlugin.obj
 0001:00000b50       ?GetPluginInfo@@YAXPEAX@Z  0000000180001b50 f   ConEmuPlugin.obj
 0001:00000ba4       ?GetPluginInfoW@@YAXPEAX@Z 0000000180001ba4 f   ConEmuPlugin.obj
 0001:00000bc4       ?IsConsoleActive@@YAHXZ    0000000180001bc4 f   ConEmuPlugin.obj
 0001:00000c1c       ?IsTerminalMode@@YAHXZ     0000000180001c1c f   ConEmuPlugin.obj
 0001:00000c24       ?OpenPlugin@@YAPEAXH_J@Z   0000000180001c24 f   ConEmuPlugin.obj
 0001:00000c54       ?OpenW@@YAPEAXPEBX@Z       0000000180001c54 f   ConEmuPlugin.obj
 0001:00000c78       ?ProcessEditorEvent@@YAHHPEAX@Z 0000000180001c78 f   ConEmuPlugin.obj
 0001:00000c78       ProcessEditorEventW        0000000180001c78 f   ConEmuPlugin.obj
 0001:00000c98       ?ProcessEditorInput@@YAHPEBU_INPUT_RECORD@@@Z 0000000180001c98 f   ConEmuPlugin.obj
 0001:00000cbc       ?RegisterBackground@@YAHPEAURegisterBackgroundArg@@@Z 0000000180001cbc f   ConEmuPlugin.obj
 0001:00000d40       ?RegisterPanelView@@YAHPEAUPanelViewInit@@@Z 0000000180001d40 f   ConEmuPlugin.obj
 0001:00000ea4       ?SetStartupInfo@@YAXPEAX@Z 0000000180001ea4 f   ConEmuPlugin.obj
 0001:00000f08       ?SetupExportsFar3@@YAXXZ   0000000180001f08 f   ConEmuPlugin.obj
 0001:00001070       ?SyncExecute@@YAHPEAUHINSTANCE__@@P6AX_J@Z1@Z 0000000180002070 f   ConEmuPlugin.obj
 0001:000010bc       DllMain                    00000001800020bc f   ConEmuPlugin.obj
 0001:000010e0       GetMinFarVersionW          00000001800020e0 f   ConEmuPlugin.obj
 0001:000010e8       OpenPluginW                00000001800020e8 f   ConEmuPlugin.obj
 0001:00001128       ProcessEditorInputW        0000000180002128 f   ConEmuPlugin.obj
 0001:0000114c       SetStartupInfoW            000000018000214c f   ConEmuPlugin.obj
 0001:0000117c       ??0CPluginW1900@@QEAA@XZ   000000018000217c f   ConEmuPlugin1900.obj
 0001:00001320       ??_GCPluginW1900@@UEAAPEAXI@Z 0000000180002320 f i ConEmuPlugin1900.obj
 0001:00001320       ??_ECPluginW1900@@UEAAPEAXI@Z 0000000180002320 f i ConEmuPlugin1900.obj
 0001:00001828       ?CheckPanelExist@CPluginW1900@@UEAA_NXZ 0000000180002828 f   ConEmuPlugin1900.obj
 0001:00001864       ?Color2BgIndex@Far3Color@@SAXKHAEAGPEBK@Z 0000000180002864 f i ConEmuPlugin1900.obj
 0001:0000196c       ?Color2FgIndex@Far3Color@@SAXKAEAGPEBK@Z 000000018000296c f i ConEmuPlugin1900.obj
 0001:00001a4c       ?ExecuteSynchroApi@CPluginW1900@@UEAA_NXZ 0000000180002a4c f   ConEmuPlugin1900.obj
 0001:00001a80       ?ExitFar@CPluginW1900@@UEAAXXZ 0000000180002a80 f   ConEmuPlugin1900.obj
 0001:00001b24       ?FarColor_3_2@@YAEAEBUFarColor@@_N@Z 0000000180002b24 f i ConEmuPlugin1900.obj
 0001:00001be4       ?GetActiveWindowType@CPluginW1900@@UEAAHXZ 0000000180002be4 f   ConEmuPlugin1900.obj
 0001:00001c98       ?GetEditorModifiedState@CPluginW1900@@UEAAKXZ 0000000180002c98 f   ConEmuPlugin1900.obj
 0001:00001cf4       ?GetFarRect@CPluginW1900@@UEAA_NAEAU_SMALL_RECT@@@Z 0000000180002cf4 f   ConEmuPlugin1900.obj
 0001:00001da0       ?GetMacroArea@CPluginW1900@@UEAAHXZ 0000000180002da0 f   ConEmuPlugin1900.obj
 0001:00001dc0       ?GetMsg@CPluginW1900@@UEAAPEB_WHPEA_W_K@Z 0000000180002dc0 f   ConEmuPlugin1900.obj
 0001:00001e30       ?GetPanelDir@CPluginW1900@@UEAAPEA_WKPEA_WH@Z 0000000180002e30 f   ConEmuPlugin1900.obj
 0001:00001fac       ?GetPanelInfo@CPluginW1900@@UEAA_NKPEAUCEPanelInfo@@@Z 0000000180002fac f   ConEmuPlugin1900.obj
 0001:00002248       ?GetPanelItemInfo@CPluginW1900@@UEAA_NAEBUCEPanelInfo@@_N_JAEAU_WIN32_FIND_DATAW@@PEAPEA_W@Z 0000000180003248 f   ConEmuPlugin1900.obj
 0001:00002424       ?GetPluginInfoPtr@CPluginW1900@@UEAAXPEAX@Z 0000000180003424 f   ConEmuPlugin1900.obj
 0001:00002480       ?GetWindowCount@CPluginW1900@@UEAAHXZ 0000000180003480 f   ConEmuPlugin1900.obj
 0001:000024b0       ?GuiMacroDlg@CPluginW1900@@UEAAXXZ 00000001800034b0 f   ConEmuPlugin1900.obj
 0001:000024b8       ?InputBox@CPluginW1900@@UEAA_NPEB_W000AEAPEA_W@Z 00000001800034b8 f   ConEmuPlugin1900.obj
 0001:00002568       ?IsMacroActive@CPluginW1900@@UEAA_NXZ 0000000180003568 f   ConEmuPlugin1900.obj
 0001:000025a8       ?LoadFarColors@CPluginW1900@@UEAAXAEAY0BAA@E@Z 00000001800035a8 f   ConEmuPlugin1900.obj
 0001:00002758       ?LoadFarSettings@CPluginW1900@@UEAAXPEAUCEFarInterfaceSettings@@PEAUCEFarPanelSettings@@@Z 0000000180003758 f   ConEmuPlugin1900.obj
 0001:000028a4       ?Open@CPluginW1900@@UEAAPEAXPEBX@Z 00000001800038a4 f   ConEmuPlugin1900.obj
 0001:00002980       ?OpenEditor@CPluginW1900@@UEAA_NPEB_W_N11HH@Z 0000000180003980 f   ConEmuPlugin1900.obj
 0001:00002a94       ?PanelControlApi@CPluginW1900@@UEAA_JPEAXH_J0@Z 0000000180003a94 f   ConEmuPlugin1900.obj
 0001:00002acc       ?PostMacroApi@CPluginW1900@@UEAAXPEB_WPEAU_INPUT_RECORD@@_N@Z 0000000180003acc f   ConEmuPlugin1900.obj
 0001:000030e0       ?ProcessEditorEventPtr@CPluginW2800@@UEAAHPEAX@Z 00000001800040e0 f   ConEmuPlugin2800.obj
 0001:000030e0       ?ProcessEditorEventPtr@CPluginW1900@@UEAAHPEAX@Z 00000001800040e0 f   ConEmuPlugin1900.obj
 0001:000030ec       ?ProcessEditorInputPtr@CPluginW1900@@UEAAHPEBX@Z 00000001800040ec f   ConEmuPlugin1900.obj
 0001:0000310c       ?ProcessSynchroEventPtr@CPluginW1900@@UEAAHPEAX@Z 000000018000410c f   ConEmuPlugin1900.obj
 0001:0000310c       ?ProcessSynchroEventPtr@CPluginW2800@@UEAAHPEAX@Z 000000018000410c f   ConEmuPlugin2800.obj
 0001:00003130       ?ProcessViewerEventPtr@CPluginW2800@@UEAAHPEAX@Z 0000000180004130 f   ConEmuPlugin2800.obj
 0001:00003130       ?ProcessViewerEventPtr@CPluginW1900@@UEAAHPEAX@Z 0000000180004130 f   ConEmuPlugin1900.obj
 0001:0000313c       ?RedrawAll@CPluginW1900@@UEAAXXZ 000000018000413c f   ConEmuPlugin1900.obj
 0001:00003174       ?SetStartupInfoPtr@CPluginW1900@@UEAAXPEAX@Z 0000000180004174 f   ConEmuPlugin1900.obj
 0001:000032e0       ?SetWindow@CPluginW1900@@UEAAXH@Z 00000001800042e0 f   ConEmuPlugin1900.obj
 0001:00003338       ?ShowMessage@CPluginW1900@@UEAAHPEB_WH_N@Z 0000000180004338 f   ConEmuPlugin1900.obj
 0001:000033a0       ?ShowPluginMenu@CPluginW1900@@UEAAHPEAUConEmuPluginMenuItem@@HH@Z 00000001800043a0 f   ConEmuPlugin1900.obj
 0001:00003508       ?ShowUserScreen@CPluginW1900@@UEAAX_N@Z 0000000180004508 f   ConEmuPlugin1900.obj
 0001:00003534       ?UpdateConEmuTabsApi@CPluginW1900@@UEAA_NH@Z 0000000180004534 f   ConEmuPlugin1900.obj
 0001:000039f8       ?WaitEndSynchro@CPluginW1900@@UEAAXXZ 00000001800049f8 f   ConEmuPlugin1900.obj
 0001:000039f8       _guard_check_icall_nop     00000001800049f8 f   LIBCMT:guard_support.obj
 0001:000039f8       ?StopWaitEndSynchro@CPluginAnsi@@UEAAXXZ 00000001800049f8 f   ConEmuPluginA.obj
 0001:000039f8       ?WaitEndSynchro@CPluginAnsi@@UEAAXXZ 00000001800049f8 f   ConEmuPluginA.obj
 0001:000039f8       ?WaitEndSynchro@CPluginW2800@@UEAAXXZ 00000001800049f8 f   ConEmuPlugin2800.obj
 0001:000039f8       ?ShutdownPluginStep@CPluginBase@@SAXPEB_WHHHH@Z 00000001800049f8 f   ConEmuPluginBase.obj
 0001:000039f8       ?StopWaitEndSynchro@CPluginW1900@@UEAAXXZ 00000001800049f8 f   ConEmuPlugin1900.obj
 0001:000039f8       ?PlugServerInit@@YAXXZ     00000001800049f8 f   PluginSrv.obj
 0001:000039f8       ?StopWaitEndSynchro@CPluginW2800@@UEAAXXZ 00000001800049f8 f   ConEmuPlugin2800.obj
 0001:000039fc       ??0CPluginW2800@@QEAA@XZ   00000001800049fc f   ConEmuPlugin2800.obj
 0001:00003ba0       ??1?$MArray@UWindowInfo@@@@QEAA@XZ 0000000180004ba0 f i ConEmuPlugin2800.obj
 0001:00003be4       ??_ECPluginW2800@@UEAAPEAXI@Z 0000000180004be4 f i ConEmuPlugin2800.obj
 0001:00003be4       ??_GCPluginW2800@@UEAAPEAXI@Z 0000000180004be4 f i ConEmuPlugin2800.obj
 0001:00004168       ?CheckPanelExist@CPluginW2800@@UEAA_NXZ 0000000180005168 f   ConEmuPlugin2800.obj
 0001:000041a4       ?ExecuteSynchroApi@CPluginW2800@@UEAA_NXZ 00000001800051a4 f   ConEmuPlugin2800.obj
 0001:000041d8       ?ExitFar@CPluginW2800@@UEAAXXZ 00000001800051d8 f   ConEmuPlugin2800.obj
 0001:00004294       ?GetActiveWindowType@CPluginW2800@@UEAAHXZ 0000000180005294 f   ConEmuPlugin2800.obj
 0001:00004344       ?GetEditorModifiedState@CPluginW2800@@UEAAKXZ 0000000180005344 f   ConEmuPlugin2800.obj
 0001:000043a4       ?GetFarRect@CPluginW2800@@UEAA_NAEAU_SMALL_RECT@@@Z 00000001800053a4 f   ConEmuPlugin2800.obj
 0001:00004458       ?GetMacroArea@CPluginW2800@@UEAAHXZ 0000000180005458 f   ConEmuPlugin2800.obj
 0001:00004478       ?GetMsg@CPluginW2800@@UEAAPEB_WHPEA_W_K@Z 0000000180005478 f   ConEmuPlugin2800.obj
 0001:000044e8       ?GetPanelDir@CPluginW2800@@UEAAPEA_WKPEA_WH@Z 00000001800054e8 f   ConEmuPlugin2800.obj
 0001:00004664       ?GetPanelInfo@CPluginW2800@@UEAA_NKPEAUCEPanelInfo@@@Z 0000000180005664 f   ConEmuPlugin2800.obj
 0001:00004904       ?GetPanelItemInfo@CPluginW2800@@UEAA_NAEBUCEPanelInfo@@_N_JAEAU_WIN32_FIND_DATAW@@PEAPEA_W@Z 0000000180005904 f   ConEmuPlugin2800.obj
 0001:00004afc       ?GetPluginInfoPtr@CPluginW2800@@UEAAXPEAX@Z 0000000180005afc f   ConEmuPlugin2800.obj
 0001:00004b58       ?GetWindowCount@CPluginW2800@@UEAAHXZ 0000000180005b58 f   ConEmuPlugin2800.obj
 0001:00004b88       ?GuiMacroDlg@CPluginW2800@@UEAAXXZ 0000000180005b88 f   ConEmuPlugin2800.obj
 0001:00004b90       ?InputBox@CPluginW2800@@UEAA_NPEB_W000AEAPEA_W@Z 0000000180005b90 f   ConEmuPlugin2800.obj
 0001:00004c40       ?IsMacroActive@CPluginW2800@@UEAA_NXZ 0000000180005c40 f   ConEmuPlugin2800.obj
 0001:00004c80       ?LoadFarColors@CPluginW2800@@UEAAXAEAY0BAA@E@Z 0000000180005c80 f   ConEmuPlugin2800.obj
 0001:00004e30       ?LoadFarSettings@CPluginW2800@@UEAAXPEAUCEFarInterfaceSettings@@PEAUCEFarPanelSettings@@@Z 0000000180005e30 f   ConEmuPlugin2800.obj
 0001:00004f7c       ?Open@CPluginW2800@@UEAAPEAXPEBX@Z 0000000180005f7c f   ConEmuPlugin2800.obj
 0001:000050cc       ?OpenEditor@CPluginW2800@@UEAA_NPEB_W_N11HH@Z 00000001800060cc f   ConEmuPlugin2800.obj
 0001:000051f0       ?PanelControlApi@CPluginW2800@@UEAA_JPEAXH_J0@Z 00000001800061f0 f   ConEmuPlugin2800.obj
 0001:00005228       ?PostMacroApi@CPluginW2800@@UEAAXPEB_WPEAU_INPUT_RECORD@@_N@Z 0000000180006228 f   ConEmuPlugin2800.obj
 0001:000055dc       ?ProcessEditorInputPtr@CPluginW2800@@UEAAHPEBX@Z 00000001800065dc f   ConEmuPlugin2800.obj
 0001:000055fc       ?RedrawAll@CPluginW2800@@UEAAXXZ 00000001800065fc f   ConEmuPlugin2800.obj
 0001:00005634       ?SetStartupInfoPtr@CPluginW2800@@UEAAXPEAX@Z 0000000180006634 f   ConEmuPlugin2800.obj
 0001:000057a4       ?SetWindow@CPluginW2800@@UEAAXH@Z 00000001800067a4 f   ConEmuPlugin2800.obj
 0001:000058cc       ?ShowMessage@CPluginW2800@@UEAAHPEB_WH_N@Z 00000001800068cc f   ConEmuPlugin2800.obj
 0001:00005934       ?ShowPluginMenu@CPluginW2800@@UEAAHPEAUConEmuPluginMenuItem@@HH@Z 0000000180006934 f   ConEmuPlugin2800.obj
 0001:00005aa0       ?ShowUserScreen@CPluginW2800@@UEAAX_N@Z 0000000180006aa0 f   ConEmuPlugin2800.obj
 0001:00005acc       ?UpdateConEmuTabsApi@CPluginW2800@@UEAA_NH@Z 0000000180006acc f   ConEmuPlugin2800.obj
 0001:00006320       ?addsize@?$MArray@UWindowInfo@@@@QEAAX_J@Z 0000000180007320 f i ConEmuPlugin2800.obj
 0001:000063d8       ?insert@?$MArray@UWindowInfo@@@@QEAAX_JAEBUWindowInfo@@@Z 00000001800073d8 f i ConEmuPlugin2800.obj
 0001:00006484       ?push_back@?$MArray@UWindowInfo@@@@QEAA_JAEBUWindowInfo@@@Z 0000000180007484 f i ConEmuPlugin2800.obj
 0001:000064fc       GetGlobalInfoW             00000001800074fc f   ConEmuPlugin2800.obj
 0001:00006594       ??0CPluginW995@@QEAA@XZ    0000000180007594 f   ConEmuPlugin995.obj
 0001:00006734       ??_ECPluginW995@@UEAAPEAXI@Z 0000000180007734 f i ConEmuPlugin995.obj
 0001:00006734       ??_GCPluginW995@@UEAAPEAXI@Z 0000000180007734 f i ConEmuPlugin995.obj
 0001:00006bec       ?CheckPanelExist@CPluginW995@@UEAA_NXZ 0000000180007bec f   ConEmuPlugin995.obj
 0001:00006c24       ?ExecuteSynchroApi@CPluginW995@@UEAA_NXZ 0000000180007c24 f   ConEmuPlugin995.obj
 0001:00006c54       ?ExitFar@CPluginW995@@UEAAXXZ 0000000180007c54 f   ConEmuPlugin995.obj
 0001:00006cf8       ?GetActiveWindowType@CPluginW995@@UEAAHXZ 0000000180007cf8 f   ConEmuPlugin995.obj
 0001:00006dd8       ?GetEditorModifiedState@CPluginW995@@UEAAKXZ 0000000180007dd8 f   ConEmuPlugin995.obj
 0001:00006e30       ?GetFarRect@CPluginW995@@UEAA_NAEAU_SMALL_RECT@@@Z 0000000180007e30 f   ConEmuPlugin995.obj
 0001:00006e88       ?GetMacroArea@CPluginW995@@UEAAHXZ 0000000180007e88 f   ConEmuPlugin995.obj
 0001:00006ee0       ?GetMsg@CPluginW995@@UEAAPEB_WHPEA_W_K@Z 0000000180007ee0 f   ConEmuPlugin995.obj
 0001:00006f4c       ?GetPanelDir@CPluginW995@@UEAAPEA_WKPEA_WH@Z 0000000180007f4c f   ConEmuPlugin995.obj
 0001:00007094       ?GetPanelInfo@CPluginW995@@UEAA_NKPEAUCEPanelInfo@@@Z 0000000180008094 f   ConEmuPlugin995.obj
 0001:000072d4       ?GetPanelItemInfo@CPluginW995@@UEAA_NAEBUCEPanelInfo@@_N_JAEAU_WIN32_FIND_DATAW@@PEAPEA_W@Z 00000001800082d4 f   ConEmuPlugin995.obj
 0001:00007498       ?GetPluginInfoPtr@CPluginW995@@UEAAXPEAX@Z 0000000180008498 f   ConEmuPlugin995.obj
 0001:00007504       ?GetWindowCount@CPluginW995@@UEAAHXZ 0000000180008504 f   ConEmuPlugin995.obj
 0001:00007530       ?GuiMacroDlg@CPluginW995@@UEAAXXZ 0000000180008530 f   ConEmuPlugin995.obj
 0001:00007538       ?InputBox@CPluginW995@@UEAA_NPEB_W000AEAPEA_W@Z 0000000180008538 f   ConEmuPlugin995.obj
 0001:000075e8       ?IsMacroActive@CPluginW995@@UEAA_NXZ 00000001800085e8 f   ConEmuPlugin995.obj
 0001:00007658       ?LoadFarColors@CPluginW995@@UEAAXAEAY0BAA@E@Z 0000000180008658 f   ConEmuPlugin995.obj
 0001:00007714       ?LoadFarSettings@CPluginW995@@UEAAXPEAUCEFarInterfaceSettings@@PEAUCEFarPanelSettings@@@Z 0000000180008714 f   ConEmuPlugin995.obj
 0001:00007770       ?OpenEditor@CPluginW995@@UEAA_NPEB_W_N11HH@Z 0000000180008770 f   ConEmuPlugin995.obj
 0001:00007878       ?PanelControlApi@CPluginW995@@UEAA_JPEAXH_J0@Z 0000000180008878 f   ConEmuPlugin995.obj
 0001:000078bc       ?PostMacroApi@CPluginW995@@UEAAXPEB_WPEAU_INPUT_RECORD@@_N@Z 00000001800088bc f   ConEmuPlugin995.obj
 0001:00007960       ?ProcessEditorInputPtr@CPluginW995@@UEAAHPEBX@Z 0000000180008960 f   ConEmuPlugin995.obj
 0001:0000797c       ?RedrawAll@CPluginW995@@UEAAXXZ 000000018000897c f   ConEmuPlugin995.obj
 0001:000079ac       ?SetStartupInfoPtr@CPluginW995@@UEAAXPEAX@Z 00000001800089ac f   ConEmuPlugin995.obj
 0001:00007b00       ?SetWindow@CPluginW995@@UEAAXH@Z 0000000180008b00 f   ConEmuPlugin995.obj
 0001:00007b4c       ?ShowMessage@CPluginW995@@UEAAHPEB_WH_N@Z 0000000180008b4c f   ConEmuPlugin995.obj
 0001:00007bac       ?ShowPluginMenu@CPluginW995@@UEAAHPEAUConEmuPluginMenuItem@@HH@Z 0000000180008bac f   ConEmuPlugin995.obj
 0001:00007d00       ?ShowUserScreen@CPluginW995@@UEAAX_N@Z 0000000180008d00 f   ConEmuPlugin995.obj
 0001:00007d2c       ?StopWaitEndSynchro@CPluginW995@@UEAAXXZ 0000000180008d2c f   ConEmuPlugin995.obj
 0001:00007d5c       ?UpdateConEmuTabsApi@CPluginW995@@UEAA_NH@Z 0000000180008d5c f   ConEmuPlugin995.obj
 0001:00007fd8       ?WaitEndSynchro@CPluginW995@@UEAAXXZ 0000000180008fd8 f   ConEmuPlugin995.obj
 0001:0000816c       ??0CPluginAnsi@@QEAA@XZ    000000018000916c f   ConEmuPluginA.obj
 0001:000082d8       ??_GCPluginAnsi@@UEAAPEAXI@Z 00000001800092d8 f i ConEmuPluginA.obj
 0001:000082d8       ??_ECPluginAnsi@@UEAAPEAXI@Z 00000001800092d8 f i ConEmuPluginA.obj
 0001:000088c0       ?CheckPanelExist@CPluginAnsi@@UEAA_NXZ 00000001800098c0 f   ConEmuPluginA.obj
 0001:000088f8       ?ExitFar@CPluginAnsi@@UEAAXXZ 00000001800098f8 f   ConEmuPluginA.obj
 0001:00008954       ?GetActiveWindowType@CPluginAnsi@@UEAAHXZ 0000000180009954 f   ConEmuPluginA.obj
 0001:000089d8       ?GetEditorModifiedState@CPluginAnsi@@UEAAKXZ 00000001800099d8 f   ConEmuPluginA.obj
 0001:00008a30       ?GetFarRect@CPluginAnsi@@UEAA_NAEAU_SMALL_RECT@@@Z 0000000180009a30 f i ConEmuPluginA.obj
 0001:00008a30       ?ExecuteSynchroApi@CPluginAnsi@@UEAA_NXZ 0000000180009a30 f i ConEmuPluginA.obj
 0001:00008a34       ?GetMsg@CPluginAnsi@@UEAAPEB_WHPEA_W_K@Z 0000000180009a34 f   ConEmuPluginA.obj
 0001:00008adc       ?GetPanelDir@CPluginAnsi@@UEAAPEA_WKPEA_WH@Z 0000000180009adc f   ConEmuPluginA.obj
 0001:00008bd4       ?GetPanelInfo@CPluginAnsi@@UEAA_NKPEAUCEPanelInfo@@@Z 0000000180009bd4 f   ConEmuPluginA.obj
 0001:00008e28       ?GetPanelItemInfo@CPluginAnsi@@UEAA_NAEBUCEPanelInfo@@_N_JAEAU_WIN32_FIND_DATAW@@PEAPEA_W@Z 0000000180009e28 f   ConEmuPluginA.obj
 0001:00008f50       ?GetPluginInfoPtr@CPluginAnsi@@UEAAXPEAX@Z 0000000180009f50 f   ConEmuPluginA.obj
 0001:00008fdc       ?GetWindowCount@CPluginAnsi@@UEAAHXZ 0000000180009fdc f   ConEmuPluginA.obj
 0001:00009008       ?GetWindowTypeName@CPluginW1900@@UEAAPEB_WH@Z 000000018000a008 f   ConEmuPlugin1900.obj
 0001:00009008       ?GetWindowTypeName@CPluginW995@@UEAAPEB_WH@Z 000000018000a008 f   ConEmuPlugin995.obj
 0001:00009008       ?GetWindowTypeName@CPluginAnsi@@UEAAPEB_WH@Z 000000018000a008 f   ConEmuPluginA.obj
 0001:00009008       ?GetWindowTypeName@CPluginW2800@@UEAAPEB_WH@Z 000000018000a008 f   ConEmuPlugin2800.obj
 0001:00009060       ?GuiMacroDlg@CPluginAnsi@@UEAAXXZ 000000018000a060 f   ConEmuPluginA.obj
 0001:00009068       ?InputBox@CPluginAnsi@@UEAA_NPEB_W000AEAPEA_W@Z 000000018000a068 f   ConEmuPluginA.obj
 0001:000091cc       ?IsMacroActive@CPluginAnsi@@UEAA_NXZ 000000018000a1cc f   ConEmuPluginA.obj
 0001:00009240       ?LoadFarColors@CPluginAnsi@@UEAAXAEAY0BAA@E@Z 000000018000a240 f   ConEmuPluginA.obj
 0001:00009300       ?LoadFarSettings@CPluginAnsi@@UEAAXPEAUCEFarInterfaceSettings@@PEAUCEFarPanelSettings@@@Z 000000018000a300 f   ConEmuPluginA.obj
 0001:00009360       ?Open@CPluginAnsi@@UEAAPEAXPEBX@Z 000000018000a360 f i ConEmuPluginA.obj
 0001:00009360       ?Open@CPluginW995@@UEAAPEAXPEBX@Z 000000018000a360 f i ConEmuPlugin995.obj
 0001:00009368       ?OpenEditor@CPluginAnsi@@UEAA_NPEB_W_N11HH@Z 000000018000a368 f   ConEmuPluginA.obj
 0001:000094a4       ?PanelControlApi@CPluginAnsi@@UEAA_JPEAXH_J0@Z 000000018000a4a4 f   ConEmuPluginA.obj
 0001:000094e0       ?PostMacroApi@CPluginAnsi@@UEAAXPEB_WPEAU_INPUT_RECORD@@_N@Z 000000018000a4e0 f   ConEmuPluginA.obj
 0001:000095b8       ?ProcessViewerEventPtr@CPluginAnsi@@UEAAHPEAX@Z 000000018000a5b8 f i ConEmuPluginA.obj
 0001:000095b8       ?ProcessViewerEventPtr@CPluginW995@@UEAAHPEAX@Z 000000018000a5b8 f i ConEmuPlugin995.obj
 0001:000095b8       ?ProcessSynchroEventPtr@CPluginW995@@UEAAHPEAX@Z 000000018000a5b8 f i ConEmuPlugin995.obj
 0001:000095b8       ?ProcessEditorEventPtr@CPluginW995@@UEAAHPEAX@Z 000000018000a5b8 f i ConEmuPlugin995.obj
 0001:000095b8       ?ProcessEditorEventPtr@CPluginAnsi@@UEAAHPEAX@Z 000000018000a5b8 f i ConEmuPluginA.obj
 0001:000095b8       ?ProcessSynchroEventPtr@CPluginAnsi@@UEAAHPEAX@Z 000000018000a5b8 f i ConEmuPluginA.obj
 0001:000095b8       ?ProcessEditorInputPtr@CPluginAnsi@@UEAAHPEBX@Z 000000018000a5b8 f i ConEmuPluginA.obj
 0001:000095bc       ?RedrawAll@CPluginAnsi@@UEAAXXZ 000000018000a5bc f   ConEmuPluginA.obj
 0001:000095f0       ?SetStartupInfoPtr@CPluginAnsi@@UEAAXPEAX@Z 000000018000a5f0 f   ConEmuPluginA.obj
 0001:0000974c       ?SetWindow@CPluginAnsi@@UEAAXH@Z 000000018000a74c f   ConEmuPluginA.obj
 0001:000097a0       ?ShowMessage@CPluginAnsi@@UEAAHPEB_WH_N@Z 000000018000a7a0 f   ConEmuPluginA.obj
 0001:00009898       ?ShowPluginMenu@CPluginAnsi@@UEAAHPEAUConEmuPluginMenuItem@@HH@Z 000000018000a898 f   ConEmuPluginA.obj
 0001:00009a4c       ?ShowUserScreen@CPluginAnsi@@UEAAX_N@Z 000000018000aa4c f   ConEmuPluginA.obj
 0001:00009a78       ?UpdateConEmuTabsApi@CPluginAnsi@@UEAA_NH@Z 000000018000aa78 f   ConEmuPluginA.obj
 0001:00009d34       ??$swprintf_c@$0BAE@@@YAHAEAY0BAE@_WPEB_WZZ 000000018000ad34 f i ConEmuPluginBase.obj
 0001:00009d60       ??$swprintf_c@$0DAM@@@YAHAEAY0DAM@_WPEB_WZZ 000000018000ad60 f i ConEmuPluginBase.obj
 0001:00009d8c       ??$swprintf_c@$0EAA@@@YAHAEAY0EAA@_WPEB_WZZ 000000018000ad8c f i ConEmuPluginBase.obj
 0001:00009db8       ??$swprintf_c@$0MI@@@YAHAEAY0MI@_WPEB_WZZ 000000018000adb8 f i ConEmuPluginBase.obj
 0001:00009de4       ??0CPluginBase@@QEAA@XZ    000000018000ade4 f   ConEmuPluginBase.obj
 0001:00009f0c       ??0MWow64Disable@@QEAA@XZ  000000018000af0c f i ConEmuPluginBase.obj
 0001:00009f80       ??1CPluginBase@@UEAA@XZ    000000018000af80 f   ConEmuPluginBase.obj
 0001:00009f8c       ??1MWow64Disable@@QEAA@XZ  000000018000af8c f i ConEmuPluginBase.obj
 0001:00009fb8       ??_G?$MFileMapping@UCESERVER_CONSOLE_MAPPING_HDR@@@@QEAAPEAXI@Z 000000018000afb8 f i ConEmuPluginBase.obj
 0001:0000a030       ??_ECPluginBase@@UEAAPEAXI@Z 000000018000b030 f i ConEmuPluginBase.obj
 0001:0000a030       ??_GCPluginBase@@UEAAPEAXI@Z 000000018000b030 f i ConEmuPluginBase.obj
 0001:0000a05c       ?ActivatePlugin@CPluginBase@@QEAA_NKPEAXK@Z 000000018000b05c f   ConEmuPluginBase.obj
 0001:0000a220       ?AddTab@CPluginBase@@QEAA_NAEAHH_N1HPEB_W2HHHH@Z 000000018000b220 f   ConEmuPluginBase.obj
 0001:0000a5a4       ?AddTabFinish@CPluginBase@@QEAAXH@Z 000000018000b5a4 f   ConEmuPluginBase.obj
 0001:0000a5b0       ?Attach2Gui@CPluginBase@@QEAA_N_N@Z 000000018000b5b0 f   ConEmuPluginBase.obj
 0001:0000a9e0       ?BackgroundMacroError@CPluginBase@@SAKPEAX@Z 000000018000b9e0 f   ConEmuPluginBase.obj
 0001:0000aa18       ?CheckBufferEnabled@CPluginBase@@QEAA_NXZ 000000018000ba18 f   ConEmuPluginBase.obj
 0001:0000aa7c       ?CheckConEmuDetached@CPluginBase@@SAXXZ 000000018000ba7c f   ConEmuPluginBase.obj
 0001:0000abb8       ?CheckResources@CPluginBase@@QEAAX_N@Z 000000018000bbb8 f   ConEmuPluginBase.obj
 0001:0000ad98       ?CloseTabs@CPluginBase@@SAXXZ 000000018000bd98 f   ConEmuPluginBase.obj
 0001:0000ae38       ?CommonPluginStartup@CPluginBase@@QEAAXXZ 000000018000be38 f   ConEmuPluginBase.obj
 0001:0000af44       ?CreateTabs@CPluginBase@@SA_NH@Z 000000018000bf44 f   ConEmuPluginBase.obj
 0001:0000b02c       ?DllCheckUnique@CPluginBase@@KA_N_N@Z 000000018000c02c f   ConEmuPluginBase.obj
 0001:0000b26c       ?DllMain_ProcessAttach@CPluginBase@@KAXPEAUHINSTANCE__@@@Z 000000018000c26c f   ConEmuPluginBase.obj
 0001:0000b360       ?DllMain_ProcessDetach@CPluginBase@@KAXXZ 000000018000c360 f   ConEmuPluginBase.obj
 0001:0000b448       ?EditViewConsoleOutput@CPluginBase@@QEAAX_N@Z 000000018000c448 f   ConEmuPluginBase.obj
 0001:0000b520       ?EmergencyShow@CPluginBase@@KAXXZ 000000018000c520 f   ConEmuPluginBase.obj
 0001:0000b57c       ?ExecuteSynchro@CPluginBase@@QEAAXXZ 000000018000c57c f   ConEmuPluginBase.obj
 0001:0000b600       ?ExitFarCommon@CPluginBase@@QEAAX_N@Z 000000018000c600 f   ConEmuPluginBase.obj
 0001:0000b62c       ?FarSetConsoleSize@CPluginBase@@SA_NFF@Z 000000018000c62c f   ConEmuPluginBase.obj
 0001:0000b738       ?FillLoadedParm@CPluginBase@@SAXPEAUConEmuLoadedArg@@PEAUHINSTANCE__@@H@Z 000000018000c738 f   ConEmuPluginBase.obj
 0001:0000b80c       ?FillUpdateBackground@CPluginBase@@QEAAXPEAUPaintBackgroundArg@@@Z 000000018000c80c f   ConEmuPluginBase.obj
 0001:0000b98c       ?FindServerCmd@CPluginBase@@QEAA_NKAEAK_N@Z 000000018000c98c f   ConEmuPluginBase.obj
 0001:0000ba88       ?GetMainThreadId@CPluginBase@@SAKXZ 000000018000ca88 f   ConEmuPluginBase.obj
 0001:0000bb3c       ?GetPanelInfo@CPluginBase@@QEAA_NKPEAUBkPanelInfo@@@Z 000000018000cb3c f   ConEmuPluginBase.obj
 0001:0000bbe0       ?InitHWND@CPluginBase@@SAXXZ 000000018000cbe0 f   ConEmuPluginBase.obj
 0001:0000be80       ?InitResources@CPluginBase@@QEAAXXZ 000000018000ce80 f   ConEmuPluginBase.obj
 0001:0000c0c0       ?InitRootRegKey@CPluginBase@@IEAAXXZ 000000018000d0c0 f   ConEmuPluginBase.obj
 0001:0000c1c8       ?InternalOpenCreate@?$MFileMapping@UCESERVER_CONSOLE_MAPPING_HDR@@@@IEAAPEAUCESERVER_CONSOLE_MAPPING_HDR@@HHH@Z 000000018000d1c8 f i ConEmuPluginBase.obj
 0001:0000c37c       ?IsCurrentTabModal@CPluginBase@@QEAA_NXZ 000000018000d37c f   ConEmuPluginBase.obj
 0001:0000c538       ?LoadFarVersion@CPluginBase@@SA_NXZ 000000018000d538 f   ConEmuPluginBase.obj
 0001:0000c7f8       ?LoadPanelTabsFromRegistry@CPluginBase@@IEAAXXZ 000000018000d7f8 f   ConEmuPluginBase.obj
 0001:0000c934       ?MonitorThreadProcW@CPluginBase@@SAKPEAX@Z 000000018000d934 f   ConEmuPluginBase.obj
 0001:0000cd48       ?NotifyConEmuUnloaded@CPluginBase@@SAXXZ 000000018000dd48 f   ConEmuPluginBase.obj
 0001:0000ce6c       ?OnConsoleDetaching@CPluginBase@@SAHPEAUHookCallbackArg@@@Z 000000018000de6c f   ConEmuPluginBase.obj
 0001:0000cff0       ?OnConsolePeekInput@CPluginBase@@SAHPEAUHookCallbackArg@@@Z 000000018000dff0 f   ConEmuPluginBase.obj
 0001:0000d058       ?OnConsolePeekInputPost@CPluginBase@@SAXPEAUHookCallbackArg@@@Z 000000018000e058 f   ConEmuPluginBase.obj
 0001:0000d084       ?OnConsolePeekReadInput@CPluginBase@@SAX_N@Z 000000018000e084 f   ConEmuPluginBase.obj
 0001:0000d290       ?OnConsoleReadInput@CPluginBase@@SAHPEAUHookCallbackArg@@@Z 000000018000e290 f   ConEmuPluginBase.obj
 0001:0000d298       ?OnConsoleReadInputPost@CPluginBase@@SAXPEAUHookCallbackArg@@@Z 000000018000e298 f   ConEmuPluginBase.obj
 0001:0000d444       ?OnConsoleReadInputWork@CPluginBase@@SAHPEAUHookCallbackArg@@@Z 000000018000e444 f   ConEmuPluginBase.obj
 0001:0000d4b8       ?OnConsoleWasAttached@CPluginBase@@SAXPEAUHookCallbackArg@@@Z 000000018000e4b8 f   ConEmuPluginBase.obj
 0001:0000d51c       ?OnCurDirChanged@CPluginBase@@SAXXZ 000000018000e51c f   ConEmuPluginBase.obj
 0001:0000d580       ?OnGetNumberOfConsoleInputEventsPost@CPluginBase@@SAXPEAUHookCallbackArg@@@Z 000000018000e580 f   ConEmuPluginBase.obj
 0001:0000d5d0       ?OnLibraryLoaded@CPluginBase@@SAXPEAUHINSTANCE__@@@Z 000000018000e5d0 f   ConEmuPluginBase.obj
 0001:0000d64c       ?OnMainThreadActivated@CPluginBase@@QEAAXXZ 000000018000e64c f   ConEmuPluginBase.obj
 0001:0000d7e8       ?OnPanelViewCallbacks@CPluginBase@@SA_NPEAUHookCallbackArg@@P6AHPEAXPEAU_INPUT_RECORD@@KPEAKPEAH@Z5@Z 000000018000e7e8 f   ConEmuPluginBase.obj
 0001:0000d8c0       ?OnShellExecuteExW_Except@CPluginBase@@SAXPEAUHookCallbackArg@@@Z 000000018000e8c0 f   ConEmuPluginBase.obj
 0001:0000d8fc       ?OnWriteConsoleOutput@CPluginBase@@SAHPEAUHookCallbackArg@@@Z 000000018000e8fc f   ConEmuPluginBase.obj
 0001:0000d9d0       ?OpenMapHeader@CPluginBase@@SAHXZ 000000018000e9d0 f   ConEmuPluginBase.obj
 0001:0000db24       ?OpenPluginCommon@CPluginBase@@QEAAPEAXH_J_N@Z 000000018000eb24 f   ConEmuPluginBase.obj
 0001:0000de4c       ?OutDataAlloc@CPluginBase@@SA_NK@Z 000000018000ee4c f   ConEmuPluginBase.obj
 0001:0000debc       ?OutDataRealloc@CPluginBase@@SA_NK@Z 000000018000eebc f   ConEmuPluginBase.obj
 0001:0000df9c       ?OutDataWrite@CPluginBase@@SA_NPEAXK@Z 000000018000ef9c f   ConEmuPluginBase.obj
 0001:0000e044       ?PanelControl@CPluginBase@@QEAA_JPEAXH_J0@Z 000000018000f044 f   ConEmuPluginBase.obj
 0001:0000e0dc       ?Plugin@@YAPEAVCPluginBase@@XZ 000000018000f0dc f   ConEmuPluginBase.obj
 0001:0000e1b0       ?PrintText@CPluginBase@@QEAA_NPEB_W@Z 000000018000f1b0 f   ConEmuPluginBase.obj
 0001:0000e2f8       ?ProcessCommand@CPluginBase@@QEAA_NKHPEAXPEAPEAUCESERVER_REQ@@_N@Z 000000018000f2f8 f   ConEmuPluginBase.obj
 0001:0000e798       ?ProcessCommandLine@CPluginBase@@QEAA_NPEA_W@Z 000000018000f798 f   ConEmuPluginBase.obj
 0001:0000e7e4       ?ProcessDragFrom@CPluginBase@@QEAAXXZ 000000018000f7e4 f   ConEmuPluginBase.obj
 0001:0000ecbc       ?ProcessDragTo@CPluginBase@@QEAAXXZ 000000018000fcbc f   ConEmuPluginBase.obj
 0001:0000f018       ?ProcessEditorInputInternal@CPluginBase@@QEAAXAEBU_INPUT_RECORD@@@Z 0000000180010018 f   ConEmuPluginBase.obj
 0001:0000f044       ?ProcessEditorViewerEvent@CPluginBase@@QEAAHHH@Z 0000000180010044 f   ConEmuPluginBase.obj
 0001:0000f0f8       ?ProcessSetWindowCommand@CPluginBase@@QEAAXXZ 00000001800100f8 f   ConEmuPluginBase.obj
 0001:0000f21c       ?ProcessSynchroEvent@CPluginBase@@QEAAHHPEAX@Z 000000018001021c f   ConEmuPluginBase.obj
 0001:0000f2a0       ?ReloadFarInfo@CPluginBase@@QEAA_N_N@Z 00000001800102a0 f   ConEmuPluginBase.obj
 0001:0000f52c       ?ReloadFarInfoApi@CPluginBase@@IEAA_NXZ 000000018001052c f   ConEmuPluginBase.obj
 0001:0000f6fc       ?RunExternalProgram@CPluginBase@@QEAA_NPEA_W@Z 00000001800106fc f   ConEmuPluginBase.obj
 0001:0000f8a4       ?RunExternalProgramW@CPluginBase@@SA_NPEA_W0_N@Z 00000001800108a4 f   ConEmuPluginBase.obj
 0001:0000fb28       ?SendTabs@CPluginBase@@SAXH_N@Z 0000000180010b28 f   ConEmuPluginBase.obj
 0001:0000fcf0       ?SetRootRegKey@CPluginBase@@IEAAXPEA_W@Z 0000000180010cf0 f   ConEmuPluginBase.obj
 0001:0000fdb4       ?ShowConsoleInfo@CPluginBase@@QEAAXXZ 0000000180010db4 f   ConEmuPluginBase.obj
 0001:0000ffbc       ?ShowMessage@CPluginBase@@QEAAHHH@Z 0000000180010fbc f   ConEmuPluginBase.obj
 0001:00010038       ?ShowMessageBox@CPluginBase@@KAHPEB_WI@Z 0000000180011038 f   ConEmuPluginBase.obj
 0001:0001011c       ?ShowMessageGui@CPluginBase@@QEAAHHH@Z 000000018001111c f   ConEmuPluginBase.obj
 0001:000101a4       ?ShowPanelsList@CPluginBase@@QEAAXXZ 00000001800111a4 f   ConEmuPluginBase.obj
 0001:00010308       ?ShowPluginMenu@CPluginBase@@QEAAXW4PluginCallCommands@@@Z 0000000180011308 f   ConEmuPluginBase.obj
 0001:00010500       ?ShowProtocolWarning@CPluginBase@@KAXXZ 0000000180011500 f   ConEmuPluginBase.obj
 0001:00010680       ?ShowTabsList@CPluginBase@@QEAAXXZ 0000000180011680 f   ConEmuPluginBase.obj
 0001:00010930       ?StartDebugger@CPluginBase@@QEAA_NXZ 0000000180011930 f   ConEmuPluginBase.obj
 0001:00010bd0       ?StopThread@CPluginBase@@QEAAX_N@Z 0000000180011bd0 f   ConEmuPluginBase.obj
 0001:00010e6c       ?StorePanelDirs@CPluginBase@@QEAA_NPEB_W0@Z 0000000180011e6c f   ConEmuPluginBase.obj
 0001:00010fe0       ?StringCchCatW@@YAJPEA_W_KPEB_W@Z 0000000180011fe0 f i ConEmuPluginBase.obj
 0001:000110b0       ?SwitchTabCommand@CPluginBase@@QEAAXW4PluginMenuCommands@@@Z 00000001800120b0 f   ConEmuPluginBase.obj
 0001:00011134       ?ToOem@CPluginBase@@SAPEADPEB_W@Z 0000000180012134 f   ConEmuPluginBase.obj
 0001:000111a0       ?ToOem@CPluginBase@@SAXPEB_WPEAD_J@Z 00000001800121a0 f   ConEmuPluginBase.obj
 0001:000111e0       ?ToUnicode@CPluginBase@@SAPEA_WPEBD@Z 00000001800121e0 f   ConEmuPluginBase.obj
 0001:0001126c       ?UngetDummyMouseEvent@CPluginBase@@SA_N_NPEAUHookCallbackArg@@@Z 000000018001226c f   ConEmuPluginBase.obj
 0001:00011418       ?UpdateConEmuTabs@CPluginBase@@QEAA_N_N@Z 0000000180012418 f   ConEmuPluginBase.obj
 0001:000116a4       ?UpdatePanelDirs@CPluginBase@@QEAAXXZ 00000001800126a4 f   ConEmuPluginBase.obj
 0001:00011868       ?WaitPluginActivation@CPluginBase@@SAKKPEAPEAXHK@Z 0000000180012868 f   ConEmuPluginBase.obj
 0001:00011978       ?cmd_CloseQSearch@CPluginBase@@QEAAXXZ 0000000180012978 f   ConEmuPluginBase.obj
 0001:000119b4       ?cmd_ConSetFont@CPluginBase@@QEAAXPEAX@Z 00000001800129b4 f   ConEmuPluginBase.obj
 0001:00011a08       ?cmd_EMenu@CPluginBase@@QEAAXPEAX@Z 0000000180012a08 f   ConEmuPluginBase.obj
 0001:00011b28       ?cmd_ExternalCallback@CPluginBase@@QEAA_NPEAX@Z 0000000180012b28 f   ConEmuPluginBase.obj
 0001:00011b8c       ?cmd_GuiChanged@CPluginBase@@QEAAXPEAX@Z 0000000180012b8c f   ConEmuPluginBase.obj
 0001:00011c18       ?cmd_LeftClickSync@CPluginBase@@QEAAXPEAX@Z 0000000180012c18 f   ConEmuPluginBase.obj
 0001:00011d10       ?cmd_OpenEditorLine@CPluginBase@@QEAA_NPEAUCESERVER_REQ_FAREDITOR@@@Z 0000000180012d10 f   ConEmuPluginBase.obj
 0001:00011de4       ?cmd_RedrawFarCall@CPluginBase@@QEAA_NAEAPEAUCESERVER_REQ@@PEAPEAU2@@Z 0000000180012de4 f   ConEmuPluginBase.obj
 0001:00011eb8       ?cmd_SetWindow@CPluginBase@@QEAA_NPEAX_N@Z 0000000180012eb8 f   ConEmuPluginBase.obj
 0001:00011f44       ?isMacroActive@CPluginBase@@QEAA_NAEAH@Z 0000000180012f44 f   ConEmuPluginBase.obj
 0001:00011f80       ?isModalEditorViewer@CPluginBase@@QEAA_NXZ 0000000180012f80 f   ConEmuPluginBase.obj
 0001:00011fac       ?pcc_Disabled@CPluginBase@@SA_NW4PluginMenuCommands@@@Z 0000000180012fac f   ConEmuPluginBase.obj
 0001:00012020       ?pcc_Selected@CPluginBase@@SA_NW4PluginMenuCommands@@@Z 0000000180013020 f   ConEmuPluginBase.obj
 0001:0001207c       ??0CPluginBackground@@QEAA@XZ 000000018001307c f   PluginBackground.obj
 0001:000122a8       ??1CPluginBackground@@QEAA@XZ 00000001800132a8 f   PluginBackground.obj
 0001:0001249c       ?CheckPanelFolders@CPluginBackground@@IEAAXH@Z 000000018001349c f   PluginBackground.obj
 0001:0001256c       ?InternalOpenCreate@?$MFileMapping@UPanelViewSetMapping@@@@IEAAPEAUPanelViewSetMapping@@HHH@Z 000000018001356c f i PluginBackground.obj
 0001:00012720       ?IsParmChanged@CPluginBackground@@IEAA_NPEAUPaintBackgroundArg@@0@Z 0000000180013720 f   PluginBackground.obj
 0001:00012998       ?LoadThSet@CPluginBackground@@IEAAHH@Z 0000000180013998 f   PluginBackground.obj
 0001:00012c64       ?MonitorBackground@CPluginBackground@@QEAAXXZ 0000000180013c64 f   PluginBackground.obj
 0001:00012ccc       ?OnMainThreadActivated@CPluginBackground@@QEAAXHH@Z 0000000180013ccc f   PluginBackground.obj
 0001:00012d9c       ?ReallocItems@CPluginBackground@@IEAAXH@Z 0000000180013d9c f   PluginBackground.obj
 0001:00012e20       ?RegisterSubplugin@CPluginBackground@@QEAAHPEAURegisterBackgroundArg@@@Z 0000000180013e20 f   PluginBackground.obj
 0001:000130c0       ?SetDcPanelRect@CPluginBackground@@IEAAXPEAUtagRECT@@PEAUBkPanelInfo@@PEAUPaintBackgroundArg@@@Z 00000001800140c0 f   PluginBackground.obj
 0001:00013194       ?SetForceThLoad@CPluginBackground@@QEAAXXZ 0000000180014194 f   PluginBackground.obj
 0001:000131ac       ?SetForceUpdate@CPluginBackground@@QEAAX_N@Z 00000001800141ac f   PluginBackground.obj
 0001:000131cc       ?UpdateBackground@CPluginBackground@@IEAAXXZ 00000001800141cc f   PluginBackground.obj
 0001:00013a70       ?UpdateBackground_Exec@CPluginBackground@@KAXPEAURegisterBackgroundArg@@PEAUPaintBackgroundArg@@@Z 0000000180014a70 f   PluginBackground.obj
 0001:00013ab4       ??$swprintf_c@$09@@YAHAEAY09_WPEB_WZZ 0000000180014ab4 f i PluginSrv.obj
 0001:00013ae0       ?DumpError@?$PipeServer@UCESERVER_REQ@@@@IEAAXPEAUPipeInst@1@PEB_WH@Z 0000000180014ae0 f i PluginSrv.obj
 0001:00013bf4       ?PipeServerRead@?$PipeServer@UCESERVER_REQ@@@@IEAAHPEAUPipeInst@1@@Z 0000000180014bf4 f i PluginSrv.obj
 0001:00013ec4       ?PipeServerThread@?$PipeServer@UCESERVER_REQ@@@@IEAAKPEAUPipeInst@1@@Z 0000000180014ec4 f i PluginSrv.obj
 0001:00014194       ?PipeServerWrite@?$PipeServer@UCESERVER_REQ@@@@IEAAHPEAUPipeInst@1@PEBXKPEAKH@Z 0000000180015194 f i PluginSrv.obj
 0001:000142c8       ?PlugServerCommand@@YAHPEAXPEAUCESERVER_REQ@@AEAPEAU1@AEAK3_J@Z 00000001800152c8 f   PluginSrv.obj
 0001:00014880       ?PlugServerFree@@YAXPEAUCESERVER_REQ@@_J@Z 0000000180015880 f   PluginSrv.obj
 0001:00014898       ?PlugServerStart@@YA_NXZ   0000000180015898 f   PluginSrv.obj
 0001:000149b8       ?PlugServerStop@@YAX_N@Z   00000001800159b8 f   PluginSrv.obj
 0001:00014a0c       ?StartPipeInstance@?$PipeServer@UCESERVER_REQ@@@@IEAA_NPEAUPipeInst@1@@Z 0000000180015a0c f i PluginSrv.obj
 0001:00014b98       ?StartPipeServer@?$PipeServer@UCESERVER_REQ@@@@QEAA_N_NPEB_W_JPEAU_SECURITY_ATTRIBUTES@@P6AHPEAXPEAUCESERVER_REQ@@AEAPEAU3@AEAK72@ZP6AX52@ZP6AH42@ZP6AH42@ZP6AH42@Z@Z 0000000180015b98 f i PluginSrv.obj
 0001:00014d34       ?StopPipeServer@?$PipeServer@UCESERVER_REQ@@@@QEAAX_NAEA_N@Z 0000000180015d34 f i PluginSrv.obj
 0001:0001509c       ?TerminatePipeThread@?$PipeServer@UCESERVER_REQ@@@@KAXAEAPEAXAEBUPipeInst@1@AEA_N@Z 000000018001609c f i PluginSrv.obj
 0001:00015108       ?WaitForClient@?$PipeServer@UCESERVER_REQ@@@@IEAA_NPEAUPipeInst@1@AEAH1@Z 0000000180016108 f i PluginSrv.obj
 0001:00015420       ?WaitOverlapped@?$PipeServer@UCESERVER_REQ@@@@IEAAHPEAUPipeInst@1@PEAK@Z 0000000180016420 f i PluginSrv.obj
 0001:000155f4       ?WriteDummyAnswer@?$PipeServer@UCESERVER_REQ@@@@IEAAHPEAUPipeInst@1@@Z 00000001800165f4 f i PluginSrv.obj
 0001:0001568c       ?_PipeServerThread@?$PipeServer@UCESERVER_REQ@@@@KAKPEAX@Z 000000018001668c f i PluginSrv.obj
 0001:000156e8       ?cmd_FarSetChanged@@YAXPEAUFAR_REQ_FARSETCHANGED@@@Z 00000001800166e8 f   PluginSrv.obj
 0001:00015742       GetFileVersionInfoSizeW    0000000180016742 f   version:VERSION.dll
 0001:00015748       GetFileVersionInfoW        0000000180016748 f   version:VERSION.dll
 0001:0001574e       VerQueryValueW             000000018001674e f   version:VERSION.dll
 0001:00015754       CreateToolhelp32Snapshot   0000000180016754 f   kernel32:KERNEL32.dll
 0001:0001575a       Thread32First              000000018001675a f   kernel32:KERNEL32.dll
 0001:00015760       Thread32Next               0000000180016760 f   kernel32:KERNEL32.dll
 0001:00015766       Module32FirstW             0000000180016766 f   kernel32:KERNEL32.dll
 0001:0001576c       Module32NextW              000000018001676c f   kernel32:KERNEL32.dll
 0001:00015774       ??2@YAPEAX_K@Z             0000000180016774 f   common-kernel64:Memory.obj
 0001:000157a8       ??3@YAXPEAX@Z              00000001800167a8 f   common-kernel64:Memory.obj
 0001:000157bc       ??_U@YAPEAX_K@Z            00000001800167bc f   common-kernel64:Memory.obj
 0001:000157d0       ??_V@YAXPEAX@Z             00000001800167d0 f   common-kernel64:Memory.obj
 0001:000157e4       ?HeapDeinitialize@@YAXXZ   00000001800167e4 f   common-kernel64:Memory.obj
 0001:00015808       ?HeapInitialize@@YA_NXZ    0000000180016808 f   common-kernel64:Memory.obj
 0001:0001583c       ?xf_calloc@@YAPEAX_K0PEBDH@Z 000000018001683c f   common-kernel64:Memory.obj
 0001:000158dc       ?xf_free@@YAXPEAXPEBDH@Z   00000001800168dc f   common-kernel64:Memory.obj
 0001:00015918       ?xf_malloc@@YAPEAX_KPEBDH@Z 0000000180016918 f   common-kernel64:Memory.obj
 0001:000159b0       ?xf_realloc@@YAPEAXPEAX_KPEBDH@Z 00000001800169b0 f   common-kernel64:Memory.obj
 0001:00015a78       ?xf_set_tag@@YAXPEAXPEBDH_N@Z 0000000180016a78 f   common-kernel64:Memory.obj
 0001:00015b20       ?ExecuteCmd@@YAPEAUCESERVER_REQ@@PEB_WPEAU1@KPEAUHWND__@@HKH@Z 0000000180016b20 f   common-kernel64:ConEmuCheck.obj
 0001:00015d20       ?ExecuteFreeResult@@YAXAEAPEAUCESERVER_REQ@@@Z 0000000180016d20 f   common-kernel64:ConEmuCheck.obj
 0001:00015d4c       ?ExecuteGuiCmd@@YAPEAUCESERVER_REQ@@PEAUHWND__@@PEAU1@0H@Z 0000000180016d4c f   common-kernel64:ConEmuCheck.obj
 0001:00015e0c       ?ExecuteNewCmd@@YAPEAUCESERVER_REQ@@K_K@Z 0000000180016e0c f   common-kernel64:ConEmuCheck.obj
 0001:00015e7c       ?ExecuteNewCmd@@YA_NAEAPEAUCESERVER_REQ@@AEAKK_K@Z 0000000180016e7c f   common-kernel64:ConEmuCheck.obj
 0001:00015f0c       ?ExecuteOpenPipe@@YAPEAXPEB_WAEAY0CAI@_W0KKHPEAXH@Z 0000000180016f0c f   common-kernel64:ConEmuCheck.obj
 0001:000160bc       ?ExecutePrepareCmd@@YAXPEAUCESERVER_REQ@@K_K@Z 00000001800170bc f   common-kernel64:ConEmuCheck.obj
 0001:000160f8       ?ExecutePrepareCmd@@YAXPEAUCESERVER_REQ_HDR@@K_K@Z 00000001800170f8 f   common-kernel64:ConEmuCheck.obj
 0001:00016168       ?ExecuteSrvCmd@@YAPEAUCESERVER_REQ@@KPEAU1@PEAUHWND__@@HKH@Z 0000000180017168 f   common-kernel64:ConEmuCheck.obj
 0001:0001623c       ?GetConEmuHWND@@YAPEAUHWND__@@H@Z 000000018001723c f   common-kernel64:ConEmuCheck.obj
 0001:00016398       ?GuiMessageBox@@YAHPEAUHWND__@@PEB_W1H@Z 0000000180017398 f   common-kernel64:ConEmuCheck.obj
 0001:00016528       ?InitName@?$MFileMapping@UConEmuGuiMapping@@@@QEAAPEB_WPEB_WKK@Z 0000000180017528 f i common-kernel64:ConEmuCheck.obj
 0001:00016528       ?InitName@?$MFileMapping@UCESERVER_CONSOLE_MAPPING_HDR@@@@QEAAPEB_WPEB_WKK@Z 0000000180017528 f i ConEmuPluginBase.obj
 0001:00016528       ?InitName@?$MFileMapping@UPanelViewSetMapping@@@@QEAAPEB_WPEB_WKK@Z 0000000180017528 f i PluginBackground.obj
 0001:000165c4       ?InternalOpenCreate@?$MFileMapping@UConEmuGuiMapping@@@@IEAAPEAUConEmuGuiMapping@@HHH@Z 00000001800175c4 f i common-kernel64:ConEmuCheck.obj
 0001:00016778       ?LoadSrvMapping@@YAHPEAUHWND__@@AEAUCESERVER_CONSOLE_MAPPING_HDR@@@Z 0000000180017778 f   common-kernel64:ConEmuCheck.obj
 0001:000168c4       ?ModuleName@@YAPEB_WPEB_W@Z 00000001800178c4 f   common-kernel64:ConEmuCheck.obj
 0001:00016988       ?isConsoleClass@@YA_NPEB_W@Z 0000000180017988 f   common-kernel64:ConEmuCheck.obj
 0001:000169d8       ?isConsoleWindow@@YA_NPEAUHWND__@@@Z 00000001800179d8 f   common-kernel64:ConEmuCheck.obj
 0001:00016acc       ?myGetConsoleWindow@@YAPEAUHWND__@@XZ 0000000180017acc f   common-kernel64:ConEmuCheck.obj
 0001:00016b68       ?StringCchVPrintfA@@YAJPEAD_KPEBD0@Z 0000000180017b68 f i common-kernel64:MStrSafe.obj
 0001:00016c10       ?lstrcmpni@@YAHPEB_W0H@Z   0000000180017c10 f   common-kernel64:MStrSafe.obj
 0001:00016d20       ?msprintf@@YAPEB_WPEA_W_KPEB_WZZ 0000000180017d20 f   common-kernel64:MStrSafe.obj
 0001:00017178       ?sprintf_c@@YAHPEAD_JPEBDZZ 0000000180018178 f   common-kernel64:MStrSafe.obj
 0001:000171b8       ?swprintf_c@@YAHPEA_W_JPEB_WZZ 00000001800181b8 f   common-kernel64:MStrSafe.obj
 0001:000171f8       ?IsFilePath@@YA_NPEB_W_N@Z 00000001800181f8 f   common-kernel64:CmdLine.obj
 0001:0001734c       ?PointToExt@@YAPEB_WPEB_W@Z 000000018001834c f   common-kernel64:CmdLine.obj
 0001:00017370       ?PointToName@@YAPEB_WPEB_W@Z 0000000180018370 f   common-kernel64:CmdLine.obj
 0001:000173cc       ?Unquote@@YAPEB_WPEA_W_N@Z 00000001800183cc f   common-kernel64:CmdLine.obj
 0001:00017434       ??$sprintf_c@$0CI@@@YAHAEAY0CI@DPEBDZZ 0000000180018434 f i common-kernel64:WThreads.obj
 0001:00017460       ?SetThreadName@@YAXKPEAD@Z 0000000180018460 f   common-kernel64:WThreads.obj
 0001:00017498       ?apiCreateThread@@YAPEAXP6AKPEAX@Z0PEAKPEBDH@Z 0000000180018498 f   common-kernel64:WThreads.obj
 0001:000175ec       ?apiTerminateThreadEx@@YAHPEAXKPEBDH@Z 00000001800185ec f   common-kernel64:WThreads.obj
 0001:000176f4       ?apiThreadHelper@@YAKPEAX@Z 00000001800186f4 f   common-kernel64:WThreads.obj
 0001:00017900       ?lstrdup@@YAPEA_WPEB_W_K@Z 0000000180018900 f   common-kernel64:MStrDup.obj
 0001:00017980       ?lstrmerge@@YAPEA_WPEB_W00000000@Z 0000000180018980 f   common-kernel64:MStrDup.obj
 0001:00017acc       ?lstrmerge@@YA_NPEAPEA_WPEB_W1111111@Z 0000000180018acc f   common-kernel64:MStrDup.obj
 0001:00017b54       ?ExpandEnvStr@@YAPEA_WPEB_W@Z 0000000180018b54 f   common-kernel64:WObjects.obj
 0001:00017c1c       ?FileExists@@YA_NPEB_WPEAK@Z 0000000180018c1c f   common-kernel64:WObjects.obj
 0001:00017da8       ?GetEnvVar@@YAPEA_WPEB_W@Z 0000000180018da8 f   common-kernel64:WObjects.obj
 0001:00017e78       ?IsWin6@@YA_NXZ            0000000180018e78 f   common-kernel64:WObjects.obj
 0001:00017eac       ?IsWinVerOrHigher@@YA_NG@Z 0000000180018eac f   common-kernel64:WObjects.obj
 0001:00017f44       ?IsWindows64@@YA_NXZ       0000000180018f44 f   common-kernel64:WObjects.obj
 0001:00017f68       ?StringCchCopyNW@@YAJPEA_W_KPEB_W1@Z 0000000180018f68 f i common-kernel64:WObjects.obj
 0001:00017ff0       ?CommonShutdown@@YAXXZ     0000000180018ff0 f   common-kernel64:Common.obj
 0001:00018000       ?IsEnvBlockVariableValid@@YA_NPEB_WAEAPEB_W@Z 0000000180019000 f   common-kernel64:Common.obj
 0001:0001806c       ?SetCommand@CESERVER_REQ_NEWCMD@@QEAAXPEB_W@Z 000000018001906c f   common-kernel64:Common.obj
 0001:000180d4       ?SetEnvStrings@CESERVER_REQ_NEWCMD@@QEAAXPEB_WK@Z 00000001800190d4 f   common-kernel64:Common.obj
 0001:000181ec       ??_GMNullDesc@@QEAAPEAXI@Z 00000001800191ec f i common-kernel64:MSecurity.obj
 0001:00018264       ?LoadAdvApi@MNullDesc@@IEAAHXZ 0000000180019264 f i common-kernel64:MSecurity.obj
 0001:0001841c       ?LocalSecurity@@YAPEAU_SECURITY_ATTRIBUTES@@XZ 000000018001941c f   common-kernel64:MSecurity.obj
 0001:00018478       ?LocalSecurity@MNullDesc@@QEAAPEAU_SECURITY_ATTRIBUTES@@XZ 0000000180019478 f i common-kernel64:MSecurity.obj
 0001:000185f4       ?ShutdownSecurity@@YAXXZ   00000001800195f4 f   common-kernel64:MSecurity.obj
 0001:0001861c       ??0CEStr@@QEAA@$$QEAPEA_W@Z 000000018001961c f   common-kernel64:CEStr.obj
 0001:00018650       ??0CEStr@@QEAA@PEB_W00000000@Z 0000000180019650 f   common-kernel64:CEStr.obj
 0001:000186f8       ??0CEStr@@QEAA@XZ          00000001800196f8 f   common-kernel64:CEStr.obj
 0001:00018718       ??1CEStr@@QEAA@XZ          0000000180019718 f   common-kernel64:CEStr.obj
 0001:00018774       ??BCEStr@@QEBAPEB_WXZ      0000000180019774 f   common-kernel64:CEStr.obj
 0001:00018778       ?AttachInt@CEStr@@AEAAPEB_WAEAPEA_W@Z 0000000180019778 f   common-kernel64:CEStr.obj
 0001:00018814       ?Empty@CEStr@@QEAAXXZ      0000000180019814 f   common-kernel64:CEStr.obj
 0001:00018834       ?GetBuffer@CEStr@@QEAAPEA_W_J@Z 0000000180019834 f   common-kernel64:CEStr.obj
 0001:0001890c       ?GetLen@CEStr@@QEBA_JXZ    000000018001990c f   common-kernel64:CEStr.obj
 0001:00018934       ?GetMaxCount@CEStr@@QEAA_JXZ 0000000180019934 f   common-kernel64:CEStr.obj
 0001:00018960       ?SavePathVar@CEStr@@QEAAXPEB_W@Z 0000000180019960 f   common-kernel64:CEStr.obj
 0001:00018998       ?Set@CEStr@@QEAAPEB_WPEB_W_J@Z 0000000180019998 f   common-kernel64:CEStr.obj
 0001:00018a84       ?Init@HkFunc@@QEAA_NPEB_WPEAUHINSTANCE__@@@Z 0000000180019a84 f   common-kernel64:HkFunc.obj
 0001:00018b14       ?isConEmuHk@HkFunc@@QEAA_NXZ 0000000180019b14 f   common-kernel64:HkFunc.obj
 0001:00018b1c       ??1?$MToolHelp@UtagPROCESSENTRY32W@@$1?Process32FirstW@@YAHPEAXPEAU1@@Z$1?Process32NextW@@YAH01@Z@@UEAA@XZ 0000000180019b1c f i common-kernel64:MProcess.obj
 0001:00018bc0       ??_E?$MToolHelp@UtagPROCESSENTRY32W@@$1?Process32FirstW@@YAHPEAXPEAU1@@Z$1?Process32NextW@@YAH01@Z@@UEAAPEAXI@Z 0000000180019bc0 f i common-kernel64:MProcess.obj
 0001:00018bc0       ??_GMToolHelpProcess@@UEAAPEAXI@Z 0000000180019bc0 f i common-kernel64:MProcess.obj
 0001:00018bc0       ??_G?$MToolHelp@UtagPROCESSENTRY32W@@$1?Process32FirstW@@YAHPEAXPEAU1@@Z$1?Process32NextW@@YAH01@Z@@UEAAPEAXI@Z 0000000180019bc0 f i common-kernel64:MProcess.obj
 0001:00018bc0       ??_EMToolHelpProcess@@UEAAPEAXI@Z 0000000180019bc0 f i common-kernel64:MProcess.obj
 0001:00018bf4       ?Find@?$MToolHelp@UtagPROCESSENTRY32W@@$1?Process32FirstW@@YAHPEAXPEAU1@@Z$1?Process32NextW@@YAH01@Z@@QEAA_NP6A_NPEAUtagPROCESSENTRY32W@@_J@Z10@Z 0000000180019bf4 f i common-kernel64:MProcess.obj
 0001:00018cc8       ?Open@?$MToolHelp@UtagPROCESSENTRY32W@@$1?Process32FirstW@@YAHPEAXPEAU1@@Z$1?Process32NextW@@YAH01@Z@@QEAA_NXZ 0000000180019cc8 f i common-kernel64:MProcess.obj
 0001:00018d4c       ?addsize@?$MArray@UtagPROCESSENTRY32W@@@@QEAAX_J@Z 0000000180019d4c f i common-kernel64:MProcess.obj
 0001:00018e0c       ?getNext@?$MToolHelp@UtagPROCESSENTRY32W@@$1?Process32FirstW@@YAHPEAXPEAU1@@Z$1?Process32NextW@@YAH01@Z@@IEAA_NXZ 0000000180019e0c f i common-kernel64:MProcess.obj
 0001:00018eac       ?isTerminalMode@@YA_NXZ    0000000180019eac f   common-kernel64:MProcess.obj
 0001:00019030       ?push_back@?$MArray@UtagPROCESSENTRY32W@@@@QEAA_JAEBUtagPROCESSENTRY32W@@@Z 000000018001a030 f i common-kernel64:MProcess.obj
 0001:000190a8       ??0MSection@@QEAA@XZ       000000018001a0a8 f   common-kernel64:MSection.obj
 0001:00019130       ??0MSectionLock@@QEAA@XZ   000000018001a130 f   common-kernel64:MSection.obj
 0001:00019140       ??0MSectionThread@@QEAA@PEAVMSection@@@Z 000000018001a140 f   common-kernel64:MSection.obj
 0001:00019160       ??1MSection@@QEAA@XZ       000000018001a160 f   common-kernel64:MSection.obj
 0001:000191d4       ??1MSectionLock@@QEAA@XZ   000000018001a1d4 f   common-kernel64:MSection.obj
 0001:000191f8       ??1MSectionThread@@QEAA@XZ 000000018001a1f8 f   common-kernel64:MSection.obj
 0001:00019234       ?AddRef@MSection@@IEAAXK@Z 000000018001a234 f   common-kernel64:MSection.obj
 0001:000192c8       ?Lock@MSection@@IEAAHHK@Z  000000018001a2c8 f   common-kernel64:MSection.obj
 0001:000193c8       ?Lock@MSectionLock@@QEAAHPEAVMSection@@HK@Z 000000018001a3c8 f   common-kernel64:MSection.obj
 0001:0001941c       ?MyEnterCriticalSection@MSection@@IEAA_NK@Z 000000018001a41c f   common-kernel64:MSection.obj
 0001:0001954c       ?ReleaseRef@MSection@@IEAAHK@Z 000000018001a54c f   common-kernel64:MSection.obj
 0001:000195ec       ?Unlock@MSection@@IEAAXH@Z 000000018001a5ec f   common-kernel64:MSection.obj
 0001:00019644       ?Unlock@MSectionLock@@QEAAXXZ 000000018001a644 f   common-kernel64:MSection.obj
 0001:00019670       ?WaitUnlocked@MSection@@IEAAXKK@Z 000000018001a670 f   common-kernel64:MSection.obj
 0001:00019704       ?CheckCallbackPtr@@YA_NPEAUHINSTANCE__@@_KPEAP6A_JXZHHH@Z 000000018001a704 f   common-kernel64:WModuleCheck.obj
 0001:00019810       ?IsModuleValid@@YA_NPEAUHINSTANCE__@@H@Z 000000018001a810 f   common-kernel64:WModuleCheck.obj
 0001:0001991c       ??0MSectionSimple@@QEAA@_N@Z 000000018001a91c f   common-kernel64:MSectionSimple.obj
 0001:00019954       ??1MSectionSimple@@QEAA@XZ 000000018001a954 f   common-kernel64:MSectionSimple.obj
 0001:00019954       ?Close@MSectionSimple@@QEAAXXZ 000000018001a954 f   common-kernel64:MSectionSimple.obj
 0001:00019974       ?Enter@MSectionSimple@@QEAAXXZ 000000018001a974 f   common-kernel64:MSectionSimple.obj
 0001:0001997c       ?Init@MSectionSimple@@QEAAXXZ 000000018001a97c f   common-kernel64:MSectionSimple.obj
 0001:0001999c       ?Leave@MSectionSimple@@QEAAXXZ 000000018001a99c f   common-kernel64:MSectionSimple.obj
 0001:000199a4       ?RecreateAndLock@MSectionSimple@@QEAA_NXZ 000000018001a9a4 f   common-kernel64:MSectionSimple.obj
 0001:00019a14       ?TryEnter@MSectionSimple@@QEAA_NXZ 000000018001aa14 f   common-kernel64:MSectionSimple.obj
 0001:00019a3c       ??0CEnvStrings@@QEAA@PEA_W@Z 000000018001aa3c f   common-user64:SetEnvVar.obj
 0001:00019ab0       ??1CEnvStrings@@QEAA@XZ    000000018001aab0 f   common-user64:SetEnvVar.obj
 0001:00019ad4       ?SetConEmuEnvHWND@@YAXPEB_WPEAUHWND__@@@Z 000000018001aad4 f   common-user64:SetEnvVar.obj
 0001:00019b2c       ?SetConEmuEnvVar@@YAXPEAUHWND__@@@Z 000000018001ab2c f   common-user64:SetEnvVar.obj
 0001:00019bb0       ?SetConEmuEnvVarChild@@YAXPEAUHWND__@@0@Z 000000018001abb0 f   common-user64:SetEnvVar.obj
 0001:00019bdc       ??1?$MFileMapping@UCESERVER_CONSOLE_MAPPING_HDR@@@@QEAA@XZ 000000018001abdc f i ConEmuPluginBase.obj
 0001:00019bdc       ??1?$MFileMapping@UPanelViewSetMapping@@@@QEAA@XZ 000000018001abdc f i PluginBackground.obj
 0001:00019bdc       ??1?$MFileMapping@UConEmuGuiMapping@@@@QEAA@XZ 000000018001abdc f i common-user64:ConEmuCheckEx.obj
 0001:00019c34       ?FindConEmuBaseDir@@YAHAEAY0BAF@_W0PEAUHINSTANCE__@@@Z 000000018001ac34 f   common-user64:ConEmuCheckEx.obj
 0001:0001a1b4       ?IsConEmuExeExist@@YAHPEB_WAEAY0BAF@_W@Z 000000018001b1b4 f   common-user64:ConEmuCheckEx.obj
 0001:0001a25c       ??$swprintf_c@$0FA@@@YAHAEAY0FA@_WPEB_WZZ 000000018001b25c f i common-user64:EmergencyShow.obj
 0001:0001a288       ?CorrectConsolePos@@YAXPEAUHWND__@@@Z 000000018001b288 f   common-user64:EmergencyShow.obj
 0001:0001a3b4       ?EmergencyShow@@YAXPEAUHWND__@@HH@Z 000000018001b3b4 f   common-user64:EmergencyShow.obj
 0001:0001a4f4       ?EvaluateDefaultFontWidth@@YAHHPEB_W@Z 000000018001b4f4 f   common-user64:EmergencyShow.obj
 0001:0001a608       ?SetUserFriendlyFont@@YAXPEAUHWND__@@HH@Z 000000018001b608 f   common-user64:EmergencyShow.obj
 0001:0001a9fc       ??0MSetter@@QEAA@PEAJ@Z    000000018001b9fc f   common-user64:MSetter.obj
 0001:0001aa10       ??1MSetter@@QEAA@XZ        000000018001ba10 f   common-user64:MSetter.obj
 0001:0001aa18       ?Unlock@MSetter@@QEAAXXZ   000000018001ba18 f   common-user64:MSetter.obj
 0001:0001aa5c       ?IsDotsName@@YA_NPEB_W@Z   000000018001ba5c f   common-user64:WFiles.obj
 0001:0001aa80       ?SearchAppPaths@@YA_NPEB_WAEAUCEStr@@_NPEAU1@@Z 000000018001ba80 f   common-user64:WFiles.obj
 0001:0001aec0       ?GetConsoleSizeInfo@@YAXPEAUCONSOLE_INFO@@@Z 000000018001bec0 f   common-user64:WConsoleEx.obj
 0001:0001af4c       ?SetConsoleFontSizeTo@@YAXPEAUHWND__@@HHPEB_WGG@Z 000000018001bf4c f   common-user64:WConsoleEx.obj
 0001:0001b334       ?SetConsoleInfo@@YAHPEAUHWND__@@PEAUCONSOLE_INFO@@@Z 000000018001c334 f   common-user64:WConsoleEx.obj
 0001:0001b530       ?SetEnvVarExpanded@@YAXPEB_W0@Z 000000018001c530 f   common-user64:WUser.obj
 0001:0001b648       ?UpdateComspec@@YAXPEAUConEmuComspec@@_N@Z 000000018001c648 f   common-user64:WUser.obj
 0001:0001b904       ?apiShowWindow@@YA_NPEAUHWND__@@H@Z 000000018001c904 f   common-user64:WUser.obj
 0001:0001b918       ?apiShowWindowAsync@@YA_NPEAUHWND__@@H@Z 000000018001c918 f   common-user64:WUser.obj
 0001:0001b92c       ?FindMonitorsWorkspace@@YAHPEAUHMONITOR__@@PEAUHDC__@@PEAUtagRECT@@_J@Z 000000018001c92c f   common-user64:Monitors.obj
 0001:0001b968       ?GetAllMonitorsWorkspace@@YA?AUtagRECT@@XZ 000000018001c968 f   common-user64:Monitors.obj
 0001:0001b9cc       __GSHandlerCheck           000000018001c9cc f   LIBCMT:_gshandler_.obj
 0001:0001b9ec       __GSHandlerCheckCommon     000000018001c9ec f   LIBCMT:_gshandler_.obj
 0001:0001ba60       __security_check_cookie    000000018001ca60 f   LIBCMT:_amdsecgs_.obj
 0001:0001ba84       ??3@YAXPEAX_K@Z            000000018001ca84 f   LIBCMT:delete_scalar_size.obj
 0001:0001baa0       __chkstk                   000000018001caa0 f   LIBCMT:_chkstk_.obj
 0001:0001baa0       _alloca_probe              000000018001caa0 f   LIBCMT:_chkstk_.obj
 0001:0001baf4       ??_Gtype_info@@UEAAPEAXI@Z 000000018001caf4 f i LIBCMT:std_type_info_static.obj
 0001:0001baf4       ??_Etype_info@@UEAAPEAXI@Z 000000018001caf4 f i LIBCMT:std_type_info_static.obj
 0001:0001bb20       __GSHandlerCheck_EH        000000018001cb20 f   LIBCMT:gshandlereh.obj
 0001:0001bd14       _Init_thread_footer        000000018001cd14 f   LIBCMT:thread_safe_statics.obj
 0001:0001bd74       _Init_thread_header        000000018001cd74 f   LIBCMT:thread_safe_statics.obj
 0001:0001bddc       _Init_thread_notify        000000018001cddc f   LIBCMT:thread_safe_statics.obj
 0001:0001be38       _Init_thread_wait          000000018001ce38 f   LIBCMT:thread_safe_statics.obj
 0001:0001c208       _DllMainCRTStartup         000000018001d208 f   LIBCMT:dll_dllmain.obj
 0001:0001c248       __scrt_acquire_startup_lock 000000018001d248 f   LIBCMT:utility.obj
 0001:0001c284       __scrt_dllmain_after_initialize_c 000000018001d284 f   LIBCMT:utility.obj
 0001:0001c2b8       __scrt_dllmain_before_initialize_c 000000018001d2b8 f   LIBCMT:utility.obj
 0001:0001c2d0       __scrt_dllmain_crt_thread_attach 000000018001d2d0 f   LIBCMT:utility.obj
 0001:0001c2f8       __scrt_dllmain_crt_thread_detach 000000018001d2f8 f   LIBCMT:utility.obj
 0001:0001c310       __scrt_dllmain_exception_filter 000000018001d310 f   LIBCMT:utility.obj
 0001:0001c374       __scrt_dllmain_uninitialize_c 000000018001d374 f   LIBCMT:utility.obj
 0001:0001c3a4       __scrt_dllmain_uninitialize_critical 000000018001d3a4 f   LIBCMT:utility.obj
 0001:0001c3b8       __scrt_initialize_crt      000000018001d3b8 f   LIBCMT:utility.obj
 0001:0001c404       __scrt_initialize_onexit_tables 000000018001d404 f   LIBCMT:utility.obj
 0001:0001c4e4       __scrt_is_nonwritable_in_current_image 000000018001d4e4 f   LIBCMT:utility.obj
 0001:0001c580       __scrt_release_startup_lock 000000018001d580 f   LIBCMT:utility.obj
 0001:0001c5a4       __scrt_uninitialize_crt    000000018001d5a4 f   LIBCMT:utility.obj
 0001:0001c5d0       _onexit                    000000018001d5d0 f   LIBCMT:utility.obj
 0001:0001c620       atexit                     000000018001d620 f   LIBCMT:utility.obj
 0001:0001c638       __raise_securityfailure    000000018001d638 f   LIBCMT:gs_report.obj
 0001:0001c66c       __report_gsfailure         000000018001d66c f   LIBCMT:gs_report.obj
 0001:0001c740       __report_rangecheckfailure 000000018001d740 f   LIBCMT:gs_report.obj
 0001:0001c754       __report_securityfailure   000000018001d754 f   LIBCMT:gs_report.obj
 0001:0001c8d4       __crt_debugger_hook        000000018001d8d4 f   LIBCMT:utility_desktop.obj
 0001:0001c8dc       __scrt_fastfail            000000018001d8dc f   LIBCMT:utility_desktop.obj
 0001:0001ca28       _guard_check_icall         000000018001da28 f i LIBCMT:checkcfg.obj
 0001:0001ca30       __security_init_cookie     000000018001da30 f   LIBCMT:gs_support.obj
 0001:0001cae0       ?__scrt_initialize_type_info@@YAXXZ 000000018001dae0 f   LIBCMT:tncleanup.obj
 0001:0001caf0       ?__scrt_uninitialize_type_info@@YAXXZ 000000018001daf0 f   LIBCMT:tncleanup.obj
 0001:0001cafc       __local_stdio_scanf_options 000000018001dafc f i LIBCMT:default_local_stdio_options.obj
 0001:0001cb04       __scrt_initialize_default_local_stdio_options 000000018001db04 f   LIBCMT:default_local_stdio_options.obj
 0001:0001cb20       __scrt_get_dyn_tls_init_callback 000000018001db20 f   LIBCMT:dyn_tls_init.obj
 0001:0001cb28       _RTC_Initialize            000000018001db28 f   LIBCMT:_initsect_.obj
 0001:0001cb74       _RTC_Terminate             000000018001db74 f   LIBCMT:_initsect_.obj
 0001:0001cbc0       __isa_available_init       000000018001dbc0 f   LIBCMT:_cpu_disp_.obj
 0001:0001cd7c       ?GetMacroArea@CPluginAnsi@@UEAAHXZ 000000018001dd7c f   ConEmuPluginA.obj
 0001:0001cd7c       _get_startup_argv_mode     000000018001dd7c f   LIBCMT:argv_mode.obj
 0001:0001cd84       __scrt_is_ucrt_dll_in_use  000000018001dd84 f   LIBCMT:ucrt_detection.obj
 0001:0001cd90       ?_ExecutionInCatch@@YAHPEAU_xDISPATCHER_CONTEXT@@PEBU_s_FuncInfo@@@Z 000000018001dd90 f   libvcruntime:risctrnsctrl.obj
 0001:0001ce04       ?_GetEstablisherFrame@@YAPEA_KPEA_KPEAU_xDISPATCHER_CONTEXT@@PEBU_s_FuncInfo@@0@Z 000000018001de04 f   libvcruntime:risctrnsctrl.obj
 0001:0001ced0       ?_GetRangeOfTrysToCheck@@YAPEBU_s_TryBlockMapEntry@@PEA_KPEBU_s_FuncInfo@@HHPEAI2PEAU_xDISPATCHER_CONTEXT@@@Z 000000018001ded0 f   libvcruntime:risctrnsctrl.obj
 0001:0001cffc       ?__FrameUnwindToEmptyState@@YAXPEA_KPEAU_xDISPATCHER_CONTEXT@@PEBU_s_FuncInfo@@@Z 000000018001dffc f   libvcruntime:risctrnsctrl.obj
 0001:0001d090       _CallSETranslator          000000018001e090 f   libvcruntime:risctrnsctrl.obj
 0001:0001d0e8       _CreateFrameInfo           000000018001e0e8 f   libvcruntime:risctrnsctrl.obj
 0001:0001d124       _FindAndUnlinkFrame        000000018001e124 f   libvcruntime:risctrnsctrl.obj
 0001:0001d180       _GetImageBase              000000018001e180 f   libvcruntime:risctrnsctrl.obj
 0001:0001d194       _GetThrowImageBase         000000018001e194 f   libvcruntime:risctrnsctrl.obj
 0001:0001d1a8       _SetImageBase              000000018001e1a8 f   libvcruntime:risctrnsctrl.obj
 0001:0001d1c0       _SetThrowImageBase         000000018001e1c0 f   libvcruntime:risctrnsctrl.obj
 0001:0001d1d8       _UnwindNestedFrames        000000018001e1d8 f   libvcruntime:risctrnsctrl.obj
 0001:0001d2fc       __CxxFrameHandler3         000000018001e2fc f   libvcruntime:risctrnsctrl.obj
 0001:0001d390       memcpy                     000000018001e390 f   libvcruntime:memcpy.obj
 0001:0001d390       memmove                    000000018001e390 f   libvcruntime:memcpy.obj
 0001:0001d7d8       wcschr                     000000018001e7d8 f   libvcruntime:wcschr.obj
 0001:0001d86c       wcsstr                     000000018001e86c f   libvcruntime:wcsstr.obj
 0001:0001daa0       memset                     000000018001eaa0 f   libvcruntime:memset.obj
 0001:0001dc50       __DestructExceptionObject  000000018001ec50 f   libvcruntime:ehhelpers.obj
 0001:0001dcd4       ?_CallMemberFunction0@@YAXQEAX0@Z 000000018001ecd4 f i libvcruntime:ehhelpers.obj
 0001:0001dcd8       _IsExceptionObjectToBeDestroyed 000000018001ecd8 f   libvcruntime:ehhelpers.obj
 0001:0001dd08       __AdjustPointer            000000018001ed08 f   libvcruntime:ehhelpers.obj
 0001:0001dd2c       __FrameUnwindFilter        000000018001ed2c f   libvcruntime:ehhelpers.obj
 0001:0001dd78       __std_terminate            000000018001ed78 f   libvcruntime:ehhelpers.obj
 0001:0001dd84       _purecall                  000000018001ed84 f   libvcruntime:purevirt.obj
 0001:0001ddbc       wcsrchr                    000000018001edbc f   libvcruntime:wcsrchr.obj
 0001:0001de80       memcmp                     000000018001ee80 f   libvcruntime:memcmp.obj
 0001:0001df48       strrchr                    000000018001ef48 f   libvcruntime:strrchr.obj
 0001:0001e094       strchr                     000000018001f094 f   libvcruntime:strchr.obj
 0001:0001e120       __C_specific_handler       000000018001f120 f   libvcruntime:_riscchandler_.obj
 0001:0001e504       __vcrt_FlsAlloc            000000018001f504 f   libvcruntime:winapi_downlevel.obj
 0001:0001e558       __vcrt_FlsFree             000000018001f558 f   libvcruntime:winapi_downlevel.obj
 0001:0001e5ac       __vcrt_FlsGetValue         000000018001f5ac f   libvcruntime:winapi_downlevel.obj
 0001:0001e600       __vcrt_FlsSetValue         000000018001f600 f   libvcruntime:winapi_downlevel.obj
 0001:0001e668       __vcrt_InitializeCriticalSectionEx 000000018001f668 f   libvcruntime:winapi_downlevel.obj
 0001:0001e6e0       __vcrt_initialize_winapi_thunks 000000018001f6e0 f   libvcruntime:winapi_downlevel.obj
 0001:0001e724       __vcrt_uninitialize_winapi_thunks 000000018001f724 f   libvcruntime:winapi_downlevel.obj
 0001:0001e764       __vcrt_initialize          000000018001f764 f   libvcruntime:initialization.obj
 0001:0001e798       __vcrt_thread_attach       000000018001f798 f   libvcruntime:initialization.obj
 0001:0001e7ac       __vcrt_thread_detach       000000018001f7ac f   libvcruntime:initialization.obj
 0001:0001e7c0       __vcrt_uninitialize        000000018001f7c0 f   libvcruntime:initialization.obj
 0001:0001e7e0       __vcrt_uninitialize_critical 000000018001f7e0 f   libvcruntime:initialization.obj
 0001:0001e7f0       __std_type_info_compare    000000018001f7f0 f   libvcruntime:std_type_info.obj
 0001:0001e818       __std_type_info_destroy_list 000000018001f818 f   libvcruntime:std_type_info.obj
 0001:0001e844       __vcrt_freefls             000000018001f844 f   libvcruntime:per_thread_data.obj
 0001:0001e864       __vcrt_freeptd             000000018001f864 f   libvcruntime:per_thread_data.obj
 0001:0001e8b4       __vcrt_getptd              000000018001f8b4 f   libvcruntime:per_thread_data.obj
 0001:0001e8d0       __vcrt_getptd_noexit       000000018001f8d0 f   libvcruntime:per_thread_data.obj
 0001:0001e988       __vcrt_initialize_ptd      000000018001f988 f   libvcruntime:per_thread_data.obj
 0001:0001e9dc       __vcrt_uninitialize_ptd    000000018001f9dc f   libvcruntime:per_thread_data.obj
 0001:0001ea00       ?__GetCurrentState@@YAHPEA_KPEAU_xDISPATCHER_CONTEXT@@PEBU_s_FuncInfo@@@Z 000000018001fa00 f   libvcruntime:riscehstate.obj
 0001:0001ea28       ?__GetUnwindTryBlock@@YAHPEA_KPEAU_xDISPATCHER_CONTEXT@@PEBU_s_FuncInfo@@@Z 000000018001fa28 f   libvcruntime:riscehstate.obj
 0001:0001ea54       ?__SetState@@YAXPEA_KPEAU_xDISPATCHER_CONTEXT@@PEBU_s_FuncInfo@@H@Z 000000018001fa54 f   libvcruntime:riscehstate.obj
 0001:0001ea60       ?__SetUnwindTryBlock@@YAXPEA_KPEAU_xDISPATCHER_CONTEXT@@PEBU_s_FuncInfo@@H@Z 000000018001fa60 f   libvcruntime:riscehstate.obj
 0001:0001ea9c       ?__StateFromControlPc@@YAHPEBU_s_FuncInfo@@PEAU_xDISPATCHER_CONTEXT@@@Z 000000018001fa9c f   libvcruntime:riscehstate.obj
 0001:0001eaa4       ?__StateFromIp@@YAHPEBU_s_FuncInfo@@PEAU_xDISPATCHER_CONTEXT@@_K@Z 000000018001faa4 f   libvcruntime:riscehstate.obj
 0001:0001eb10       ??0bad_exception@std@@QEAA@AEBV01@@Z 000000018001fb10 f i libvcruntime:frame.obj
 0001:0001eb50       ??0bad_exception@std@@QEAA@XZ 000000018001fb50 f i libvcruntime:frame.obj
 0001:0001eb70       ??0exception@std@@QEAA@AEBV01@@Z 000000018001fb70 f i libvcruntime:frame.obj
 0001:0001eba8       ??1bad_exception@std@@UEAA@XZ 000000018001fba8 f i libvcruntime:frame.obj
 0001:0001ebbc       ??_Gbad_exception@std@@UEAAPEAXI@Z 000000018001fbbc f i libvcruntime:frame.obj
 0001:0001ebbc       ??_Gexception@std@@UEAAPEAXI@Z 000000018001fbbc f i libvcruntime:frame.obj
 0001:0001ebbc       ??_Eexception@std@@UEAAPEAXI@Z 000000018001fbbc f i libvcruntime:frame.obj
 0001:0001ebbc       ??_Ebad_exception@std@@UEAAPEAXI@Z 000000018001fbbc f i libvcruntime:frame.obj
 0001:0001f548       ?_CallMemberFunction1@@YAXQEAX00@Z 0000000180020548 f i libvcruntime:frame.obj
 0001:0001f554       ?_CallMemberFunction2@@YAXQEAX00H@Z 0000000180020554 f i libvcruntime:frame.obj
 0001:0001f564       ?what@exception@std@@UEBAPEBDXZ 0000000180020564 f i libvcruntime:frame.obj
 0001:0001f578       __BuildCatchObject         0000000180020578 f   libvcruntime:frame.obj
 0001:0001f63c       __BuildCatchObjectHelper   000000018002063c f   libvcruntime:frame.obj
 0001:0001f840       __CxxCallCatchBlock        0000000180020840 f   libvcruntime:frame.obj
 0001:0001fa2c       __FrameUnwindToState       0000000180020a2c f   libvcruntime:frame.obj
 0001:0001fbc0       __InternalCxxFrameHandler  0000000180020bc0 f   libvcruntime:frame.obj
 0001:0001fe10       __TypeMatch                0000000180020e10 f   libvcruntime:frame.obj
 0001:0001ff54       __vcrt_initialize_pure_virtual_call_handler 0000000180020f54 f   libvcruntime:purevirt_data.obj
 0001:0001ff90       _local_unwind              0000000180020f90 f   libvcruntime:_jmpuwind_.obj
 0001:0001ffc0       _NLG_Notify                0000000180020fc0 f   libvcruntime:_jmpuwind_.obj
 0001:0001ffe0       __NLG_Dispatch2            0000000180020fe0 f   libvcruntime:_jmpuwind_.obj
 0001:0001fff0       __NLG_Return2              0000000180020ff0 f   libvcruntime:_jmpuwind_.obj
 0001:0001fff4       __except_validate_context_record 0000000180020ff4 f   libvcruntime:jbcxrval.obj
 0001:0002002c       __vcrt_initialize_locks    000000018002102c f   libvcruntime:locks.obj
 0001:00020074       __vcrt_uninitialize_locks  0000000180021074 f   libvcruntime:locks.obj
 0001:000200c0       _CallSettingFrame          00000001800210c0 f   libvcruntime:handlers.obj
 0001:00020100       __std_exception_copy       0000000180021100 f   libvcruntime:std_exception.obj
 0001:00020190       __std_exception_destroy    0000000180021190 f   libvcruntime:std_exception.obj
 0001:000201b8       _CxxThrowException         00000001800211b8 f   libvcruntime:throw.obj
 0001:00020290       ??$ensure_buffer_is_big_enough@D@formatting_buffer@__crt_stdio_output@@QEAA_N_K@Z 0000000180021290 f i libucrt:output.obj
 0001:0002033c       ??$is_wide_character_specifier@D@__crt_stdio_output@@YA_N_KDW4length_modifier@0@@Z 000000018002133c f i libucrt:output.obj
 0001:0002036c       ??$is_wide_character_specifier@_W@__crt_stdio_output@@YA_N_K_WW4length_modifier@0@@Z 000000018002136c f i libucrt:output.obj
 0001:000203b0       ??$type_case_integer_parse_into_buffer@I@?$output_processor@_WV?$string_output_adapter@_W@__crt_stdio_output@@V?$standard_base@_WV?$string_output_adapter@_W@__crt_stdio_output@@@2@@__crt_stdio_output@@AEAAXII_N@Z 00000001800213b0 f i libucrt:output.obj
 0001:000203b0       ??$type_case_integer_parse_into_buffer@I@?$output_processor@DV?$string_output_adapter@D@__crt_stdio_output@@V?$standard_base@DV?$string_output_adapter@D@__crt_stdio_output@@@2@@__crt_stdio_output@@AEAAXII_N@Z 00000001800213b0 f i libucrt:output.obj
 0001:0002044c       ??$type_case_integer_parse_into_buffer@_K@?$output_processor@_WV?$string_output_adapter@_W@__crt_stdio_output@@V?$standard_base@_WV?$string_output_adapter@_W@__crt_stdio_output@@@2@@__crt_stdio_output@@AEAAX_KI_N@Z 000000018002144c f i libucrt:output.obj
 0001:0002044c       ??$type_case_integer_parse_into_buffer@_K@?$output_processor@DV?$string_output_adapter@D@__crt_stdio_output@@V?$standard_base@DV?$string_output_adapter@D@__crt_stdio_output@@@2@@__crt_stdio_output@@AEAAX_KI_N@Z 000000018002144c f i libucrt:output.obj
 0001:000204e8       ??$write_multiple_characters@V?$string_output_adapter@D@__crt_stdio_output@@D@__crt_stdio_output@@YAXAEBV?$string_output_adapter@D@0@DHQEAH@Z 00000001800214e8 f i libucrt:output.obj
 0001:00020544       ??$write_multiple_characters@V?$string_output_adapter@_W@__crt_stdio_output@@D@__crt_stdio_output@@YAXAEBV?$string_output_adapter@_W@0@DHQEAH@Z 0000000180021544 f i libucrt:output.obj
 0001:000205b4       ??0?$output_processor@DV?$string_output_adapter@D@__crt_stdio_output@@V?$standard_base@DV?$string_output_adapter@D@__crt_stdio_output@@@2@@__crt_stdio_output@@QEAA@AEBV?$string_output_adapter@D@1@_KQEBDQEAU__crt_locale_pointers@@QEAD@Z 00000001800215b4 f i libucrt:output.obj
 0001:00020630       ??0?$output_processor@_WV?$string_output_adapter@_W@__crt_stdio_output@@V?$standard_base@_WV?$string_output_adapter@_W@__crt_stdio_output@@@2@@__crt_stdio_output@@QEAA@AEBV?$string_output_adapter@_W@1@_KQEB_WQEAU__crt_locale_pointers@@QEAD@Z 0000000180021630 f i libucrt:output.obj
 0001:000206b0       ??0_LocaleUpdate@@QEAA@QEAU__crt_locale_pointers@@@Z 00000001800216b0 f i libucrt:output.obj
 0001:00020740       ?force_decimal_point@__crt_stdio_output@@YAXPEADQEAU__crt_locale_pointers@@@Z 0000000180021740 f i libucrt:output.obj
 0001:000207b0       ?parse_int_from_format_string@?$output_processor@DV?$string_output_adapter@D@__crt_stdio_output@@V?$standard_base@DV?$string_output_adapter@D@__crt_stdio_output@@@2@@__crt_stdio_output@@AEAA_NQEAH@Z 00000001800217b0 f i libucrt:output.obj
 0001:00020834       ?parse_int_from_format_string@?$output_processor@_WV?$string_output_adapter@_W@__crt_stdio_output@@V?$standard_base@_WV?$string_output_adapter@_W@__crt_stdio_output@@@2@@__crt_stdio_output@@AEAA_NQEAH@Z 0000000180021834 f i libucrt:output.obj
 0001:000208b4       ?process@?$output_processor@DV?$string_output_adapter@D@__crt_stdio_output@@V?$standard_base@DV?$string_output_adapter@D@__crt_stdio_output@@@2@@__crt_stdio_output@@QEAAHXZ 00000001800218b4 f i libucrt:output.obj
 0001:00020ab8       ?process@?$output_processor@_WV?$string_output_adapter@_W@__crt_stdio_output@@V?$standard_base@_WV?$string_output_adapter@_W@__crt_stdio_output@@@2@@__crt_stdio_output@@QEAAHXZ 0000000180021ab8 f i libucrt:output.obj
 0001:00020d34       ?state_case_normal@?$output_processor@DV?$string_output_adapter@D@__crt_stdio_output@@V?$standard_base@DV?$string_output_adapter@D@__crt_stdio_output@@@2@@__crt_stdio_output@@AEAA_NXZ 0000000180021d34 f i libucrt:output.obj
 0001:00020da8       ?state_case_normal_tchar@?$output_processor@DV?$string_output_adapter@D@__crt_stdio_output@@V?$standard_base@DV?$string_output_adapter@D@__crt_stdio_output@@@2@@__crt_stdio_output@@AEAA_ND@Z 0000000180021da8 f i libucrt:output.obj
 0001:00020e40       ?state_case_size@?$output_processor@DV?$string_output_adapter@D@__crt_stdio_output@@V?$standard_base@DV?$string_output_adapter@D@__crt_stdio_output@@@2@@__crt_stdio_output@@AEAA_NXZ 0000000180021e40 f i libucrt:output.obj
 0001:00020fbc       ?state_case_size@?$output_processor@_WV?$string_output_adapter@_W@__crt_stdio_output@@V?$standard_base@_WV?$string_output_adapter@_W@__crt_stdio_output@@@2@@__crt_stdio_output@@AEAA_NXZ 0000000180021fbc f i libucrt:output.obj
 0001:00021160       ?state_case_type@?$output_processor@DV?$string_output_adapter@D@__crt_stdio_output@@V?$standard_base@DV?$string_output_adapter@D@__crt_stdio_output@@@2@@__crt_stdio_output@@AEAA_NXZ 0000000180022160 f i libucrt:output.obj
 0001:000213dc       ?state_case_type@?$output_processor@_WV?$string_output_adapter@_W@__crt_stdio_output@@V?$standard_base@_WV?$string_output_adapter@_W@__crt_stdio_output@@@2@@__crt_stdio_output@@AEAA_NXZ 00000001800223dc f i libucrt:output.obj
 0001:000216a8       ?type_case_Z@?$output_processor@DV?$string_output_adapter@D@__crt_stdio_output@@V?$standard_base@DV?$string_output_adapter@D@__crt_stdio_output@@@2@@__crt_stdio_output@@AEAA_NXZ 00000001800226a8 f i libucrt:output.obj
 0001:00021728       ?type_case_Z@?$output_processor@_WV?$string_output_adapter@_W@__crt_stdio_output@@V?$standard_base@_WV?$string_output_adapter@_W@__crt_stdio_output@@@2@@__crt_stdio_output@@AEAA_NXZ 0000000180022728 f i libucrt:output.obj
 0001:000217a8       ?type_case_a@?$output_processor@DV?$string_output_adapter@D@__crt_stdio_output@@V?$standard_base@DV?$string_output_adapter@D@__crt_stdio_output@@@2@@__crt_stdio_output@@AEAA_NXZ 00000001800227a8 f i libucrt:output.obj
 0001:000219c4       ?type_case_a@?$output_processor@_WV?$string_output_adapter@_W@__crt_stdio_output@@V?$standard_base@_WV?$string_output_adapter@_W@__crt_stdio_output@@@2@@__crt_stdio_output@@AEAA_NXZ 00000001800229c4 f i libucrt:output.obj
 0001:00021c08       ?type_case_c_tchar@?$output_processor@DV?$string_output_adapter@D@__crt_stdio_output@@V?$standard_base@DV?$string_output_adapter@D@__crt_stdio_output@@@2@@__crt_stdio_output@@AEAA_ND@Z 0000000180022c08 f i libucrt:output.obj
 0001:00021cbc       ?type_case_c_tchar@?$output_processor@_WV?$string_output_adapter@_W@__crt_stdio_output@@V?$standard_base@_WV?$string_output_adapter@_W@__crt_stdio_output@@@2@@__crt_stdio_output@@AEAA_N_W@Z 0000000180022cbc f i libucrt:output.obj
 0001:00021d64       ?type_case_integer@?$output_processor@DV?$string_output_adapter@D@__crt_stdio_output@@V?$standard_base@DV?$string_output_adapter@D@__crt_stdio_output@@@2@@__crt_stdio_output@@AEAA_NI_N@Z 0000000180022d64 f i libucrt:output.obj
 0001:00021d64       ?type_case_integer@?$output_processor@_WV?$string_output_adapter@_W@__crt_stdio_output@@V?$standard_base@_WV?$string_output_adapter@_W@__crt_stdio_output@@@2@@__crt_stdio_output@@AEAA_NI_N@Z 0000000180022d64 f i libucrt:output.obj
 0001:00021f04       ?type_case_n@?$output_processor@_WV?$string_output_adapter@_W@__crt_stdio_output@@V?$standard_base@_WV?$string_output_adapter@_W@__crt_stdio_output@@@2@@__crt_stdio_output@@AEAA_NXZ 0000000180022f04 f i libucrt:output.obj
 0001:00021f04       ?type_case_n@?$output_processor@DV?$string_output_adapter@D@__crt_stdio_output@@V?$standard_base@DV?$string_output_adapter@D@__crt_stdio_output@@@2@@__crt_stdio_output@@AEAA_NXZ 0000000180022f04 f i libucrt:output.obj
 0001:00021fe0       ?type_case_s@?$output_processor@DV?$string_output_adapter@D@__crt_stdio_output@@V?$standard_base@DV?$string_output_adapter@D@__crt_stdio_output@@@2@@__crt_stdio_output@@AEAA_NXZ 0000000180022fe0 f i libucrt:output.obj
[...]
 0004:00001fc8       $pdata$??R<lambda_ad1ced32f4ac17aa236e5ef05d6b3b7c>@@QEBAXXZ 0000000180050fc8     libucrt:mbctype.obj
 0004:00001fd4       $pdata$?getSystemCP@@YAHH@Z 0000000180050fd4     libucrt:mbctype.obj
 0004:00001fe0       $pdata$?setSBCS@@YAXPEAU__crt_multibyte_data@@@Z 0000000180050fe0     libucrt:mbctype.obj
 0004:00001fec       $pdata$?setSBUpLow@@YAXPEAU__crt_multibyte_data@@@Z 0000000180050fec     libucrt:mbctype.obj
 0004:00001ff8       $pdata$?setmbcp_internal@@YAHH_N@Z 0000000180050ff8     libucrt:mbctype.obj
 0004:00002004       $pdata$__acrt_initialize_multibyte 0000000180051004     libucrt:mbctype.obj
 0004:00002010       $pdata$__acrt_update_thread_multibyte_data 0000000180051010     libucrt:mbctype.obj
 0004:0000201c       $pdata$_setmbcp_nolock     000000018005101c     libucrt:mbctype.obj
 0004:00002028       $pdata$?x_ismbbtype_l@@YAHPEAU__crt_locale_pointers@@IHH@Z 0000000180051028     libucrt:ismbbyte.obj
 0004:00002034       $pdata$__acrt_initialize_command_line 0000000180051034     libucrt:argv_data.obj
 0004:00002040       $pdata$__dcrt_get_narrow_environment_from_os 0000000180051040     libucrt:get_environment_from_os.obj
 0004:0000204c       $pdata$_recalloc_base      000000018005104c     libucrt:recalloc.obj
 0004:00002058       $pdata$__acrt_initialize_heap 0000000180051058     libucrt:heap_handle.obj
 0004:00002064       $pdata$__acrt_execute_initializers 0000000180051064     libucrt:shared_initialization.obj
 0004:00002070       $pdata$__acrt_execute_uninitializers 0000000180051070     libucrt:shared_initialization.obj
 0004:0000207c       $pdata$_callnewh           000000018005107c     libucrt:new_handler.obj
 0004:00002088       $pdata$_query_new_handler  0000000180051088     libucrt:new_handler.obj
 0004:00002094       $pdata$??$?RV<lambda_c36588078e9f5dfd39652860aa6b3aaf>@@AEAV<lambda_ec61778202f4f5fc7e7711acc23c3bca>@@V<lambda_dc9d2797ccde5d239b4a0efae8ebd7db>@@@?$__crt_seh_guarded_call@P6AXH@Z@@QEAAP6AXH@Z$$QEAV<lambda_c36588078e9f5dfd39652860aa6b3aaf>@@AEAV<lambda_ec61778202f4f5fc7e7711acc23c3bca>@@$$QEAV<lambda_dc9d2797ccde5d239b4a0efae8ebd7db>@@@Z 0000000180051094     libucrt:signal.obj
 0004:000020a0       $pdata$__acrt_get_sigabrt_handler 00000001800510a0     libucrt:signal.obj
 0004:000020ac       $pdata$raise               00000001800510ac     libucrt:signal.obj
 0004:000020b8       $pdata$__acrt_invoke_user_matherr 00000001800510b8     libucrt:matherr.obj
 0004:000020c4       $pdata$_isleadbyte_l       00000001800510c4     libucrt:_wctype.obj
 0004:000020d0       $pdata$?__acrt_LCMapStringA_stat@@YAHPEAU__crt_locale_pointers@@PEB_WKPEBDHPEADHHH@Z 00000001800510d0     libucrt:lcmapstringa.obj
 0004:000020dc       $pdata$__acrt_LCMapStringA 00000001800510dc     libucrt:lcmapstringa.obj
 0004:000020e8       $pdata$__acrt_free_locale  00000001800510e8     libucrt:locale_refcounting.obj
 0004:000020f4       $pdata$__acrt_locale_free_lc_time_if_unreferenced 00000001800510f4     libucrt:locale_refcounting.obj
 0004:00002100       $pdata$__acrt_release_locale_ref 0000000180051100     libucrt:locale_refcounting.obj
 0004:0000210c       $pdata$__acrt_update_thread_locale_data 000000018005110c     libucrt:locale_refcounting.obj
 0004:00002118       $pdata$_updatetlocinfoEx_nolock 0000000180051118     libucrt:locale_refcounting.obj
 0004:00002124       $pdata$__acrt_fp_strflt_to_string 0000000180051124     libucrt:_fptostr.obj
 0004:00002130       $pdata$?divide@__crt_strtox@@YA_KAEAUbig_integer@1@AEBU21@@Z 0000000180051130     libucrt:cfout.obj
 0004:0000213c       $pdata$5$?divide@__crt_strtox@@YA_KAEAUbig_integer@1@AEBU21@@Z 000000018005113c     libucrt:cfout.obj
 0004:00002148       $pdata$6$?divide@__crt_strtox@@YA_KAEAUbig_integer@1@AEBU21@@Z 0000000180051148     libucrt:cfout.obj
 0004:00002154       $pdata$__acrt_fltout       0000000180051154     libucrt:cfout.obj
 0004:00002160       $pdata$memcpy_s            0000000180051160     libucrt:cfout.obj
 0004:0000216c       $pdata$_fcloseall          000000018005116c     libucrt:closeall.obj
 0004:00002178       $pdata$__acrt_stdio_flush_nolock 0000000180051178     libucrt:fflush.obj
 0004:00002184       $pdata$_fflush_nolock      0000000180051184     libucrt:fflush.obj
 0004:00002190       $pdata$common_flush_all    0000000180051190     libucrt:fflush.obj
 0004:0000219c       $pdata$__acrt_stdio_free_buffer_nolock 000000018005119c     libucrt:_freebuf.obj
 0004:000021a8       $pdata$_isatty             00000001800511a8     libucrt:isatty.obj
 0004:000021b4       $pdata$__acrt_locale_free_monetary 00000001800511b4     libucrt:initmon.obj
 0004:000021c0       $pdata$__acrt_locale_free_numeric 00000001800511c0     libucrt:initnum.obj
 0004:000021cc       $pdata$?free_crt_array_internal@@YAXQEAPEBX_K@Z 00000001800511cc     libucrt:inittime.obj
 0004:000021d8       $pdata$__acrt_locale_free_time 00000001800511d8     libucrt:inittime.obj
 0004:000021e4       $pdata$__acrt_GetStringTypeA 00000001800511e4     libucrt:getstringtypea.obj
 0004:000021f0       $pdata$__acrt_lowio_create_handle_array 00000001800511f0     libucrt:osfinfo.obj
 0004:000021fc       $pdata$__acrt_lowio_destroy_handle_array 00000001800511fc     libucrt:osfinfo.obj
 0004:00002208       $pdata$__acrt_lowio_ensure_fh_exists 0000000180051208     libucrt:osfinfo.obj
 0004:00002214       $pdata$_free_osfhnd        0000000180051214     libucrt:osfinfo.obj
 0004:00002220       $pdata$_get_osfhandle      0000000180051220     libucrt:osfinfo.obj
 0004:0000222c       $pdata$?GetTableIndexFromLocaleName@@YAHPEB_W@Z 000000018005122c     libucrt:lcidtoname_downlevel.obj
 0004:00002238       $pdata$__acrt_DownlevelLocaleNameToLCID 0000000180051238     libucrt:lcidtoname_downlevel.obj
 0004:00002244       $pdata$?shortsort@@YAXPEAD0_KP6AHPEBX2@Z@Z 0000000180051244     libucrt:qsort.obj
 0004:00002250       $pdata$2$?shortsort@@YAXPEAD0_KP6AHPEBX2@Z@Z 0000000180051250     libucrt:qsort.obj
 0004:0000225c       $pdata$3$?shortsort@@YAXPEAD0_KP6AHPEBX2@Z@Z 000000018005125c     libucrt:qsort.obj
 0004:00002268       $pdata$qsort               0000000180051268     libucrt:qsort.obj
 0004:00002274       $pdata$4$qsort             0000000180051274     libucrt:qsort.obj
 0004:00002280       $pdata$5$qsort             0000000180051280     libucrt:qsort.obj
 0004:0000228c       $pdata$strncpy_s           000000018005128c     libucrt:strncpy_s.obj
 0004:00002298       $pdata$strpbrk             0000000180051298     libucrt:strpbrk.obj
 0004:000022a4       $pdata$_mbsdec_l           00000001800512a4     libucrt:mbsdec.obj
 0004:000022b0       $pdata$?initialize_multibyte@@YAHXZ 00000001800512b0     libucrt:multibyte_initializer.obj
 0004:000022bc       $pdata$_msize              00000001800512bc     libucrt:msize.obj
 0004:000022c8       $pdata$_realloc_base       00000001800512c8     libucrt:realloc_base.obj
 0004:000022d4       $pdata$fegetenv            00000001800512d4     libucrt:fegetenv.obj
 0004:000022e0       $pdata$fesetenv            00000001800512e0     libucrt:fesetenv.obj
 0004:000022ec       $pdata$feholdexcept        00000001800512ec     libucrt:feholdexcept.obj
 0004:00002304       $pdata$?write_double_translated_ansi_nolock@@YA?AUwrite_result@?A0x9c548279@@HQEBDI@Z 0000000180051304     libucrt:write.obj
 0004:00002310       $pdata$?write_text_ansi_nolock@@YA?AUwrite_result@?A0x9c548279@@HQEBDI@Z 0000000180051310     libucrt:write.obj
 0004:0000231c       $pdata$?write_text_utf16le_nolock@@YA?AUwrite_result@?A0x9c548279@@HQEBDI@Z 000000018005131c     libucrt:write.obj
 0004:00002328       $pdata$?write_text_utf8_nolock@@YA?AUwrite_result@?A0x9c548279@@HQEBDI@Z 0000000180051328     libucrt:write.obj
 0004:00002334       $pdata$_write              0000000180051334     libucrt:write.obj
 0004:00002340       $pdata$_write_nolock       0000000180051340     libucrt:write.obj
 0004:0000234c       $pdata$??$common_lseek_nolock@_J@@YA_JH_JH@Z 000000018005134c     libucrt:lseek.obj
 0004:00002358       $pdata$_fclose_nolock      0000000180051358     libucrt:fclose.obj
 0004:00002364       $pdata$fclose              0000000180051364     libucrt:fclose.obj
 0004:00002370       $pdata$??$?RV<lambda_b521505b218e5242e90febf6bfebc422>@@AEAV<lambda_6978c1fb23f02e42e1d9e99668cc68aa>@@V<lambda_314360699dd331753a4119843814e9a7>@@@?$__crt_seh_guarded_call@H@@QEAAH$$QEAV<lambda_b521505b218e5242e90febf6bfebc422>@@AEAV<lambda_6978c1fb23f02e42e1d9e99668cc68aa>@@$$QEAV<lambda_314360699dd331753a4119843814e9a7>@@@Z 0000000180051370     libucrt:commit.obj
 0004:0000237c       $pdata$_commit             000000018005137c     libucrt:commit.obj
 0004:00002388       $pdata$_getfpcontrolword   0000000180051388     libucrt:_fenvutils.obj
 0004:00002394       $pdata$_getfpstatusword    0000000180051394     libucrt:_fenvutils.obj
 0004:000023a0       $pdata$_setfpstatusword    00000001800513a0     libucrt:_fenvutils.obj
 0004:000023ac       $pdata$_clearfp            00000001800513ac     libucrt:ieee.obj
 0004:000023b8       $pdata$common_control87    00000001800513b8     libucrt:ieee.obj
 0004:000023c4       $pdata$_call_matherr       00000001800513c4     libucrt:libm_error.obj
 0004:000023d0       $pdata$_exception_enabled  00000001800513d0     libucrt:libm_error.obj
 0004:000023dc       $pdata$_handle_error       00000001800513dc     libucrt:libm_error.obj
 0004:000023e8       $pdata$__acrt_initialize_fma3 00000001800513e8     libucrt:fma3_available.obj
 0004:000023f4       $pdata$_log10_special      00000001800513f4     libucrt:log_special.obj
 0004:00002400       $pdata$_log_special_common 0000000180051400     libucrt:log_special.obj
 0004:0000240c       $pdata$_putwch_nolock      000000018005140c     libucrt:putwch.obj
 0004:00002418       $pdata$??$?RV<lambda_bfedae4ebbf01fab1bb6dcc6a9e276e0>@@AEAV<lambda_2fe9b910cf3cbf4a0ab98a02ba45b3ec>@@V<lambda_237c231691f317818eb88cc1d5d642d6>@@@?$__crt_seh_guarded_call@H@@QEAAH$$QEAV<lambda_bfedae4ebbf01fab1bb6dcc6a9e276e0>@@AEAV<lambda_2fe9b910cf3cbf4a0ab98a02ba45b3ec>@@$$QEAV<lambda_237c231691f317818eb88cc1d5d642d6>@@@Z 0000000180051418     libucrt:close.obj
 0004:00002424       $pdata$_close              0000000180051424     libucrt:close.obj
 0004:00002430       $pdata$_close_nolock       0000000180051430     libucrt:close.obj
 0004:00002448       $pdata$_raise_exc          0000000180051448     libucrt:fpexcept.obj
 0004:00002454       $pdata$_raise_exc_ex       0000000180051454     libucrt:fpexcept.obj
 0004:00002460       $pdata$_set_errno_from_matherr 0000000180051460     libucrt:fpexcept.obj
 0004:0000246c       $pdata$_clrfp              000000018005146c     libucrt:fpctrl.obj
 0004:00002478       $pdata$_ctrlfp             0000000180051478     libucrt:fpctrl.obj
 0004:00002484       $pdata$_set_statfp         0000000180051484     libucrt:fpctrl.obj
 0004:00002490       $pdata$_statfp             0000000180051490     libucrt:fpctrl.obj
 0004:0000249c       $pdata$__dcrt_lowio_initialize_console_output 000000018005149c     libucrt:initcon.obj
 0004:000024a8       $pdata$__dcrt_terminate_console_output 00000001800514a8     libucrt:initcon.obj
 0004:000024b4       $pdata$?apiGetConsoleFontSize@@YAHPEAXAEAH1AEAY0CA@_W@Z 00000001800514b4     common-kernel64:WConsole.obj
 0004:000024c0       $pdata$?apiGetCurrentConsoleFontEx@@YAHPEAXHPEAUMY_CONSOLE_FONT_INFOEX@@@Z 00000001800514c0     common-kernel64:WConsole.obj
 0004:000024cc       $pdata$?apiSetConsoleFontSize@@YAHPEAXHHPEB_W@Z 00000001800514cc     common-kernel64:WConsole.obj
 0004:000024d8       $pdata$?apiSetCurrentConsoleFontEx@@YAHPEAXHPEAUMY_CONSOLE_FONT_INFOEX@@@Z 00000001800514d8     common-kernel64:WConsole.obj
 0004:000024e4       $pdata$_IsNonwritableInCurrentImage 00000001800514e4     LIBCMT:pesect.obj
 0004:0000252c       $pdata$?dtor$0@?0??RegisterBackground@@YAHPEAURegisterBackgroundArg@@@Z@4HA 000000018005152c     ConEmuPlugin.obj
 0004:00002538       $pdata$?dtor$0@?0??DllMain_ProcessAttach@CPluginBase@@KAXPEAUHINSTANCE__@@@Z@4HA 0000000180051538     ConEmuPluginBase.obj
 0004:00002544       $pdata$?dtor$1@?0??DllMain_ProcessAttach@CPluginBase@@KAXPEAUHINSTANCE__@@@Z@4HA 0000000180051544     ConEmuPluginBase.obj
 0004:00002550       $pdata$?dtor$0@?0??Plugin@@YAPEAVCPluginBase@@XZ@4HA 0000000180051550     ConEmuPluginBase.obj
 0004:0000255c       $pdata$?dtor$1@?0??Plugin@@YAPEAVCPluginBase@@XZ@4HA 000000018005155c     ConEmuPluginBase.obj
 0004:00002568       $pdata$?dtor$2@?0??Plugin@@YAPEAVCPluginBase@@XZ@4HA 0000000180051568     ConEmuPluginBase.obj
 0004:00002574       $pdata$?dtor$3@?0??Plugin@@YAPEAVCPluginBase@@XZ@4HA 0000000180051574     ConEmuPluginBase.obj
 0004:00002580       $pdata$?dtor$0@?0???0CPluginBackground@@QEAA@XZ@4HA 0000000180051580     PluginBackground.obj
 0004:0000258c       $pdata$?fin$0@?0??dllmain_crt_process_attach@@YAHQEAUHINSTANCE__@@QEAX@Z@4HA 000000018005158c     LIBCMT:dll_dllmain.obj
 0004:00002598       $pdata$?fin$0@?0??dllmain_crt_process_detach@@YAH_N@Z@4HA 0000000180051598     LIBCMT:dll_dllmain.obj
 0004:000025a4       $pdata$?filt$0@?0??dllmain_dispatch@@YAHQEAUHINSTANCE__@@KQEAX@Z@4HA 00000001800515a4     LIBCMT:dll_dllmain.obj
 0004:000025b0       $pdata$__scrt_is_nonwritable_in_current_image$filt$0 00000001800515b0     LIBCMT:utility.obj
 0004:000025bc       $pdata$_CallSETranslator$filt$0 00000001800515bc     libvcruntime:risctrnsctrl.obj
 0004:000025c8       $pdata$__DestructExceptionObject$filt$0 00000001800515c8     libvcruntime:ehhelpers.obj
 0004:000025d4       $pdata$__CxxCallCatchBlock$filt$0 00000001800515d4     libvcruntime:frame.obj
 0004:000025e0       $pdata$__CxxCallCatchBlock$fin$1 00000001800515e0     libvcruntime:frame.obj
 0004:000025ec       $pdata$__FrameUnwindToState$filt$0 00000001800515ec     libvcruntime:frame.obj
 0004:000025f8       $pdata$__FrameUnwindToState$fin$1 00000001800515f8     libvcruntime:frame.obj
 0004:00002604       $pdata$?filt$0@?0??common_exit@@YAXHW4_crt_exit_cleanup_mode@@W4_crt_exit_return_mode@@@Z@4HA 0000000180051604     libucrt:exit.obj
 0004:00002610       $pdata$?fin$1@?0??common_exit@@YAXHW4_crt_exit_cleanup_mode@@W4_crt_exit_return_mode@@@Z@4HA 0000000180051610     libucrt:exit.obj
 0004:0000261c       $pdata$?fin$0@?0???$?RV<lambda_e24bbb7b643b32fcea6fa61b31d4c984>@@AEAV<lambda_275893d493268fdec8709772e3fcec0e>@@V<lambda_9d71df4d7cf3f480f8d633942495c3b0>@@@?$__crt_seh_guarded_call@H@@QEAAH$$QEAV<lambda_e24bbb7b643b32fcea6fa61b31d4c984>@@AEAV<lambda_275893d493268fdec8709772e3fcec0e>@@$$QEAV<lambda_9d71df4d7cf3f480f8d633942495c3b0>@@@Z@4HA 000000018005161c     libucrt:onexit.obj
 0004:00002628       $pdata$__acrt_initialize_lowio$fin$0 0000000180051628     libucrt:ioinit.obj
 0004:00002628       $pdata$__acrt_lowio_ensure_fh_exists$fin$0 0000000180051628     libucrt:osfinfo.obj
 0004:00002634       $pdata$?fin$0@?0???$?RV<lambda_c36588078e9f5dfd39652860aa6b3aaf>@@AEAV<lambda_ec61778202f4f5fc7e7711acc23c3bca>@@V<lambda_dc9d2797ccde5d239b4a0efae8ebd7db>@@@?$__crt_seh_guarded_call@P6AXH@Z@@QEAAP6AXH@Z$$QEAV<lambda_c36588078e9f5dfd39652860aa6b3aaf>@@AEAV<lambda_ec61778202f4f5fc7e7711acc23c3bca>@@$$QEAV<lambda_dc9d2797ccde5d239b4a0efae8ebd7db>@@@Z@4HA 0000000180051634     libucrt:signal.obj
 0004:00002634       $pdata$?fin$0@?0???$?RV<lambda_fb3a7dec4e47f37f22dae91bb15c9095>@@AEAV<lambda_698284760c8add0bfb0756c19673e34b>@@V<lambda_dfb8eca1e75fef3034a8fb18dd509707>@@@?$__crt_seh_guarded_call@X@@QEAAX$$QEAV<lambda_fb3a7dec4e47f37f22dae91bb15c9095>@@AEAV<lambda_698284760c8add0bfb0756c19673e34b>@@$$QEAV<lambda_dfb8eca1e75fef3034a8fb18dd509707>@@@Z@4HA 0000000180051634     libucrt:per_thread_data.obj
 0004:00002634       $pdata$?fin$0@?0???$?RV<lambda_46352004c1216016012b18bd6f87e700>@@AEAV<lambda_3bd07e1a1191394380780325891bf33f>@@V<lambda_334532d3f185bcaa59b5be82d7d22bff>@@@?$__crt_seh_guarded_call@X@@QEAAX$$QEAV<lambda_46352004c1216016012b18bd6f87e700>@@AEAV<lambda_3bd07e1a1191394380780325891bf33f>@@$$QEAV<lambda_334532d3f185bcaa59b5be82d7d22bff>@@@Z@4HA 0000000180051634     libucrt:per_thread_data.obj
 0004:00002634       $pdata$?fin$0@?0???$?RV<lambda_5e887d1dcbef67a5eb4283622ba103bf>@@AEAV<lambda_4466841279450cc726390878d4a41900>@@V<lambda_341c25c0346d94847f1f3c463c57e077>@@@?$__crt_seh_guarded_call@X@@QEAAX$$QEAV<lambda_5e887d1dcbef67a5eb4283622ba103bf>@@AEAV<lambda_4466841279450cc726390878d4a41900>@@$$QEAV<lambda_341c25c0346d94847f1f3c463c57e077>@@@Z@4HA 0000000180051634     libucrt:per_thread_data.obj
 0004:00002634       $pdata$?fin$0@?0???$?RV<lambda_72d1df2b273a38828b1ce30cbf4cdab5>@@AEAV<lambda_876a65b173b8412d3a47c70a915b0cf4>@@V<lambda_41932305e351933ebe8f8be3ed8bb5dc>@@@?$__crt_seh_guarded_call@X@@QEAAX$$QEAV<lambda_72d1df2b273a38828b1ce30cbf4cdab5>@@AEAV<lambda_876a65b173b8412d3a47c70a915b0cf4>@@$$QEAV<lambda_41932305e351933ebe8f8be3ed8bb5dc>@@@Z@4HA 0000000180051634     libucrt:per_thread_data.obj
 0004:00002634       $pdata$?fin$0@?0???$?RV<lambda_b8c45f8f788dd370798f47cfe8ac3a86>@@AEAV<lambda_4e60a939b0d047cfe11ddc22648dfba9>@@V<lambda_332c3edc96d0294ec56c57d38c1cdfd5>@@@?$__crt_seh_guarded_call@H@@QEAAH$$QEAV<lambda_b8c45f8f788dd370798f47cfe8ac3a86>@@AEAV<lambda_4e60a939b0d047cfe11ddc22648dfba9>@@$$QEAV<lambda_332c3edc96d0294ec56c57d38c1cdfd5>@@@Z@4HA 0000000180051634     libucrt:onexit.obj
 0004:00002634       $pdata$?fin$0@?0???$?RV<lambda_99476a1ad63dd22509b5d3e65b0ffc95>@@AEAV<lambda_ad1ced32f4ac17aa236e5ef05d6b3b7c>@@V<lambda_f7424dd8d45958661754dc4f2697e9c3>@@@?$__crt_seh_guarded_call@X@@QEAAX$$QEAV<lambda_99476a1ad63dd22509b5d3e65b0ffc95>@@AEAV<lambda_ad1ced32f4ac17aa236e5ef05d6b3b7c>@@$$QEAV<lambda_f7424dd8d45958661754dc4f2697e9c3>@@@Z@4HA 0000000180051634     libucrt:mbctype.obj
 0004:00002640       $pdata$__acrt_update_thread_multibyte_data$fin$0 0000000180051640     libucrt:mbctype.obj
 0004:0000264c       $pdata$_query_new_handler$fin$0 000000018005164c     libucrt:new_handler.obj
 0004:00002658       $pdata$raise$fin$0         0000000180051658     libucrt:signal.obj
 0004:00002664       $pdata$__acrt_update_thread_locale_data$fin$0 0000000180051664     libucrt:locale_refcounting.obj
 0004:00002664       $pdata$__acrt_uninitialize_locale$fin$0 0000000180051664     libucrt:wsetlocale.obj
 0004:00002670       $pdata$_fcloseall$fin$0    0000000180051670     libucrt:closeall.obj
 0004:0000267c       $pdata$common_flush_all$fin$0 000000018005167c     libucrt:fflush.obj
 0004:00002688       $pdata$common_flush_all$fin$1 0000000180051688     libucrt:fflush.obj
 0004:00002694       $pdata$_write$fin$0        0000000180051694     libucrt:write.obj
 0004:000026a0       $pdata$fclose$fin$0        00000001800516a0     libucrt:fclose.obj
 0004:000026ac       $pdata$?fin$0@?0???$?RV<lambda_b521505b218e5242e90febf6bfebc422>@@AEAV<lambda_6978c1fb23f02e42e1d9e99668cc68aa>@@V<lambda_314360699dd331753a4119843814e9a7>@@@?$__crt_seh_guarded_call@H@@QEAAH$$QEAV<lambda_b521505b218e5242e90febf6bfebc422>@@AEAV<lambda_6978c1fb23f02e42e1d9e99668cc68aa>@@$$QEAV<lambda_314360699dd331753a4119843814e9a7>@@@Z@4HA 00000001800516ac     libucrt:commit.obj
 0004:000026ac       $pdata$?fin$0@?0???$?RV<lambda_bfedae4ebbf01fab1bb6dcc6a9e276e0>@@AEAV<lambda_2fe9b910cf3cbf4a0ab98a02ba45b3ec>@@V<lambda_237c231691f317818eb88cc1d5d642d6>@@@?$__crt_seh_guarded_call@H@@QEAAH$$QEAV<lambda_bfedae4ebbf01fab1bb6dcc6a9e276e0>@@AEAV<lambda_2fe9b910cf3cbf4a0ab98a02ba45b3ec>@@$$QEAV<lambda_237c231691f317818eb88cc1d5d642d6>@@@Z@4HA 00000001800516ac     libucrt:close.obj
 0004:000026b8       $pdata$_ctrlfp$filt$0      00000001800516b8     libucrt:fpctrl.obj
 0004:000026b8       $pdata$common_control87$filt$0 00000001800516b8     libucrt:ieee.obj
 0004:000026c4       $pdata$_IsNonwritableInCurrentImage$filt$0 00000001800516c4     LIBCMT:pesect.obj
 0004:000026d0       $pdata$??__FgsMapHelper@@YAXXZ 00000001800516d0     common-user64:WConsoleEx.obj
 0005:000000a0       $R000000                   00000001800520a0     ConEmu.res
 0005:000003b0       $R000310                   00000001800523b0     ConEmu.res
